
69. Printing statistics.

=== SemiCPU ===

   Number of wires:               1204
   Number of wire bits:           1213
   Number of public wires:         569
   Number of public wire bits:     578
   Number of memories:               0
   Number of memory bits:            0
   Number of processes:              0
   Number of cells:                746
     sky130_fd_sc_hd__a2111o_2       1
     sky130_fd_sc_hd__a2111oi_2      3
     sky130_fd_sc_hd__a211o_2        1
     sky130_fd_sc_hd__a211oi_2       1
     sky130_fd_sc_hd__a21bo_2        7
     sky130_fd_sc_hd__a21boi_2       2
     sky130_fd_sc_hd__a21o_2        31
     sky130_fd_sc_hd__a21oi_2       32
     sky130_fd_sc_hd__a22o_2        14
     sky130_fd_sc_hd__a22oi_2        9
     sky130_fd_sc_hd__a2bb2o_2       1
     sky130_fd_sc_hd__a311o_2        1
     sky130_fd_sc_hd__a311oi_2       1
     sky130_fd_sc_hd__a31o_2         4
     sky130_fd_sc_hd__a32o_2         7
     sky130_fd_sc_hd__a41o_2         2
     sky130_fd_sc_hd__and2_2        56
     sky130_fd_sc_hd__and2b_2        5
     sky130_fd_sc_hd__and3_2        21
     sky130_fd_sc_hd__and3b_2        2
     sky130_fd_sc_hd__and4_2         3
     sky130_fd_sc_hd__buf_1         72
     sky130_fd_sc_hd__dfrtp_2       30
     sky130_fd_sc_hd__dfxtp_2       70
     sky130_fd_sc_hd__inv_2         45
     sky130_fd_sc_hd__mux2_2        19
     sky130_fd_sc_hd__mux4_2         1
     sky130_fd_sc_hd__nand2_2       39
     sky130_fd_sc_hd__nand3_2        1
     sky130_fd_sc_hd__nor2_2        89
     sky130_fd_sc_hd__nor3_2         1
     sky130_fd_sc_hd__nor3b_2        1
     sky130_fd_sc_hd__o2111a_2       2
     sky130_fd_sc_hd__o211a_2        2
     sky130_fd_sc_hd__o21a_2        17
     sky130_fd_sc_hd__o21ai_2       16
     sky130_fd_sc_hd__o21ba_2        2
     sky130_fd_sc_hd__o22a_2         3
     sky130_fd_sc_hd__o22ai_2        1
     sky130_fd_sc_hd__o2bb2a_2       3
     sky130_fd_sc_hd__o311a_2        2
     sky130_fd_sc_hd__o31a_2         5
     sky130_fd_sc_hd__o31ai_2        1
     sky130_fd_sc_hd__o32ai_2        2
     sky130_fd_sc_hd__o41ai_2        1
     sky130_fd_sc_hd__or2_2         31
     sky130_fd_sc_hd__or2b_2         6
     sky130_fd_sc_hd__or3_2          9
     sky130_fd_sc_hd__or3b_2         3
     sky130_fd_sc_hd__or4_2         17
     sky130_fd_sc_hd__or4b_2         7
     sky130_fd_sc_hd__or4bb_2        1
     sky130_fd_sc_hd__xnor2_2       19
     sky130_fd_sc_hd__xor2_2        24

   Chip area for module '\SemiCPU': 7444.640000

