
 /----------------------------------------------------------------------------\
 |                                                                            |
 |  yosys -- Yosys Open SYnthesis Suite                                       |
 |                                                                            |
 |  Copyright (C) 2012 - 2020  Claire Xenia Wolf <claire@yosyshq.com>         |
 |                                                                            |
 |  Permission to use, copy, modify, and/or distribute this software for any  |
 |  purpose with or without fee is hereby granted, provided that the above    |
 |  copyright notice and this permission notice appear in all copies.         |
 |                                                                            |
 |  THE SOFTWARE IS PROVIDED "AS IS" AND THE AUTHOR DISCLAIMS ALL WARRANTIES  |
 |  WITH REGARD TO THIS SOFTWARE INCLUDING ALL IMPLIED WARRANTIES OF          |
 |  MERCHANTABILITY AND FITNESS. IN NO EVENT SHALL THE AUTHOR BE LIABLE FOR   |
 |  ANY SPECIAL, DIRECT, INDIRECT, OR CONSEQUENTIAL DAMAGES OR ANY DAMAGES    |
 |  WHATSOEVER RESULTING FROM LOSS OF USE, DATA OR PROFITS, WHETHER IN AN     |
 |  ACTION OF CONTRACT, NEGLIGENCE OR OTHER TORTIOUS ACTION, ARISING OUT OF   |
 |  OR IN CONNECTION WITH THE USE OR PERFORMANCE OF THIS SOFTWARE.            |
 |                                                                            |
 \----------------------------------------------------------------------------/

 Yosys 0.38 (git sha1 543faed9c8c, clang++ 17.0.6 -fPIC -Os)

[TCL: yosys -import] Command name collision: found pre-existing command `cd' -> skip.
[TCL: yosys -import] Command name collision: found pre-existing command `eval' -> skip.
[TCL: yosys -import] Command name collision: found pre-existing command `exec' -> skip.
[TCL: yosys -import] Command name collision: found pre-existing command `read' -> skip.
[TCL: yosys -import] Command name collision: found pre-existing command `trace' -> skip.

1. Executing Liberty frontend: /home/kagan/.volare/sky130A/libs.ref/sky130_fd_sc_hd/lib/sky130_fd_sc_hd__tt_025C_1v80.lib
Imported 428 cell types from liberty file.

2. Executing Verilog-2005 frontend: /openlane/designs/alu_and_register/src/register_file.v
Parsing SystemVerilog input from `/openlane/designs/alu_and_register/src/register_file.v' to AST representation.
Storing AST representation for module `$abstract\register_file'.
Successfully finished Verilog frontend.

3. Executing Verilog-2005 frontend: /openlane/designs/alu_and_register/src/alu.v
Parsing SystemVerilog input from `/openlane/designs/alu_and_register/src/alu.v' to AST representation.
Storing AST representation for module `$abstract\alu'.
Successfully finished Verilog frontend.

4. Executing Verilog-2005 frontend: /openlane/designs/alu_and_register/src/TopModule.v
Parsing SystemVerilog input from `/openlane/designs/alu_and_register/src/TopModule.v' to AST representation.
Storing AST representation for module `$abstract\TopModule'.
Successfully finished Verilog frontend.

5. Executing HIERARCHY pass (managing design hierarchy).

6. Executing AST frontend in derive mode using pre-parsed AST for module `\TopModule'.
Generating RTLIL representation for module `\TopModule'.

6.1. Analyzing design hierarchy..
Top module:  \TopModule

6.2. Executing AST frontend in derive mode using pre-parsed AST for module `\alu'.
Generating RTLIL representation for module `\alu'.

6.3. Executing AST frontend in derive mode using pre-parsed AST for module `\register_file'.
Generating RTLIL representation for module `\register_file'.

6.4. Analyzing design hierarchy..
Top module:  \TopModule
Used module:     \alu
Used module:     \register_file

6.5. Analyzing design hierarchy..
Top module:  \TopModule
Used module:     \alu
Used module:     \register_file
Removing unused module `$abstract\TopModule'.
Removing unused module `$abstract\alu'.
Removing unused module `$abstract\register_file'.
Removed 3 unused modules.

7. Generating Graphviz representation of design.
Writing dot description to `/openlane/designs/alu_and_register/runs/RUN_2025.06.01_20.33.51/tmp/synthesis/hierarchy.dot'.
Dumping module TopModule to page 1.
Renaming module TopModule to TopModule.

8. Executing TRIBUF pass.

9. Executing HIERARCHY pass (managing design hierarchy).

9.1. Analyzing design hierarchy..
Top module:  \TopModule
Used module:     \alu
Used module:     \register_file

9.2. Analyzing design hierarchy..
Top module:  \TopModule
Used module:     \alu
Used module:     \register_file
Removed 0 unused modules.

10. Executing PROC_CLEAN pass (remove empty switches from decision trees).
Cleaned up 0 empty switches.

11. Executing PROC_RMDEAD pass (remove dead branches from decision trees).
Removed 1 dead cases from process $proc$/openlane/designs/alu_and_register/src/alu.v:29$1 in module alu.
Marked 1 switch rules as full_case in process $proc$/openlane/designs/alu_and_register/src/alu.v:29$1 in module alu.
Marked 1 switch rules as full_case in process $proc$/openlane/designs/alu_and_register/src/register_file.v:36$7 in module register_file.
Removed a total of 1 dead cases.

12. Executing PROC_PRUNE pass (remove redundant assignments in processes).
Removed 0 redundant assignments.
Promoted 6 assignments to connections.

13. Executing PROC_INIT pass (extract init attributes).

14. Executing PROC_ARST pass (detect async resets in processes).

15. Executing PROC_ROM pass (convert switches to ROMs).
Converted 0 switches.
<suppressed ~2 debug messages>

16. Executing PROC_MUX pass (convert decision trees to multiplexers).
Creating decoders for process `\alu.$proc$/openlane/designs/alu_and_register/src/alu.v:29$1'.
     1/1: $1\result[31:0]
Creating decoders for process `\register_file.$proc$/openlane/designs/alu_and_register/src/register_file.v:36$7'.
     1/3: $1$memwr$\registers$/openlane/designs/alu_and_register/src/register_file.v:38$6_EN[31:0]$13
     2/3: $1$memwr$\registers$/openlane/designs/alu_and_register/src/register_file.v:38$6_DATA[31:0]$12
     3/3: $1$memwr$\registers$/openlane/designs/alu_and_register/src/register_file.v:38$6_ADDR[1:0]$11

17. Executing PROC_DLATCH pass (convert process syncs to latches).
No latch inferred for signal `\alu.\result' from process `\alu.$proc$/openlane/designs/alu_and_register/src/alu.v:29$1'.

18. Executing PROC_DFF pass (convert process syncs to FFs).
Creating register for signal `\register_file.\RD1' using process `\register_file.$proc$/openlane/designs/alu_and_register/src/register_file.v:36$7'.
  created $dff cell `$procdff$30' with positive edge clock.
Creating register for signal `\register_file.\RD2' using process `\register_file.$proc$/openlane/designs/alu_and_register/src/register_file.v:36$7'.
  created $dff cell `$procdff$31' with positive edge clock.
Creating register for signal `\register_file.$memwr$\registers$/openlane/designs/alu_and_register/src/register_file.v:38$6_ADDR' using process `\register_file.$proc$/openlane/designs/alu_and_register/src/register_file.v:36$7'.
  created $dff cell `$procdff$32' with positive edge clock.
Creating register for signal `\register_file.$memwr$\registers$/openlane/designs/alu_and_register/src/register_file.v:38$6_DATA' using process `\register_file.$proc$/openlane/designs/alu_and_register/src/register_file.v:36$7'.
  created $dff cell `$procdff$33' with positive edge clock.
Creating register for signal `\register_file.$memwr$\registers$/openlane/designs/alu_and_register/src/register_file.v:38$6_EN' using process `\register_file.$proc$/openlane/designs/alu_and_register/src/register_file.v:36$7'.
  created $dff cell `$procdff$34' with positive edge clock.

19. Executing PROC_MEMWR pass (convert process memory writes to cells).

20. Executing PROC_CLEAN pass (remove empty switches from decision trees).
Found and cleaned up 1 empty switch in `\alu.$proc$/openlane/designs/alu_and_register/src/alu.v:29$1'.
Removing empty process `alu.$proc$/openlane/designs/alu_and_register/src/alu.v:29$1'.
Found and cleaned up 1 empty switch in `\register_file.$proc$/openlane/designs/alu_and_register/src/register_file.v:36$7'.
Removing empty process `register_file.$proc$/openlane/designs/alu_and_register/src/register_file.v:36$7'.
Cleaned up 2 empty switches.

21. Executing CHECK pass (checking for obvious problems).
Checking module TopModule...
Checking module alu...
Checking module register_file...
Found and reported 0 problems.

22. Executing OPT_EXPR pass (perform const folding).
Optimizing module TopModule.
Optimizing module alu.
<suppressed ~1 debug messages>
Optimizing module register_file.

23. Executing FLATTEN pass (flatten design).
Deleting now unused module alu.
Deleting now unused module register_file.
<suppressed ~2 debug messages>

24. Executing OPT_EXPR pass (perform const folding).
Optimizing module TopModule.

25. Executing OPT_CLEAN pass (remove unused cells and wires).
Finding unused cells or wires in module \TopModule..
Removed 3 unused cells and 17 unused wires.
<suppressed ~4 debug messages>

26. Executing OPT pass (performing simple optimizations).

26.1. Executing OPT_EXPR pass (perform const folding).
Optimizing module TopModule.

26.2. Executing OPT_MERGE pass (detect identical cells).
Finding identical cells in module `\TopModule'.
Removed a total of 0 cells.

26.3. Executing OPT_MUXTREE pass (detect dead branches in mux trees).
Running muxtree optimizer on module \TopModule..
  Creating internal representation of mux trees.
  Evaluating internal representation of mux trees.
  Analyzing evaluation results.
Removed 0 multiplexer ports.
<suppressed ~4 debug messages>

26.4. Executing OPT_REDUCE pass (consolidate $*mux and $reduce_* inputs).
  Optimizing cells in module \TopModule.
    Consolidated identical input bits for $mux cell $flatten\rf.$procmux$22:
      Old ports: A=0, B=32'11111111111111111111111111111111, Y=$flatten\rf.$0$memwr$\registers$/openlane/designs/alu_and_register/src/register_file.v:38$6_EN[31:0]$10
      New ports: A=1'0, B=1'1, Y=$flatten\rf.$0$memwr$\registers$/openlane/designs/alu_and_register/src/register_file.v:38$6_EN[31:0]$10 [0]
      New connections: $flatten\rf.$0$memwr$\registers$/openlane/designs/alu_and_register/src/register_file.v:38$6_EN[31:0]$10 [31:1] = { $flatten\rf.$0$memwr$\registers$/openlane/designs/alu_and_register/src/register_file.v:38$6_EN[31:0]$10 [0] $flatten\rf.$0$memwr$\registers$/openlane/designs/alu_and_register/src/register_file.v:38$6_EN[31:0]$10 [0] $flatten\rf.$0$memwr$\registers$/openlane/designs/alu_and_register/src/register_file.v:38$6_EN[31:0]$10 [0] $flatten\rf.$0$memwr$\registers$/openlane/designs/alu_and_register/src/register_file.v:38$6_EN[31:0]$10 [0] $flatten\rf.$0$memwr$\registers$/openlane/designs/alu_and_register/src/register_file.v:38$6_EN[31:0]$10 [0] $flatten\rf.$0$memwr$\registers$/openlane/designs/alu_and_register/src/register_file.v:38$6_EN[31:0]$10 [0] $flatten\rf.$0$memwr$\registers$/openlane/designs/alu_and_register/src/register_file.v:38$6_EN[31:0]$10 [0] $flatten\rf.$0$memwr$\registers$/openlane/designs/alu_and_register/src/register_file.v:38$6_EN[31:0]$10 [0] $flatten\rf.$0$memwr$\registers$/openlane/designs/alu_and_register/src/register_file.v:38$6_EN[31:0]$10 [0] $flatten\rf.$0$memwr$\registers$/openlane/designs/alu_and_register/src/register_file.v:38$6_EN[31:0]$10 [0] $flatten\rf.$0$memwr$\registers$/openlane/designs/alu_and_register/src/register_file.v:38$6_EN[31:0]$10 [0] $flatten\rf.$0$memwr$\registers$/openlane/designs/alu_and_register/src/register_file.v:38$6_EN[31:0]$10 [0] $flatten\rf.$0$memwr$\registers$/openlane/designs/alu_and_register/src/register_file.v:38$6_EN[31:0]$10 [0] $flatten\rf.$0$memwr$\registers$/openlane/designs/alu_and_register/src/register_file.v:38$6_EN[31:0]$10 [0] $flatten\rf.$0$memwr$\registers$/openlane/designs/alu_and_register/src/register_file.v:38$6_EN[31:0]$10 [0] $flatten\rf.$0$memwr$\registers$/openlane/designs/alu_and_register/src/register_file.v:38$6_EN[31:0]$10 [0] $flatten\rf.$0$memwr$\registers$/openlane/designs/alu_and_register/src/register_file.v:38$6_EN[31:0]$10 [0] $flatten\rf.$0$memwr$\registers$/openlane/designs/alu_and_register/src/register_file.v:38$6_EN[31:0]$10 [0] $flatten\rf.$0$memwr$\registers$/openlane/designs/alu_and_register/src/register_file.v:38$6_EN[31:0]$10 [0] $flatten\rf.$0$memwr$\registers$/openlane/designs/alu_and_register/src/register_file.v:38$6_EN[31:0]$10 [0] $flatten\rf.$0$memwr$\registers$/openlane/designs/alu_and_register/src/register_file.v:38$6_EN[31:0]$10 [0] $flatten\rf.$0$memwr$\registers$/openlane/designs/alu_and_register/src/register_file.v:38$6_EN[31:0]$10 [0] $flatten\rf.$0$memwr$\registers$/openlane/designs/alu_and_register/src/register_file.v:38$6_EN[31:0]$10 [0] $flatten\rf.$0$memwr$\registers$/openlane/designs/alu_and_register/src/register_file.v:38$6_EN[31:0]$10 [0] $flatten\rf.$0$memwr$\registers$/openlane/designs/alu_and_register/src/register_file.v:38$6_EN[31:0]$10 [0] $flatten\rf.$0$memwr$\registers$/openlane/designs/alu_and_register/src/register_file.v:38$6_EN[31:0]$10 [0] $flatten\rf.$0$memwr$\registers$/openlane/designs/alu_and_register/src/register_file.v:38$6_EN[31:0]$10 [0] $flatten\rf.$0$memwr$\registers$/openlane/designs/alu_and_register/src/register_file.v:38$6_EN[31:0]$10 [0] $flatten\rf.$0$memwr$\registers$/openlane/designs/alu_and_register/src/register_file.v:38$6_EN[31:0]$10 [0] $flatten\rf.$0$memwr$\registers$/openlane/designs/alu_and_register/src/register_file.v:38$6_EN[31:0]$10 [0] $flatten\rf.$0$memwr$\registers$/openlane/designs/alu_and_register/src/register_file.v:38$6_EN[31:0]$10 [0] }
  Optimizing cells in module \TopModule.
Performed a total of 1 changes.

26.5. Executing OPT_MERGE pass (detect identical cells).
Finding identical cells in module `\TopModule'.
Removed a total of 0 cells.

26.6. Executing OPT_DFF pass (perform DFF optimizations).

26.7. Executing OPT_CLEAN pass (remove unused cells and wires).
Finding unused cells or wires in module \TopModule..

26.8. Executing OPT_EXPR pass (perform const folding).
Optimizing module TopModule.

26.9. Rerunning OPT passes. (Maybe there is more to do..)

26.10. Executing OPT_MUXTREE pass (detect dead branches in mux trees).
Running muxtree optimizer on module \TopModule..
  Creating internal representation of mux trees.
  Evaluating internal representation of mux trees.
  Analyzing evaluation results.
Removed 0 multiplexer ports.
<suppressed ~4 debug messages>

26.11. Executing OPT_REDUCE pass (consolidate $*mux and $reduce_* inputs).
  Optimizing cells in module \TopModule.
Performed a total of 0 changes.

26.12. Executing OPT_MERGE pass (detect identical cells).
Finding identical cells in module `\TopModule'.
Removed a total of 0 cells.

26.13. Executing OPT_DFF pass (perform DFF optimizations).

26.14. Executing OPT_CLEAN pass (remove unused cells and wires).
Finding unused cells or wires in module \TopModule..

26.15. Executing OPT_EXPR pass (perform const folding).
Optimizing module TopModule.

26.16. Finished OPT passes. (There is nothing left to do.)

27. Executing FSM pass (extract and optimize FSM).

27.1. Executing FSM_DETECT pass (finding FSMs in design).

27.2. Executing FSM_EXTRACT pass (extracting FSM from design).

27.3. Executing FSM_OPT pass (simple optimizations of FSMs).

27.4. Executing OPT_CLEAN pass (remove unused cells and wires).
Finding unused cells or wires in module \TopModule..

27.5. Executing FSM_OPT pass (simple optimizations of FSMs).

27.6. Executing FSM_RECODE pass (re-assigning FSM state encoding).

27.7. Executing FSM_INFO pass (dumping all available information on FSM cells).

27.8. Executing FSM_MAP pass (mapping FSMs to basic logic).

28. Executing OPT pass (performing simple optimizations).

28.1. Executing OPT_EXPR pass (perform const folding).
Optimizing module TopModule.

28.2. Executing OPT_MERGE pass (detect identical cells).
Finding identical cells in module `\TopModule'.
Removed a total of 0 cells.

28.3. Executing OPT_MUXTREE pass (detect dead branches in mux trees).
Running muxtree optimizer on module \TopModule..
  Creating internal representation of mux trees.
  Evaluating internal representation of mux trees.
  Analyzing evaluation results.
Removed 0 multiplexer ports.
<suppressed ~4 debug messages>

28.4. Executing OPT_REDUCE pass (consolidate $*mux and $reduce_* inputs).
  Optimizing cells in module \TopModule.
Performed a total of 0 changes.

28.5. Executing OPT_MERGE pass (detect identical cells).
Finding identical cells in module `\TopModule'.
Removed a total of 0 cells.

28.6. Executing OPT_DFF pass (perform DFF optimizations).

28.7. Executing OPT_CLEAN pass (remove unused cells and wires).
Finding unused cells or wires in module \TopModule..

28.8. Executing OPT_EXPR pass (perform const folding).
Optimizing module TopModule.

28.9. Finished OPT passes. (There is nothing left to do.)

29. Executing WREDUCE pass (reducing word size of cells).
Removed top 1 bits (of 2) from port B of cell TopModule.$flatten\my_alu.$procmux$19_CMP0 ($eq).

30. Executing PEEPOPT pass (run peephole optimizers).

31. Executing OPT_CLEAN pass (remove unused cells and wires).
Finding unused cells or wires in module \TopModule..

32. Executing ALUMACC pass (create $alu and $macc cells).
Extracting $alu and $macc cells in module TopModule:
  creating $macc model for $flatten\my_alu.$add$/openlane/designs/alu_and_register/src/alu.v:31$2 ($add).
  creating $macc model for $flatten\my_alu.$sub$/openlane/designs/alu_and_register/src/alu.v:32$3 ($sub).
  creating $alu model for $macc $flatten\my_alu.$sub$/openlane/designs/alu_and_register/src/alu.v:32$3.
  creating $alu model for $macc $flatten\my_alu.$add$/openlane/designs/alu_and_register/src/alu.v:31$2.
  creating $alu cell for $flatten\my_alu.$add$/openlane/designs/alu_and_register/src/alu.v:31$2: $auto$alumacc.cc:485:replace_alu$36
  creating $alu cell for $flatten\my_alu.$sub$/openlane/designs/alu_and_register/src/alu.v:32$3: $auto$alumacc.cc:485:replace_alu$39
  created 2 $alu and 0 $macc cells.

33. Executing SHARE pass (SAT-based resource sharing).
Found 2 cells in module TopModule that may be considered for resource sharing.
  Analyzing resource sharing options for $flatten\my_alu.$shr$/openlane/designs/alu_and_register/src/alu.v:34$5 ($shr):
    Found 1 activation_patterns using ctrl signal $flatten\my_alu.$procmux$17_CMP.
    No candidates found.
  Analyzing resource sharing options for $flatten\my_alu.$shl$/openlane/designs/alu_and_register/src/alu.v:33$4 ($shl):
    Found 1 activation_patterns using ctrl signal $flatten\my_alu.$procmux$18_CMP.
    No candidates found.

34. Executing OPT pass (performing simple optimizations).

34.1. Executing OPT_EXPR pass (perform const folding).
Optimizing module TopModule.

34.2. Executing OPT_MERGE pass (detect identical cells).
Finding identical cells in module `\TopModule'.
Removed a total of 0 cells.

34.3. Executing OPT_MUXTREE pass (detect dead branches in mux trees).
Running muxtree optimizer on module \TopModule..
  Creating internal representation of mux trees.
  Evaluating internal representation of mux trees.
  Analyzing evaluation results.
Removed 0 multiplexer ports.
<suppressed ~4 debug messages>

34.4. Executing OPT_REDUCE pass (consolidate $*mux and $reduce_* inputs).
  Optimizing cells in module \TopModule.
Performed a total of 0 changes.

34.5. Executing OPT_MERGE pass (detect identical cells).
Finding identical cells in module `\TopModule'.
Removed a total of 0 cells.

34.6. Executing OPT_DFF pass (perform DFF optimizations).

34.7. Executing OPT_CLEAN pass (remove unused cells and wires).
Finding unused cells or wires in module \TopModule..

34.8. Executing OPT_EXPR pass (perform const folding).
Optimizing module TopModule.

34.9. Finished OPT passes. (There is nothing left to do.)

35. Executing MEMORY pass.

35.1. Executing OPT_MEM pass (optimize memories).
Performed a total of 0 transformations.

35.2. Executing OPT_MEM_PRIORITY pass (removing unnecessary memory write priority relations).
Performed a total of 0 transformations.

35.3. Executing OPT_MEM_FEEDBACK pass (finding memory read-to-write feedback paths).
  Analyzing TopModule.rf.registers write port 0.

35.4. Executing MEMORY_BMUX2ROM pass (converting muxes to ROMs).

35.5. Executing MEMORY_DFF pass (merging $dff cells to $memrd).
Checking read port `\rf.registers'[0] in module `\TopModule': merging output FF to cell.
    Write port 0: non-transparent.
Checking read port `\rf.registers'[1] in module `\TopModule': merging output FF to cell.
    Write port 0: non-transparent.

35.6. Executing OPT_CLEAN pass (remove unused cells and wires).
Finding unused cells or wires in module \TopModule..
Removed 2 unused cells and 66 unused wires.
<suppressed ~3 debug messages>

35.7. Executing MEMORY_SHARE pass (consolidating $memrd/$memwr cells).
Consolidating read ports of memory TopModule.rf.registers by address:

35.8. Executing OPT_MEM_WIDEN pass (optimize memories where all ports are wide).
Performed a total of 0 transformations.

35.9. Executing OPT_CLEAN pass (remove unused cells and wires).
Finding unused cells or wires in module \TopModule..

35.10. Executing MEMORY_COLLECT pass (generating $mem cells).

36. Executing OPT_CLEAN pass (remove unused cells and wires).
Finding unused cells or wires in module \TopModule..

37. Executing OPT pass (performing simple optimizations).

37.1. Executing OPT_EXPR pass (perform const folding).
Optimizing module TopModule.
<suppressed ~4 debug messages>

37.2. Executing OPT_MERGE pass (detect identical cells).
Finding identical cells in module `\TopModule'.
Removed a total of 0 cells.

37.3. Executing OPT_DFF pass (perform DFF optimizations).

37.4. Executing OPT_CLEAN pass (remove unused cells and wires).
Finding unused cells or wires in module \TopModule..
Removed 1 unused cells and 4 unused wires.
<suppressed ~2 debug messages>

37.5. Finished fast OPT passes.

38. Executing MEMORY_MAP pass (converting memories to logic and flip-flops).
Mapping memory \rf.registers in module \TopModule:
  created 4 $dff cells and 0 static cells of width 32.
Extracted data FF from read port 0 of TopModule.rf.registers: $\rf.registers$rdreg[0]
Extracted data FF from read port 1 of TopModule.rf.registers: $\rf.registers$rdreg[1]
  read interface: 2 $dff and 6 $mux cells.
  write interface: 4 write mux blocks.

39. Executing OPT pass (performing simple optimizations).

39.1. Executing OPT_EXPR pass (perform const folding).
Optimizing module TopModule.
<suppressed ~4 debug messages>

39.2. Executing OPT_MERGE pass (detect identical cells).
Finding identical cells in module `\TopModule'.
Removed a total of 0 cells.

39.3. Executing OPT_MUXTREE pass (detect dead branches in mux trees).
Running muxtree optimizer on module \TopModule..
  Creating internal representation of mux trees.
  Evaluating internal representation of mux trees.
  Analyzing evaluation results.
Removed 0 multiplexer ports.
<suppressed ~7 debug messages>

39.4. Executing OPT_REDUCE pass (consolidate $*mux and $reduce_* inputs).
  Optimizing cells in module \TopModule.
Performed a total of 0 changes.

39.5. Executing OPT_MERGE pass (detect identical cells).
Finding identical cells in module `\TopModule'.
Removed a total of 0 cells.

39.6. Executing OPT_SHARE pass.
    Found cells that share an operand and can be merged by moving the $pmux $flatten\my_alu.$procmux$16 in front of them:
        $auto$alumacc.cc:485:replace_alu$39
        $auto$alumacc.cc:485:replace_alu$36

39.7. Executing OPT_DFF pass (perform DFF optimizations).

39.8. Executing OPT_CLEAN pass (remove unused cells and wires).
Finding unused cells or wires in module \TopModule..
Removed 0 unused cells and 20 unused wires.
<suppressed ~1 debug messages>

39.9. Executing OPT_EXPR pass (perform const folding).
Optimizing module TopModule.

39.10. Rerunning OPT passes. (Maybe there is more to do..)

39.11. Executing OPT_MUXTREE pass (detect dead branches in mux trees).
Running muxtree optimizer on module \TopModule..
  Creating internal representation of mux trees.
  Evaluating internal representation of mux trees.
  Analyzing evaluation results.
Removed 0 multiplexer ports.
<suppressed ~8 debug messages>

39.12. Executing OPT_REDUCE pass (consolidate $*mux and $reduce_* inputs).
  Optimizing cells in module \TopModule.
    New ctrl vector for $pmux cell $flatten\my_alu.$procmux$16: { $flatten\my_alu.$procmux$18_CMP $flatten\my_alu.$procmux$17_CMP }
  Optimizing cells in module \TopModule.
Performed a total of 1 changes.

39.13. Executing OPT_MERGE pass (detect identical cells).
Finding identical cells in module `\TopModule'.
Removed a total of 0 cells.

39.14. Executing OPT_SHARE pass.

39.15. Executing OPT_DFF pass (perform DFF optimizations).
Adding EN signal on $memory\rf.registers[3]$114 ($dff) from module TopModule (D = \WD3, Q = \rf.registers[3]).
Adding EN signal on $memory\rf.registers[2]$112 ($dff) from module TopModule (D = \WD3, Q = \rf.registers[2]).
Adding EN signal on $memory\rf.registers[1]$110 ($dff) from module TopModule (D = \WD3, Q = \rf.registers[1]).
Adding EN signal on $memory\rf.registers[0]$108 ($dff) from module TopModule (D = \WD3, Q = \rf.registers[0]).

39.16. Executing OPT_CLEAN pass (remove unused cells and wires).
Finding unused cells or wires in module \TopModule..
Removed 4 unused cells and 4 unused wires.
<suppressed ~5 debug messages>

39.17. Executing OPT_EXPR pass (perform const folding).
Optimizing module TopModule.

39.18. Rerunning OPT passes. (Maybe there is more to do..)

39.19. Executing OPT_MUXTREE pass (detect dead branches in mux trees).
Running muxtree optimizer on module \TopModule..
  Creating internal representation of mux trees.
  Evaluating internal representation of mux trees.
  Analyzing evaluation results.
Removed 0 multiplexer ports.
<suppressed ~4 debug messages>

39.20. Executing OPT_REDUCE pass (consolidate $*mux and $reduce_* inputs).
  Optimizing cells in module \TopModule.
Performed a total of 0 changes.

39.21. Executing OPT_MERGE pass (detect identical cells).
Finding identical cells in module `\TopModule'.
Removed a total of 0 cells.

39.22. Executing OPT_SHARE pass.

39.23. Executing OPT_DFF pass (perform DFF optimizations).

39.24. Executing OPT_CLEAN pass (remove unused cells and wires).
Finding unused cells or wires in module \TopModule..

39.25. Executing OPT_EXPR pass (perform const folding).
Optimizing module TopModule.

39.26. Finished OPT passes. (There is nothing left to do.)

40. Executing TECHMAP pass (map to technology primitives).

40.1. Executing Verilog-2005 frontend: /nix/store/sx2v0i73mn1ih2z1nk61pm9n5gjgpidy-yosys/bin/../share/yosys/techmap.v
Parsing Verilog input from `/nix/store/sx2v0i73mn1ih2z1nk61pm9n5gjgpidy-yosys/bin/../share/yosys/techmap.v' to AST representation.
Generating RTLIL representation for module `\_90_simplemap_bool_ops'.
Generating RTLIL representation for module `\_90_simplemap_reduce_ops'.
Generating RTLIL representation for module `\_90_simplemap_logic_ops'.
Generating RTLIL representation for module `\_90_simplemap_compare_ops'.
Generating RTLIL representation for module `\_90_simplemap_various'.
Generating RTLIL representation for module `\_90_simplemap_registers'.
Generating RTLIL representation for module `\_90_shift_ops_shr_shl_sshl_sshr'.
Generating RTLIL representation for module `\_90_shift_shiftx'.
Generating RTLIL representation for module `\_90_fa'.
Generating RTLIL representation for module `\_90_lcu'.
Generating RTLIL representation for module `\_90_alu'.
Generating RTLIL representation for module `\_90_macc'.
Generating RTLIL representation for module `\_90_alumacc'.
Generating RTLIL representation for module `\$__div_mod_u'.
Generating RTLIL representation for module `\$__div_mod_trunc'.
Generating RTLIL representation for module `\_90_div'.
Generating RTLIL representation for module `\_90_mod'.
Generating RTLIL representation for module `\$__div_mod_floor'.
Generating RTLIL representation for module `\_90_divfloor'.
Generating RTLIL representation for module `\_90_modfloor'.
Generating RTLIL representation for module `\_90_pow'.
Generating RTLIL representation for module `\_90_pmux'.
Generating RTLIL representation for module `\_90_demux'.
Generating RTLIL representation for module `\_90_lut'.
Successfully finished Verilog frontend.

40.2. Continuing TECHMAP pass.
Using extmapper simplemap for cells of type $dff.
Using extmapper simplemap for cells of type $mux.
Using extmapper simplemap for cells of type $and.
Running "alumacc" on wrapper $extern:wrap:$neg:A_SIGNED=0:A_WIDTH=32:Y_WIDTH=32:394426c56d1a028ba8fdd5469b163e04011def47.
Using template $extern:wrap:$neg:A_SIGNED=0:A_WIDTH=32:Y_WIDTH=32:394426c56d1a028ba8fdd5469b163e04011def47 for cells of type $extern:wrap:$neg:A_SIGNED=0:A_WIDTH=32:Y_WIDTH=32:394426c56d1a028ba8fdd5469b163e04011def47.
Using extmapper simplemap for cells of type $dffe.
Using extmapper simplemap for cells of type $not.
Using extmapper simplemap for cells of type $eq.
Using template $paramod$constmap:b9a86d073741c2a0f7bb241e73c2dd11747f3288$paramod$56955d0f36f77738c952d3505dc563df3ee11b94\_90_shift_ops_shr_shl_sshl_sshr for cells of type $shr.
Using template $paramod$constmap:b9a86d073741c2a0f7bb241e73c2dd11747f3288$paramod$dce7c1188cb25d2520d170426d59301c3b73f9e7\_90_shift_ops_shr_shl_sshl_sshr for cells of type $shl.
Using template $paramod$fbc7873bff55778c0b3173955b7e4bce1d9d6834\_90_alu for cells of type $alu.
Using template $paramod$8fabc56b80a569262acfc42757a02ca0b8e91278\_90_pmux for cells of type $pmux.
Using template $paramod$c6baa65225090ac0a120feab1b920965244aa496\_90_alu for cells of type $alu.
Using extmapper simplemap for cells of type $xor.
Using template $paramod\_90_lcu\WIDTH=32'00000000000000000000000000100000 for cells of type $lcu.
Using extmapper simplemap for cells of type $pos.
Using extmapper simplemap for cells of type $or.
No more expansions possible.
<suppressed ~1507 debug messages>

41. Executing OPT pass (performing simple optimizations).

41.1. Executing OPT_EXPR pass (perform const folding).
Optimizing module TopModule.
<suppressed ~258 debug messages>

41.2. Executing OPT_MERGE pass (detect identical cells).
Finding identical cells in module `\TopModule'.
<suppressed ~180 debug messages>
Removed a total of 60 cells.

41.3. Executing OPT_DFF pass (perform DFF optimizations).

41.4. Executing OPT_CLEAN pass (remove unused cells and wires).
Finding unused cells or wires in module \TopModule..
Removed 21 unused cells and 286 unused wires.
<suppressed ~22 debug messages>

41.5. Finished fast OPT passes.

42. Executing ABC pass (technology mapping using ABC).

42.1. Extracting gate netlist of module `\TopModule' to `<abc-temp-dir>/input.blif'..
Extracted 1178 gates and 1380 wires to a netlist network with 201 inputs and 100 outputs.

42.1.1. Executing ABC.
Running ABC command: "/nix/store/wq2q0njg3sx8wvj2akz7x1qxwyrv9xlr-yosys-abc/bin/abc" -s -f <abc-temp-dir>/abc.script 2>&1
ABC: ABC command line: "source <abc-temp-dir>/abc.script".
ABC: 
ABC: + read_blif <abc-temp-dir>/input.blif 
ABC: + read_library <abc-temp-dir>/stdcells.genlib 
ABC: Entered genlib library with 13 gates from file "<abc-temp-dir>/stdcells.genlib".
ABC: + strash 
ABC: + dretime 
ABC: + map 
ABC: + write_blif <abc-temp-dir>/output.blif 

42.1.2. Re-integrating ABC results.
ABC RESULTS:               AND cells:        2
ABC RESULTS:              XNOR cells:        7
ABC RESULTS:               NOR cells:       36
ABC RESULTS:               XOR cells:       87
ABC RESULTS:               NOT cells:       61
ABC RESULTS:               MUX cells:      513
ABC RESULTS:             ORNOT cells:       11
ABC RESULTS:                OR cells:      280
ABC RESULTS:              NAND cells:       15
ABC RESULTS:            ANDNOT cells:      144
ABC RESULTS:        internal signals:     1079
ABC RESULTS:           input signals:      201
ABC RESULTS:          output signals:      100
Removing temp directory.

43. Executing OPT pass (performing simple optimizations).

43.1. Executing OPT_EXPR pass (perform const folding).
Optimizing module TopModule.
<suppressed ~193 debug messages>

43.2. Executing OPT_MERGE pass (detect identical cells).
Finding identical cells in module `\TopModule'.
Removed a total of 0 cells.

43.3. Executing OPT_DFF pass (perform DFF optimizations).

43.4. Executing OPT_CLEAN pass (remove unused cells and wires).
Finding unused cells or wires in module \TopModule..
Removed 3 unused cells and 470 unused wires.
<suppressed ~4 debug messages>

43.5. Finished fast OPT passes.

44. Executing HIERARCHY pass (managing design hierarchy).

44.1. Analyzing design hierarchy..
Top module:  \TopModule

44.2. Analyzing design hierarchy..
Top module:  \TopModule
Removed 0 unused modules.

45. Printing statistics.

=== TopModule ===

   Number of wires:               1085
   Number of wire bits:           1589
   Number of public wires:          26
   Number of public wire bits:     468
   Number of memories:               0
   Number of memory bits:            0
   Number of processes:              0
   Number of cells:               1345
     $_ANDNOT_                     144
     $_AND_                          2
     $_DFFE_PP_                    128
     $_DFF_P_                       64
     $_MUX_                        513
     $_NAND_                        15
     $_NOR_                         36
     $_NOT_                         58
     $_ORNOT_                       11
     $_OR_                         280
     $_XNOR_                         7
     $_XOR_                         87

46. Executing CHECK pass (checking for obvious problems).
Checking module TopModule...
Found and reported 0 problems.

47. Generating Graphviz representation of design.
Writing dot description to `/openlane/designs/alu_and_register/runs/RUN_2025.06.01_20.33.51/tmp/synthesis/post_techmap.dot'.
Dumping module TopModule to page 1.

48. Executing SHARE pass (SAT-based resource sharing).

49. Executing OPT pass (performing simple optimizations).

49.1. Executing OPT_EXPR pass (perform const folding).
Optimizing module TopModule.

49.2. Executing OPT_MERGE pass (detect identical cells).
Finding identical cells in module `\TopModule'.
Removed a total of 0 cells.

49.3. Executing OPT_MUXTREE pass (detect dead branches in mux trees).
Running muxtree optimizer on module \TopModule..
  Creating internal representation of mux trees.
  No muxes found in this module.
Removed 0 multiplexer ports.

49.4. Executing OPT_REDUCE pass (consolidate $*mux and $reduce_* inputs).
  Optimizing cells in module \TopModule.
Performed a total of 0 changes.

49.5. Executing OPT_MERGE pass (detect identical cells).
Finding identical cells in module `\TopModule'.
Removed a total of 0 cells.

49.6. Executing OPT_DFF pass (perform DFF optimizations).

49.7. Executing OPT_CLEAN pass (remove unused cells and wires).
Finding unused cells or wires in module \TopModule..

49.8. Executing OPT_EXPR pass (perform const folding).
Optimizing module TopModule.

49.9. Finished OPT passes. (There is nothing left to do.)

50. Executing OPT_CLEAN pass (remove unused cells and wires).
Finding unused cells or wires in module \TopModule..
Removed 0 unused cells and 12 unused wires.
<suppressed ~12 debug messages>

51. Printing statistics.

=== TopModule ===

   Number of wires:               1073
   Number of wire bits:           1387
   Number of public wires:          14
   Number of public wire bits:     266
   Number of memories:               0
   Number of memory bits:            0
   Number of processes:              0
   Number of cells:               1345
     $_ANDNOT_                     144
     $_AND_                          2
     $_DFFE_PP_                    128
     $_DFF_P_                       64
     $_MUX_                        513
     $_NAND_                        15
     $_NOR_                         36
     $_NOT_                         58
     $_ORNOT_                       11
     $_OR_                         280
     $_XNOR_                         7
     $_XOR_                         87

mapping tbuf

52. Executing TECHMAP pass (map to technology primitives).

52.1. Executing Verilog-2005 frontend: /home/kagan/.volare/sky130A/libs.tech/openlane/sky130_fd_sc_hd/tribuff_map.v
Parsing Verilog input from `/home/kagan/.volare/sky130A/libs.tech/openlane/sky130_fd_sc_hd/tribuff_map.v' to AST representation.
Generating RTLIL representation for module `\$_TBUF_'.
Successfully finished Verilog frontend.

52.2. Continuing TECHMAP pass.
No more expansions possible.
<suppressed ~3 debug messages>

53. Executing SIMPLEMAP pass (map simple cells to gate primitives).

54. Executing TECHMAP pass (map to technology primitives).

54.1. Executing Verilog-2005 frontend: /home/kagan/.volare/sky130A/libs.tech/openlane/sky130_fd_sc_hd/latch_map.v
Parsing Verilog input from `/home/kagan/.volare/sky130A/libs.tech/openlane/sky130_fd_sc_hd/latch_map.v' to AST representation.
Generating RTLIL representation for module `\$_DLATCH_P_'.
Generating RTLIL representation for module `\$_DLATCH_N_'.
Successfully finished Verilog frontend.

54.2. Continuing TECHMAP pass.
No more expansions possible.
<suppressed ~4 debug messages>

55. Executing SIMPLEMAP pass (map simple cells to gate primitives).

56. Executing DFFLIBMAP pass (mapping DFF cells to sequential cells from liberty file).
  cell sky130_fd_sc_hd__dfxtp_2 (noninv, pins=3, area=21.27) is a direct match for cell type $_DFF_P_.
  cell sky130_fd_sc_hd__dfrtp_2 (noninv, pins=4, area=26.28) is a direct match for cell type $_DFF_PN0_.
  cell sky130_fd_sc_hd__dfstp_2 (noninv, pins=4, area=26.28) is a direct match for cell type $_DFF_PN1_.
  cell sky130_fd_sc_hd__dfbbn_2 (noninv, pins=6, area=35.03) is a direct match for cell type $_DFFSR_NNN_.
  final dff cell mappings:
    unmapped dff cell: $_DFF_N_
    \sky130_fd_sc_hd__dfxtp_2 _DFF_P_ (.CLK( C), .D( D), .Q( Q));
    unmapped dff cell: $_DFF_NN0_
    unmapped dff cell: $_DFF_NN1_
    unmapped dff cell: $_DFF_NP0_
    unmapped dff cell: $_DFF_NP1_
    \sky130_fd_sc_hd__dfrtp_2 _DFF_PN0_ (.CLK( C), .D( D), .Q( Q), .RESET_B( R));
    \sky130_fd_sc_hd__dfstp_2 _DFF_PN1_ (.CLK( C), .D( D), .Q( Q), .SET_B( R));
    unmapped dff cell: $_DFF_PP0_
    unmapped dff cell: $_DFF_PP1_
    \sky130_fd_sc_hd__dfbbn_2 _DFFSR_NNN_ (.CLK_N( C), .D( D), .Q( Q), .Q_N(~Q), .RESET_B( R), .SET_B( S));
    unmapped dff cell: $_DFFSR_NNP_
    unmapped dff cell: $_DFFSR_NPN_
    unmapped dff cell: $_DFFSR_NPP_
    unmapped dff cell: $_DFFSR_PNN_
    unmapped dff cell: $_DFFSR_PNP_
    unmapped dff cell: $_DFFSR_PPN_
    unmapped dff cell: $_DFFSR_PPP_

56.1. Executing DFFLEGALIZE pass (convert FFs to types supported by the target).
Mapping DFF cells in module `\TopModule':
  mapped 192 $_DFF_P_ cells to \sky130_fd_sc_hd__dfxtp_2 cells.

57. Printing statistics.

=== TopModule ===

   Number of wires:               1201
   Number of wire bits:           1515
   Number of public wires:          14
   Number of public wire bits:     266
   Number of memories:               0
   Number of memory bits:            0
   Number of processes:              0
   Number of cells:               1473
     $_ANDNOT_                     144
     $_AND_                          2
     $_MUX_                        641
     $_NAND_                        15
     $_NOR_                         36
     $_NOT_                         58
     $_ORNOT_                       11
     $_OR_                         280
     $_XNOR_                         7
     $_XOR_                         87
     sky130_fd_sc_hd__dfxtp_2      192

[INFO]: USING STRATEGY AREA 0

58. Executing ABC pass (technology mapping using ABC).

58.1. Extracting gate netlist of module `\TopModule' to `/tmp/yosys-abc-2KKEAB/input.blif'..
Extracted 1281 gates and 1514 wires to a netlist network with 233 inputs and 224 outputs.

58.1.1. Executing ABC.
Running ABC command: "/nix/store/wq2q0njg3sx8wvj2akz7x1qxwyrv9xlr-yosys-abc/bin/abc" -s -f /tmp/yosys-abc-2KKEAB/abc.script 2>&1
ABC: ABC command line: "source /tmp/yosys-abc-2KKEAB/abc.script".
ABC: 
ABC: + read_blif /tmp/yosys-abc-2KKEAB/input.blif 
ABC: + read_lib -w /openlane/designs/alu_and_register/runs/RUN_2025.06.01_20.33.51/tmp/synthesis/trimmed.lib 
ABC: Parsing finished successfully.  Parsing time =     0.03 sec
ABC: Scl_LibertyReadGenlib() skipped sequential cell "sky130_fd_sc_hd__dfbbn_2".
ABC: Scl_LibertyReadGenlib() skipped sequential cell "sky130_fd_sc_hd__dfrbp_2".
ABC: Scl_LibertyReadGenlib() skipped sequential cell "sky130_fd_sc_hd__dfrtp_2".
ABC: Scl_LibertyReadGenlib() skipped sequential cell "sky130_fd_sc_hd__dfrtp_4".
ABC: Scl_LibertyReadGenlib() skipped sequential cell "sky130_fd_sc_hd__dfsbp_2".
ABC: Scl_LibertyReadGenlib() skipped sequential cell "sky130_fd_sc_hd__dfstp_2".
ABC: Scl_LibertyReadGenlib() skipped sequential cell "sky130_fd_sc_hd__dfstp_4".
ABC: Scl_LibertyReadGenlib() skipped sequential cell "sky130_fd_sc_hd__dfxbp_2".
ABC: Scl_LibertyReadGenlib() skipped sequential cell "sky130_fd_sc_hd__dfxtp_2".
ABC: Scl_LibertyReadGenlib() skipped sequential cell "sky130_fd_sc_hd__dfxtp_4".
ABC: Scl_LibertyReadGenlib() skipped sequential cell "sky130_fd_sc_hd__dlxtn_1".
ABC: Scl_LibertyReadGenlib() skipped sequential cell "sky130_fd_sc_hd__dlxtn_2".
ABC: Scl_LibertyReadGenlib() skipped sequential cell "sky130_fd_sc_hd__dlxtn_4".
ABC: Scl_LibertyReadGenlib() skipped sequential cell "sky130_fd_sc_hd__dlxtp_1".
ABC: Scl_LibertyReadGenlib() skipped three-state cell "sky130_fd_sc_hd__ebufn_2".
ABC: Scl_LibertyReadGenlib() skipped three-state cell "sky130_fd_sc_hd__ebufn_4".
ABC: Scl_LibertyReadGenlib() skipped three-state cell "sky130_fd_sc_hd__ebufn_8".
ABC: Library "sky130A_merged" from "/openlane/designs/alu_and_register/runs/RUN_2025.06.01_20.33.51/tmp/synthesis/trimmed.lib" has 175 cells (17 skipped: 14 seq; 3 tri-state; 0 no func; 0 dont_use).  Time =     0.05 sec
ABC: Memory =    9.54 MB. Time =     0.05 sec
ABC: Warning: Detected 2 multi-output gates (for example, "sky130_fd_sc_hd__fa_1").
ABC: + read_constr -v /openlane/designs/alu_and_register/runs/RUN_2025.06.01_20.33.51/tmp/synthesis/synthesis.sdc 
ABC: Setting driving cell to be "sky130_fd_sc_hd__inv_2".
ABC: Setting output load to be 33.442001.
ABC: + read_constr /openlane/designs/alu_and_register/runs/RUN_2025.06.01_20.33.51/tmp/synthesis/synthesis.sdc 
ABC: + fx 
ABC: + mfs 
ABC: + strash 
ABC: + drf -l 
ABC: + balance 
ABC: + drw -l 
ABC: + drf -l 
ABC: + balance 
ABC: + drw -l 
ABC: + drw -l -z 
ABC: + balance 
ABC: + drf -l -z 
ABC: + drw -l -z 
ABC: + balance 
ABC: + retime -D -D 10000 -M 5 
ABC: + scleanup 
ABC: Error: The network is combinational.
ABC: + fraig_store 
ABC: + balance 
ABC: + fraig_store 
ABC: + balance 
ABC: + drw -l 
ABC: + drf -l 
ABC: + balance 
ABC: + drw -l 
ABC: + drw -l -z 
ABC: + balance 
ABC: + drf -l -z 
ABC: + drw -l -z 
ABC: + balance 
ABC: + fraig_store 
ABC: + balance 
ABC: + drw -l 
ABC: + drf -l 
ABC: + balance 
ABC: + drw -l 
ABC: + drw -l -z 
ABC: + balance 
ABC: + drf -l -z 
ABC: + drw -l -z 
ABC: + balance 
ABC: + fraig_store 
ABC: + balance 
ABC: + drw -l 
ABC: + drf -l 
ABC: + balance 
ABC: + drw -l 
ABC: + drw -l -z 
ABC: + balance 
ABC: + drf -l -z 
ABC: + drw -l -z 
ABC: + balance 
ABC: + fraig_store 
ABC: + fraig_restore 
ABC: + amap -m -Q 0.1 -F 20 -A 20 -C 5000 
ABC: + retime -D -D 10000 
ABC: + &get -n 
ABC: + &st 
ABC: + &dch 
ABC: + &nf 
ABC: + &put 
ABC: + buffer -N 10 -S 750.0 
ABC: + upsize -D 10000 
ABC: Current delay (5031.72 ps) does not exceed the target delay (10000.00 ps). Upsizing is not performed.
ABC: + dnsize -D 10000 
ABC: + stime -p 
ABC: WireLoad = "none"  Gates =   1133 ( 25.3 %)   Cap = 11.6 ff (  9.6 %)   Area =    10453.78 ( 67.9 %)   Delay =  5119.23 ps  (  6.5 %)               
ABC: Path  0 --       4 : 0    7 pi                       A =   0.00  Df =  67.3  -37.4 ps  S = 100.0 ps  Cin =  0.0 ff  Cout =  20.6 ff  Cmax =   0.0 ff  G =    0  
ABC: Path  1 --     532 : 4    1 sky130_fd_sc_hd__or4_2   A =   8.76  Df = 672.6 -484.2 ps  S =  94.4 ps  Cin =  1.5 ff  Cout =   2.2 ff  Cmax = 310.4 ff  G =  140  
ABC: Path  2 --     533 : 1   10 sky130_fd_sc_hd__buf_1   A =   3.75  Df = 872.1 -422.0 ps  S = 316.4 ps  Cin =  2.1 ff  Cout =  26.5 ff  Cmax = 130.0 ff  G = 1190  
ABC: Path  3 --     863 : 4    1 sky130_fd_sc_hd__or4_2   A =   8.76  Df =1491.2 -863.5 ps  S =  94.5 ps  Cin =  1.5 ff  Cout =   2.2 ff  Cmax = 310.4 ff  G =  140  
ABC: Path  4 --     864 : 1   10 sky130_fd_sc_hd__buf_1   A =   3.75  Df =1687.7 -798.6 ps  S = 313.4 ps  Cin =  2.1 ff  Cout =  26.2 ff  Cmax = 130.0 ff  G = 1166  
ABC: Path  5 --     916 : 5    1 sky130_fd_sc_hd__o41a_2  A =  12.51  Df =2108.1-1021.7 ps  S =  79.3 ps  Cin =  2.4 ff  Cout =   8.5 ff  Cmax = 305.8 ff  G =  346  
ABC: Path  6 --     917 : 2    3 sky130_fd_sc_hd__xor2_2  A =  16.27  Df =2282.9 -989.3 ps  S = 208.7 ps  Cin =  8.6 ff  Cout =  13.4 ff  Cmax = 130.0 ff  G =  151  
ABC: Path  7 --     937 : 5    1 sky130_fd_sc_hd__o221a_2 A =  11.26  Df =3332.9 -649.4 ps  S =  38.8 ps  Cin =  2.3 ff  Cout =   1.5 ff  Cmax = 281.1 ff  G =   62  
ABC: Path  8 --     938 : 2    2 sky130_fd_sc_hd__and2_2  A =   7.51  Df =3516.2 -701.5 ps  S =  43.8 ps  Cin =  1.5 ff  Cout =   4.1 ff  Cmax = 303.0 ff  G =  263  
ABC: Path  9 --    1067 : 4    3 sky130_fd_sc_hd__a211o_2 A =  10.01  Df =3850.5 -906.8 ps  S =  57.9 ps  Cin =  2.4 ff  Cout =   6.4 ff  Cmax = 325.0 ff  G =  264  
ABC: Path 10 --    1123 : 4    2 sky130_fd_sc_hd__a211o_2 A =  10.01  Df =4145.0 -510.8 ps  S =  50.9 ps  Cin =  2.4 ff  Cout =   3.9 ff  Cmax = 325.0 ff  G =  161  
ABC: Path 11 --    1146 : 4    2 sky130_fd_sc_hd__a31o_2  A =   8.76  Df =4354.5 -563.8 ps  S =  60.6 ps  Cin =  2.4 ff  Cout =   7.1 ff  Cmax = 271.9 ff  G =  287  
ABC: Path 12 --    1161 : 4    2 sky130_fd_sc_hd__a31o_2  A =   8.76  Df =4606.8 -635.0 ps  S =  80.8 ps  Cin =  2.4 ff  Cout =  11.0 ff  Cmax = 271.9 ff  G =  452  
ABC: Path 13 --    1164 : 3    1 sky130_fd_sc_hd__o21a_2  A =   8.76  Df =4817.2 -705.5 ps  S =  62.3 ps  Cin =  2.4 ff  Cout =   9.0 ff  Cmax = 294.8 ff  G =  364  
ABC: Path 14 --    1168 : 2    1 sky130_fd_sc_hd__xnor2_2 A =  16.27  Df =4968.4 -720.8 ps  S = 122.6 ps  Cin =  8.5 ff  Cout =   4.7 ff  Cmax = 121.8 ff  G =   52  
ABC: Path 15 --    1175 : 3    1 sky130_fd_sc_hd__o21ai_2 A =   8.76  Df =5119.2 -540.6 ps  S = 399.4 ps  Cin =  4.5 ff  Cout =  33.4 ff  Cmax = 139.2 ff  G =  735  
ABC: Start-point = pi3 (\RD2 [3]).  End-point = po31 (\alu_result [31]).
ABC: + print_stats -m 
ABC: netlist                       : i/o =  233/  224  lat =    0  nd =  1133  edge =   3015  area =10453.55  delay =17.00  lev = 17
ABC: + write_blif /tmp/yosys-abc-2KKEAB/output.blif 

58.1.2. Re-integrating ABC results.
ABC RESULTS:   sky130_fd_sc_hd__nor2b_2 cells:        1
ABC RESULTS:   sky130_fd_sc_hd__nor3_2 cells:        2
ABC RESULTS:   sky130_fd_sc_hd__a2bb2o_2 cells:        1
ABC RESULTS:   sky130_fd_sc_hd__o21bai_2 cells:        1
ABC RESULTS:   sky130_fd_sc_hd__nand2b_2 cells:        1
ABC RESULTS:   sky130_fd_sc_hd__o31ai_2 cells:        1
ABC RESULTS:   sky130_fd_sc_hd__o22ai_2 cells:        1
ABC RESULTS:   sky130_fd_sc_hd__nand3_2 cells:        5
ABC RESULTS:   sky130_fd_sc_hd__o21ba_2 cells:        1
ABC RESULTS:   sky130_fd_sc_hd__a31oi_2 cells:        1
ABC RESULTS:   sky130_fd_sc_hd__o311a_2 cells:        3
ABC RESULTS:   sky130_fd_sc_hd__or4b_2 cells:        2
ABC RESULTS:   sky130_fd_sc_hd__a2111o_2 cells:        1
ABC RESULTS:   sky130_fd_sc_hd__o32a_2 cells:        4
ABC RESULTS:   sky130_fd_sc_hd__a21bo_2 cells:        1
ABC RESULTS:   sky130_fd_sc_hd__a21boi_2 cells:        8
ABC RESULTS:   sky130_fd_sc_hd__o22a_2 cells:       14
ABC RESULTS:   sky130_fd_sc_hd__or4_2 cells:        9
ABC RESULTS:   sky130_fd_sc_hd__o211ai_2 cells:        3
ABC RESULTS:   sky130_fd_sc_hd__a22o_2 cells:       13
ABC RESULTS:   sky130_fd_sc_hd__xor2_2 cells:       13
ABC RESULTS:   sky130_fd_sc_hd__a22oi_2 cells:        1
ABC RESULTS:   sky130_fd_sc_hd__a21o_2 cells:       27
ABC RESULTS:   sky130_fd_sc_hd__o41a_2 cells:        5
ABC RESULTS:   sky130_fd_sc_hd__nor2_2 cells:       20
ABC RESULTS:   sky130_fd_sc_hd__or2b_2 cells:       10
ABC RESULTS:   sky130_fd_sc_hd__nand2_2 cells:       58
ABC RESULTS:   sky130_fd_sc_hd__a211o_2 cells:       16
ABC RESULTS:   sky130_fd_sc_hd__o221a_2 cells:       20
ABC RESULTS:   sky130_fd_sc_hd__inv_2 cells:       14
ABC RESULTS:   sky130_fd_sc_hd__and2_2 cells:        7
ABC RESULTS:   sky130_fd_sc_hd__or2_2 cells:       53
ABC RESULTS:   sky130_fd_sc_hd__and2b_2 cells:        6
ABC RESULTS:   sky130_fd_sc_hd__o2bb2a_2 cells:        8
ABC RESULTS:   sky130_fd_sc_hd__o21a_2 cells:       35
ABC RESULTS:   sky130_fd_sc_hd__o31a_2 cells:        8
ABC RESULTS:   sky130_fd_sc_hd__xnor2_2 cells:       46
ABC RESULTS:   sky130_fd_sc_hd__or3_2 cells:       20
ABC RESULTS:   sky130_fd_sc_hd__and4_2 cells:        1
ABC RESULTS:   sky130_fd_sc_hd__a21oi_2 cells:       37
ABC RESULTS:   sky130_fd_sc_hd__a31o_2 cells:        9
ABC RESULTS:   sky130_fd_sc_hd__a221o_2 cells:        8
ABC RESULTS:   sky130_fd_sc_hd__o211a_2 cells:       10
ABC RESULTS:   sky130_fd_sc_hd__o21ai_2 cells:       26
ABC RESULTS:   sky130_fd_sc_hd__mux4_2 cells:       75
ABC RESULTS:   sky130_fd_sc_hd__and3_2 cells:        9
ABC RESULTS:   sky130_fd_sc_hd__or3b_2 cells:        7
ABC RESULTS:   sky130_fd_sc_hd__and3b_2 cells:        3
ABC RESULTS:   sky130_fd_sc_hd__mux2_2 cells:      235
ABC RESULTS:   sky130_fd_sc_hd__buf_1 cells:      273
ABC RESULTS:        internal signals:     1057
ABC RESULTS:           input signals:      233
ABC RESULTS:          output signals:      224
Removing temp directory.

59. Executing SETUNDEF pass (replace undef values with defined constants).

60. Executing HILOMAP pass (mapping to constant drivers).

61. Executing SPLITNETS pass (splitting up multi-bit signals).

62. Executing OPT_CLEAN pass (remove unused cells and wires).
Finding unused cells or wires in module \TopModule..
Removed 0 unused cells and 1514 unused wires.
<suppressed ~1 debug messages>

63. Executing INSBUF pass (insert buffer cells for connected wires).

64. Executing CHECK pass (checking for obvious problems).
Checking module TopModule...
Found and reported 0 problems.

65. Printing statistics.

=== TopModule ===

   Number of wires:               1239
   Number of wire bits:           1367
   Number of public wires:         138
   Number of public wire bits:     266
   Number of memories:               0
   Number of memory bits:            0
   Number of processes:              0
   Number of cells:               1325
     sky130_fd_sc_hd__a2111o_2       1
     sky130_fd_sc_hd__a211o_2       16
     sky130_fd_sc_hd__a21bo_2        1
     sky130_fd_sc_hd__a21boi_2       8
     sky130_fd_sc_hd__a21o_2        27
     sky130_fd_sc_hd__a21oi_2       37
     sky130_fd_sc_hd__a221o_2        8
     sky130_fd_sc_hd__a22o_2        13
     sky130_fd_sc_hd__a22oi_2        1
     sky130_fd_sc_hd__a2bb2o_2       1
     sky130_fd_sc_hd__a31o_2         9
     sky130_fd_sc_hd__a31oi_2        1
     sky130_fd_sc_hd__and2_2         7
     sky130_fd_sc_hd__and2b_2        6
     sky130_fd_sc_hd__and3_2         9
     sky130_fd_sc_hd__and3b_2        3
     sky130_fd_sc_hd__and4_2         1
     sky130_fd_sc_hd__buf_1        273
     sky130_fd_sc_hd__dfxtp_2      192
     sky130_fd_sc_hd__inv_2         14
     sky130_fd_sc_hd__mux2_2       235
     sky130_fd_sc_hd__mux4_2        75
     sky130_fd_sc_hd__nand2_2       58
     sky130_fd_sc_hd__nand2b_2       1
     sky130_fd_sc_hd__nand3_2        5
     sky130_fd_sc_hd__nor2_2        20
     sky130_fd_sc_hd__nor2b_2        1
     sky130_fd_sc_hd__nor3_2         2
     sky130_fd_sc_hd__o211a_2       10
     sky130_fd_sc_hd__o211ai_2       3
     sky130_fd_sc_hd__o21a_2        35
     sky130_fd_sc_hd__o21ai_2       26
     sky130_fd_sc_hd__o21ba_2        1
     sky130_fd_sc_hd__o21bai_2       1
     sky130_fd_sc_hd__o221a_2       20
     sky130_fd_sc_hd__o22a_2        14
     sky130_fd_sc_hd__o22ai_2        1
     sky130_fd_sc_hd__o2bb2a_2       8
     sky130_fd_sc_hd__o311a_2        3
     sky130_fd_sc_hd__o31a_2         8
     sky130_fd_sc_hd__o31ai_2        1
     sky130_fd_sc_hd__o32a_2         4
     sky130_fd_sc_hd__o41a_2         5
     sky130_fd_sc_hd__or2_2         53
     sky130_fd_sc_hd__or2b_2        10
     sky130_fd_sc_hd__or3_2         20
     sky130_fd_sc_hd__or3b_2         7
     sky130_fd_sc_hd__or4_2          9
     sky130_fd_sc_hd__or4b_2         2
     sky130_fd_sc_hd__xnor2_2       46
     sky130_fd_sc_hd__xor2_2        13

   Chip area for module '\TopModule': 14537.692800

66. Executing Verilog backend.
Dumping module `\TopModule'.

67. Executing JSON backend.

End of script. Logfile hash: 810c407367, CPU: user 0.74s system 0.02s, MEM: 43.06 MB peak
Yosys 0.38 (git sha1 543faed9c8c, clang++ 17.0.6 -fPIC -Os)
Time spent: 70% 2x abc (1 sec), 7% 2x read_liberty (0 sec), ...
