
===========================================================================
 report_power
============================================================================
======================= Fastest Corner ===================================

Group                  Internal  Switching    Leakage      Total
                          Power      Power      Power      Power (Watts)
----------------------------------------------------------------
Sequential             3.68e-04   4.10e-04   2.39e-08   7.78e-04   9.0%
Combinational          1.24e-03   6.25e-03   1.40e-08   7.49e-03  86.3%
Clock                  1.32e-04   2.76e-04   1.39e-08   4.08e-04   4.7%
Macro                  0.00e+00   0.00e+00   0.00e+00   0.00e+00   0.0%
Pad                    0.00e+00   0.00e+00   0.00e+00   0.00e+00   0.0%
----------------------------------------------------------------
Total                  1.74e-03   6.94e-03   5.17e-08   8.67e-03 100.0%
                          20.0%      80.0%       0.0%

======================= Slowest Corner ===================================

Group                  Internal  Switching    Leakage      Total
                          Power      Power      Power      Power (Watts)
----------------------------------------------------------------
Sequential             2.48e-04   2.76e-04   1.74e-06   5.26e-04   9.0%
Combinational          8.29e-04   4.21e-03   5.34e-06   5.04e-03  86.3%
Clock                  9.37e-05   1.82e-04   2.03e-07   2.76e-04   4.7%
Macro                  0.00e+00   0.00e+00   0.00e+00   0.00e+00   0.0%
Pad                    0.00e+00   0.00e+00   0.00e+00   0.00e+00   0.0%
----------------------------------------------------------------
Total                  1.17e-03   4.67e-03   7.29e-06   5.84e-03 100.0%
                          20.0%      79.8%       0.1%

======================= Typical Corner ===================================

Group                  Internal  Switching    Leakage      Total
                          Power      Power      Power      Power (Watts)
----------------------------------------------------------------
Sequential             3.17e-04   3.49e-04   2.17e-08   6.67e-04   9.0%
Combinational          1.08e-03   5.32e-03   4.28e-09   6.41e-03  86.3%
Clock                  1.16e-04   2.33e-04   1.33e-08   3.49e-04   4.7%
Macro                  0.00e+00   0.00e+00   0.00e+00   0.00e+00   0.0%
Pad                    0.00e+00   0.00e+00   0.00e+00   0.00e+00   0.0%
----------------------------------------------------------------
Total                  1.52e-03   5.91e-03   3.94e-08   7.42e-03 100.0%
                          20.4%      79.6%       0.0%

