
===========================================================================
report_checks -unconstrained
===========================================================================
======================= Typical Corner ===================================

Startpoint: _2374_ (rising edge-triggered flip-flop clocked by core_clock)
Endpoint: _2310_ (rising edge-triggered flip-flop clocked by core_clock)
Path Group: core_clock
Path Type: max

Fanout     Cap    Slew   Delay    Time   Description
-----------------------------------------------------------------------------
                          0.00    0.00   clock core_clock (rise edge)
                          0.00    0.00   clock source latency
     1    0.27    0.00    0.00    0.00 ^ CLK (in)
                                         CLK (net)
                  0.00    0.00    0.00 ^ clkbuf_0_CLK/A (sky130_fd_sc_hd__clkbuf_16)
     2    0.07    0.08    0.14    0.14 ^ clkbuf_0_CLK/X (sky130_fd_sc_hd__clkbuf_16)
                                         clknet_0_CLK (net)
                  0.08    0.00    0.14 ^ clkbuf_1_1_0_CLK/A (sky130_fd_sc_hd__clkbuf_8)
     1    0.04    0.08    0.17    0.31 ^ clkbuf_1_1_0_CLK/X (sky130_fd_sc_hd__clkbuf_8)
                                         clknet_1_1_0_CLK (net)
                  0.08    0.00    0.31 ^ clkbuf_1_1_1_CLK/A (sky130_fd_sc_hd__clkbuf_8)
     2    0.01    0.03    0.13    0.44 ^ clkbuf_1_1_1_CLK/X (sky130_fd_sc_hd__clkbuf_8)
                                         clknet_1_1_1_CLK (net)
                  0.03    0.00    0.44 ^ clkbuf_2_3_0_CLK/A (sky130_fd_sc_hd__clkbuf_8)
     1    0.04    0.07    0.15    0.59 ^ clkbuf_2_3_0_CLK/X (sky130_fd_sc_hd__clkbuf_8)
                                         clknet_2_3_0_CLK (net)
                  0.07    0.00    0.59 ^ clkbuf_2_3_1_CLK/A (sky130_fd_sc_hd__clkbuf_8)
     2    0.07    0.13    0.20    0.79 ^ clkbuf_2_3_1_CLK/X (sky130_fd_sc_hd__clkbuf_8)
                                         clknet_2_3_1_CLK (net)
                  0.13    0.00    0.79 ^ clkbuf_3_7_0_CLK/A (sky130_fd_sc_hd__clkbuf_8)
     2    0.05    0.10    0.20    0.99 ^ clkbuf_3_7_0_CLK/X (sky130_fd_sc_hd__clkbuf_8)
                                         clknet_3_7_0_CLK (net)
                  0.10    0.00    0.99 ^ clkbuf_4_15_0_CLK/A (sky130_fd_sc_hd__clkbuf_8)
    15    0.24    0.41    0.38    1.37 ^ clkbuf_4_15_0_CLK/X (sky130_fd_sc_hd__clkbuf_8)
                                         clknet_4_15_0_CLK (net)
                  0.43    0.05    1.43 ^ _2374_/CLK (sky130_fd_sc_hd__dfxtp_1)
     1    0.01    0.05    0.42    1.85 v _2374_/Q (sky130_fd_sc_hd__dfxtp_1)
                                         rf.registers[1][12] (net)
                  0.05    0.00    1.85 v wire1224/A (sky130_fd_sc_hd__buf_12)
     2    0.19    0.06    0.15    2.00 v wire1224/X (sky130_fd_sc_hd__buf_12)
                                         net1224 (net)
                  0.20    0.09    2.09 v wire1223/A (sky130_fd_sc_hd__buf_12)
     2    0.13    0.06    0.22    2.31 v wire1223/X (sky130_fd_sc_hd__buf_12)
                                         net1223 (net)
                  0.06    0.00    2.31 v _1917_/A1 (sky130_fd_sc_hd__mux4_2)
     1    0.15    0.42    0.77    3.08 v _1917_/X (sky130_fd_sc_hd__mux4_2)
                                         _0410_ (net)
                  0.48    0.12    3.20 v _1918_/A (sky130_fd_sc_hd__buf_12)
     1    0.34    0.08    0.34    3.54 v _1918_/X (sky130_fd_sc_hd__buf_12)
                                         _0003_ (net)
                  0.99    0.49    4.03 v _2310_/D (sky130_fd_sc_hd__dfxtp_4)
                                  4.03   data arrival time

                         10.00   10.00   clock core_clock (rise edge)
                          0.00   10.00   clock source latency
     1    0.27    0.00    0.00   10.00 ^ CLK (in)
                                         CLK (net)
                  0.00    0.00   10.00 ^ clkbuf_0_CLK/A (sky130_fd_sc_hd__clkbuf_16)
     2    0.07    0.08    0.14   10.14 ^ clkbuf_0_CLK/X (sky130_fd_sc_hd__clkbuf_16)
                                         clknet_0_CLK (net)
                  0.08    0.00   10.15 ^ clkbuf_1_0_0_CLK/A (sky130_fd_sc_hd__clkbuf_8)
     1    0.00    0.03    0.12   10.27 ^ clkbuf_1_0_0_CLK/X (sky130_fd_sc_hd__clkbuf_8)
                                         clknet_1_0_0_CLK (net)
                  0.03    0.00   10.27 ^ clkbuf_1_0_1_CLK/A (sky130_fd_sc_hd__clkbuf_8)
     2    0.01    0.03    0.11   10.38 ^ clkbuf_1_0_1_CLK/X (sky130_fd_sc_hd__clkbuf_8)
                                         clknet_1_0_1_CLK (net)
                  0.03    0.00   10.38 ^ clkbuf_2_0_0_CLK/A (sky130_fd_sc_hd__clkbuf_8)
     1    0.00    0.03    0.10   10.48 ^ clkbuf_2_0_0_CLK/X (sky130_fd_sc_hd__clkbuf_8)
                                         clknet_2_0_0_CLK (net)
                  0.03    0.00   10.48 ^ clkbuf_2_0_1_CLK/A (sky130_fd_sc_hd__clkbuf_8)
     2    0.01    0.03    0.11   10.59 ^ clkbuf_2_0_1_CLK/X (sky130_fd_sc_hd__clkbuf_8)
                                         clknet_2_0_1_CLK (net)
                  0.03    0.00   10.59 ^ clkbuf_3_0_0_CLK/A (sky130_fd_sc_hd__clkbuf_8)
     2    0.01    0.03    0.11   10.70 ^ clkbuf_3_0_0_CLK/X (sky130_fd_sc_hd__clkbuf_8)
                                         clknet_3_0_0_CLK (net)
                  0.03    0.00   10.70 ^ clkbuf_4_1_0_CLK/A (sky130_fd_sc_hd__clkbuf_8)
    14    0.09    0.16    0.20   10.90 ^ clkbuf_4_1_0_CLK/X (sky130_fd_sc_hd__clkbuf_8)
                                         clknet_4_1_0_CLK (net)
                  0.16    0.00   10.90 ^ _2310_/CLK (sky130_fd_sc_hd__dfxtp_4)
                          0.00   10.90   clock reconvergence pessimism
                         -0.43   10.47   library setup time
                                 10.47   data required time
-----------------------------------------------------------------------------
                                 10.47   data required time
                                 -4.03   data arrival time
-----------------------------------------------------------------------------
                                  6.44   slack (MET)




===========================================================================
report_checks --slack_max -0.01
============================================================================
======================= Typical Corner ===================================

No paths found.


===========================================================================
 report_check_types -max_slew -max_cap -max_fanout -violators
============================================================================
======================= Typical Corner ===================================


max slew violations count Typical: 0
max fanout violations count Typical: 0
max cap violations count Typical: 0

===========================================================================
report_parasitic_annotation -report_unannotated
============================================================================
Found 9 unannotated drivers.
 clkload0/Y
 clkload1/Y
 clkload2/Y
 clkload3/Y
 clkload4/Y
 clkload5/X
 clkload6/Y
 clkload7/Y
 wire1/X
Found 1524 partially unannotated drivers.
 CLK
 WD3[20]
 WD3[24]
 WD3[28]
 WD3[30]
 WE3
 alu_opcode[0]
 _1101_/X
 _1102_/X
 _1103_/X
 _1104_/X
 _1106_/X
 _1110_/X
 _1111_/X
 _1114_/X
 _1116_/X
 _1118_/X
 _1120_/X
 _1123_/X
 _1124_/X
 _1126_/X
 _1127_/Y
 _1129_/X
 _1132_/Y
 _1134_/X
 _1135_/X
 _1137_/Y
 _1139_/Y
 _1140_/X
 _1143_/Y
 _1145_/X
 _1146_/X
 _1147_/X
 _1151_/Y
 _1152_/X
 _1155_/X
 _1156_/X
 _1160_/Y
 _1161_/Y
 _1162_/X
 _1163_/X
 _1164_/X
 _1167_/X
 _1169_/Y
 _1170_/Y
 _1174_/Y
 _1175_/X
 _1177_/X
 _1182_/Y
 _1188_/X
 _1189_/Y
 _1191_/X
 _1192_/X
 _1196_/Y
 _1197_/Y
 _1198_/Y
 _1199_/X
 _1203_/X
 _1204_/X
 _1205_/X
 _1206_/Y
 _1209_/Y
 _1210_/X
 _1216_/Y
 _1217_/X
 _1219_/X
 _1220_/Y
 _1221_/X
 _1224_/X
 _1226_/X
 _1230_/X
 _1233_/X
 _1237_/X
 _1245_/X
 _1246_/Y
 _1248_/Y
 _1249_/X
 _1253_/X
 _1255_/Y
 _1257_/Y
 _1260_/X
 _1263_/X
 _1266_/X
 _1268_/X
 _1271_/X
 _1273_/X
 _1274_/X
 _1275_/X
 _1276_/X
 _1280_/X
 _1285_/X
 _1286_/X
 _1287_/X
 _1290_/X
 _1294_/X
 _1295_/X
 _1296_/X
 _1297_/X
 _1298_/X
 _1299_/X
 _1300_/X
 _1303_/Y
 _1304_/X
 _1305_/X
 _1307_/X
 _1308_/X
 _1312_/X
 _1313_/Y
 _1314_/Y
 _1316_/X
 _1317_/X
 _1318_/X
 _1322_/X
 _1324_/X
 _1326_/X
 _1328_/X
 _1330_/X
 _1332_/X
 _1333_/X
 _1334_/X
 _1336_/X
 _1338_/X
 _1340_/Y
 _1341_/X
 _1345_/X
 _1346_/X
 _1347_/Y
 _1349_/X
 _1351_/X
 _1357_/X
 _1360_/X
 _1361_/X
 _1362_/X
 _1365_/Y
 _1366_/Y
 _1369_/Y
 _1370_/Y
 _1372_/X
 _1374_/Y
 _1376_/Y
 _1380_/X
 _1381_/X
 _1383_/X
 _1389_/Y
 _1390_/X
 _1391_/X
 _1392_/X
 _1395_/X
 _1398_/X
 _1400_/X
 _1402_/X
 _1406_/Y
 _1407_/Y
 _1411_/Y
 _1413_/X
 _1417_/Y
 _1419_/Y
 _1420_/X
 _1421_/Y
 _1422_/X
 _1424_/X
 _1425_/X
 _1430_/X
 _1434_/Y
 _1436_/Y
 _1437_/X
 _1438_/X
 _1440_/X
 _1443_/X
 _1444_/X
 _1445_/Y
 _1446_/Y
 _1452_/X
 _1454_/X
 _1455_/X
 _1456_/X
 _1459_/X
 _1461_/X
 _1462_/Y
 _1464_/Y
 _1465_/X
 _1467_/Y
 _1469_/X
 _1470_/X
 _1471_/X
 _1473_/X
 _1474_/Y
 _1477_/X
 _1478_/X
 _1479_/X
 _1481_/X
 _1482_/X
 _1488_/X
 _1489_/Y
 _1490_/Y
 _1491_/Y
 _1492_/X
 _1501_/X
 _1507_/X
 _1508_/Y
 _1512_/X
 _1513_/Y
 _1514_/X
 _1516_/X
 _1517_/X
 _1522_/X
 _1525_/X
 _1528_/Y
 _1530_/X
 _1531_/Y
 _1534_/X
 _1535_/X
 _1536_/X
 _1537_/X
 _1543_/X
 _1545_/X
 _1552_/X
 _1553_/X
 _1554_/X
 _1557_/X
 _1559_/X
 _1560_/X
 _1562_/Y
 _1565_/X
 _1567_/X
 _1568_/X
 _1570_/Y
 _1571_/X
 _1572_/X
 _1573_/Y
 _1581_/X
 _1583_/Y
 _1586_/X
 _1587_/Y
 _1594_/X
 _1595_/Y
 _1597_/X
 _1599_/X
 _1600_/X
 _1602_/X
 _1603_/X
 _1606_/X
 _1608_/Y
 _1614_/X
 _1617_/X
 _1618_/X
 _1619_/X
 _1621_/Y
 _1622_/X
 _1623_/Y
 _1624_/X
 _1626_/Y
 _1627_/X
 _1630_/X
 _1631_/X
 _1636_/Y
 _1638_/Y
 _1640_/X
 _1641_/Y
 _1642_/Y
 _1644_/Y
 _1647_/X
 _1648_/X
 _1649_/X
 _1652_/X
 _1654_/X
 _1655_/X
 _1656_/Y
 _1657_/Y
 _1658_/X
 _1660_/X
 _1662_/X
 _1666_/Y
 _1668_/Y
 _1670_/X
 _1674_/Y
 _1677_/X
 _1679_/X
 _1680_/X
 _1681_/X
 _1687_/X
 _1688_/Y
 _1689_/X
 _1692_/X
 _1696_/X
 _1698_/X
 _1699_/X
 _1700_/X
 _1702_/X
 _1706_/X
 _1707_/Y
 _1713_/X
 _1714_/X
 _1715_/X
 _1717_/X
 _1718_/Y
 _1719_/Y
 _1720_/Y
 _1721_/X
 _1724_/X
 _1725_/X
 _1726_/X
 _1730_/Y
 _1731_/X
 _1732_/X
 _1733_/X
 _1734_/X
 _1735_/X
 _1736_/Y
 _1737_/X
 _1739_/X
 _1744_/X
 _1746_/Y
 _1750_/Y
 _1751_/Y
 _1752_/Y
 _1753_/X
 _1755_/X
 _1760_/Y
 _1763_/Y
 _1765_/X
 _1766_/X
 _1767_/X
 _1768_/X
 _1772_/X
 _1777_/Y
 _1780_/Y
 _1796_/X
 _1797_/X
 _1801_/X
 _1804_/X
 _1805_/Y
 _1808_/X
 _1810_/Y
 _1811_/Y
 _1812_/X
 _1813_/X
 _1814_/Y
 _1815_/X
 _1821_/X
 _1822_/X
 _1823_/X
 _1824_/X
 _1825_/X
 _1826_/X
 _1829_/X
 _1833_/X
 _1841_/X
 _1843_/X
 _1845_/X
 _1847_/X
 _1848_/X
 _1850_/X
 _1852_/X
 _1853_/X
 _1862_/X
 _1863_/X
 _1864_/X
 _1865_/X
 _1866_/X
 _1871_/X
 _1874_/X
 _1875_/X
 _1876_/X
 _1878_/X
 _1880_/X
 _1881_/X
 _1882_/X
 _1883_/X
 _1886_/X
 _1887_/X
 _1888_/X
 _1889_/X
 _1890_/X
 _1895_/X
 _1897_/X
 _1898_/X
 _1899_/X
 _1900_/X
 _1901_/X
 _1907_/X
 _1909_/X
 _1910_/X
 _1911_/X
 _1914_/X
 _1915_/X
 _1920_/X
 _1921_/X
 _1923_/X
 _1924_/X
 _1925_/X
 _1926_/X
 _1927_/X
 _1928_/X
 _1929_/X
 _1931_/X
 _1936_/X
 _1937_/X
 _1938_/X
 _1942_/X
 _1943_/X
 _1945_/X
 _1946_/X
 _1947_/X
 _1952_/X
 _1954_/X
 _1955_/X
 _1956_/X
 _1957_/X
 _1958_/X
 _1959_/X
 _1962_/X
 _1969_/X
 _1972_/X
 _1973_/X
 _1974_/X
 _1975_/X
 _1980_/X
 _1981_/X
 _1982_/X
 _1983_/X
 _1984_/X
 _1991_/X
 _1992_/X
 _1993_/X
 _1996_/X
 _1997_/X
 _1998_/X
 _1999_/X
 _2000_/X
 _2002_/X
 _2004_/X
 _2006_/X
 _2007_/X
 _2009_/X
 _2011_/X
 _2012_/X
 _2014_/X
 _2015_/X
 _2017_/X
 _2020_/X
 _2021_/X
 _2022_/X
 _2023_/X
 _2024_/X
 _2025_/X
 _2028_/X
 _2029_/X
 _2030_/X
 _2031_/X
 _2034_/X
 _2035_/X
 _2038_/X
 _2039_/X
 _2042_/X
 _2046_/X
 _2048_/X
 _2050_/X
 _2051_/X
 _2053_/X
 _2054_/X
 _2060_/X
 _2064_/X
 _2066_/X
 _2068_/X
 _2071_/X
 _2072_/X
 _2073_/X
 _2074_/X
 _2075_/X
 _2081_/X
 _2089_/X
 _2092_/X
 _2093_/X
 _2094_/X
 _2095_/X
 _2096_/X
 _2097_/X
 _2098_/X
 _2101_/X
 _2102_/X
 _2103_/X
 _2104_/X
 _2105_/X
 _2106_/X
 _2107_/X
 _2108_/X
 _2109_/X
 _2115_/X
 _2116_/X
 _2117_/X
 _2118_/X
 _2119_/X
 _2120_/X
 _2121_/X
 _2122_/X
 _2132_/X
 _2133_/X
 _2134_/X
 _2136_/X
 _2137_/X
 _2140_/X
 _2142_/X
 _2143_/X
 _2144_/X
 _2147_/X
 _2148_/X
 _2149_/X
 _2150_/X
 _2151_/X
 _2153_/X
 _2154_/X
 _2155_/X
 _2157_/X
 _2165_/X
 _2166_/X
 _2168_/X
 _2170_/X
 _2172_/X
 _2173_/X
 _2176_/X
 _2179_/X
 _2180_/X
 _2181_/X
 _2182_/X
 _2183_/X
 _2184_/X
 _2187_/X
 _2189_/X
 _2190_/X
 _2191_/X
 _2192_/X
 _2194_/X
 _2195_/X
 _2196_/X
 _2201_/X
 _2202_/X
 _2203_/X
 _2206_/X
 _2207_/X
 _2209_/X
 _2211_/X
 _2213_/X
 _2214_/X
 _2216_/X
 _2218_/X
 _2219_/X
 _2223_/X
 _2224_/X
 _2225_/X
 _2228_/X
 _2229_/X
 _2230_/X
 _2233_/X
 _2234_/Q
 _2241_/Q
 _2242_/Q
 _2247_/Q
 _2249_/Q
 _2251_/Q
 _2252_/Q
 _2253_/Q
 _2254_/Q
 _2255_/Q
 _2256_/Q
 _2261_/Q
 _2262_/Q
 _2264_/Q
 _2265_/Q
 _2267_/Q
 _2269_/Q
 _2274_/Q
 _2275_/Q
 _2278_/Q
 _2279_/Q
 _2283_/Q
 _2285_/Q
 _2287_/Q
 _2288_/Q
 _2289_/Q
 _2290_/Q
 _2291_/Q
 _2292_/Q
 _2295_/Q
 _2296_/Q
 _2306_/Q
 _2307_/Q
 _2308_/Q
 _2309_/Q
 _2311_/Q
 _2315_/Q
 _2319_/Q
 _2322_/Q
 _2328_/Q
 _2329_/Q
 _2332_/Q
 _2334_/Q
 _2335_/Q
 _2336_/Q
 _2337_/Q
 _2340_/Q
 _2343_/Q
 _2345_/Q
 _2348_/Q
 _2349_/Q
 _2353_/Q
 _2354_/Q
 _2355_/Q
 _2356_/Q
 _2359_/Q
 _2366_/Q
 _2367_/Q
 _2369_/Q
 _2371_/Q
 _2372_/Q
 _2376_/Q
 _2378_/Q
 _2379_/Q
 _2380_/Q
 _2381_/Q
 _2384_/Q
 _2385_/Q
 _2386_/Q
 _2387_/Q
 _2389_/Q
 _2392_/Q
 _2395_/Q
 _2399_/Q
 _2400_/Q
 _2401_/Q
 _2403_/Q
 _2407_/Q
 _2410_/Q
 _2411_/Q
 _2416_/Q
 _2418_/Q
 _2419_/Q
 _2420_/Q
 _2423_/Q
 clkbuf_0_CLK/X
 clkbuf_1_0_0_CLK/X
 clkbuf_1_0_1_CLK/X
 clkbuf_1_1_0_CLK/X
 clkbuf_1_1_1_CLK/X
 clkbuf_2_0_0_CLK/X
 clkbuf_2_0_1_CLK/X
 clkbuf_2_1_0_CLK/X
 clkbuf_2_1_1_CLK/X
 clkbuf_2_2_0_CLK/X
 clkbuf_2_2_1_CLK/X
 clkbuf_2_3_0_CLK/X
 clkbuf_2_3_1_CLK/X
 clkbuf_3_0_0_CLK/X
 clkbuf_3_1_0_CLK/X
 clkbuf_3_2_0_CLK/X
 clkbuf_3_3_0_CLK/X
 clkbuf_3_4_0_CLK/X
 clkbuf_3_5_0_CLK/X
 clkbuf_3_6_0_CLK/X
 clkbuf_3_7_0_CLK/X
 clkbuf_4_0_0_CLK/X
 clkbuf_4_10_0_CLK/X
 clkbuf_4_11_0_CLK/X
 clkbuf_4_12_0_CLK/X
 clkbuf_4_13_0_CLK/X
 clkbuf_4_14_0_CLK/X
 clkbuf_4_15_0_CLK/X
 clkbuf_4_1_0_CLK/X
 clkbuf_4_2_0_CLK/X
 clkbuf_4_3_0_CLK/X
 clkbuf_4_4_0_CLK/X
 clkbuf_4_5_0_CLK/X
 clkbuf_4_6_0_CLK/X
 clkbuf_4_7_0_CLK/X
 clkbuf_4_8_0_CLK/X
 clkbuf_4_9_0_CLK/X
 input1/X
 input10/X
 input11/X
 input12/X
 input15/X
 input16/X
 input17/X
 input18/X
 input2/X
 input20/X
 input23/X
 input24/X
 input25/X
 input26/X
 input27/X
 input29/X
 input3/X
 input32/X
 input33/X
 input34/X
 input36/X
 input37/X
 input38/X
 input40/X
 input5/X
 input6/X
 input7/X
 input8/X
 load_slew1006/X
 load_slew1014/X
 load_slew1015/X
 load_slew1016/X
 load_slew1018/X
 load_slew1021/X
 load_slew1038/X
 load_slew1039/X
 load_slew1040/X
 load_slew1044/X
 load_slew1046/X
 load_slew1048/X
 load_slew1049/X
 load_slew1050/X
 load_slew1051/X
 load_slew1110/X
 load_slew1113/X
 load_slew1114/X
 load_slew1115/X
 load_slew1118/X
 load_slew1119/X
 load_slew1124/X
 load_slew1127/X
 load_slew1129/X
 load_slew1130/X
 load_slew1133/X
 load_slew1137/X
 load_slew1141/X
 load_slew1143/X
 load_slew1150/X
 load_slew1157/X
 load_slew1163/X
 load_slew1166/X
 load_slew1174/X
 load_slew1181/X
 load_slew1184/X
 load_slew1194/X
 load_slew1197/X
 load_slew1217/X
 load_slew1229/X
 load_slew1236/X
 load_slew1249/X
 load_slew1256/X
 load_slew1283/X
 load_slew1313/X
 load_slew1335/X
 load_slew1342/X
 load_slew1354/X
 load_slew1363/X
 load_slew1367/X
 load_slew1377/X
 load_slew1380/X
 load_slew1387/X
 load_slew1392/X
 load_slew1397/X
 load_slew1404/X
 load_slew1406/X
 load_slew1409/X
 load_slew1414/X
 load_slew1426/X
 load_slew1447/X
 load_slew1452/X
 load_slew1457/X
 load_slew1459/X
 load_slew1466/X
 load_slew1470/X
 load_slew1478/X
 load_slew1483/X
 load_slew1486/X
 load_slew1490/X
 load_slew1491/X
 load_slew1492/X
 load_slew1493/X
 load_slew1497/X
 load_slew1500/X
 load_slew1505/X
 load_slew1507/X
 load_slew1513/X
 load_slew1514/X
 load_slew1524/X
 load_slew1528/X
 load_slew1533/X
 load_slew1535/X
 load_slew1543/X
 load_slew1544/X
 load_slew262/X
 load_slew307/X
 load_slew362/X
 load_slew450/X
 load_slew455/X
 load_slew467/X
 load_slew476/X
 load_slew482/X
 load_slew506/X
 load_slew533/X
 load_slew584/X
 load_slew623/X
 load_slew654/X
 load_slew692/X
 load_slew696/X
 load_slew719/X
 load_slew732/X
 load_slew733/X
 load_slew737/X
 load_slew742/X
 load_slew743/X
 load_slew746/X
 load_slew778/X
 load_slew793/X
 load_slew805/X
 load_slew806/X
 load_slew807/X
 load_slew809/X
 load_slew812/X
 load_slew831/X
 load_slew846/X
 load_slew854/X
 load_slew856/X
 load_slew857/X
 load_slew868/X
 load_slew880/X
 load_slew884/X
 load_slew885/X
 load_slew894/X
 load_slew897/X
 load_slew902/X
 load_slew904/X
 load_slew908/X
 load_slew911/X
 load_slew914/X
 load_slew915/X
 load_slew916/X
 load_slew917/X
 load_slew926/X
 load_slew929/X
 load_slew931/X
 load_slew935/X
 load_slew936/X
 load_slew938/X
 load_slew941/X
 load_slew943/X
 load_slew944/X
 load_slew946/X
 load_slew948/X
 load_slew950/X
 load_slew951/X
 load_slew952/X
 load_slew956/X
 load_slew958/X
 load_slew960/X
 load_slew962/X
 load_slew964/X
 load_slew974/X
 load_slew978/X
 load_slew980/X
 load_slew987/X
 load_slew990/X
 load_slew992/X
 load_slew994/X
 load_slew999/X
 max_cap1010/X
 max_cap1186/X
 max_cap1205/X
 max_cap1261/X
 max_cap1263/X
 max_cap1265/X
 max_cap1270/X
 max_cap1319/X
 max_cap1432/X
 max_cap224/X
 max_cap227/X
 max_cap397/X
 max_cap429/X
 max_cap454/X
 max_cap483/X
 max_cap496/X
 max_cap523/X
 max_cap566/X
 max_cap612/X
 max_cap660/X
 max_cap727/X
 max_cap753/X
 max_cap758/X
 max_cap801/X
 max_cap828/X
 max_cap865/X
 max_cap866/X
 max_cap901/X
 max_cap923/X
 max_length1000/X
 max_length1001/X
 max_length1111/X
 max_length1112/X
 max_length1131/X
 max_length1488/X
 max_length1498/X
 max_length1508/X
 max_length738/X
 max_length750/X
 max_length819/X
 max_length842/X
 max_length860/X
 max_length869/X
 max_length898/X
 max_length940/X
 max_length955/X
 max_length996/X
 max_length997/X
 wire1002/X
 wire1003/X
 wire1005/X
 wire1007/X
 wire1008/X
 wire1019/X
 wire1020/X
 wire1023/X
 wire1025/X
 wire1026/X
 wire1029/X
 wire1030/X
 wire1032/X
 wire1036/X
 wire1037/X
 wire1041/X
 wire1042/X
 wire1047/X
 wire1052/X
 wire1053/X
 wire1054/X
 wire1055/X
 wire1058/X
 wire1059/X
 wire1060/X
 wire1063/X
 wire1064/X
 wire1065/X
 wire1066/X
 wire1067/X
 wire1068/X
 wire1071/X
 wire1072/X
 wire1073/X
 wire1074/X
 wire1075/X
 wire1076/X
 wire1077/X
 wire1082/X
 wire1083/X
 wire1084/X
 wire1087/X
 wire1088/X
 wire1092/X
 wire1094/X
 wire1095/X
 wire1096/X
 wire1100/X
 wire1102/X
 wire1103/X
 wire1104/X
 wire1105/X
 wire1106/X
 wire1107/X
 wire1108/X
 wire1109/X
 wire1117/X
 wire1122/X
 wire1123/X
 wire1125/X
 wire1126/X
 wire1128/X
 wire1132/X
 wire1136/X
 wire1138/X
 wire1140/X
 wire1142/X
 wire1145/X
 wire1149/X
 wire1151/X
 wire1153/X
 wire1156/X
 wire1160/X
 wire1161/X
 wire1162/X
 wire1167/X
 wire1169/X
 wire1171/X
 wire1178/X
 wire1180/X
 wire1182/X
 wire1183/X
 wire1185/X
 wire1191/X
 wire1193/X
 wire1195/X
 wire1198/X
 wire1202/X
 wire1203/X
 wire1204/X
 wire1206/X
 wire1207/X
 wire1209/X
 wire1211/X
 wire1212/X
 wire1213/X
 wire1214/X
 wire1215/X
 wire1218/X
 wire1219/X
 wire1220/X
 wire1222/X
 wire1223/X
 wire1226/X
 wire1227/X
 wire1228/X
 wire1232/X
 wire1233/X
 wire1241/X
 wire1242/X
 wire1244/X
 wire1245/X
 wire1246/X
 wire1251/X
 wire1252/X
 wire1254/X
 wire1255/X
 wire1269/X
 wire1273/X
 wire1274/X
 wire1276/X
 wire1277/X
 wire1278/X
 wire1280/X
 wire1281/X
 wire1288/X
 wire1289/X
 wire1293/X
 wire1294/X
 wire1298/X
 wire1304/X
 wire1307/X
 wire1311/X
 wire1312/X
 wire1314/X
 wire1316/X
 wire1318/X
 wire1321/X
 wire1322/X
 wire1326/X
 wire1327/X
 wire1329/X
 wire1332/X
 wire1334/X
 wire1337/X
 wire1338/X
 wire1340/X
 wire1341/X
 wire1343/X
 wire1344/X
 wire1346/X
 wire1348/X
 wire1350/X
 wire1351/X
 wire1353/X
 wire1355/X
 wire1357/X
 wire1358/X
 wire1360/X
 wire1365/X
 wire1366/X
 wire1368/X
 wire1369/X
 wire1370/X
 wire1373/X
 wire1374/X
 wire1375/X
 wire1379/X
 wire1381/X
 wire1382/X
 wire1383/X
 wire1384/X
 wire1385/X
 wire1388/X
 wire1390/X
 wire1393/X
 wire1394/X
 wire1395/X
 wire1398/X
 wire140/X
 wire1400/X
 wire1402/X
 wire1403/X
 wire1405/X
 wire1407/X
 wire1408/X
 wire141/X
 wire1410/X
 wire1411/X
 wire1413/X
 wire1419/X
 wire1420/X
 wire1421/X
 wire1422/X
 wire1423/X
 wire1424/X
 wire1427/X
 wire1428/X
 wire1429/X
 wire1430/X
 wire1431/X
 wire1434/X
 wire1436/X
 wire1438/X
 wire1441/X
 wire1442/X
 wire1444/X
 wire1445/X
 wire1449/X
 wire1450/X
 wire1451/X
 wire1453/X
 wire1458/X
 wire146/X
 wire1460/X
 wire1461/X
 wire1462/X
 wire1463/X
 wire1467/X
 wire1471/X
 wire1473/X
 wire1474/X
 wire1475/X
 wire1477/X
 wire1480/X
 wire1482/X
 wire1484/X
 wire1485/X
 wire149/X
 wire1494/X
 wire1495/X
 wire1496/X
 wire1499/X
 wire150/X
 wire1501/X
 wire1502/X
 wire1503/X
 wire1504/X
 wire1509/X
 wire151/X
 wire1510/X
 wire1511/X
 wire1512/X
 wire1515/X
 wire1516/X
 wire1517/X
 wire1519/X
 wire152/X
 wire1525/X
 wire1526/X
 wire1529/X
 wire1530/X
 wire1531/X
 wire1532/X
 wire1534/X
 wire1538/X
 wire1539/X
 wire1540/X
 wire1541/X
 wire1542/X
 wire1545/X
 wire1547/X
 wire1549/X
 wire1551/X
 wire1554/X
 wire1555/X
 wire1556/X
 wire1557/X
 wire1558/X
 wire1559/X
 wire1560/X
 wire1561/X
 wire1563/X
 wire158/X
 wire159/X
 wire161/X
 wire162/X
 wire164/X
 wire169/X
 wire170/X
 wire176/X
 wire179/X
 wire180/X
 wire181/X
 wire182/X
 wire183/X
 wire184/X
 wire190/X
 wire195/X
 wire204/X
 wire210/X
 wire211/X
 wire212/X
 wire213/X
 wire215/X
 wire216/X
 wire217/X
 wire218/X
 wire219/X
 wire220/X
 wire221/X
 wire222/X
 wire228/X
 wire229/X
 wire230/X
 wire233/X
 wire234/X
 wire235/X
 wire236/X
 wire237/X
 wire238/X
 wire239/X
 wire240/X
 wire241/X
 wire242/X
 wire243/X
 wire252/X
 wire253/X
 wire256/X
 wire259/X
 wire267/X
 wire268/X
 wire269/X
 wire270/X
 wire271/X
 wire272/X
 wire273/X
 wire277/X
 wire283/X
 wire289/X
 wire290/X
 wire291/X
 wire292/X
 wire295/X
 wire298/X
 wire299/X
 wire300/X
 wire301/X
 wire303/X
 wire305/X
 wire306/X
 wire308/X
 wire309/X
 wire312/X
 wire314/X
 wire316/X
 wire317/X
 wire318/X
 wire319/X
 wire321/X
 wire325/X
 wire326/X
 wire330/X
 wire331/X
 wire332/X
 wire333/X
 wire334/X
 wire335/X
 wire342/X
 wire351/X
 wire352/X
 wire354/X
 wire356/X
 wire357/X
 wire358/X
 wire360/X
 wire364/X
 wire366/X
 wire367/X
 wire371/X
 wire373/X
 wire374/X
 wire380/X
 wire388/X
 wire389/X
 wire391/X
 wire392/X
 wire394/X
 wire395/X
 wire396/X
 wire398/X
 wire399/X
 wire400/X
 wire405/X
 wire406/X
 wire407/X
 wire408/X
 wire409/X
 wire411/X
 wire412/X
 wire415/X
 wire422/X
 wire423/X
 wire433/X
 wire435/X
 wire436/X
 wire438/X
 wire439/X
 wire441/X
 wire442/X
 wire444/X
 wire446/X
 wire447/X
 wire448/X
 wire449/X
 wire452/X
 wire457/X
 wire463/X
 wire466/X
 wire468/X
 wire470/X
 wire471/X
 wire472/X
 wire474/X
 wire475/X
 wire477/X
 wire480/X
 wire481/X
 wire484/X
 wire485/X
 wire486/X
 wire488/X
 wire489/X
 wire490/X
 wire497/X
 wire499/X
 wire501/X
 wire502/X
 wire505/X
 wire508/X
 wire509/X
 wire515/X
 wire516/X
 wire517/X
 wire522/X
 wire524/X
 wire528/X
 wire532/X
 wire537/X
 wire538/X
 wire539/X
 wire540/X
 wire542/X
 wire544/X
 wire546/X
 wire547/X
 wire552/X
 wire560/X
 wire562/X
 wire564/X
 wire565/X
 wire567/X
 wire568/X
 wire569/X
 wire570/X
 wire571/X
 wire574/X
 wire576/X
 wire582/X
 wire583/X
 wire585/X
 wire586/X
 wire588/X
 wire589/X
 wire594/X
 wire598/X
 wire599/X
 wire604/X
 wire605/X
 wire606/X
 wire607/X
 wire610/X
 wire614/X
 wire615/X
 wire620/X
 wire626/X
 wire627/X
 wire628/X
 wire629/X
 wire630/X
 wire632/X
 wire640/X
 wire641/X
 wire642/X
 wire645/X
 wire646/X
 wire647/X
 wire652/X
 wire661/X
 wire662/X
 wire663/X
 wire664/X
 wire665/X
 wire666/X
 wire668/X
 wire669/X
 wire671/X
 wire672/X
 wire673/X
 wire678/X
 wire681/X
 wire682/X
 wire686/X
 wire688/X
 wire689/X
 wire691/X
 wire695/X
 wire700/X
 wire703/X
 wire704/X
 wire705/X
 wire706/X
 wire715/X
 wire720/X
 wire721/X
 wire725/X
 wire726/X
 wire736/X
 wire739/X
 wire741/X
 wire744/X
 wire747/X
 wire748/X
 wire749/X
 wire756/X
 wire757/X
 wire759/X
 wire760/X
 wire761/X
 wire770/X
 wire775/X
 wire777/X
 wire780/X
 wire783/X
 wire784/X
 wire786/X
 wire787/X
 wire788/X
 wire791/X
 wire794/X
 wire800/X
 wire803/X
 wire810/X
 wire811/X
 wire815/X
 wire821/X
 wire822/X
 wire825/X
 wire826/X
 wire827/X
 wire829/X
 wire830/X
 wire836/X
 wire837/X
 wire839/X
 wire841/X
 wire843/X
 wire844/X
 wire850/X
 wire853/X
 wire855/X
 wire858/X
 wire863/X
 wire872/X
 wire873/X
 wire874/X
 wire875/X
 wire876/X
 wire877/X
 wire881/X
 wire882/X
 wire883/X
 wire886/X
 wire888/X
 wire892/X
 wire896/X
 wire900/X
 wire903/X
 wire905/X
 wire906/X
 wire910/X
 wire912/X
 wire918/X
 wire919/X
 wire920/X
 wire921/X
 wire922/X
 wire924/X
 wire925/X
 wire928/X
 wire933/X
 wire937/X
 wire939/X
 wire942/X
 wire945/X
 wire949/X
 wire957/X
 wire959/X
 wire961/X
 wire963/X
 wire965/X
 wire966/X
 wire968/X
 wire971/X
 wire973/X
 wire979/X
 wire983/X
 wire984/X
 wire985/X
 wire988/X
 wire989/X
 wire991/X

===========================================================================
max slew violation count 0
max fanout violation count 0
max cap violation count 0
============================================================================

===========================================================================
check_setup -verbose -unconstrained_endpoints -multiple_clock -no_clock -no_input_delay -loops -generated_clocks
===========================================================================
Warning: There are 41 input ports missing set_input_delay.
  A1[0]
  A1[1]
  A2[0]
  A2[1]
  A3[0]
  A3[1]
  WD3[0]
  WD3[10]
  WD3[11]
  WD3[12]
  WD3[13]
  WD3[14]
  WD3[15]
  WD3[16]
  WD3[17]
  WD3[18]
  WD3[19]
  WD3[1]
  WD3[20]
  WD3[21]
  WD3[22]
  WD3[23]
  WD3[24]
  WD3[25]
  WD3[26]
  WD3[27]
  WD3[28]
  WD3[29]
  WD3[2]
  WD3[30]
  WD3[31]
  WD3[3]
  WD3[4]
  WD3[5]
  WD3[6]
  WD3[7]
  WD3[8]
  WD3[9]
  WE3
  alu_opcode[0]
  alu_opcode[1]
Warning: There are 96 unconstrained endpoints.
  RD1[0]
  RD1[10]
  RD1[11]
  RD1[12]
  RD1[13]
  RD1[14]
  RD1[15]
  RD1[16]
  RD1[17]
  RD1[18]
  RD1[19]
  RD1[1]
  RD1[20]
  RD1[21]
  RD1[22]
  RD1[23]
  RD1[24]
  RD1[25]
  RD1[26]
  RD1[27]
  RD1[28]
  RD1[29]
  RD1[2]
  RD1[30]
  RD1[31]
  RD1[3]
  RD1[4]
  RD1[5]
  RD1[6]
  RD1[7]
  RD1[8]
  RD1[9]
  RD2[0]
  RD2[10]
  RD2[11]
  RD2[12]
  RD2[13]
  RD2[14]
  RD2[15]
  RD2[16]
  RD2[17]
  RD2[18]
  RD2[19]
  RD2[1]
  RD2[20]
  RD2[21]
  RD2[22]
  RD2[23]
  RD2[24]
  RD2[25]
  RD2[26]
  RD2[27]
  RD2[28]
  RD2[29]
  RD2[2]
  RD2[30]
  RD2[31]
  RD2[3]
  RD2[4]
  RD2[5]
  RD2[6]
  RD2[7]
  RD2[8]
  RD2[9]
  alu_result[0]
  alu_result[10]
  alu_result[11]
  alu_result[12]
  alu_result[13]
  alu_result[14]
  alu_result[15]
  alu_result[16]
  alu_result[17]
  alu_result[18]
  alu_result[19]
  alu_result[1]
  alu_result[20]
  alu_result[21]
  alu_result[22]
  alu_result[23]
  alu_result[24]
  alu_result[25]
  alu_result[26]
  alu_result[27]
  alu_result[28]
  alu_result[29]
  alu_result[2]
  alu_result[30]
  alu_result[31]
  alu_result[3]
  alu_result[4]
  alu_result[5]
  alu_result[6]
  alu_result[7]
  alu_result[8]
  alu_result[9]
