
===========================================================================
report_checks -unconstrained
===========================================================================
======================= Typical Corner ===================================

Startpoint: _2425_ (rising edge-triggered flip-flop clocked by core_clock)
Endpoint: _2329_ (rising edge-triggered flip-flop clocked by core_clock)
Path Group: core_clock
Path Type: max

Fanout     Cap    Slew   Delay    Time   Description
-----------------------------------------------------------------------------
                          0.00    0.00   clock core_clock (rise edge)
                          0.00    0.00   clock source latency
     6    0.01    0.00    0.00    0.00 ^ CLK (in)
                                         CLK (net)
                  0.00    0.00    0.00 ^ clkbuf_0_CLK/A (sky130_fd_sc_hd__clkbuf_16)
     4    0.01    0.03    0.10    0.10 ^ clkbuf_0_CLK/X (sky130_fd_sc_hd__clkbuf_16)
                                         clknet_0_CLK (net)
                  0.03    0.00    0.10 ^ clkbuf_1_0_0_CLK/A (sky130_fd_sc_hd__clkbuf_8)
     1    0.00    0.03    0.10    0.20 ^ clkbuf_1_0_0_CLK/X (sky130_fd_sc_hd__clkbuf_8)
                                         clknet_1_0_0_CLK (net)
                  0.03    0.00    0.20 ^ clkbuf_1_0_1_CLK/A (sky130_fd_sc_hd__clkbuf_8)
     2    0.01    0.03    0.11    0.31 ^ clkbuf_1_0_1_CLK/X (sky130_fd_sc_hd__clkbuf_8)
                                         clknet_1_0_1_CLK (net)
                  0.03    0.00    0.31 ^ clkbuf_2_0_0_CLK/A (sky130_fd_sc_hd__clkbuf_8)
     1    0.00    0.03    0.10    0.42 ^ clkbuf_2_0_0_CLK/X (sky130_fd_sc_hd__clkbuf_8)
                                         clknet_2_0_0_CLK (net)
                  0.03    0.00    0.42 ^ clkbuf_2_0_1_CLK/A (sky130_fd_sc_hd__clkbuf_8)
     4    0.01    0.04    0.11    0.53 ^ clkbuf_2_0_1_CLK/X (sky130_fd_sc_hd__clkbuf_8)
                                         clknet_2_0_1_CLK (net)
                  0.04    0.00    0.53 ^ clkbuf_3_1_0_CLK/A (sky130_fd_sc_hd__clkbuf_8)
     2    0.01    0.03    0.11    0.64 ^ clkbuf_3_1_0_CLK/X (sky130_fd_sc_hd__clkbuf_8)
                                         clknet_3_1_0_CLK (net)
                  0.03    0.00    0.64 ^ clkbuf_4_2_0_CLK/A (sky130_fd_sc_hd__clkbuf_8)
    22    0.04    0.08    0.15    0.79 ^ clkbuf_4_2_0_CLK/X (sky130_fd_sc_hd__clkbuf_8)
                                         clknet_4_2_0_CLK (net)
                  0.08    0.00    0.79 ^ _2425_/CLK (sky130_fd_sc_hd__dfxtp_4)
     2    0.02    0.05    0.36    1.15 v _2425_/Q (sky130_fd_sc_hd__dfxtp_4)
                                         rf.registers[2][31] (net)
                  0.05    0.00    1.15 v wire1147/A (sky130_fd_sc_hd__buf_12)
   135    0.12    0.07    0.17    1.32 v wire1147/X (sky130_fd_sc_hd__buf_12)
                                         net1147 (net)
                  0.07    0.00    1.32 v _1957_/A2 (sky130_fd_sc_hd__mux4_2)
     1    0.01    0.10    0.49    1.81 v _1957_/X (sky130_fd_sc_hd__mux4_2)
                                         _0431_ (net)
                  0.10    0.00    1.81 v wire1054/A (sky130_fd_sc_hd__buf_12)
     2    0.01    0.02    0.14    1.96 v wire1054/X (sky130_fd_sc_hd__buf_12)
                                         net1054 (net)
                  0.02    0.00    1.96 v wire1053/A (sky130_fd_sc_hd__buf_12)
     2    0.01    0.02    0.11    2.07 v wire1053/X (sky130_fd_sc_hd__buf_12)
                                         net1053 (net)
                  0.02    0.00    2.07 v wire1052/A (sky130_fd_sc_hd__clkbuf_16)
     2    0.01    0.03    0.13    2.20 v wire1052/X (sky130_fd_sc_hd__clkbuf_16)
                                         net1052 (net)
                  0.03    0.00    2.20 v _1958_/A (sky130_fd_sc_hd__buf_12)
   183    0.16    0.09    0.18    2.37 v _1958_/X (sky130_fd_sc_hd__buf_12)
                                         _0024_ (net)
                  0.09    0.00    2.37 v _2329_/D (sky130_fd_sc_hd__dfxtp_4)
                                  2.37   data arrival time

                         10.00   10.00   clock core_clock (rise edge)
                          0.00   10.00   clock source latency
     6    0.01    0.00    0.00   10.00 ^ CLK (in)
                                         CLK (net)
                  0.00    0.00   10.00 ^ clkbuf_0_CLK/A (sky130_fd_sc_hd__clkbuf_16)
     4    0.01    0.03    0.10   10.10 ^ clkbuf_0_CLK/X (sky130_fd_sc_hd__clkbuf_16)
                                         clknet_0_CLK (net)
                  0.03    0.00   10.10 ^ clkbuf_1_1_0_CLK/A (sky130_fd_sc_hd__clkbuf_8)
     2    0.01    0.03    0.11   10.21 ^ clkbuf_1_1_0_CLK/X (sky130_fd_sc_hd__clkbuf_8)
                                         clknet_1_1_0_CLK (net)
                  0.03    0.00   10.21 ^ clkbuf_1_1_1_CLK/A (sky130_fd_sc_hd__clkbuf_8)
     2    0.01    0.03    0.11   10.31 ^ clkbuf_1_1_1_CLK/X (sky130_fd_sc_hd__clkbuf_8)
                                         clknet_1_1_1_CLK (net)
                  0.03    0.00   10.31 ^ clkbuf_2_3_0_CLK/A (sky130_fd_sc_hd__clkbuf_8)
     1    0.00    0.03    0.10   10.42 ^ clkbuf_2_3_0_CLK/X (sky130_fd_sc_hd__clkbuf_8)
                                         clknet_2_3_0_CLK (net)
                  0.03    0.00   10.42 ^ clkbuf_2_3_1_CLK/A (sky130_fd_sc_hd__clkbuf_8)
     4    0.01    0.04    0.11   10.53 ^ clkbuf_2_3_1_CLK/X (sky130_fd_sc_hd__clkbuf_8)
                                         clknet_2_3_1_CLK (net)
                  0.04    0.00   10.53 ^ clkbuf_3_6_0_CLK/A (sky130_fd_sc_hd__clkbuf_8)
     2    0.01    0.03    0.11   10.64 ^ clkbuf_3_6_0_CLK/X (sky130_fd_sc_hd__clkbuf_8)
                                         clknet_3_6_0_CLK (net)
                  0.03    0.00   10.64 ^ clkbuf_4_13_0_CLK/A (sky130_fd_sc_hd__clkbuf_8)
    20    0.04    0.08    0.15   10.79 ^ clkbuf_4_13_0_CLK/X (sky130_fd_sc_hd__clkbuf_8)
                                         clknet_4_13_0_CLK (net)
                  0.08    0.00   10.79 ^ _2329_/CLK (sky130_fd_sc_hd__dfxtp_4)
                          0.00   10.79   clock reconvergence pessimism
                         -0.12   10.67   library setup time
                                 10.67   data required time
-----------------------------------------------------------------------------
                                 10.67   data required time
                                 -2.37   data arrival time
-----------------------------------------------------------------------------
                                  8.29   slack (MET)




===========================================================================
report_checks --slack_max -0.01
============================================================================
======================= Typical Corner ===================================

No paths found.


===========================================================================
 report_check_types -max_slew -max_cap -max_fanout -violators
============================================================================
======================= Typical Corner ===================================


max slew violations count Typical: 0
max fanout violations count Typical: 0
max cap violations count Typical: 0

===========================================================================
report_parasitic_annotation -report_unannotated
============================================================================
Found 2976 unannotated drivers.
 A1[0]
 A1[1]
 A2[0]
 A2[1]
 A3[0]
 A3[1]
 CLK
 WD3[0]
 WD3[10]
 WD3[11]
 WD3[12]
 WD3[13]
 WD3[14]
 WD3[15]
 WD3[16]
 WD3[17]
 WD3[18]
 WD3[19]
 WD3[1]
 WD3[20]
 WD3[21]
 WD3[22]
 WD3[23]
 WD3[24]
 WD3[25]
 WD3[26]
 WD3[27]
 WD3[28]
 WD3[29]
 WD3[2]
 WD3[30]
 WD3[31]
 WD3[3]
 WD3[4]
 WD3[5]
 WD3[6]
 WD3[7]
 WD3[8]
 WD3[9]
 WE3
 alu_opcode[0]
 alu_opcode[1]
 _1101_/X
 _1102_/X
 _1103_/X
 _1104_/X
 _1105_/X
 _1106_/X
 _1107_/X
 _1108_/X
 _1109_/X
 _1110_/X
 _1111_/X
 _1112_/X
 _1113_/X
 _1114_/X
 _1115_/X
 _1116_/X
 _1117_/X
 _1118_/X
 _1119_/X
 _1120_/X
 _1121_/Y
 _1122_/X
 _1123_/X
 _1124_/X
 _1125_/Y
 _1126_/X
 _1127_/Y
 _1128_/X
 _1129_/X
 _1130_/Y
 _1131_/X
 _1132_/Y
 _1133_/X
 _1134_/X
 _1135_/X
 _1136_/X
 _1137_/Y
 _1138_/X
 _1139_/Y
 _1140_/X
 _1141_/X
 _1142_/Y
 _1143_/Y
 _1144_/X
 _1145_/X
 _1146_/X
 _1147_/X
 _1148_/X
 _1149_/X
 _1150_/Y
 _1151_/Y
 _1152_/X
 _1153_/Y
 _1154_/Y
 _1155_/X
 _1156_/X
 _1157_/Y
 _1158_/Y
 _1159_/X
 _1160_/Y
 _1161_/Y
 _1162_/X
 _1163_/X
 _1164_/X
 _1165_/X
 _1166_/X
 _1167_/X
 _1168_/X
 _1169_/Y
 _1170_/Y
 _1171_/X
 _1172_/X
 _1173_/X
 _1174_/Y
 _1175_/X
 _1176_/X
 _1177_/X
 _1178_/Y
 _1179_/X
 _1180_/Y
 _1181_/X
 _1182_/Y
 _1183_/Y
 _1184_/X
 _1185_/X
 _1186_/Y
 _1187_/Y
 _1188_/X
 _1189_/Y
 _1190_/Y
 _1191_/X
 _1192_/X
 _1193_/X
 _1194_/X
 _1195_/X
 _1196_/Y
 _1197_/Y
 _1198_/Y
 _1199_/X
 _1200_/Y
 _1201_/Y
 _1202_/X
 _1203_/X
 _1204_/X
 _1205_/X
 _1206_/Y
 _1207_/Y
 _1208_/X
 _1209_/Y
 _1210_/X
 _1211_/X
 _1212_/X
 _1213_/X
 _1214_/X
 _1215_/X
 _1216_/Y
 _1217_/X
 _1218_/X
 _1219_/X
 _1220_/Y
 _1221_/X
 _1222_/Y
 _1223_/Y
 _1224_/X
 _1225_/X
 _1226_/X
 _1227_/Y
 _1228_/X
 _1229_/Y
 _1230_/X
 _1231_/X
 _1232_/X
 _1233_/X
 _1234_/Y
 _1235_/Y
 _1236_/X
 _1237_/X
 _1238_/Y
 _1239_/X
 _1240_/X
 _1241_/X
 _1242_/X
 _1243_/Y
 _1244_/Y
 _1245_/X
 _1246_/Y
 _1247_/X
 _1248_/Y
 _1249_/X
 _1250_/Y
 _1251_/Y
 _1252_/X
 _1253_/X
 _1254_/Y
 _1255_/Y
 _1256_/X
 _1257_/Y
 _1258_/Y
 _1259_/X
 _1260_/X
 _1261_/X
 _1262_/Y
 _1263_/X
 _1264_/X
 _1265_/X
 _1266_/X
 _1267_/X
 _1268_/X
 _1269_/X
 _1270_/X
 _1271_/X
 _1272_/X
 _1273_/X
 _1274_/X
 _1275_/X
 _1276_/X
 _1277_/X
 _1278_/X
 _1279_/Y
 _1280_/X
 _1281_/X
 _1282_/Y
 _1283_/Y
 _1284_/Y
 _1285_/X
 _1286_/X
 _1287_/X
 _1288_/X
 _1289_/X
 _1290_/X
 _1291_/X
 _1292_/X
 _1293_/Y
 _1294_/X
 _1295_/X
 _1296_/X
 _1297_/X
 _1298_/X
 _1299_/X
 _1300_/X
 _1301_/X
 _1302_/Y
 _1303_/Y
 _1304_/X
 _1305_/X
 _1306_/X
 _1307_/X
 _1308_/X
 _1309_/Y
 _1310_/X
 _1311_/X
 _1312_/X
 _1313_/Y
 _1314_/Y
 _1315_/X
 _1316_/X
 _1317_/X
 _1318_/X
 _1319_/X
 _1320_/Y
 _1321_/X
 _1322_/X
 _1323_/X
 _1324_/X
 _1325_/X
 _1326_/X
 _1327_/X
 _1328_/X
 _1329_/X
 _1330_/X
 _1331_/X
 _1332_/X
 _1333_/X
 _1334_/X
 _1335_/X
 _1336_/X
 _1337_/X
 _1338_/X
 _1339_/X
 _1340_/Y
 _1341_/X
 _1342_/X
 _1343_/X
 _1344_/X
 _1345_/X
 _1346_/X
 _1347_/Y
 _1348_/X
 _1349_/X
 _1350_/Y
 _1351_/X
 _1352_/Y
 _1353_/X
 _1354_/X
 _1355_/X
 _1356_/X
 _1357_/X
 _1358_/Y
 _1359_/X
 _1360_/X
 _1361_/X
 _1362_/X
 _1363_/Y
 _1364_/X
 _1365_/Y
 _1366_/Y
 _1367_/Y
 _1368_/X
 _1369_/Y
 _1370_/Y
 _1371_/X
 _1372_/X
 _1373_/X
 _1374_/Y
 _1375_/Y
 _1376_/Y
 _1377_/X
 _1378_/Y
 _1379_/Y
 _1380_/X
 _1381_/X
 _1382_/X
 _1383_/X
 _1384_/X
 _1385_/X
 _1386_/X
 _1387_/X
 _1388_/X
 _1389_/Y
 _1390_/X
 _1391_/X
 _1392_/X
 _1393_/X
 _1394_/X
 _1395_/X
 _1396_/X
 _1397_/X
 _1398_/X
 _1399_/X
 _1400_/X
 _1401_/X
 _1402_/X
 _1403_/X
 _1404_/Y
 _1405_/Y
 _1406_/Y
 _1407_/Y
 _1408_/Y
 _1409_/X
 _1410_/X
 _1411_/Y
 _1412_/X
 _1413_/X
 _1414_/X
 _1415_/Y
 _1416_/Y
 _1417_/Y
 _1418_/Y
 _1419_/Y
 _1420_/X
 _1421_/Y
 _1422_/X
 _1423_/X
 _1424_/X
 _1425_/X
 _1426_/X
 _1427_/X
 _1428_/X
 _1429_/X
 _1430_/X
 _1431_/Y
 _1432_/Y
 _1433_/X
 _1434_/Y
 _1435_/X
 _1436_/Y
 _1437_/X
 _1438_/X
 _1439_/X
 _1440_/X
 _1441_/Y
 _1442_/X
 _1443_/X
 _1444_/X
 _1445_/Y
 _1446_/Y
 _1447_/X
 _1448_/X
 _1449_/X
 _1450_/X
 _1451_/Y
 _1452_/X
 _1453_/X
 _1454_/X
 _1455_/X
 _1456_/X
 _1457_/X
 _1458_/X
 _1459_/X
 _1460_/Y
 _1461_/X
 _1462_/Y
 _1463_/Y
 _1464_/Y
 _1465_/X
 _1466_/Y
 _1467_/Y
 _1468_/X
 _1469_/X
 _1470_/X
 _1471_/X
 _1472_/Y
 _1473_/X
 _1474_/Y
 _1475_/Y
 _1476_/X
 _1477_/X
 _1478_/X
 _1479_/X
 _1480_/Y
 _1481_/X
 _1482_/X
 _1483_/X
 _1484_/X
 _1485_/X
 _1486_/X
 _1487_/X
 _1488_/X
 _1489_/Y
 _1490_/Y
 _1491_/Y
 _1492_/X
 _1493_/X
 _1494_/X
 _1495_/Y
 _1496_/Y
 _1497_/X
 _1498_/X
 _1499_/X
 _1500_/X
 _1501_/X
 _1502_/X
 _1503_/X
 _1504_/X
 _1505_/Y
 _1506_/X
 _1507_/X
 _1508_/Y
 _1509_/X
 _1510_/Y
 _1511_/X
 _1512_/X
 _1513_/Y
 _1514_/X
 _1515_/X
 _1516_/X
 _1517_/X
 _1518_/X
 _1519_/X
 _1520_/X
 _1521_/X
 _1522_/X
 _1523_/X
 _1524_/Y
 _1525_/X
 _1526_/X
 _1527_/Y
 _1528_/Y
 _1529_/Y
 _1530_/X
 _1531_/Y
 _1532_/X
 _1533_/X
 _1534_/X
 _1535_/X
 _1536_/X
 _1537_/X
 _1538_/X
 _1539_/X
 _1540_/Y
 _1541_/X
 _1542_/Y
 _1543_/X
 _1544_/Y
 _1545_/X
 _1546_/X
 _1547_/Y
 _1548_/X
 _1549_/Y
 _1550_/X
 _1551_/X
 _1552_/X
 _1553_/X
 _1554_/X
 _1555_/X
 _1556_/Y
 _1557_/X
 _1558_/X
 _1559_/X
 _1560_/X
 _1561_/Y
 _1562_/Y
 _1563_/X
 _1564_/X
 _1565_/X
 _1566_/X
 _1567_/X
 _1568_/X
 _1569_/X
 _1570_/Y
 _1571_/X
 _1572_/X
 _1573_/Y
 _1574_/Y
 _1575_/X
 _1576_/X
 _1577_/X
 _1578_/Y
 _1579_/X
 _1580_/X
 _1581_/X
 _1582_/X
 _1583_/Y
 _1584_/X
 _1585_/X
 _1586_/X
 _1587_/Y
 _1588_/Y
 _1589_/X
 _1590_/X
 _1591_/X
 _1592_/X
 _1593_/Y
 _1594_/X
 _1595_/Y
 _1596_/Y
 _1597_/X
 _1598_/Y
 _1599_/X
 _1600_/X
 _1601_/X
 _1602_/X
 _1603_/X
 _1604_/X
 _1605_/Y
 _1606_/X
 _1607_/Y
 _1608_/Y
 _1609_/X
 _1610_/Y
 _1611_/X
 _1612_/X
 _1613_/Y
 _1614_/X
 _1615_/Y
 _1616_/X
 _1617_/X
 _1618_/X
 _1619_/X
 _1620_/X
 _1621_/Y
 _1622_/X
 _1623_/Y
 _1624_/X
 _1625_/Y
 _1626_/Y
 _1627_/X
 _1628_/X
 _1629_/X
 _1630_/X
 _1631_/X
 _1632_/X
 _1633_/Y
 _1634_/X
 _1635_/Y
 _1636_/Y
 _1637_/X
 _1638_/Y
 _1639_/X
 _1640_/X
 _1641_/Y
 _1642_/Y
 _1643_/X
 _1644_/Y
 _1645_/X
 _1646_/X
 _1647_/X
 _1648_/X
 _1649_/X
 _1650_/X
 _1651_/X
 _1652_/X
 _1653_/Y
 _1654_/X
 _1655_/X
 _1656_/Y
 _1657_/Y
 _1658_/X
 _1659_/Y
 _1660_/X
 _1661_/X
 _1662_/X
 _1663_/X
 _1664_/X
 _1665_/X
 _1666_/Y
 _1667_/X
 _1668_/Y
 _1669_/Y
 _1670_/X
 _1671_/Y
 _1672_/Y
 _1673_/X
 _1674_/Y
 _1675_/Y
 _1676_/Y
 _1677_/X
 _1678_/X
 _1679_/X
 _1680_/X
 _1681_/X
 _1682_/Y
 _1683_/X
 _1684_/Y
 _1685_/Y
 _1686_/Y
 _1687_/X
 _1688_/Y
 _1689_/X
 _1690_/Y
 _1691_/X
 _1692_/X
 _1693_/X
 _1694_/X
 _1695_/X
 _1696_/X
 _1697_/Y
 _1698_/X
 _1699_/X
 _1700_/X
 _1701_/X
 _1702_/X
 _1703_/Y
 _1704_/X
 _1705_/Y
 _1706_/X
 _1707_/Y
 _1708_/X
 _1709_/X
 _1710_/X
 _1711_/X
 _1712_/X
 _1713_/X
 _1714_/X
 _1715_/X
 _1716_/X
 _1717_/X
 _1718_/Y
 _1719_/Y
 _1720_/Y
 _1721_/X
 _1722_/X
 _1723_/Y
 _1724_/X
 _1725_/X
 _1726_/X
 _1727_/X
 _1728_/X
 _1729_/X
 _1730_/Y
 _1731_/X
 _1732_/X
 _1733_/X
 _1734_/X
 _1735_/X
 _1736_/Y
 _1737_/X
 _1738_/Y
 _1739_/X
 _1740_/X
 _1741_/X
 _1742_/Y
 _1743_/X
 _1744_/X
 _1745_/Y
 _1746_/Y
 _1747_/Y
 _1748_/X
 _1749_/Y
 _1750_/Y
 _1751_/Y
 _1752_/Y
 _1753_/X
 _1754_/X
 _1755_/X
 _1756_/X
 _1757_/Y
 _1758_/X
 _1759_/Y
 _1760_/Y
 _1761_/X
 _1762_/X
 _1763_/Y
 _1764_/Y
 _1765_/X
 _1766_/X
 _1767_/X
 _1768_/X
 _1769_/X
 _1770_/Y
 _1771_/Y
 _1772_/X
 _1773_/X
 _1774_/X
 _1775_/X
 _1776_/X
 _1777_/Y
 _1778_/X
 _1779_/Y
 _1780_/Y
 _1781_/Y
 _1782_/X
 _1783_/X
 _1784_/X
 _1785_/Y
 _1786_/Y
 _1787_/Y
 _1788_/X
 _1789_/X
 _1790_/Y
 _1791_/Y
 _1792_/X
 _1793_/X
 _1794_/X
 _1795_/X
 _1796_/X
 _1797_/X
 _1798_/Y
 _1799_/Y
 _1800_/Y
 _1801_/X
 _1802_/X
 _1803_/X
 _1804_/X
 _1805_/Y
 _1806_/X
 _1807_/X
 _1808_/X
 _1809_/Y
 _1810_/Y
 _1811_/Y
 _1812_/X
 _1813_/X
 _1814_/Y
 _1815_/X
 _1816_/X
 _1817_/X
 _1818_/Y
 _1819_/X
 _1820_/X
 _1821_/X
 _1822_/X
 _1823_/X
 _1824_/X
 _1825_/X
 _1826_/X
 _1827_/X
 _1828_/X
 _1829_/X
 _1830_/X
 _1831_/X
 _1832_/X
 _1833_/X
 _1834_/X
 _1835_/X
 _1836_/X
 _1837_/X
 _1838_/X
 _1839_/X
 _1840_/X
 _1841_/X
 _1842_/X
 _1843_/X
 _1844_/X
 _1845_/X
 _1846_/X
 _1847_/X
 _1848_/X
 _1849_/X
 _1850_/X
 _1851_/X
 _1852_/X
 _1853_/X
 _1854_/X
 _1855_/X
 _1856_/X
 _1857_/X
 _1858_/X
 _1859_/X
 _1860_/X
 _1861_/X
 _1862_/X
 _1863_/X
 _1864_/X
 _1865_/X
 _1866_/X
 _1867_/X
 _1868_/X
 _1869_/X
 _1870_/X
 _1871_/X
 _1872_/X
 _1873_/X
 _1874_/X
 _1875_/X
 _1876_/X
 _1877_/X
 _1878_/X
 _1879_/X
 _1880_/X
 _1881_/X
 _1882_/X
 _1883_/X
 _1884_/X
 _1885_/X
 _1886_/X
 _1887_/X
 _1888_/X
 _1889_/X
 _1890_/X
 _1891_/X
 _1892_/X
 _1893_/X
 _1894_/X
 _1895_/X
 _1896_/X
 _1897_/X
 _1898_/X
 _1899_/X
 _1900_/X
 _1901_/X
 _1902_/X
 _1903_/X
 _1904_/X
 _1905_/X
 _1906_/X
 _1907_/X
 _1908_/X
 _1909_/X
 _1910_/X
 _1911_/X
 _1912_/X
 _1913_/X
 _1914_/X
 _1915_/X
 _1916_/X
 _1917_/X
 _1918_/X
 _1919_/X
 _1920_/X
 _1921_/X
 _1922_/X
 _1923_/X
 _1924_/X
 _1925_/X
 _1926_/X
 _1927_/X
 _1928_/X
 _1929_/X
 _1930_/X
 _1931_/X
 _1932_/X
 _1933_/X
 _1934_/X
 _1935_/X
 _1936_/X
 _1937_/X
 _1938_/X
 _1939_/X
 _1940_/X
 _1941_/X
 _1942_/X
 _1943_/X
 _1944_/X
 _1945_/X
 _1946_/X
 _1947_/X
 _1948_/X
 _1949_/X
 _1950_/X
 _1951_/X
 _1952_/X
 _1953_/X
 _1954_/X
 _1955_/X
 _1956_/X
 _1957_/X
 _1958_/X
 _1959_/X
 _1960_/X
 _1961_/X
 _1962_/X
 _1963_/X
 _1964_/X
 _1965_/X
 _1966_/X
 _1967_/X
 _1968_/X
 _1969_/X
 _1970_/X
 _1971_/X
 _1972_/X
 _1973_/X
 _1974_/X
 _1975_/X
 _1976_/X
 _1977_/X
 _1978_/X
 _1979_/X
 _1980_/X
 _1981_/X
 _1982_/X
 _1983_/X
 _1984_/X
 _1985_/X
 _1986_/X
 _1987_/X
 _1988_/X
 _1989_/X
 _1990_/X
 _1991_/X
 _1992_/X
 _1993_/X
 _1994_/X
 _1995_/X
 _1996_/X
 _1997_/X
 _1998_/X
 _1999_/X
 _2000_/X
 _2001_/X
 _2002_/X
 _2003_/X
 _2004_/X
 _2005_/X
 _2006_/X
 _2007_/X
 _2008_/X
 _2009_/X
 _2010_/X
 _2011_/X
 _2012_/X
 _2013_/X
 _2014_/X
 _2015_/X
 _2016_/X
 _2017_/X
 _2018_/X
 _2019_/X
 _2020_/X
 _2021_/X
 _2022_/X
 _2023_/X
 _2024_/X
 _2025_/X
 _2026_/X
 _2027_/X
 _2028_/X
 _2029_/X
 _2030_/X
 _2031_/X
 _2032_/X
 _2033_/X
 _2034_/X
 _2035_/X
 _2036_/X
 _2037_/X
 _2038_/X
 _2039_/X
 _2040_/X
 _2041_/X
 _2042_/X
 _2043_/X
 _2044_/X
 _2045_/X
 _2046_/X
 _2047_/X
 _2048_/X
 _2049_/X
 _2050_/X
 _2051_/X
 _2052_/X
 _2053_/X
 _2054_/X
 _2055_/X
 _2056_/X
 _2057_/X
 _2058_/X
 _2059_/X
 _2060_/X
 _2061_/X
 _2062_/X
 _2063_/X
 _2064_/X
 _2065_/X
 _2066_/X
 _2067_/X
 _2068_/X
 _2069_/X
 _2070_/X
 _2071_/X
 _2072_/X
 _2073_/X
 _2074_/X
 _2075_/X
 _2076_/X
 _2077_/X
 _2078_/X
 _2079_/X
 _2080_/X
 _2081_/X
 _2082_/X
 _2083_/X
 _2084_/X
 _2085_/X
 _2086_/X
 _2087_/X
 _2088_/X
 _2089_/X
 _2090_/X
 _2091_/X
 _2092_/X
 _2093_/X
 _2094_/X
 _2095_/X
 _2096_/X
 _2097_/X
 _2098_/X
 _2099_/X
 _2100_/X
 _2101_/X
 _2102_/X
 _2103_/X
 _2104_/X
 _2105_/X
 _2106_/X
 _2107_/X
 _2108_/X
 _2109_/X
 _2110_/X
 _2111_/X
 _2112_/X
 _2113_/X
 _2114_/X
 _2115_/X
 _2116_/X
 _2117_/X
 _2118_/X
 _2119_/X
 _2120_/X
 _2121_/X
 _2122_/X
 _2123_/X
 _2124_/X
 _2125_/X
 _2126_/X
 _2127_/X
 _2128_/X
 _2129_/X
 _2130_/X
 _2131_/X
 _2132_/X
 _2133_/X
 _2134_/X
 _2135_/X
 _2136_/X
 _2137_/X
 _2138_/X
 _2139_/X
 _2140_/X
 _2141_/X
 _2142_/X
 _2143_/X
 _2144_/X
 _2145_/X
 _2146_/X
 _2147_/X
 _2148_/X
 _2149_/X
 _2150_/X
 _2151_/X
 _2152_/X
 _2153_/X
 _2154_/X
 _2155_/X
 _2156_/X
 _2157_/X
 _2158_/X
 _2159_/X
 _2160_/X
 _2161_/X
 _2162_/X
 _2163_/X
 _2164_/X
 _2165_/X
 _2166_/X
 _2167_/X
 _2168_/X
 _2169_/X
 _2170_/X
 _2171_/X
 _2172_/X
 _2173_/X
 _2174_/X
 _2175_/X
 _2176_/X
 _2177_/X
 _2178_/X
 _2179_/X
 _2180_/X
 _2181_/X
 _2182_/X
 _2183_/X
 _2184_/X
 _2185_/X
 _2186_/X
 _2187_/X
 _2188_/X
 _2189_/X
 _2190_/X
 _2191_/X
 _2192_/X
 _2193_/X
 _2194_/X
 _2195_/X
 _2196_/X
 _2197_/X
 _2198_/X
 _2199_/X
 _2200_/X
 _2201_/X
 _2202_/X
 _2203_/X
 _2204_/X
 _2205_/X
 _2206_/X
 _2207_/X
 _2208_/X
 _2209_/X
 _2210_/X
 _2211_/X
 _2212_/X
 _2213_/X
 _2214_/X
 _2215_/X
 _2216_/X
 _2217_/X
 _2218_/X
 _2219_/X
 _2220_/X
 _2221_/X
 _2222_/X
 _2223_/X
 _2224_/X
 _2225_/X
 _2226_/X
 _2227_/X
 _2228_/X
 _2229_/X
 _2230_/X
 _2231_/X
 _2232_/X
 _2233_/X
 _2234_/Q
 _2235_/Q
 _2236_/Q
 _2237_/Q
 _2238_/Q
 _2239_/Q
 _2240_/Q
 _2241_/Q
 _2242_/Q
 _2243_/Q
 _2244_/Q
 _2245_/Q
 _2246_/Q
 _2247_/Q
 _2248_/Q
 _2249_/Q
 _2250_/Q
 _2251_/Q
 _2252_/Q
 _2253_/Q
 _2254_/Q
 _2255_/Q
 _2256_/Q
 _2257_/Q
 _2258_/Q
 _2259_/Q
 _2260_/Q
 _2261_/Q
 _2262_/Q
 _2263_/Q
 _2264_/Q
 _2265_/Q
 _2266_/Q
 _2267_/Q
 _2268_/Q
 _2269_/Q
 _2270_/Q
 _2271_/Q
 _2272_/Q
 _2273_/Q
 _2274_/Q
 _2275_/Q
 _2276_/Q
 _2277_/Q
 _2278_/Q
 _2279_/Q
 _2280_/Q
 _2281_/Q
 _2282_/Q
 _2283_/Q
 _2284_/Q
 _2285_/Q
 _2286_/Q
 _2287_/Q
 _2288_/Q
 _2289_/Q
 _2290_/Q
 _2291_/Q
 _2292_/Q
 _2293_/Q
 _2294_/Q
 _2295_/Q
 _2296_/Q
 _2297_/Q
 _2298_/Q
 _2299_/Q
 _2300_/Q
 _2301_/Q
 _2302_/Q
 _2303_/Q
 _2304_/Q
 _2305_/Q
 _2306_/Q
 _2307_/Q
 _2308_/Q
 _2309_/Q
 _2310_/Q
 _2311_/Q
 _2312_/Q
 _2313_/Q
 _2314_/Q
 _2315_/Q
 _2316_/Q
 _2317_/Q
 _2318_/Q
 _2319_/Q
 _2320_/Q
 _2321_/Q
 _2322_/Q
 _2323_/Q
 _2324_/Q
 _2325_/Q
 _2326_/Q
 _2327_/Q
 _2328_/Q
 _2329_/Q
 _2330_/Q
 _2331_/Q
 _2332_/Q
 _2333_/Q
 _2334_/Q
 _2335_/Q
 _2336_/Q
 _2337_/Q
 _2338_/Q
 _2339_/Q
 _2340_/Q
 _2341_/Q
 _2342_/Q
 _2343_/Q
 _2344_/Q
 _2345_/Q
 _2346_/Q
 _2347_/Q
 _2348_/Q
 _2349_/Q
 _2350_/Q
 _2351_/Q
 _2352_/Q
 _2353_/Q
 _2354_/Q
 _2355_/Q
 _2356_/Q
 _2357_/Q
 _2358_/Q
 _2359_/Q
 _2360_/Q
 _2361_/Q
 _2362_/Q
 _2363_/Q
 _2364_/Q
 _2365_/Q
 _2366_/Q
 _2367_/Q
 _2368_/Q
 _2369_/Q
 _2370_/Q
 _2371_/Q
 _2372_/Q
 _2373_/Q
 _2374_/Q
 _2375_/Q
 _2376_/Q
 _2377_/Q
 _2378_/Q
 _2379_/Q
 _2380_/Q
 _2381_/Q
 _2382_/Q
 _2383_/Q
 _2384_/Q
 _2385_/Q
 _2386_/Q
 _2387_/Q
 _2388_/Q
 _2389_/Q
 _2390_/Q
 _2391_/Q
 _2392_/Q
 _2393_/Q
 _2394_/Q
 _2395_/Q
 _2396_/Q
 _2397_/Q
 _2398_/Q
 _2399_/Q
 _2400_/Q
 _2401_/Q
 _2402_/Q
 _2403_/Q
 _2404_/Q
 _2405_/Q
 _2406_/Q
 _2407_/Q
 _2408_/Q
 _2409_/Q
 _2410_/Q
 _2411_/Q
 _2412_/Q
 _2413_/Q
 _2414_/Q
 _2415_/Q
 _2416_/Q
 _2417_/Q
 _2418_/Q
 _2419_/Q
 _2420_/Q
 _2421_/Q
 _2422_/Q
 _2423_/Q
 _2424_/Q
 _2425_/Q
 clkbuf_0_CLK/X
 clkbuf_1_0_0_CLK/X
 clkbuf_1_0_1_CLK/X
 clkbuf_1_1_0_CLK/X
 clkbuf_1_1_1_CLK/X
 clkbuf_2_0_0_CLK/X
 clkbuf_2_0_1_CLK/X
 clkbuf_2_1_0_CLK/X
 clkbuf_2_1_1_CLK/X
 clkbuf_2_2_0_CLK/X
 clkbuf_2_2_1_CLK/X
 clkbuf_2_3_0_CLK/X
 clkbuf_2_3_1_CLK/X
 clkbuf_3_0_0_CLK/X
 clkbuf_3_1_0_CLK/X
 clkbuf_3_2_0_CLK/X
 clkbuf_3_3_0_CLK/X
 clkbuf_3_4_0_CLK/X
 clkbuf_3_5_0_CLK/X
 clkbuf_3_6_0_CLK/X
 clkbuf_3_7_0_CLK/X
 clkbuf_4_0_0_CLK/X
 clkbuf_4_10_0_CLK/X
 clkbuf_4_11_0_CLK/X
 clkbuf_4_12_0_CLK/X
 clkbuf_4_13_0_CLK/X
 clkbuf_4_14_0_CLK/X
 clkbuf_4_15_0_CLK/X
 clkbuf_4_1_0_CLK/X
 clkbuf_4_2_0_CLK/X
 clkbuf_4_3_0_CLK/X
 clkbuf_4_4_0_CLK/X
 clkbuf_4_5_0_CLK/X
 clkbuf_4_6_0_CLK/X
 clkbuf_4_7_0_CLK/X
 clkbuf_4_8_0_CLK/X
 clkbuf_4_9_0_CLK/X
 clkload0/Y
 clkload1/Y
 clkload2/Y
 clkload3/Y
 clkload4/Y
 clkload5/X
 clkload6/Y
 clkload7/Y
 input1/X
 input10/X
 input11/X
 input12/X
 input13/X
 input14/X
 input15/X
 input16/X
 input17/X
 input18/X
 input19/X
 input2/X
 input20/X
 input21/X
 input22/X
 input23/X
 input24/X
 input25/X
 input26/X
 input27/X
 input28/X
 input29/X
 input3/X
 input30/X
 input31/X
 input32/X
 input33/X
 input34/X
 input35/X
 input36/X
 input37/X
 input38/X
 input39/X
 input4/X
 input40/X
 input41/X
 input5/X
 input6/X
 input7/X
 input8/X
 input9/X
 load_slew1006/X
 load_slew1013/X
 load_slew1014/X
 load_slew1015/X
 load_slew1016/X
 load_slew1018/X
 load_slew1021/X
 load_slew1022/X
 load_slew1024/X
 load_slew1028/X
 load_slew1031/X
 load_slew1034/X
 load_slew1038/X
 load_slew1039/X
 load_slew1040/X
 load_slew1043/X
 load_slew1044/X
 load_slew1045/X
 load_slew1046/X
 load_slew1048/X
 load_slew1049/X
 load_slew1050/X
 load_slew1051/X
 load_slew1110/X
 load_slew1113/X
 load_slew1114/X
 load_slew1115/X
 load_slew1116/X
 load_slew1118/X
 load_slew1119/X
 load_slew1120/X
 load_slew1124/X
 load_slew1127/X
 load_slew1129/X
 load_slew1130/X
 load_slew1133/X
 load_slew1135/X
 load_slew1137/X
 load_slew1141/X
 load_slew1143/X
 load_slew1150/X
 load_slew1152/X
 load_slew1155/X
 load_slew1157/X
 load_slew1163/X
 load_slew1166/X
 load_slew1168/X
 load_slew1172/X
 load_slew1174/X
 load_slew1181/X
 load_slew1184/X
 load_slew1189/X
 load_slew1192/X
 load_slew1194/X
 load_slew1197/X
 load_slew1208/X
 load_slew1217/X
 load_slew1229/X
 load_slew1231/X
 load_slew1234/X
 load_slew1236/X
 load_slew1240/X
 load_slew1249/X
 load_slew1256/X
 load_slew1257/X
 load_slew1272/X
 load_slew1283/X
 load_slew1286/X
 load_slew1287/X
 load_slew1292/X
 load_slew1299/X
 load_slew1313/X
 load_slew1315/X
 load_slew1323/X
 load_slew1331/X
 load_slew1335/X
 load_slew1342/X
 load_slew1349/X
 load_slew1354/X
 load_slew1363/X
 load_slew1367/X
 load_slew1372/X
 load_slew1377/X
 load_slew1380/X
 load_slew1387/X
 load_slew1392/X
 load_slew1397/X
 load_slew1399/X
 load_slew1404/X
 load_slew1406/X
 load_slew1409/X
 load_slew1412/X
 load_slew1414/X
 load_slew1425/X
 load_slew1426/X
 load_slew1435/X
 load_slew1443/X
 load_slew1447/X
 load_slew1452/X
 load_slew1455/X
 load_slew1457/X
 load_slew1459/X
 load_slew1464/X
 load_slew1465/X
 load_slew1466/X
 load_slew1468/X
 load_slew1470/X
 load_slew1476/X
 load_slew1478/X
 load_slew1479/X
 load_slew1481/X
 load_slew1483/X
 load_slew1486/X
 load_slew1487/X
 load_slew1490/X
 load_slew1491/X
 load_slew1492/X
 load_slew1493/X
 load_slew1497/X
 load_slew1500/X
 load_slew1505/X
 load_slew1506/X
 load_slew1507/X
 load_slew1513/X
 load_slew1514/X
 load_slew1518/X
 load_slew1520/X
 load_slew1524/X
 load_slew1527/X
 load_slew1528/X
 load_slew1533/X
 load_slew1535/X
 load_slew1536/X
 load_slew1543/X
 load_slew1544/X
 load_slew1546/X
 load_slew1548/X
 load_slew1553/X
 load_slew1562/X
 load_slew163/X
 load_slew260/X
 load_slew262/X
 load_slew296/X
 load_slew302/X
 load_slew304/X
 load_slew307/X
 load_slew320/X
 load_slew340/X
 load_slew345/X
 load_slew346/X
 load_slew349/X
 load_slew353/X
 load_slew359/X
 load_slew362/X
 load_slew377/X
 load_slew401/X
 load_slew419/X
 load_slew445/X
 load_slew450/X
 load_slew455/X
 load_slew456/X
 load_slew467/X
 load_slew473/X
 load_slew476/X
 load_slew482/X
 load_slew504/X
 load_slew506/X
 load_slew512/X
 load_slew513/X
 load_slew533/X
 load_slew543/X
 load_slew558/X
 load_slew572/X
 load_slew584/X
 load_slew593/X
 load_slew596/X
 load_slew597/X
 load_slew602/X
 load_slew623/X
 load_slew625/X
 load_slew633/X
 load_slew634/X
 load_slew643/X
 load_slew653/X
 load_slew654/X
 load_slew687/X
 load_slew692/X
 load_slew696/X
 load_slew714/X
 load_slew719/X
 load_slew732/X
 load_slew733/X
 load_slew735/X
 load_slew737/X
 load_slew742/X
 load_slew743/X
 load_slew746/X
 load_slew778/X
 load_slew790/X
 load_slew793/X
 load_slew805/X
 load_slew806/X
 load_slew807/X
 load_slew808/X
 load_slew809/X
 load_slew812/X
 load_slew818/X
 load_slew823/X
 load_slew831/X
 load_slew846/X
 load_slew851/X
 load_slew854/X
 load_slew856/X
 load_slew857/X
 load_slew862/X
 load_slew868/X
 load_slew880/X
 load_slew884/X
 load_slew885/X
 load_slew887/X
 load_slew894/X
 load_slew897/X
 load_slew899/X
 load_slew902/X
 load_slew904/X
 load_slew908/X
 load_slew911/X
 load_slew914/X
 load_slew915/X
 load_slew916/X
 load_slew917/X
 load_slew926/X
 load_slew927/X
 load_slew929/X
 load_slew931/X
 load_slew934/X
 load_slew935/X
 load_slew936/X
 load_slew938/X
 load_slew941/X
 load_slew943/X
 load_slew944/X
 load_slew946/X
 load_slew947/X
 load_slew948/X
 load_slew950/X
 load_slew951/X
 load_slew952/X
 load_slew954/X
 load_slew956/X
 load_slew958/X
 load_slew960/X
 load_slew962/X
 load_slew964/X
 load_slew967/X
 load_slew969/X
 load_slew970/X
 load_slew974/X
 load_slew975/X
 load_slew977/X
 load_slew978/X
 load_slew980/X
 load_slew987/X
 load_slew990/X
 load_slew992/X
 load_slew993/X
 load_slew994/X
 load_slew995/X
 load_slew998/X
 load_slew999/X
 max_cap1004/X
 max_cap1010/X
 max_cap1186/X
 max_cap1205/X
 max_cap1230/X
 max_cap1239/X
 max_cap1261/X
 max_cap1263/X
 max_cap1265/X
 max_cap1270/X
 max_cap1271/X
 max_cap1279/X
 max_cap1282/X
 max_cap1303/X
 max_cap1319/X
 max_cap1325/X
 max_cap1415/X
 max_cap1432/X
 max_cap1446/X
 max_cap1472/X
 max_cap224/X
 max_cap227/X
 max_cap281/X
 max_cap336/X
 max_cap341/X
 max_cap397/X
 max_cap426/X
 max_cap428/X
 max_cap429/X
 max_cap431/X
 max_cap432/X
 max_cap453/X
 max_cap454/X
 max_cap459/X
 max_cap483/X
 max_cap496/X
 max_cap523/X
 max_cap526/X
 max_cap527/X
 max_cap554/X
 max_cap556/X
 max_cap566/X
 max_cap612/X
 max_cap613/X
 max_cap619/X
 max_cap631/X
 max_cap660/X
 max_cap708/X
 max_cap709/X
 max_cap718/X
 max_cap724/X
 max_cap727/X
 max_cap728/X
 max_cap753/X
 max_cap758/X
 max_cap779/X
 max_cap798/X
 max_cap799/X
 max_cap801/X
 max_cap802/X
 max_cap824/X
 max_cap828/X
 max_cap834/X
 max_cap835/X
 max_cap848/X
 max_cap849/X
 max_cap865/X
 max_cap866/X
 max_cap901/X
 max_cap923/X
 max_length1000/X
 max_length1001/X
 max_length1111/X
 max_length1112/X
 max_length1131/X
 max_length1488/X
 max_length1498/X
 max_length1508/X
 max_length370/X
 max_length603/X
 max_length738/X
 max_length750/X
 max_length817/X
 max_length819/X
 max_length842/X
 max_length860/X
 max_length869/X
 max_length898/X
 max_length940/X
 max_length953/X
 max_length955/X
 max_length972/X
 max_length996/X
 max_length997/X
 output100/X
 output101/X
 output102/X
 output103/X
 output104/X
 output105/X
 output106/X
 output107/X
 output108/X
 output109/X
 output110/X
 output111/X
 output112/X
 output113/X
 output114/X
 output115/X
 output116/X
 output117/X
 output118/X
 output119/X
 output120/X
 output121/X
 output122/X
 output123/X
 output124/X
 output125/X
 output126/X
 output127/X
 output128/X
 output129/X
 output130/X
 output131/X
 output132/X
 output133/X
 output134/X
 output135/X
 output136/X
 output137/X
 output42/X
 output43/X
 output44/X
 output45/X
 output46/X
 output47/X
 output48/X
 output49/X
 output50/X
 output51/X
 output52/X
 output53/X
 output54/X
 output55/X
 output56/X
 output57/X
 output58/X
 output59/X
 output60/X
 output61/X
 output62/X
 output63/X
 output64/X
 output65/X
 output66/X
 output67/X
 output68/X
 output69/X
 output70/X
 output71/X
 output72/X
 output73/X
 output74/X
 output75/X
 output76/X
 output77/X
 output78/X
 output79/X
 output80/X
 output81/X
 output82/X
 output83/X
 output84/X
 output85/X
 output86/X
 output87/X
 output88/X
 output89/X
 output90/X
 output91/X
 output92/X
 output93/X
 output94/X
 output95/X
 output96/X
 output97/X
 output98/X
 output99/X
 wire1/X
 wire1002/X
 wire1003/X
 wire1005/X
 wire1007/X
 wire1008/X
 wire1009/X
 wire1011/X
 wire1012/X
 wire1017/X
 wire1019/X
 wire1020/X
 wire1023/X
 wire1025/X
 wire1026/X
 wire1027/X
 wire1029/X
 wire1030/X
 wire1032/X
 wire1033/X
 wire1035/X
 wire1036/X
 wire1037/X
 wire1041/X
 wire1042/X
 wire1047/X
 wire1052/X
 wire1053/X
 wire1054/X
 wire1055/X
 wire1056/X
 wire1057/X
 wire1058/X
 wire1059/X
 wire1060/X
 wire1061/X
 wire1062/X
 wire1063/X
 wire1064/X
 wire1065/X
 wire1066/X
 wire1067/X
 wire1068/X
 wire1069/X
 wire1070/X
 wire1071/X
 wire1072/X
 wire1073/X
 wire1074/X
 wire1075/X
 wire1076/X
 wire1077/X
 wire1078/X
 wire1079/X
 wire1080/X
 wire1081/X
 wire1082/X
 wire1083/X
 wire1084/X
 wire1085/X
 wire1086/X
 wire1087/X
 wire1088/X
 wire1089/X
 wire1090/X
 wire1091/X
 wire1092/X
 wire1093/X
 wire1094/X
 wire1095/X
 wire1096/X
 wire1097/X
 wire1098/X
 wire1099/X
 wire1100/X
 wire1101/X
 wire1102/X
 wire1103/X
 wire1104/X
 wire1105/X
 wire1106/X
 wire1107/X
 wire1108/X
 wire1109/X
 wire1117/X
 wire1121/X
 wire1122/X
 wire1123/X
 wire1125/X
 wire1126/X
 wire1128/X
 wire1132/X
 wire1134/X
 wire1136/X
 wire1138/X
 wire1139/X
 wire1140/X
 wire1142/X
 wire1144/X
 wire1145/X
 wire1146/X
 wire1147/X
 wire1148/X
 wire1149/X
 wire1151/X
 wire1153/X
 wire1154/X
 wire1156/X
 wire1158/X
 wire1159/X
 wire1160/X
 wire1161/X
 wire1162/X
 wire1164/X
 wire1165/X
 wire1167/X
 wire1169/X
 wire1170/X
 wire1171/X
 wire1173/X
 wire1175/X
 wire1176/X
 wire1177/X
 wire1178/X
 wire1179/X
 wire1180/X
 wire1182/X
 wire1183/X
 wire1185/X
 wire1187/X
 wire1188/X
 wire1190/X
 wire1191/X
 wire1193/X
 wire1195/X
 wire1196/X
 wire1198/X
 wire1199/X
 wire1200/X
 wire1201/X
 wire1202/X
 wire1203/X
 wire1204/X
 wire1206/X
 wire1207/X
 wire1209/X
 wire1210/X
 wire1211/X
 wire1212/X
 wire1213/X
 wire1214/X
 wire1215/X
 wire1216/X
 wire1218/X
 wire1219/X
 wire1220/X
 wire1221/X
 wire1222/X
 wire1223/X
 wire1224/X
 wire1225/X
 wire1226/X
 wire1227/X
 wire1228/X
 wire1232/X
 wire1233/X
 wire1235/X
 wire1237/X
 wire1238/X
 wire1241/X
 wire1242/X
 wire1243/X
 wire1244/X
 wire1245/X
 wire1246/X
 wire1247/X
 wire1248/X
 wire1250/X
 wire1251/X
 wire1252/X
 wire1253/X
 wire1254/X
 wire1255/X
 wire1258/X
 wire1259/X
 wire1260/X
 wire1262/X
 wire1264/X
 wire1266/X
 wire1267/X
 wire1268/X
 wire1269/X
 wire1273/X
 wire1274/X
 wire1275/X
 wire1276/X
 wire1277/X
 wire1278/X
 wire1280/X
 wire1281/X
 wire1284/X
 wire1285/X
 wire1288/X
 wire1289/X
 wire1290/X
 wire1291/X
 wire1293/X
 wire1294/X
 wire1295/X
 wire1296/X
 wire1297/X
 wire1298/X
 wire1300/X
 wire1301/X
 wire1302/X
 wire1304/X
 wire1305/X
 wire1306/X
 wire1307/X
 wire1308/X
 wire1309/X
 wire1310/X
 wire1311/X
 wire1312/X
 wire1314/X
 wire1316/X
 wire1317/X
 wire1318/X
 wire1320/X
 wire1321/X
 wire1322/X
 wire1324/X
 wire1326/X
 wire1327/X
 wire1328/X
 wire1329/X
 wire1330/X
 wire1332/X
 wire1333/X
 wire1334/X
 wire1336/X
 wire1337/X
 wire1338/X
 wire1339/X
 wire1340/X
 wire1341/X
 wire1343/X
 wire1344/X
 wire1345/X
 wire1346/X
 wire1347/X
 wire1348/X
 wire1350/X
 wire1351/X
 wire1352/X
 wire1353/X
 wire1355/X
 wire1356/X
 wire1357/X
 wire1358/X
 wire1359/X
 wire1360/X
 wire1361/X
 wire1362/X
 wire1364/X
 wire1365/X
 wire1366/X
 wire1368/X
 wire1369/X
 wire1370/X
 wire1371/X
 wire1373/X
 wire1374/X
 wire1375/X
 wire1376/X
 wire1378/X
 wire1379/X
 wire138/X
 wire1381/X
 wire1382/X
 wire1383/X
 wire1384/X
 wire1385/X
 wire1386/X
 wire1388/X
 wire1389/X
 wire139/X
 wire1390/X
 wire1391/X
 wire1393/X
 wire1394/X
 wire1395/X
 wire1396/X
 wire1398/X
 wire140/X
 wire1400/X
 wire1401/X
 wire1402/X
 wire1403/X
 wire1405/X
 wire1407/X
 wire1408/X
 wire141/X
 wire1410/X
 wire1411/X
 wire1413/X
 wire1416/X
 wire1417/X
 wire1418/X
 wire1419/X
 wire142/X
 wire1420/X
 wire1421/X
 wire1422/X
 wire1423/X
 wire1424/X
 wire1427/X
 wire1428/X
 wire1429/X
 wire143/X
 wire1430/X
 wire1431/X
 wire1433/X
 wire1434/X
 wire1436/X
 wire1437/X
 wire1438/X
 wire1439/X
 wire144/X
 wire1440/X
 wire1441/X
 wire1442/X
 wire1444/X
 wire1445/X
 wire1448/X
 wire1449/X
 wire145/X
 wire1450/X
 wire1451/X
 wire1453/X
 wire1454/X
 wire1456/X
 wire1458/X
 wire146/X
 wire1460/X
 wire1461/X
 wire1462/X
 wire1463/X
 wire1467/X
 wire1469/X
 wire147/X
 wire1471/X
 wire1473/X
 wire1474/X
 wire1475/X
 wire1477/X
 wire148/X
 wire1480/X
 wire1482/X
 wire1484/X
 wire1485/X
 wire1489/X
 wire149/X
 wire1494/X
 wire1495/X
 wire1496/X
 wire1499/X
 wire150/X
 wire1501/X
 wire1502/X
 wire1503/X
 wire1504/X
 wire1509/X
 wire151/X
 wire1510/X
 wire1511/X
 wire1512/X
 wire1515/X
 wire1516/X
 wire1517/X
 wire1519/X
 wire152/X
 wire1521/X
 wire1522/X
 wire1523/X
 wire1525/X
 wire1526/X
 wire1529/X
 wire153/X
 wire1530/X
 wire1531/X
 wire1532/X
 wire1534/X
 wire1537/X
 wire1538/X
 wire1539/X
 wire154/X
 wire1540/X
 wire1541/X
 wire1542/X
 wire1545/X
 wire1547/X
 wire1549/X
 wire155/X
 wire1550/X
 wire1551/X
 wire1552/X
 wire1554/X
 wire1555/X
 wire1556/X
 wire1557/X
 wire1558/X
 wire1559/X
 wire156/X
 wire1560/X
 wire1561/X
 wire1563/X
 wire157/X
 wire158/X
 wire159/X
 wire160/X
 wire161/X
 wire162/X
 wire164/X
 wire165/X
 wire166/X
 wire167/X
 wire168/X
 wire169/X
 wire170/X
 wire171/X
 wire172/X
 wire173/X
 wire174/X
 wire175/X
 wire176/X
 wire177/X
 wire178/X
 wire179/X
 wire180/X
 wire181/X
 wire182/X
 wire183/X
 wire184/X
 wire185/X
 wire186/X
 wire187/X
 wire188/X
 wire189/X
 wire190/X
 wire191/X
 wire192/X
 wire193/X
 wire194/X
 wire195/X
 wire196/X
 wire197/X
 wire198/X
 wire199/X
 wire200/X
 wire201/X
 wire202/X
 wire203/X
 wire204/X
 wire205/X
 wire206/X
 wire207/X
 wire208/X
 wire209/X
 wire210/X
 wire211/X
 wire212/X
 wire213/X
 wire214/X
 wire215/X
 wire216/X
 wire217/X
 wire218/X
 wire219/X
 wire220/X
 wire221/X
 wire222/X
 wire223/X
 wire225/X
 wire226/X
 wire228/X
 wire229/X
 wire230/X
 wire231/X
 wire232/X
 wire233/X
 wire234/X
 wire235/X
 wire236/X
 wire237/X
 wire238/X
 wire239/X
 wire240/X
 wire241/X
 wire242/X
 wire243/X
 wire244/X
 wire245/X
 wire246/X
 wire247/X
 wire248/X
 wire249/X
 wire250/X
 wire251/X
 wire252/X
 wire253/X
 wire254/X
 wire255/X
 wire256/X
 wire257/X
 wire258/X
 wire259/X
 wire261/X
 wire263/X
 wire264/X
 wire265/X
 wire266/X
 wire267/X
 wire268/X
 wire269/X
 wire270/X
 wire271/X
 wire272/X
 wire273/X
 wire274/X
 wire275/X
 wire276/X
 wire277/X
 wire278/X
 wire279/X
 wire280/X
 wire282/X
 wire283/X
 wire284/X
 wire285/X
 wire286/X
 wire287/X
 wire288/X
 wire289/X
 wire290/X
 wire291/X
 wire292/X
 wire293/X
 wire294/X
 wire295/X
 wire297/X
 wire298/X
 wire299/X
 wire300/X
 wire301/X
 wire303/X
 wire305/X
 wire306/X
 wire308/X
 wire309/X
 wire310/X
 wire311/X
 wire312/X
 wire313/X
 wire314/X
 wire315/X
 wire316/X
 wire317/X
 wire318/X
 wire319/X
 wire321/X
 wire322/X
 wire323/X
 wire324/X
 wire325/X
 wire326/X
 wire327/X
 wire328/X
 wire329/X
 wire330/X
 wire331/X
 wire332/X
 wire333/X
 wire334/X
 wire335/X
 wire337/X
 wire338/X
 wire339/X
 wire342/X
 wire343/X
 wire344/X
 wire347/X
 wire348/X
 wire350/X
 wire351/X
 wire352/X
 wire354/X
 wire355/X
 wire356/X
 wire357/X
 wire358/X
 wire360/X
 wire361/X
 wire363/X
 wire364/X
 wire365/X
 wire366/X
 wire367/X
 wire368/X
 wire369/X
 wire371/X
 wire372/X
 wire373/X
 wire374/X
 wire375/X
 wire376/X
 wire378/X
 wire379/X
 wire380/X
 wire381/X
 wire382/X
 wire383/X
 wire384/X
 wire385/X
 wire386/X
 wire387/X
 wire388/X
 wire389/X
 wire390/X
 wire391/X
 wire392/X
 wire393/X
 wire394/X
 wire395/X
 wire396/X
 wire398/X
 wire399/X
 wire400/X
 wire402/X
 wire403/X
 wire404/X
 wire405/X
 wire406/X
 wire407/X
 wire408/X
 wire409/X
 wire410/X
 wire411/X
 wire412/X
 wire413/X
 wire414/X
 wire415/X
 wire416/X
 wire417/X
 wire418/X
 wire420/X
 wire421/X
 wire422/X
 wire423/X
 wire424/X
 wire425/X
 wire427/X
 wire430/X
 wire433/X
 wire434/X
 wire435/X
 wire436/X
 wire437/X
 wire438/X
 wire439/X
 wire440/X
 wire441/X
 wire442/X
 wire443/X
 wire444/X
 wire446/X
 wire447/X
 wire448/X
 wire449/X
 wire451/X
 wire452/X
 wire457/X
 wire458/X
 wire460/X
 wire461/X
 wire462/X
 wire463/X
 wire464/X
 wire465/X
 wire466/X
 wire468/X
 wire469/X
 wire470/X
 wire471/X
 wire472/X
 wire474/X
 wire475/X
 wire477/X
 wire478/X
 wire479/X
 wire480/X
 wire481/X
 wire484/X
 wire485/X
 wire486/X
 wire487/X
 wire488/X
 wire489/X
 wire490/X
 wire491/X
 wire492/X
 wire493/X
 wire494/X
 wire495/X
 wire497/X
 wire498/X
 wire499/X
 wire500/X
 wire501/X
 wire502/X
 wire503/X
 wire505/X
 wire507/X
 wire508/X
 wire509/X
 wire510/X
 wire511/X
 wire514/X
 wire515/X
 wire516/X
 wire517/X
 wire518/X
 wire519/X
 wire520/X
 wire521/X
 wire522/X
 wire524/X
 wire525/X
 wire528/X
 wire529/X
 wire530/X
 wire531/X
 wire532/X
 wire534/X
 wire535/X
 wire536/X
 wire537/X
 wire538/X
 wire539/X
 wire540/X
 wire541/X
 wire542/X
 wire544/X
 wire545/X
 wire546/X
 wire547/X
 wire548/X
 wire549/X
 wire550/X
 wire551/X
 wire552/X
 wire553/X
 wire555/X
 wire557/X
 wire559/X
 wire560/X
 wire561/X
 wire562/X
 wire563/X
 wire564/X
 wire565/X
 wire567/X
 wire568/X
 wire569/X
 wire570/X
 wire571/X
 wire573/X
 wire574/X
 wire575/X
 wire576/X
 wire577/X
 wire578/X
 wire579/X
 wire580/X
 wire581/X
 wire582/X
 wire583/X
 wire585/X
 wire586/X
 wire587/X
 wire588/X
 wire589/X
 wire590/X
 wire591/X
 wire592/X
 wire594/X
 wire595/X
 wire598/X
 wire599/X
 wire600/X
 wire601/X
 wire604/X
 wire605/X
 wire606/X
 wire607/X
 wire608/X
 wire609/X
 wire610/X
 wire611/X
 wire614/X
 wire615/X
 wire616/X
 wire617/X
 wire618/X
 wire620/X
 wire621/X
 wire622/X
 wire624/X
 wire626/X
 wire627/X
 wire628/X
 wire629/X
 wire630/X
 wire632/X
 wire635/X
 wire636/X
 wire637/X
 wire638/X
 wire639/X
 wire640/X
 wire641/X
 wire642/X
 wire644/X
 wire645/X
 wire646/X
 wire647/X
 wire648/X
 wire649/X
 wire650/X
 wire651/X
 wire652/X
 wire655/X
 wire656/X
 wire657/X
 wire658/X
 wire659/X
 wire661/X
 wire662/X
 wire663/X
 wire664/X
 wire665/X
 wire666/X
 wire667/X
 wire668/X
 wire669/X
 wire670/X
 wire671/X
 wire672/X
 wire673/X
 wire674/X
 wire675/X
 wire676/X
 wire677/X
 wire678/X
 wire679/X
 wire680/X
 wire681/X
 wire682/X
 wire683/X
 wire684/X
 wire685/X
 wire686/X
 wire688/X
 wire689/X
 wire690/X
 wire691/X
 wire693/X
 wire694/X
 wire695/X
 wire697/X
 wire698/X
 wire699/X
 wire700/X
 wire701/X
 wire702/X
 wire703/X
 wire704/X
 wire705/X
 wire706/X
 wire707/X
 wire710/X
 wire711/X
 wire712/X
 wire713/X
 wire715/X
 wire716/X
 wire717/X
 wire720/X
 wire721/X
 wire722/X
 wire723/X
 wire725/X
 wire726/X
 wire729/X
 wire730/X
 wire731/X
 wire734/X
 wire736/X
 wire739/X
 wire740/X
 wire741/X
 wire744/X
 wire745/X
 wire747/X
 wire748/X
 wire749/X
 wire751/X
 wire752/X
 wire754/X
 wire755/X
 wire756/X
 wire757/X
 wire759/X
 wire760/X
 wire761/X
 wire762/X
 wire763/X
 wire764/X
 wire765/X
 wire766/X
 wire767/X
 wire768/X
 wire769/X
 wire770/X
 wire771/X
 wire772/X
 wire773/X
 wire774/X
 wire775/X
 wire776/X
 wire777/X
 wire780/X
 wire781/X
 wire782/X
 wire783/X
 wire784/X
 wire785/X
 wire786/X
 wire787/X
 wire788/X
 wire789/X
 wire791/X
 wire792/X
 wire794/X
 wire795/X
 wire796/X
 wire797/X
 wire800/X
 wire803/X
 wire804/X
 wire810/X
 wire811/X
 wire813/X
 wire814/X
 wire815/X
 wire816/X
 wire820/X
 wire821/X
 wire822/X
 wire825/X
 wire826/X
 wire827/X
 wire829/X
 wire830/X
 wire832/X
 wire833/X
 wire836/X
 wire837/X
 wire838/X
 wire839/X
 wire840/X
 wire841/X
 wire843/X
 wire844/X
 wire845/X
 wire847/X
 wire850/X
 wire852/X
 wire853/X
 wire855/X
 wire858/X
 wire859/X
 wire861/X
 wire863/X
 wire864/X
 wire867/X
 wire870/X
 wire871/X
 wire872/X
 wire873/X
 wire874/X
 wire875/X
 wire876/X
 wire877/X
 wire878/X
 wire879/X
 wire881/X
 wire882/X
 wire883/X
 wire886/X
 wire888/X
 wire889/X
 wire890/X
 wire891/X
 wire892/X
 wire893/X
 wire895/X
 wire896/X
 wire900/X
 wire903/X
 wire905/X
 wire906/X
 wire907/X
 wire909/X
 wire910/X
 wire912/X
 wire913/X
 wire918/X
 wire919/X
 wire920/X
 wire921/X
 wire922/X
 wire924/X
 wire925/X
 wire928/X
 wire930/X
 wire932/X
 wire933/X
 wire937/X
 wire939/X
 wire942/X
 wire945/X
 wire949/X
 wire957/X
 wire959/X
 wire961/X
 wire963/X
 wire965/X
 wire966/X
 wire968/X
 wire971/X
 wire973/X
 wire976/X
 wire979/X
 wire981/X
 wire982/X
 wire983/X
 wire984/X
 wire985/X
 wire986/X
 wire988/X
 wire989/X
 wire991/X
Found 0 partially unannotated drivers.

===========================================================================
max slew violation count 0
max fanout violation count 0
max cap violation count 0
============================================================================

===========================================================================
check_setup -verbose -unconstrained_endpoints -multiple_clock -no_clock -no_input_delay -loops -generated_clocks
===========================================================================
Warning: There are 41 input ports missing set_input_delay.
  A1[0]
  A1[1]
  A2[0]
  A2[1]
  A3[0]
  A3[1]
  WD3[0]
  WD3[10]
  WD3[11]
  WD3[12]
  WD3[13]
  WD3[14]
  WD3[15]
  WD3[16]
  WD3[17]
  WD3[18]
  WD3[19]
  WD3[1]
  WD3[20]
  WD3[21]
  WD3[22]
  WD3[23]
  WD3[24]
  WD3[25]
  WD3[26]
  WD3[27]
  WD3[28]
  WD3[29]
  WD3[2]
  WD3[30]
  WD3[31]
  WD3[3]
  WD3[4]
  WD3[5]
  WD3[6]
  WD3[7]
  WD3[8]
  WD3[9]
  WE3
  alu_opcode[0]
  alu_opcode[1]
Warning: There are 96 unconstrained endpoints.
  RD1[0]
  RD1[10]
  RD1[11]
  RD1[12]
  RD1[13]
  RD1[14]
  RD1[15]
  RD1[16]
  RD1[17]
  RD1[18]
  RD1[19]
  RD1[1]
  RD1[20]
  RD1[21]
  RD1[22]
  RD1[23]
  RD1[24]
  RD1[25]
  RD1[26]
  RD1[27]
  RD1[28]
  RD1[29]
  RD1[2]
  RD1[30]
  RD1[31]
  RD1[3]
  RD1[4]
  RD1[5]
  RD1[6]
  RD1[7]
  RD1[8]
  RD1[9]
  RD2[0]
  RD2[10]
  RD2[11]
  RD2[12]
  RD2[13]
  RD2[14]
  RD2[15]
  RD2[16]
  RD2[17]
  RD2[18]
  RD2[19]
  RD2[1]
  RD2[20]
  RD2[21]
  RD2[22]
  RD2[23]
  RD2[24]
  RD2[25]
  RD2[26]
  RD2[27]
  RD2[28]
  RD2[29]
  RD2[2]
  RD2[30]
  RD2[31]
  RD2[3]
  RD2[4]
  RD2[5]
  RD2[6]
  RD2[7]
  RD2[8]
  RD2[9]
  alu_result[0]
  alu_result[10]
  alu_result[11]
  alu_result[12]
  alu_result[13]
  alu_result[14]
  alu_result[15]
  alu_result[16]
  alu_result[17]
  alu_result[18]
  alu_result[19]
  alu_result[1]
  alu_result[20]
  alu_result[21]
  alu_result[22]
  alu_result[23]
  alu_result[24]
  alu_result[25]
  alu_result[26]
  alu_result[27]
  alu_result[28]
  alu_result[29]
  alu_result[2]
  alu_result[30]
  alu_result[31]
  alu_result[3]
  alu_result[4]
  alu_result[5]
  alu_result[6]
  alu_result[7]
  alu_result[8]
  alu_result[9]
