Sat Jun 14 22:33:02 +0000 2025 - Executing "{openroad -exit -no_init -python /openlane/scripts/odbpy/lefutil.py get_metal_layers -o /openlane/designs/full_cpu/runs/RUN_2025.06.14_22.33.02/tmp/layers.list /home/kagan/.volare/sky130A/libs.ref/sky130_fd_sc_hd/techlef/sky130_fd_sc_hd__nom.tlef}"

Sat Jun 14 22:33:03 +0000 2025 - Executing "{/openlane/scripts/mergeLef.py -o /openlane/designs/full_cpu/runs/RUN_2025.06.14_22.33.02/tmp/merged.nom.lef -i /home/kagan/.volare/sky130A/libs.ref/sky130_fd_sc_hd/techlef/sky130_fd_sc_hd__nom.tlef {/home/kagan/.volare/sky130A/libs.ref/sky130_fd_sc_hd/lef/sky130_fd_sc_hd.lef /home/kagan/.volare/sky130A/libs.ref/sky130_fd_sc_hd/lef/sky130_ef_sc_hd.lef} |& tee /dev/null}"

Sat Jun 14 22:33:03 +0000 2025 - Executing "{/openlane/scripts/mergeLef.py -o /openlane/designs/full_cpu/runs/RUN_2025.06.14_22.33.02/tmp/merged.min.lef -i /home/kagan/.volare/sky130A/libs.ref/sky130_fd_sc_hd/techlef/sky130_fd_sc_hd__min.tlef {/home/kagan/.volare/sky130A/libs.ref/sky130_fd_sc_hd/lef/sky130_fd_sc_hd.lef /home/kagan/.volare/sky130A/libs.ref/sky130_fd_sc_hd/lef/sky130_ef_sc_hd.lef} |& tee /dev/null}"

Sat Jun 14 22:33:03 +0000 2025 - Executing "{/openlane/scripts/mergeLef.py -o /openlane/designs/full_cpu/runs/RUN_2025.06.14_22.33.02/tmp/merged.max.lef -i /home/kagan/.volare/sky130A/libs.ref/sky130_fd_sc_hd/techlef/sky130_fd_sc_hd__max.tlef {/home/kagan/.volare/sky130A/libs.ref/sky130_fd_sc_hd/lef/sky130_fd_sc_hd.lef /home/kagan/.volare/sky130A/libs.ref/sky130_fd_sc_hd/lef/sky130_ef_sc_hd.lef} |& tee /dev/null}"

Sat Jun 14 22:33:03 +0000 2025 - Executing "{python3 /openlane/scripts/mergeLib.py --output /openlane/designs/full_cpu/runs/RUN_2025.06.14_22.33.02/tmp/synthesis/merged.lib --name sky130A_merged /home/kagan/.volare/sky130A/libs.ref/sky130_fd_sc_hd/lib/sky130_fd_sc_hd__tt_025C_1v80.lib}"

Sat Jun 14 22:33:03 +0000 2025 - Executing "{python3 /openlane/scripts/libtrim.py --cell-file /openlane/designs/full_cpu/runs/RUN_2025.06.14_22.33.02/tmp/synthesis/trimmed.lib.exclude.list --output /openlane/designs/full_cpu/runs/RUN_2025.06.14_22.33.02/tmp/synthesis/trimmed.lib /openlane/designs/full_cpu/runs/RUN_2025.06.14_22.33.02/tmp/synthesis/merged.lib}"

Sat Jun 14 22:33:03 +0000 2025 - Executing "{python3 /openlane/scripts/libtrim.py --cell-file /openlane/designs/full_cpu/runs/RUN_2025.06.14_22.33.02/tmp/cts/cts.lib.exclude.list --output /openlane/designs/full_cpu/runs/RUN_2025.06.14_22.33.02/tmp/cts/cts.lib /home/kagan/.volare/sky130A/libs.ref/sky130_fd_sc_hd/lib/sky130_fd_sc_hd__tt_025C_1v80.lib}"

Sat Jun 14 22:33:03 +0000 2025 - Executing "{python3 /openlane/scripts/libtrim.py --cell-file /openlane/designs/full_cpu/runs/RUN_2025.06.14_22.33.02/tmp/cts/cts-fastest.lib.exclude.list --output /openlane/designs/full_cpu/runs/RUN_2025.06.14_22.33.02/tmp/cts/cts-fastest.lib /home/kagan/.volare/sky130A/libs.ref/sky130_fd_sc_hd/lib/sky130_fd_sc_hd__ff_n40C_1v95.lib}"

Sat Jun 14 22:33:04 +0000 2025 - Executing "{python3 /openlane/scripts/libtrim.py --cell-file /openlane/designs/full_cpu/runs/RUN_2025.06.14_22.33.02/tmp/cts/cts-slowest.lib.exclude.list --output /openlane/designs/full_cpu/runs/RUN_2025.06.14_22.33.02/tmp/cts/cts-slowest.lib /home/kagan/.volare/sky130A/libs.ref/sky130_fd_sc_hd/lib/sky130_fd_sc_hd__ss_100C_1v60.lib}"

Sat Jun 14 22:33:04 +0000 2025 - Executing "{python3 /openlane/scripts/new_tracks.py -i /home/kagan/.volare/sky130A/libs.tech/openlane/sky130_fd_sc_hd/tracks.info -o /openlane/designs/full_cpu/runs/RUN_2025.06.14_22.33.02/tmp/routing/config.tracks}"

Sat Jun 14 22:33:04 +0000 2025 - Executing "{echo {OpenLane e73fb3c57e687a0023fcd4dcfd1566ecd478362a} > /openlane/designs/full_cpu/runs/RUN_2025.06.14_22.33.02/OPENLANE_COMMIT}"

Sat Jun 14 22:33:04 +0000 2025 - Executing "{yosys -c /openlane/scripts/yosys/blackbox.tcl}"

Sat Jun 14 22:33:04 +0000 2025 - Executing "{verilator -Wall --lint-only --Wno-DECLFILENAME --top-module CPU_TOP /openlane/designs/full_cpu/runs/RUN_2025.06.14_22.33.02/tmp/synthesis/blackbox/sky130_fd_sc_hd__blackbox.v /openlane/designs/full_cpu/src/ALU.v /openlane/designs/full_cpu/src/InstructionMemory.v /openlane/designs/full_cpu/src/CPU_TOP.v /openlane/designs/full_cpu/src/ProgramCounter.v /openlane/designs/full_cpu/src/EdgeDetector.v /openlane/designs/full_cpu/src/SevenSegDisplay.v /openlane/designs/full_cpu/src/InstructionDecoder.v /openlane/designs/full_cpu/src/RegisterFile.v /openlane/designs/full_cpu/src/FullCPU.v -Wno-fatal --relative-includes |& tee /openlane/designs/full_cpu/runs/RUN_2025.06.14_22.33.02/logs/synthesis/linter.log /dev/null}"

Sat Jun 14 22:33:04 +0000 2025 - Executing "{sed -E {s/^([[:space:]]+)pg_pin(.*)/\1pin\2\n\1    direction : "inout";/g} /home/kagan/.volare/sky130A/libs.ref/sky130_fd_sc_hd/lib/sky130_fd_sc_hd__tt_025C_1v80.lib > /openlane/designs/full_cpu/runs/RUN_2025.06.14_22.33.02/tmp/synthesis/1-sky130_fd_sc_hd__tt_025C_1v80.no_pg.lib}"

Sat Jun 14 22:33:04 +0000 2025 - Executing "{sed -E {s/^([[:space:]]+)pg_pin(.*)/\1pin\2\n\1    direction : "inout";/g} /openlane/designs/full_cpu/runs/RUN_2025.06.14_22.33.02/tmp/synthesis/trimmed.lib > /openlane/designs/full_cpu/runs/RUN_2025.06.14_22.33.02/tmp/synthesis/1-trimmed.no_pg.lib}"

Sat Jun 14 22:33:04 +0000 2025 - Executing "yosys -c /openlane/scripts/yosys/synth.tcl |& tee /dev/null /openlane/designs/full_cpu/runs/RUN_2025.06.14_22.33.02/logs/synthesis/1-synthesis.log"

Sat Jun 14 22:33:04 +0000 2025 - Executing "{yosys -c /openlane/scripts/yosys/synth.tcl |& tee /dev/null /openlane/designs/full_cpu/runs/RUN_2025.06.14_22.33.02/logs/synthesis/1-synthesis.log}"

Sat Jun 14 22:33:12 +0000 2025 - Executing "{sed -i.bak -e {s/\(set ::env(CURRENT_NETLIST)\).*/\1 \/openlane\/designs\/full_cpu\/runs\/RUN_2025.06.14_22.33.02\/results\/synthesis\/CPU_TOP.v/} /openlane/designs/full_cpu/runs/RUN_2025.06.14_22.33.02/config.tcl}"

Sat Jun 14 22:33:12 +0000 2025 - Executing "{sed -i.bak /defparam/d /openlane/designs/full_cpu/runs/RUN_2025.06.14_22.33.02/results/synthesis/CPU_TOP.v}"

Sat Jun 14 22:33:13 +0000 2025 - Executing "sta -exit -no_init /openlane/scripts/openroad/sta/multi_corner.tcl |& tee /dev/null /openlane/designs/full_cpu/runs/RUN_2025.06.14_22.33.02/logs/synthesis/2-sta.log"

Sat Jun 14 22:33:13 +0000 2025 - Executing "{sta -exit -no_init /openlane/scripts/openroad/sta/multi_corner.tcl |& tee /dev/null /openlane/designs/full_cpu/runs/RUN_2025.06.14_22.33.02/logs/synthesis/2-sta.log}"

Sat Jun 14 22:33:13 +0000 2025 - Executing "openroad -exit /openlane/scripts/openroad/floorplan.tcl |& tee /dev/null /openlane/designs/full_cpu/runs/RUN_2025.06.14_22.33.02/logs/floorplan/3-initial_fp.log"

Sat Jun 14 22:33:13 +0000 2025 - Executing "{openroad -exit /openlane/scripts/openroad/floorplan.tcl |& tee /dev/null /openlane/designs/full_cpu/runs/RUN_2025.06.14_22.33.02/logs/floorplan/3-initial_fp.log}"

Sat Jun 14 22:33:14 +0000 2025 - Executing "{openroad -exit -no_init -python /openlane/scripts/odbpy/defutil.py extract_core_dims --output-data /openlane/designs/full_cpu/runs/RUN_2025.06.14_22.33.02/tmp/dimensions.txt --input-lef /openlane/designs/full_cpu/runs/RUN_2025.06.14_22.33.02/tmp/merged.nom.lef /openlane/designs/full_cpu/runs/RUN_2025.06.14_22.33.02/tmp/floorplan/3-initial_fp.def}"

Sat Jun 14 22:33:14 +0000 2025 - Executing "{openroad -exit -no_init -python /openlane/scripts/odbpy/io_place.py --config /openlane/designs/full_cpu/pin_order.cfg --hor-layer met3 --ver-layer met2 --ver-width-mult 2 --hor-width-mult 2 --hor-extension 0 --ver-extension 0 --length 4 --unmatched-error --input-lef /openlane/designs/full_cpu/runs/RUN_2025.06.14_22.33.02/tmp/merged.nom.lef --output-def /openlane/designs/full_cpu/runs/RUN_2025.06.14_22.33.02/tmp/floorplan/4-io.def --output /openlane/designs/full_cpu/runs/RUN_2025.06.14_22.33.02/tmp/floorplan/4-io.odb /openlane/designs/full_cpu/runs/RUN_2025.06.14_22.33.02/tmp/floorplan/3-initial_fp.odb |& tee /dev/null /openlane/designs/full_cpu/runs/RUN_2025.06.14_22.33.02/logs/floorplan/4-place_io.log}"

Sat Jun 14 22:33:14 +0000 2025 - Executing "openroad -exit /openlane/scripts/openroad/tapcell.tcl |& tee /dev/null /openlane/designs/full_cpu/runs/RUN_2025.06.14_22.33.02/logs/floorplan/5-tap.log"

Sat Jun 14 22:33:14 +0000 2025 - Executing "{openroad -exit /openlane/scripts/openroad/tapcell.tcl |& tee /dev/null /openlane/designs/full_cpu/runs/RUN_2025.06.14_22.33.02/logs/floorplan/5-tap.log}"

Sat Jun 14 22:33:15 +0000 2025 - Executing "openroad -exit /openlane/scripts/openroad/pdn.tcl |& tee /dev/null /openlane/designs/full_cpu/runs/RUN_2025.06.14_22.33.02/logs/floorplan/6-pdn.log"

Sat Jun 14 22:33:15 +0000 2025 - Executing "{openroad -exit /openlane/scripts/openroad/pdn.tcl |& tee /dev/null /openlane/designs/full_cpu/runs/RUN_2025.06.14_22.33.02/logs/floorplan/6-pdn.log}"

Sat Jun 14 22:33:15 +0000 2025 - Executing "openroad -exit /openlane/scripts/openroad/gpl.tcl |& tee /dev/null /openlane/designs/full_cpu/runs/RUN_2025.06.14_22.33.02/logs/placement/6-global.log"

Sat Jun 14 22:33:15 +0000 2025 - Executing "{openroad -exit /openlane/scripts/openroad/gpl.tcl |& tee /dev/null /openlane/designs/full_cpu/runs/RUN_2025.06.14_22.33.02/logs/placement/6-global.log}"

Sat Jun 14 22:33:22 +0000 2025 - Executing "{sed -i.bak -e {s/\(set ::env(CURRENT_NETLIST)\).*/\1 \/openlane\/designs\/full_cpu\/runs\/RUN_2025.06.14_22.33.02\/tmp\/placement\/7-global.nl.v/} /openlane/designs/full_cpu/runs/RUN_2025.06.14_22.33.02/config.tcl}"

Sat Jun 14 22:33:22 +0000 2025 - Executing "openroad -exit /openlane/scripts/openroad/sta/multi_corner.tcl |& tee /dev/null /openlane/designs/full_cpu/runs/RUN_2025.06.14_22.33.02/logs/placement/8-gpl_sta.log"

Sat Jun 14 22:33:22 +0000 2025 - Executing "{openroad -exit /openlane/scripts/openroad/sta/multi_corner.tcl |& tee /dev/null /openlane/designs/full_cpu/runs/RUN_2025.06.14_22.33.02/logs/placement/8-gpl_sta.log}"

Sat Jun 14 22:33:23 +0000 2025 - Executing "openroad -exit /openlane/scripts/openroad/resizer.tcl |& tee /dev/null /openlane/designs/full_cpu/runs/RUN_2025.06.14_22.33.02/logs/placement/9-resizer.log"

Sat Jun 14 22:33:23 +0000 2025 - Executing "{openroad -exit /openlane/scripts/openroad/resizer.tcl |& tee /dev/null /openlane/designs/full_cpu/runs/RUN_2025.06.14_22.33.02/logs/placement/9-resizer.log}"

Sat Jun 14 22:33:25 +0000 2025 - Executing "{sed -i.bak -e {s/\(set ::env(CURRENT_NETLIST)\).*/\1 \/openlane\/designs\/full_cpu\/runs\/RUN_2025.06.14_22.33.02\/tmp\/placement\/9-resizer.nl.v/} /openlane/designs/full_cpu/runs/RUN_2025.06.14_22.33.02/config.tcl}"

Sat Jun 14 22:33:25 +0000 2025 - Executing "openroad -exit /openlane/scripts/openroad/dpl.tcl |& tee /dev/null /openlane/designs/full_cpu/runs/RUN_2025.06.14_22.33.02/logs/placement/10-detailed.log"

Sat Jun 14 22:33:25 +0000 2025 - Executing "{openroad -exit /openlane/scripts/openroad/dpl.tcl |& tee /dev/null /openlane/designs/full_cpu/runs/RUN_2025.06.14_22.33.02/logs/placement/10-detailed.log}"

Sat Jun 14 22:33:26 +0000 2025 - Executing "{sed -i.bak -e {s/\(set ::env(CURRENT_NETLIST)\).*/\1 \/openlane\/designs\/full_cpu\/runs\/RUN_2025.06.14_22.33.02\/results\/placement\/CPU_TOP.nl.v/} /openlane/designs/full_cpu/runs/RUN_2025.06.14_22.33.02/config.tcl}"

Sat Jun 14 22:33:26 +0000 2025 - Executing "openroad -exit /openlane/scripts/openroad/sta/multi_corner.tcl |& tee /dev/null /openlane/designs/full_cpu/runs/RUN_2025.06.14_22.33.02/logs/placement/11-dpl_sta.log"

Sat Jun 14 22:33:26 +0000 2025 - Executing "{openroad -exit /openlane/scripts/openroad/sta/multi_corner.tcl |& tee /dev/null /openlane/designs/full_cpu/runs/RUN_2025.06.14_22.33.02/logs/placement/11-dpl_sta.log}"

Sat Jun 14 22:33:27 +0000 2025 - Executing "openroad -exit /openlane/scripts/openroad/cts.tcl |& tee /dev/null /openlane/designs/full_cpu/runs/RUN_2025.06.14_22.33.02/logs/cts/12-cts.log"

Sat Jun 14 22:33:27 +0000 2025 - Executing "{openroad -exit /openlane/scripts/openroad/cts.tcl |& tee /dev/null /openlane/designs/full_cpu/runs/RUN_2025.06.14_22.33.02/logs/cts/12-cts.log}"

Sat Jun 14 22:33:32 +0000 2025 - Executing "openroad -exit /openlane/scripts/openroad/sta/multi_corner.tcl |& tee /dev/null /openlane/designs/full_cpu/runs/RUN_2025.06.14_22.33.02/logs/cts/13-cts_sta.log"

Sat Jun 14 22:33:32 +0000 2025 - Executing "{openroad -exit /openlane/scripts/openroad/sta/multi_corner.tcl |& tee /dev/null /openlane/designs/full_cpu/runs/RUN_2025.06.14_22.33.02/logs/cts/13-cts_sta.log}"

Sat Jun 14 22:33:33 +0000 2025 - Executing "openroad -exit /openlane/scripts/openroad/resizer_timing.tcl |& tee /dev/null /openlane/designs/full_cpu/runs/RUN_2025.06.14_22.33.02/logs/cts/14-resizer.log"

Sat Jun 14 22:33:33 +0000 2025 - Executing "{openroad -exit /openlane/scripts/openroad/resizer_timing.tcl |& tee /dev/null /openlane/designs/full_cpu/runs/RUN_2025.06.14_22.33.02/logs/cts/14-resizer.log}"

Sat Jun 14 22:34:01 +0000 2025 - Executing "{sed -i.bak -e {s/\(set ::env(CURRENT_NETLIST)\).*/\1 \/openlane\/designs\/full_cpu\/runs\/RUN_2025.06.14_22.33.02\/tmp\/cts\/14-CPU_TOP.resized.nl.v/} /openlane/designs/full_cpu/runs/RUN_2025.06.14_22.33.02/config.tcl}"

Sat Jun 14 22:34:01 +0000 2025 - Executing "openroad -exit /openlane/scripts/openroad/resizer_routing_design.tcl |& tee /dev/null /openlane/designs/full_cpu/runs/RUN_2025.06.14_22.33.02/logs/routing/15-resizer_design.log"

Sat Jun 14 22:34:01 +0000 2025 - Executing "{openroad -exit /openlane/scripts/openroad/resizer_routing_design.tcl |& tee /dev/null /openlane/designs/full_cpu/runs/RUN_2025.06.14_22.33.02/logs/routing/15-resizer_design.log}"

Sat Jun 14 22:34:04 +0000 2025 - Executing "{sed -i.bak -e {s/\(set ::env(CURRENT_NETLIST)\).*/\1 \/openlane\/designs\/full_cpu\/runs\/RUN_2025.06.14_22.33.02\/tmp\/15-CPU_TOP.nl.v/} /openlane/designs/full_cpu/runs/RUN_2025.06.14_22.33.02/config.tcl}"

Sat Jun 14 22:34:04 +0000 2025 - Executing "openroad -exit /openlane/scripts/openroad/sta/multi_corner.tcl |& tee /dev/null /openlane/designs/full_cpu/runs/RUN_2025.06.14_22.33.02/logs/routing/16-rsz_design_sta.log"

Sat Jun 14 22:34:04 +0000 2025 - Executing "{openroad -exit /openlane/scripts/openroad/sta/multi_corner.tcl |& tee /dev/null /openlane/designs/full_cpu/runs/RUN_2025.06.14_22.33.02/logs/routing/16-rsz_design_sta.log}"

Sat Jun 14 22:34:05 +0000 2025 - Executing "openroad -exit /openlane/scripts/openroad/resizer_routing_timing.tcl |& tee /dev/null /openlane/designs/full_cpu/runs/RUN_2025.06.14_22.33.02/logs/routing/17-resizer_timing.log"

Sat Jun 14 22:34:05 +0000 2025 - Executing "{openroad -exit /openlane/scripts/openroad/resizer_routing_timing.tcl |& tee /dev/null /openlane/designs/full_cpu/runs/RUN_2025.06.14_22.33.02/logs/routing/17-resizer_timing.log}"

Sat Jun 14 22:34:15 +0000 2025 - Executing "{sed -i.bak -e {s/\(set ::env(CURRENT_NETLIST)\).*/\1 \/openlane\/designs\/full_cpu\/runs\/RUN_2025.06.14_22.33.02\/tmp\/17-CPU_TOP.nl.v/} /openlane/designs/full_cpu/runs/RUN_2025.06.14_22.33.02/config.tcl}"

Sat Jun 14 22:34:15 +0000 2025 - Executing "openroad -exit /openlane/scripts/openroad/sta/multi_corner.tcl |& tee /dev/null /openlane/designs/full_cpu/runs/RUN_2025.06.14_22.33.02/logs/routing/18-rsz_timing_sta.log"

Sat Jun 14 22:34:15 +0000 2025 - Executing "{openroad -exit /openlane/scripts/openroad/sta/multi_corner.tcl |& tee /dev/null /openlane/designs/full_cpu/runs/RUN_2025.06.14_22.33.02/logs/routing/18-rsz_timing_sta.log}"

Sat Jun 14 22:34:16 +0000 2025 - Executing "openroad -exit /openlane/scripts/openroad/repair_antennas.tcl |& tee /dev/null /openlane/designs/full_cpu/runs/RUN_2025.06.14_22.33.02/logs/routing/19-global.log"

Sat Jun 14 22:34:16 +0000 2025 - Executing "{openroad -exit /openlane/scripts/openroad/repair_antennas.tcl |& tee /dev/null /openlane/designs/full_cpu/runs/RUN_2025.06.14_22.33.02/logs/routing/19-global.log}"

Sat Jun 14 22:34:17 +0000 2025 - Executing "openroad -exit /openlane/scripts/openroad/write_views.tcl |& tee /dev/null /openlane/designs/full_cpu/runs/RUN_2025.06.14_22.33.02/logs/routing/19-global_write_netlist.log"

Sat Jun 14 22:34:17 +0000 2025 - Executing "{openroad -exit /openlane/scripts/openroad/write_views.tcl |& tee /dev/null /openlane/designs/full_cpu/runs/RUN_2025.06.14_22.33.02/logs/routing/19-global_write_netlist.log}"

Sat Jun 14 22:34:18 +0000 2025 - Executing "{sed -i.bak -e {s/\(set ::env(CURRENT_NETLIST)\).*/\1 \/openlane\/designs\/full_cpu\/runs\/RUN_2025.06.14_22.33.02\/tmp\/routing\/global.nl.v/} /openlane/designs/full_cpu/runs/RUN_2025.06.14_22.33.02/config.tcl}"

Sat Jun 14 22:34:18 +0000 2025 - Executing "openroad -exit /openlane/scripts/openroad/sta/multi_corner.tcl |& tee /dev/null /openlane/designs/full_cpu/runs/RUN_2025.06.14_22.33.02/logs/routing/21-grt_sta.log"

Sat Jun 14 22:34:18 +0000 2025 - Executing "{openroad -exit /openlane/scripts/openroad/sta/multi_corner.tcl |& tee /dev/null /openlane/designs/full_cpu/runs/RUN_2025.06.14_22.33.02/logs/routing/21-grt_sta.log}"

Sat Jun 14 22:34:19 +0000 2025 - Executing "openroad -exit /openlane/scripts/openroad/fill.tcl |& tee /dev/null /openlane/designs/full_cpu/runs/RUN_2025.06.14_22.33.02/logs/routing/22-fill.log"

Sat Jun 14 22:34:19 +0000 2025 - Executing "{openroad -exit /openlane/scripts/openroad/fill.tcl |& tee /dev/null /openlane/designs/full_cpu/runs/RUN_2025.06.14_22.33.02/logs/routing/22-fill.log}"

Sat Jun 14 22:34:19 +0000 2025 - Executing "{sed -i.bak -e {s/\(set ::env(CURRENT_NETLIST)\).*/\1 \/openlane\/designs\/full_cpu\/runs\/RUN_2025.06.14_22.33.02\/tmp\/routing\/22-fill.nl.v/} /openlane/designs/full_cpu/runs/RUN_2025.06.14_22.33.02/config.tcl}"

Sat Jun 14 22:34:19 +0000 2025 - Executing "openroad -exit -metrics /openlane/designs/full_cpu/runs/RUN_2025.06.14_22.33.02/reports/routing/23-drt_metrics.json /openlane/scripts/openroad/droute.tcl |& tee /dev/null /openlane/designs/full_cpu/runs/RUN_2025.06.14_22.33.02/logs/routing/23-detailed.log"

Sat Jun 14 22:34:19 +0000 2025 - Executing "{openroad -exit -metrics /openlane/designs/full_cpu/runs/RUN_2025.06.14_22.33.02/reports/routing/23-drt_metrics.json /openlane/scripts/openroad/droute.tcl |& tee /dev/null /openlane/designs/full_cpu/runs/RUN_2025.06.14_22.33.02/logs/routing/23-detailed.log}"

Sat Jun 14 22:36:34 +0000 2025 - Executing "{sed -i.bak -e {s/\(set ::env(CURRENT_NETLIST)\).*/\1 \/openlane\/designs\/full_cpu\/runs\/RUN_2025.06.14_22.33.02\/results\/routing\/CPU_TOP.nl.v/} /openlane/designs/full_cpu/runs/RUN_2025.06.14_22.33.02/config.tcl}"

Sat Jun 14 22:36:34 +0000 2025 - Executing "{python3 /openlane/scripts/drc_rosetta.py tr to_klayout -o /openlane/designs/full_cpu/runs/RUN_2025.06.14_22.33.02/reports/routing/drt.klayout.xml --design-name CPU_TOP /openlane/designs/full_cpu/runs/RUN_2025.06.14_22.33.02/reports/routing/drt.drc}"

Sat Jun 14 22:36:34 +0000 2025 - Executing "{openroad -exit -no_init -python /openlane/scripts/odbpy/wire_lengths.py --report-out /openlane/designs/full_cpu/runs/RUN_2025.06.14_22.33.02/reports/routing/24-wire_lengths.csv --input-lef /openlane/designs/full_cpu/runs/RUN_2025.06.14_22.33.02/tmp/merged.nom.lef --output-def /openlane/designs/full_cpu/runs/RUN_2025.06.14_22.33.02/results/routing/CPU_TOP.def --output /openlane/designs/full_cpu/runs/RUN_2025.06.14_22.33.02/results/routing/CPU_TOP.odb /openlane/designs/full_cpu/runs/RUN_2025.06.14_22.33.02/results/routing/CPU_TOP.odb |& tee /dev/null /openlane/designs/full_cpu/runs/RUN_2025.06.14_22.33.02/logs/routing/24-wire_lengths.log}"

Sat Jun 14 22:36:34 +0000 2025 - Executing "openroad -exit /openlane/scripts/openroad/rcx.tcl |& tee /dev/null /openlane/designs/full_cpu/runs/RUN_2025.06.14_22.33.02/logs/signoff/25-parasitics_extraction.min.log"

Sat Jun 14 22:36:34 +0000 2025 - Executing "{openroad -exit /openlane/scripts/openroad/rcx.tcl |& tee /dev/null /openlane/designs/full_cpu/runs/RUN_2025.06.14_22.33.02/logs/signoff/25-parasitics_extraction.min.log}"

Sat Jun 14 22:36:36 +0000 2025 - Executing "sta -exit -no_init /openlane/scripts/openroad/sta/multi_corner.tcl |& tee /dev/null /openlane/designs/full_cpu/runs/RUN_2025.06.14_22.33.02/logs/signoff/26-rcx_mcsta.min.log"

Sat Jun 14 22:36:36 +0000 2025 - Executing "{sta -exit -no_init /openlane/scripts/openroad/sta/multi_corner.tcl |& tee /dev/null /openlane/designs/full_cpu/runs/RUN_2025.06.14_22.33.02/logs/signoff/26-rcx_mcsta.min.log}"

Sat Jun 14 22:36:40 +0000 2025 - Executing "openroad -exit /openlane/scripts/openroad/rcx.tcl |& tee /dev/null /openlane/designs/full_cpu/runs/RUN_2025.06.14_22.33.02/logs/signoff/27-parasitics_extraction.max.log"

Sat Jun 14 22:36:40 +0000 2025 - Executing "{openroad -exit /openlane/scripts/openroad/rcx.tcl |& tee /dev/null /openlane/designs/full_cpu/runs/RUN_2025.06.14_22.33.02/logs/signoff/27-parasitics_extraction.max.log}"

Sat Jun 14 22:36:41 +0000 2025 - Executing "sta -exit -no_init /openlane/scripts/openroad/sta/multi_corner.tcl |& tee /dev/null /openlane/designs/full_cpu/runs/RUN_2025.06.14_22.33.02/logs/signoff/28-rcx_mcsta.max.log"

Sat Jun 14 22:36:41 +0000 2025 - Executing "{sta -exit -no_init /openlane/scripts/openroad/sta/multi_corner.tcl |& tee /dev/null /openlane/designs/full_cpu/runs/RUN_2025.06.14_22.33.02/logs/signoff/28-rcx_mcsta.max.log}"

Sat Jun 14 22:36:47 +0000 2025 - Executing "openroad -exit /openlane/scripts/openroad/rcx.tcl |& tee /dev/null /openlane/designs/full_cpu/runs/RUN_2025.06.14_22.33.02/logs/signoff/29-parasitics_extraction.nom.log"

Sat Jun 14 22:36:47 +0000 2025 - Executing "{openroad -exit /openlane/scripts/openroad/rcx.tcl |& tee /dev/null /openlane/designs/full_cpu/runs/RUN_2025.06.14_22.33.02/logs/signoff/29-parasitics_extraction.nom.log}"

Sat Jun 14 22:36:48 +0000 2025 - Executing "sta -exit -no_init /openlane/scripts/openroad/sta/multi_corner.tcl |& tee /dev/null /openlane/designs/full_cpu/runs/RUN_2025.06.14_22.33.02/logs/signoff/30-rcx_mcsta.nom.log"

Sat Jun 14 22:36:48 +0000 2025 - Executing "{sta -exit -no_init /openlane/scripts/openroad/sta/multi_corner.tcl |& tee /dev/null /openlane/designs/full_cpu/runs/RUN_2025.06.14_22.33.02/logs/signoff/30-rcx_mcsta.nom.log}"

Sat Jun 14 22:36:53 +0000 2025 - Executing "openroad -exit /openlane/scripts/openroad/irdrop.tcl |& tee /dev/null /openlane/designs/full_cpu/runs/RUN_2025.06.14_22.33.02/logs/signoff/31-irdrop.log"

Sat Jun 14 22:36:53 +0000 2025 - Executing "{openroad -exit /openlane/scripts/openroad/irdrop.tcl |& tee /dev/null /openlane/designs/full_cpu/runs/RUN_2025.06.14_22.33.02/logs/signoff/31-irdrop.log}"

Sat Jun 14 22:36:54 +0000 2025 - Executing "magic -noconsole -dnull -rcfile /home/kagan/.volare/sky130A/libs.tech/magic/sky130A.magicrc < /openlane/scripts/magic/wrapper.tcl |& tee /dev/null /openlane/designs/full_cpu/runs/RUN_2025.06.14_22.33.02/logs/signoff/32-gdsii.log"

Sat Jun 14 22:36:54 +0000 2025 - Executing "{magic -noconsole -dnull -rcfile /home/kagan/.volare/sky130A/libs.tech/magic/sky130A.magicrc < /openlane/scripts/magic/wrapper.tcl |& tee /dev/null /openlane/designs/full_cpu/runs/RUN_2025.06.14_22.33.02/logs/signoff/32-gdsii.log}"

Sat Jun 14 22:36:56 +0000 2025 - Executing "magic -noconsole -dnull -rcfile /home/kagan/.volare/sky130A/libs.tech/magic/sky130A.magicrc < /openlane/scripts/magic/wrapper.tcl |& tee /dev/null /openlane/designs/full_cpu/runs/RUN_2025.06.14_22.33.02/logs/signoff/32-gds_ptrs.log"

Sat Jun 14 22:36:56 +0000 2025 - Executing "{magic -noconsole -dnull -rcfile /home/kagan/.volare/sky130A/libs.tech/magic/sky130A.magicrc < /openlane/scripts/magic/wrapper.tcl |& tee /dev/null /openlane/designs/full_cpu/runs/RUN_2025.06.14_22.33.02/logs/signoff/32-gds_ptrs.log}"

Sat Jun 14 22:36:56 +0000 2025 - Executing "{sed -i.bak -n {/^<< properties >>/,/^<< end >>/p} /openlane/designs/full_cpu/runs/RUN_2025.06.14_22.33.02/tmp/signoff/gds_ptrs.mag}"

Sat Jun 14 22:36:57 +0000 2025 - Executing "magic -noconsole -dnull -rcfile /home/kagan/.volare/sky130A/libs.tech/magic/sky130A.magicrc < /openlane/scripts/magic/wrapper.tcl |& tee /dev/null /openlane/designs/full_cpu/runs/RUN_2025.06.14_22.33.02/logs/signoff/32-lef.log"

Sat Jun 14 22:36:57 +0000 2025 - Executing "{magic -noconsole -dnull -rcfile /home/kagan/.volare/sky130A/libs.tech/magic/sky130A.magicrc < /openlane/scripts/magic/wrapper.tcl |& tee /dev/null /openlane/designs/full_cpu/runs/RUN_2025.06.14_22.33.02/logs/signoff/32-lef.log}"

Sat Jun 14 22:36:58 +0000 2025 - Executing "magic -noconsole -dnull -rcfile /home/kagan/.volare/sky130A/libs.tech/magic/sky130A.magicrc < /openlane/scripts/magic/wrapper.tcl |& tee /dev/null /openlane/designs/full_cpu/runs/RUN_2025.06.14_22.33.02/logs/signoff/32-maglef.log"

Sat Jun 14 22:36:58 +0000 2025 - Executing "{magic -noconsole -dnull -rcfile /home/kagan/.volare/sky130A/libs.tech/magic/sky130A.magicrc < /openlane/scripts/magic/wrapper.tcl |& tee /dev/null /openlane/designs/full_cpu/runs/RUN_2025.06.14_22.33.02/logs/signoff/32-maglef.log}"

Sat Jun 14 22:36:59 +0000 2025 - Executing "{python3 /openlane/scripts/klayout/stream_out.py --output /openlane/designs/full_cpu/runs/RUN_2025.06.14_22.33.02/results/signoff/CPU_TOP.klayout.gds --lyt /home/kagan/.volare/sky130A/libs.tech/klayout/tech/sky130A.lyt --lym /home/kagan/.volare/sky130A/libs.tech/klayout/tech/sky130A.map --lyp /home/kagan/.volare/sky130A/libs.tech/klayout/tech/sky130A.lyp --top CPU_TOP --with-gds-file /home/kagan/.volare/sky130A/libs.ref/sky130_fd_sc_hd/gds/sky130_fd_sc_hd.gds --input-lef /openlane/designs/full_cpu/runs/RUN_2025.06.14_22.33.02/tmp/merged.nom.lef /openlane/designs/full_cpu/runs/RUN_2025.06.14_22.33.02/results/routing/CPU_TOP.def |& tee /dev/null /openlane/designs/full_cpu/runs/RUN_2025.06.14_22.33.02/logs/signoff/33-gdsii-klayout.log}"

Sat Jun 14 22:36:59 +0000 2025 - Executing "{klayout -b -r /openlane/scripts/klayout/xor.drc -rd a=/openlane/designs/full_cpu/runs/RUN_2025.06.14_22.33.02/results/signoff/CPU_TOP.gds -rd b=/openlane/designs/full_cpu/runs/RUN_2025.06.14_22.33.02/results/signoff/CPU_TOP.klayout.gds -rd jobs=1 -rd rdb_out=/openlane/designs/full_cpu/runs/RUN_2025.06.14_22.33.02/reports/signoff/34-xor.xml -rd ignore=81/14 -rd rpt_out=/openlane/designs/full_cpu/runs/RUN_2025.06.14_22.33.02/reports/signoff/34-xor.rpt |& tee /dev/null /openlane/designs/full_cpu/runs/RUN_2025.06.14_22.33.02/logs/signoff/34-xor.log}"

Sat Jun 14 22:37:05 +0000 2025 - Executing "magic -noconsole -dnull -rcfile /home/kagan/.volare/sky130A/libs.tech/magic/sky130A.magicrc < /openlane/scripts/magic/wrapper.tcl |& tee /dev/null /openlane/designs/full_cpu/runs/RUN_2025.06.14_22.33.02/logs/signoff/35-spice.log"

Sat Jun 14 22:37:05 +0000 2025 - Executing "{magic -noconsole -dnull -rcfile /home/kagan/.volare/sky130A/libs.tech/magic/sky130A.magicrc < /openlane/scripts/magic/wrapper.tcl |& tee /dev/null /openlane/designs/full_cpu/runs/RUN_2025.06.14_22.33.02/logs/signoff/35-spice.log}"

Sat Jun 14 22:37:08 +0000 2025 - Executing "{openroad -exit -no_init -python /openlane/scripts/odbpy/power_utils.py write_powered_def --output /openlane/designs/full_cpu/runs/RUN_2025.06.14_22.33.02/tmp/signoff/35-CPU_TOP.p.def --input-lef /openlane/designs/full_cpu/runs/RUN_2025.06.14_22.33.02/tmp/merged.nom.lef --power-port VPWR --ground-port VGND --powered-netlist {} /openlane/designs/full_cpu/runs/RUN_2025.06.14_22.33.02/results/routing/CPU_TOP.def |& tee /dev/null /openlane/designs/full_cpu/runs/RUN_2025.06.14_22.33.02/logs/signoff/36-write_powered_def.log}"

Sat Jun 14 22:37:09 +0000 2025 - Executing "openroad -exit /openlane/scripts/openroad/write_views.tcl |& tee /dev/null /openlane/designs/full_cpu/runs/RUN_2025.06.14_22.33.02/logs/signoff/36-write_powered_verilog.log"

Sat Jun 14 22:37:09 +0000 2025 - Executing "{openroad -exit /openlane/scripts/openroad/write_views.tcl |& tee /dev/null /openlane/designs/full_cpu/runs/RUN_2025.06.14_22.33.02/logs/signoff/36-write_powered_verilog.log}"

Sat Jun 14 22:37:09 +0000 2025 - Executing "{sed -i.bak -e {s/\(set ::env(CURRENT_NETLIST)\).*/\1 \/openlane\/designs\/full_cpu\/runs\/RUN_2025.06.14_22.33.02\/tmp\/signoff\/35-CPU_TOP.nl.v/} /openlane/designs/full_cpu/runs/RUN_2025.06.14_22.33.02/config.tcl}"

Sat Jun 14 22:37:09 +0000 2025 - Executing "{netgen -batch source /openlane/designs/full_cpu/runs/RUN_2025.06.14_22.33.02/tmp/signoff/38-setup_file.lef.lvs |& tee /dev/null /openlane/designs/full_cpu/runs/RUN_2025.06.14_22.33.02/logs/signoff/38-lvs.lef.log}"

Sat Jun 14 22:37:10 +0000 2025 - Executing "magic -noconsole -dnull -rcfile /home/kagan/.volare/sky130A/libs.tech/magic/sky130A.magicrc < /openlane/scripts/magic/wrapper.tcl |& tee /dev/null /openlane/designs/full_cpu/runs/RUN_2025.06.14_22.33.02/logs/signoff/39-drc.log"

Sat Jun 14 22:37:10 +0000 2025 - Executing "{magic -noconsole -dnull -rcfile /home/kagan/.volare/sky130A/libs.tech/magic/sky130A.magicrc < /openlane/scripts/magic/wrapper.tcl |& tee /dev/null /openlane/designs/full_cpu/runs/RUN_2025.06.14_22.33.02/logs/signoff/39-drc.log}"

Sat Jun 14 22:37:29 +0000 2025 - Executing "{python3 /openlane/scripts/drc_rosetta.py magic to_tcl -o /openlane/designs/full_cpu/runs/RUN_2025.06.14_22.33.02/reports/signoff/drc.tcl /openlane/designs/full_cpu/runs/RUN_2025.06.14_22.33.02/reports/signoff/drc.rpt}"

Sat Jun 14 22:37:29 +0000 2025 - Executing "{python3 /openlane/scripts/drc_rosetta.py magic to_tr -o /openlane/designs/full_cpu/runs/RUN_2025.06.14_22.33.02/reports/signoff/drc.tr /openlane/designs/full_cpu/runs/RUN_2025.06.14_22.33.02/reports/signoff/drc.rpt}"

Sat Jun 14 22:37:29 +0000 2025 - Executing "{python3 /openlane/scripts/drc_rosetta.py tr to_klayout -o /openlane/designs/full_cpu/runs/RUN_2025.06.14_22.33.02/reports/signoff/drc.klayout.xml --design-name CPU_TOP /openlane/designs/full_cpu/runs/RUN_2025.06.14_22.33.02/reports/signoff/drc.tr}"

Sat Jun 14 22:37:29 +0000 2025 - Executing "{python3 /openlane/scripts/drc_rosetta.py magic to_rdb -o /openlane/designs/full_cpu/runs/RUN_2025.06.14_22.33.02/reports/signoff/drc.rdb /openlane/designs/full_cpu/runs/RUN_2025.06.14_22.33.02/reports/signoff/drc.rpt}"

Sat Jun 14 22:37:29 +0000 2025 - Executing "{klayout -b -zz -r /home/kagan/.volare/sky130A/libs.tech/klayout/drc/sky130A_mr.drc -rd topcell=CPU_TOP -rd input=/openlane/designs/full_cpu/runs/RUN_2025.06.14_22.33.02/results/signoff/CPU_TOP.gds -rd report=/openlane/designs/full_cpu/runs/RUN_2025.06.14_22.33.02/reports/signoff/violations.xml -rd feol=true -rd beol=true -rd floating_metal=false -rd seal=true -rd thread=1 |& tee /dev/null /openlane/designs/full_cpu/runs/RUN_2025.06.14_22.33.02/logs/signoff/40-drc-klayout.log}"

Sat Jun 14 22:37:48 +0000 2025 - Executing "{python3 /openlane/scripts/klayout/xml_drc_report_to_json.py --xml-file /openlane/designs/full_cpu/runs/RUN_2025.06.14_22.33.02/reports/signoff/violations.xml --json-file /openlane/designs/full_cpu/runs/RUN_2025.06.14_22.33.02/reports/signoff/violations.json}"

Sat Jun 14 22:37:48 +0000 2025 - Executing "openroad -exit /openlane/scripts/openroad/antenna_check.tcl |& tee /dev/null /openlane/designs/full_cpu/runs/RUN_2025.06.14_22.33.02/logs/signoff/41-arc.log"

Sat Jun 14 22:37:48 +0000 2025 - Executing "{openroad -exit /openlane/scripts/openroad/antenna_check.tcl |& tee /dev/null /openlane/designs/full_cpu/runs/RUN_2025.06.14_22.33.02/logs/signoff/41-arc.log}"

Sat Jun 14 22:37:49 +0000 2025 - Executing "{python3 /openlane/scripts/extract_antenna_violators.py --output /openlane/designs/full_cpu/runs/RUN_2025.06.14_22.33.02/reports/signoff/41-antenna_violators.rpt --plain-out /openlane/designs/full_cpu/runs/RUN_2025.06.14_22.33.02/reports/signoff/41-antenna_violators_pins.txt /openlane/designs/full_cpu/runs/RUN_2025.06.14_22.33.02/logs/signoff/41-arc.log}"

Sat Jun 14 22:37:49 +0000 2025 - Executing "{python3 /openlane/scripts/write_runtime.py --conclude --seconds --time-in 1749940669 {flow completed}}"

Sat Jun 14 22:37:50 +0000 2025 - Executing "{python3 /openlane/scripts/generate_reports.py -d /openlane/designs/full_cpu --design_name CPU_TOP --tag RUN_2025.06.14_22.33.02 --output_file /openlane/designs/full_cpu/runs/RUN_2025.06.14_22.33.02/reports/metrics.csv --man_report /openlane/designs/full_cpu/runs/RUN_2025.06.14_22.33.02/reports/manufacturability.rpt --run_path /openlane/designs/full_cpu/runs/RUN_2025.06.14_22.33.02}"

