
===========================================================================
 report_power
============================================================================
======================= Fastest Corner ===================================

Group                  Internal  Switching    Leakage      Total
                          Power      Power      Power      Power (Watts)
----------------------------------------------------------------
Sequential             1.15e-03   1.69e-03   4.55e-09   2.84e-03   5.5%
Combinational          6.74e-03   3.94e-02   1.10e-07   4.61e-02  88.6%
Clock                  5.20e-04   2.57e-03   6.08e-07   3.09e-03   5.9%
Macro                  0.00e+00   0.00e+00   0.00e+00   0.00e+00   0.0%
Pad                    0.00e+00   0.00e+00   0.00e+00   0.00e+00   0.0%
----------------------------------------------------------------
Total                  8.41e-03   4.36e-02   7.23e-07   5.20e-02 100.0%
                          16.2%      83.8%       0.0%

======================= Slowest Corner ===================================

Group                  Internal  Switching    Leakage      Total
                          Power      Power      Power      Power (Watts)
----------------------------------------------------------------
Sequential             7.40e-04   1.14e-03   3.12e-06   1.88e-03   5.3%
Combinational          4.60e-03   2.67e-02   3.56e-05   3.13e-02  88.7%
Clock                  3.68e-04   1.73e-03   1.15e-06   2.10e-03   5.9%
Macro                  0.00e+00   0.00e+00   0.00e+00   0.00e+00   0.0%
Pad                    0.00e+00   0.00e+00   0.00e+00   0.00e+00   0.0%
----------------------------------------------------------------
Total                  5.71e-03   2.96e-02   3.99e-05   3.53e-02 100.0%
                          16.2%      83.7%       0.1%

======================= Typical Corner ===================================

Group                  Internal  Switching    Leakage      Total
                          Power      Power      Power      Power (Watts)
----------------------------------------------------------------
Sequential             9.55e-04   1.44e-03   1.68e-09   2.40e-03   5.4%
Combinational          5.72e-03   3.37e-02   2.37e-08   3.94e-02  88.6%
Clock                  4.59e-04   2.19e-03   6.07e-07   2.65e-03   6.0%
Macro                  0.00e+00   0.00e+00   0.00e+00   0.00e+00   0.0%
Pad                    0.00e+00   0.00e+00   0.00e+00   0.00e+00   0.0%
----------------------------------------------------------------
Total                  7.13e-03   3.73e-02   6.32e-07   4.44e-02 100.0%
                          16.1%      83.9%       0.0%

