
===========================================================================
 report_power
============================================================================
======================= Fastest Corner ===================================

Group                  Internal  Switching    Leakage      Total
                          Power      Power      Power      Power (Watts)
----------------------------------------------------------------
Sequential             1.55e-03   1.08e-05   2.01e-07   1.56e-03  54.8%
Combinational          2.18e-05   3.70e-05   1.35e-08   5.88e-05   2.1%
Clock                  5.40e-04   6.93e-04   1.18e-08   1.23e-03  43.2%
Macro                  0.00e+00   0.00e+00   0.00e+00   0.00e+00   0.0%
Pad                    0.00e+00   0.00e+00   0.00e+00   0.00e+00   0.0%
----------------------------------------------------------------
Total                  2.11e-03   7.41e-04   2.26e-07   2.86e-03 100.0%
                          74.1%      25.9%       0.0%

======================= Slowest Corner ===================================

Group                  Internal  Switching    Leakage      Total
                          Power      Power      Power      Power (Watts)
----------------------------------------------------------------
Sequential             1.03e-03   7.05e-06   6.93e-06   1.05e-03  54.1%
Combinational          1.58e-05   2.44e-05   1.36e-05   5.38e-05   2.8%
Clock                  3.87e-04   4.47e-04   9.59e-07   8.34e-04  43.1%
Macro                  0.00e+00   0.00e+00   0.00e+00   0.00e+00   0.0%
Pad                    0.00e+00   0.00e+00   0.00e+00   0.00e+00   0.0%
----------------------------------------------------------------
Total                  1.43e-03   4.78e-04   2.15e-05   1.93e-03 100.0%
                          74.2%      24.7%       1.1%

======================= Typical Corner ===================================

Group                  Internal  Switching    Leakage      Total
                          Power      Power      Power      Power (Watts)
----------------------------------------------------------------
Sequential             1.34e-03   9.06e-06   1.98e-07   1.35e-03  54.9%
Combinational          1.94e-05   3.12e-05   9.63e-09   5.06e-05   2.1%
Clock                  4.72e-04   5.83e-04   9.53e-09   1.06e-03  43.0%
Macro                  0.00e+00   0.00e+00   0.00e+00   0.00e+00   0.0%
Pad                    0.00e+00   0.00e+00   0.00e+00   0.00e+00   0.0%
----------------------------------------------------------------
Total                  1.83e-03   6.23e-04   2.17e-07   2.45e-03 100.0%
                          74.6%      25.4%       0.0%

