
===========================================================================
report_checks -unconstrained
===========================================================================
======================= Fastest Corner ===================================

Startpoint: _5425_ (rising edge-triggered flip-flop clocked by core_clock)
Endpoint: _5405_ (rising edge-triggered flip-flop clocked by core_clock)
Path Group: core_clock
Path Type: max
Corner: Fastest

Fanout     Cap    Slew   Delay    Time   Description
-----------------------------------------------------------------------------
                          0.00    0.00   clock core_clock (rise edge)
                          0.00    0.00   clock source latency
     1    0.06    0.00    0.00    0.00 ^ clk (in)
                                         clk (net)
                  0.01    0.00    0.00 ^ clkbuf_0_clk/A (sky130_fd_sc_hd__clkbuf_16)
     4    0.09    0.08    0.12    0.12 ^ clkbuf_0_clk/X (sky130_fd_sc_hd__clkbuf_16)
                                         clknet_0_clk (net)
                  0.09    0.01    0.13 ^ clkbuf_2_0__f_clk/A (sky130_fd_sc_hd__clkbuf_16)
     9    0.11    0.10    0.15    0.27 ^ clkbuf_2_0__f_clk/X (sky130_fd_sc_hd__clkbuf_16)
                                         clknet_2_0__leaf_clk (net)
                  0.10    0.01    0.28 ^ clkbuf_leaf_42_clk/A (sky130_fd_sc_hd__clkbuf_8)
    11    0.04    0.06    0.12    0.40 ^ clkbuf_leaf_42_clk/X (sky130_fd_sc_hd__clkbuf_8)
                                         clknet_leaf_42_clk (net)
                  0.06    0.00    0.41 ^ _5425_/CLK (sky130_fd_sc_hd__dfrtp_1)
     4    0.01    0.06    0.27    0.67 v _5425_/Q (sky130_fd_sc_hd__dfrtp_1)
                                         cpu_inst.decoder_inst.current_pc[25] (net)
                  0.06    0.00    0.67 v _2539_/A (sky130_fd_sc_hd__or4_4)
     2    0.01    0.06    0.33    1.00 v _2539_/X (sky130_fd_sc_hd__or4_4)
                                         _0504_ (net)
                  0.06    0.00    1.00 v _2550_/A (sky130_fd_sc_hd__or4_4)
     4    0.02    0.08    0.36    1.36 v _2550_/X (sky130_fd_sc_hd__or4_4)
                                         _0515_ (net)
                  0.08    0.00    1.36 v clone4/A (sky130_fd_sc_hd__buf_2)
     5    0.02    0.05    0.13    1.49 v clone4/X (sky130_fd_sc_hd__buf_2)
                                         net17 (net)
                  0.05    0.00    1.49 v _2562_/A (sky130_fd_sc_hd__or4_4)
     5    0.06    0.12    0.40    1.89 v _2562_/X (sky130_fd_sc_hd__or4_4)
                                         _0527_ (net)
                  0.12    0.00    1.89 v _2563_/B (sky130_fd_sc_hd__nand2_2)
     7    0.04    0.15    0.16    2.05 ^ _2563_/Y (sky130_fd_sc_hd__nand2_2)
                                         _0528_ (net)
                  0.15    0.00    2.06 ^ _2626_/A (sky130_fd_sc_hd__or3_1)
     1    0.00    0.03    0.09    2.14 ^ _2626_/X (sky130_fd_sc_hd__or3_1)
                                         _0591_ (net)
                  0.03    0.00    2.14 ^ _2627_/A (sky130_fd_sc_hd__buf_2)
    10    0.05    0.17    0.17    2.31 ^ _2627_/X (sky130_fd_sc_hd__buf_2)
                                         _0592_ (net)
                  0.17    0.01    2.31 ^ _2649_/B (sky130_fd_sc_hd__or2_2)
     4    0.03    0.10    0.15    2.46 ^ _2649_/X (sky130_fd_sc_hd__or2_2)
                                         _0614_ (net)
                  0.10    0.00    2.46 ^ _2650_/A (sky130_fd_sc_hd__clkbuf_8)
    10    0.14    0.19    0.20    2.67 ^ _2650_/X (sky130_fd_sc_hd__clkbuf_8)
                                         _0615_ (net)
                  0.19    0.01    2.68 ^ _2651_/B (sky130_fd_sc_hd__nor2_1)
     2    0.02    0.09    0.09    2.77 v _2651_/Y (sky130_fd_sc_hd__nor2_1)
                                         _0616_ (net)
                  0.09    0.00    2.77 v _2652_/B (sky130_fd_sc_hd__nor2_2)
     4    0.02    0.19    0.18    2.94 ^ _2652_/Y (sky130_fd_sc_hd__nor2_2)
                                         _0617_ (net)
                  0.19    0.00    2.95 ^ _2894_/A (sky130_fd_sc_hd__buf_4)
    10    0.10    0.21    0.22    3.17 ^ _2894_/X (sky130_fd_sc_hd__buf_4)
                                         _0859_ (net)
                  0.21    0.01    3.17 ^ _2947_/A1 (sky130_fd_sc_hd__a31oi_4)
     9    0.04    0.14    0.13    3.31 v _2947_/Y (sky130_fd_sc_hd__a31oi_4)
                                         _0912_ (net)
                  0.14    0.00    3.31 v _2948_/A3 (sky130_fd_sc_hd__a31o_1)
     1    0.01    0.03    0.18    3.49 v _2948_/X (sky130_fd_sc_hd__a31o_1)
                                         _0913_ (net)
                  0.03    0.00    3.49 v _2949_/B (sky130_fd_sc_hd__xnor2_1)
     2    0.00    0.11    0.11    3.60 ^ _2949_/Y (sky130_fd_sc_hd__xnor2_1)
                                         _0914_ (net)
                  0.11    0.00    3.60 ^ _2951_/A_N (sky130_fd_sc_hd__and2b_1)
     1    0.00    0.03    0.12    3.72 v _2951_/X (sky130_fd_sc_hd__and2b_1)
                                         _0916_ (net)
                  0.03    0.00    3.72 v _2952_/B (sky130_fd_sc_hd__nor2_2)
     2    0.01    0.08    0.08    3.80 ^ _2952_/Y (sky130_fd_sc_hd__nor2_2)
                                         _0917_ (net)
                  0.08    0.00    3.80 ^ _2953_/A1 (sky130_fd_sc_hd__a21o_1)
     2    0.02    0.12    0.13    3.93 ^ _2953_/X (sky130_fd_sc_hd__a21o_1)
                                         _0918_ (net)
                  0.12    0.00    3.94 ^ _2955_/A1 (sky130_fd_sc_hd__a21boi_2)
     3    0.01    0.06    0.06    3.99 v _2955_/Y (sky130_fd_sc_hd__a21boi_2)
                                         _0920_ (net)
                  0.06    0.00    4.00 v _2985_/A1 (sky130_fd_sc_hd__a211o_4)
     5    0.02    0.05    0.23    4.22 v _2985_/X (sky130_fd_sc_hd__a211o_4)
                                         _0950_ (net)
                  0.05    0.00    4.23 v _3054_/A1 (sky130_fd_sc_hd__a2111o_1)
     3    0.01    0.07    0.26    4.49 v _3054_/X (sky130_fd_sc_hd__a2111o_1)
                                         _1019_ (net)
                  0.07    0.00    4.49 v _3407_/A1 (sky130_fd_sc_hd__a2111o_1)
     3    0.01    0.08    0.27    4.76 v _3407_/X (sky130_fd_sc_hd__a2111o_1)
                                         _1346_ (net)
                  0.08    0.00    4.76 v _3594_/A2 (sky130_fd_sc_hd__a2111o_1)
     3    0.01    0.08    0.30    5.06 v _3594_/X (sky130_fd_sc_hd__a2111o_1)
                                         _1529_ (net)
                  0.08    0.00    5.06 v _3643_/A2 (sky130_fd_sc_hd__a211o_1)
     2    0.01    0.04    0.20    5.27 v _3643_/X (sky130_fd_sc_hd__a211o_1)
                                         _1576_ (net)
                  0.04    0.00    5.27 v _3668_/A2 (sky130_fd_sc_hd__a21o_1)
     3    0.01    0.04    0.13    5.40 v _3668_/X (sky130_fd_sc_hd__a21o_1)
                                         _1601_ (net)
                  0.04    0.00    5.40 v _3703_/A1 (sky130_fd_sc_hd__a21oi_1)
     1    0.00    0.10    0.10    5.50 ^ _3703_/Y (sky130_fd_sc_hd__a21oi_1)
                                         _1635_ (net)
                  0.10    0.00    5.50 ^ _3704_/A (sky130_fd_sc_hd__nor2_1)
     2    0.01    0.04    0.05    5.55 v _3704_/Y (sky130_fd_sc_hd__nor2_1)
                                         _1636_ (net)
                  0.04    0.00    5.55 v _3712_/A1 (sky130_fd_sc_hd__a21o_1)
     5    0.03    0.10    0.17    5.72 v _3712_/X (sky130_fd_sc_hd__a21o_1)
                                         _1644_ (net)
                  0.10    0.00    5.72 v _4649_/A (sky130_fd_sc_hd__or4_4)
     1    0.00    0.06    0.33    6.05 v _4649_/X (sky130_fd_sc_hd__or4_4)
                                         _2282_ (net)
                  0.06    0.00    6.05 v _4650_/C (sky130_fd_sc_hd__or3_4)
     1    0.00    0.04    0.19    6.25 v _4650_/X (sky130_fd_sc_hd__or3_4)
                                         _2283_ (net)
                  0.04    0.00    6.25 v _4651_/D (sky130_fd_sc_hd__or4_4)
     8    0.05    0.10    0.31    6.56 v _4651_/X (sky130_fd_sc_hd__or4_4)
                                         _2284_ (net)
                  0.11    0.01    6.56 v _4661_/A (sky130_fd_sc_hd__and3_1)
     3    0.01    0.05    0.14    6.70 v _4661_/X (sky130_fd_sc_hd__and3_1)
                                         _2292_ (net)
                  0.05    0.00    6.70 v _4662_/A (sky130_fd_sc_hd__buf_6)
    10    0.03    0.03    0.10    6.79 v _4662_/X (sky130_fd_sc_hd__buf_6)
                                         _2293_ (net)
                  0.03    0.00    6.80 v _4672_/B2 (sky130_fd_sc_hd__a2bb2o_1)
     1    0.00    0.03    0.14    6.93 v _4672_/X (sky130_fd_sc_hd__a2bb2o_1)
                                         _0325_ (net)
                  0.03    0.00    6.94 v _5405_/D (sky130_fd_sc_hd__dfrtp_2)
                                  6.94   data arrival time

                         15.00   15.00   clock core_clock (rise edge)
                          0.00   15.00   clock source latency
     1    0.06    0.00    0.00   15.00 ^ clk (in)
                                         clk (net)
                  0.01    0.00   15.00 ^ clkbuf_0_clk/A (sky130_fd_sc_hd__clkbuf_16)
     4    0.09    0.08    0.12   15.12 ^ clkbuf_0_clk/X (sky130_fd_sc_hd__clkbuf_16)
                                         clknet_0_clk (net)
                  0.09    0.01   15.13 ^ clkbuf_2_0__f_clk/A (sky130_fd_sc_hd__clkbuf_16)
     9    0.11    0.10    0.15   15.27 ^ clkbuf_2_0__f_clk/X (sky130_fd_sc_hd__clkbuf_16)
                                         clknet_2_0__leaf_clk (net)
                  0.10    0.01   15.28 ^ clkbuf_leaf_0_clk/A (sky130_fd_sc_hd__clkbuf_8)
    12    0.04    0.06    0.13   15.41 ^ clkbuf_leaf_0_clk/X (sky130_fd_sc_hd__clkbuf_8)
                                         clknet_leaf_0_clk (net)
                  0.06    0.00   15.41 ^ _5405_/CLK (sky130_fd_sc_hd__dfrtp_2)
                          0.00   15.41   clock reconvergence pessimism
                         -0.07   15.34   library setup time
                                 15.34   data required time
-----------------------------------------------------------------------------
                                 15.34   data required time
                                 -6.94   data arrival time
-----------------------------------------------------------------------------
                                  8.40   slack (MET)



======================= Slowest Corner ===================================

Startpoint: _5425_ (rising edge-triggered flip-flop clocked by core_clock)
Endpoint: _5405_ (rising edge-triggered flip-flop clocked by core_clock)
Path Group: core_clock
Path Type: max
Corner: Slowest

Fanout     Cap    Slew   Delay    Time   Description
-----------------------------------------------------------------------------
                          0.00    0.00   clock core_clock (rise edge)
                          0.00    0.00   clock source latency
     1    0.06    0.00    0.00    0.00 ^ clk (in)
                                         clk (net)
                  0.01    0.00    0.00 ^ clkbuf_0_clk/A (sky130_fd_sc_hd__clkbuf_16)
     4    0.09    0.17    0.28    0.28 ^ clkbuf_0_clk/X (sky130_fd_sc_hd__clkbuf_16)
                                         clknet_0_clk (net)
                  0.17    0.01    0.29 ^ clkbuf_2_0__f_clk/A (sky130_fd_sc_hd__clkbuf_16)
     9    0.11    0.20    0.37    0.66 ^ clkbuf_2_0__f_clk/X (sky130_fd_sc_hd__clkbuf_16)
                                         clknet_2_0__leaf_clk (net)
                  0.20    0.01    0.66 ^ clkbuf_leaf_42_clk/A (sky130_fd_sc_hd__clkbuf_8)
    11    0.04    0.12    0.33    0.99 ^ clkbuf_leaf_42_clk/X (sky130_fd_sc_hd__clkbuf_8)
                                         clknet_leaf_42_clk (net)
                  0.12    0.00    1.00 ^ _5425_/CLK (sky130_fd_sc_hd__dfrtp_1)
     4    0.01    0.16    0.86    1.85 v _5425_/Q (sky130_fd_sc_hd__dfrtp_1)
                                         cpu_inst.decoder_inst.current_pc[25] (net)
                  0.16    0.00    1.85 v _2539_/A (sky130_fd_sc_hd__or4_4)
     2    0.01    0.16    1.09    2.95 v _2539_/X (sky130_fd_sc_hd__or4_4)
                                         _0504_ (net)
                  0.16    0.00    2.95 v _2550_/A (sky130_fd_sc_hd__or4_4)
     4    0.02    0.21    1.19    4.14 v _2550_/X (sky130_fd_sc_hd__or4_4)
                                         _0515_ (net)
                  0.21    0.00    4.14 v clone4/A (sky130_fd_sc_hd__buf_2)
     5    0.03    0.13    0.38    4.52 v clone4/X (sky130_fd_sc_hd__buf_2)
                                         net17 (net)
                  0.13    0.00    4.52 v _2562_/A (sky130_fd_sc_hd__or4_4)
     5    0.06    0.30    1.29    5.82 v _2562_/X (sky130_fd_sc_hd__or4_4)
                                         _0527_ (net)
                  0.30    0.00    5.82 v _2563_/B (sky130_fd_sc_hd__nand2_2)
     7    0.03    0.30    0.38    6.20 ^ _2563_/Y (sky130_fd_sc_hd__nand2_2)
                                         _0528_ (net)
                  0.30    0.00    6.20 ^ _2626_/A (sky130_fd_sc_hd__or3_1)
     1    0.00    0.07    0.28    6.48 ^ _2626_/X (sky130_fd_sc_hd__or3_1)
                                         _0591_ (net)
                  0.07    0.00    6.48 ^ _2627_/A (sky130_fd_sc_hd__buf_2)
    10    0.05    0.36    0.40    6.88 ^ _2627_/X (sky130_fd_sc_hd__buf_2)
                                         _0592_ (net)
                  0.36    0.01    6.89 ^ _2649_/B (sky130_fd_sc_hd__or2_2)
     4    0.03    0.21    0.43    7.31 ^ _2649_/X (sky130_fd_sc_hd__or2_2)
                                         _0614_ (net)
                  0.21    0.00    7.31 ^ _2650_/A (sky130_fd_sc_hd__clkbuf_8)
    10    0.14    0.38    0.52    7.83 ^ _2650_/X (sky130_fd_sc_hd__clkbuf_8)
                                         _0615_ (net)
                  0.38    0.01    7.84 ^ _2651_/B (sky130_fd_sc_hd__nor2_1)
     2    0.02    0.19    0.30    8.14 v _2651_/Y (sky130_fd_sc_hd__nor2_1)
                                         _0616_ (net)
                  0.19    0.00    8.14 v _2671_/B (sky130_fd_sc_hd__nor2_4)
     7    0.04    0.43    0.43    8.57 ^ _2671_/Y (sky130_fd_sc_hd__nor2_4)
                                         _0636_ (net)
                  0.43    0.00    8.57 ^ _2672_/A (sky130_fd_sc_hd__buf_6)
     5    0.05    0.17    0.40    8.97 ^ _2672_/X (sky130_fd_sc_hd__buf_6)
                                         _0637_ (net)
                  0.17    0.00    8.97 ^ _2679_/A1 (sky130_fd_sc_hd__a31oi_4)
     8    0.04    0.33    0.35    9.33 v _2679_/Y (sky130_fd_sc_hd__a31oi_4)
                                         _0644_ (net)
                  0.33    0.00    9.33 v _2681_/B (sky130_fd_sc_hd__or3_1)
     2    0.01    0.17    0.94   10.27 v _2681_/X (sky130_fd_sc_hd__or3_1)
                                         _0646_ (net)
                  0.17    0.00   10.27 v _2700_/B (sky130_fd_sc_hd__and3_1)
     2    0.01    0.11    0.42   10.69 v _2700_/X (sky130_fd_sc_hd__and3_1)
                                         _0665_ (net)
                  0.11    0.00   10.69 v _2925_/A1 (sky130_fd_sc_hd__o21ai_2)
     2    0.01    0.25    0.31   11.01 ^ _2925_/Y (sky130_fd_sc_hd__o21ai_2)
                                         _0890_ (net)
                  0.25    0.00   11.01 ^ _2937_/A1 (sky130_fd_sc_hd__a21bo_1)
     2    0.01    0.15    0.34   11.34 ^ _2937_/X (sky130_fd_sc_hd__a21bo_1)
                                         _0902_ (net)
                  0.15    0.00   11.34 ^ _2953_/A2 (sky130_fd_sc_hd__a21o_1)
     2    0.02    0.25    0.38   11.72 ^ _2953_/X (sky130_fd_sc_hd__a21o_1)
                                         _0918_ (net)
                  0.25    0.00   11.73 ^ _2955_/A1 (sky130_fd_sc_hd__a21boi_2)
     3    0.01    0.15    0.23   11.96 v _2955_/Y (sky130_fd_sc_hd__a21boi_2)
                                         _0920_ (net)
                  0.15    0.00   11.96 v _2985_/A1 (sky130_fd_sc_hd__a211o_4)
     5    0.02    0.11    0.65   12.61 v _2985_/X (sky130_fd_sc_hd__a211o_4)
                                         _0950_ (net)
                  0.11    0.00   12.61 v _3131_/A1 (sky130_fd_sc_hd__a21oi_2)
     2    0.01    0.22    0.28   12.89 ^ _3131_/Y (sky130_fd_sc_hd__a21oi_2)
                                         _1096_ (net)
                  0.22    0.00   12.89 ^ _3210_/A (sky130_fd_sc_hd__xnor2_1)
     2    0.01    0.13    0.23   13.12 v _3210_/Y (sky130_fd_sc_hd__xnor2_1)
                                         _1175_ (net)
                  0.13    0.00   13.12 v _3218_/A1 (sky130_fd_sc_hd__a21o_2)
     6    0.05    0.25    0.56   13.68 v _3218_/X (sky130_fd_sc_hd__a21o_2)
                                         _1183_ (net)
                  0.25    0.00   13.69 v _4643_/A (sky130_fd_sc_hd__or4b_1)
     1    0.00    0.18    1.28   14.96 v _4643_/X (sky130_fd_sc_hd__or4b_1)
                                         _2276_ (net)
                  0.18    0.00   14.97 v _4644_/C (sky130_fd_sc_hd__or3_4)
     1    0.01    0.13    0.71   15.67 v _4644_/X (sky130_fd_sc_hd__or3_4)
                                         _2277_ (net)
                  0.13    0.00   15.67 v _4645_/D (sky130_fd_sc_hd__or4_4)
     1    0.00    0.15    0.84   16.51 v _4645_/X (sky130_fd_sc_hd__or4_4)
                                         _2278_ (net)
                  0.15    0.00   16.51 v _4646_/C (sky130_fd_sc_hd__or3_4)
     1    0.01    0.13    0.69   17.20 v _4646_/X (sky130_fd_sc_hd__or3_4)
                                         _2279_ (net)
                  0.13    0.00   17.20 v _4647_/D (sky130_fd_sc_hd__or4_4)
     1    0.00    0.15    0.84   18.04 v _4647_/X (sky130_fd_sc_hd__or4_4)
                                         _2280_ (net)
                  0.15    0.00   18.04 v _4648_/D (sky130_fd_sc_hd__or4_4)
     1    0.01    0.17    0.90   18.94 v _4648_/X (sky130_fd_sc_hd__or4_4)
                                         _2281_ (net)
                  0.17    0.00   18.94 v _4651_/C (sky130_fd_sc_hd__or4_4)
     8    0.04    0.27    1.18   20.12 v _4651_/X (sky130_fd_sc_hd__or4_4)
                                         _2284_ (net)
                  0.27    0.01   20.12 v _4661_/A (sky130_fd_sc_hd__and3_1)
     3    0.01    0.12    0.44   20.56 v _4661_/X (sky130_fd_sc_hd__and3_1)
                                         _2292_ (net)
                  0.12    0.00   20.56 v _4662_/A (sky130_fd_sc_hd__buf_6)
    10    0.03    0.07    0.27   20.83 v _4662_/X (sky130_fd_sc_hd__buf_6)
                                         _2293_ (net)
                  0.07    0.00   20.83 v _4672_/B2 (sky130_fd_sc_hd__a2bb2o_1)
     1    0.00    0.09    0.52   21.35 v _4672_/X (sky130_fd_sc_hd__a2bb2o_1)
                                         _0325_ (net)
                  0.09    0.00   21.35 v _5405_/D (sky130_fd_sc_hd__dfrtp_2)
                                 21.35   data arrival time

                         15.00   15.00   clock core_clock (rise edge)
                          0.00   15.00   clock source latency
     1    0.06    0.00    0.00   15.00 ^ clk (in)
                                         clk (net)
                  0.01    0.00   15.00 ^ clkbuf_0_clk/A (sky130_fd_sc_hd__clkbuf_16)
     4    0.09    0.17    0.28   15.28 ^ clkbuf_0_clk/X (sky130_fd_sc_hd__clkbuf_16)
                                         clknet_0_clk (net)
                  0.17    0.01   15.29 ^ clkbuf_2_0__f_clk/A (sky130_fd_sc_hd__clkbuf_16)
     9    0.11    0.20    0.37   15.66 ^ clkbuf_2_0__f_clk/X (sky130_fd_sc_hd__clkbuf_16)
                                         clknet_2_0__leaf_clk (net)
                  0.20    0.01   15.66 ^ clkbuf_leaf_0_clk/A (sky130_fd_sc_hd__clkbuf_8)
    12    0.04    0.13    0.33   16.00 ^ clkbuf_leaf_0_clk/X (sky130_fd_sc_hd__clkbuf_8)
                                         clknet_leaf_0_clk (net)
                  0.13    0.00   16.00 ^ _5405_/CLK (sky130_fd_sc_hd__dfrtp_2)
                          0.00   16.00   clock reconvergence pessimism
                         -0.27   15.73   library setup time
                                 15.73   data required time
-----------------------------------------------------------------------------
                                 15.73   data required time
                                -21.35   data arrival time
-----------------------------------------------------------------------------
                                 -5.62   slack (VIOLATED)



======================= Typical Corner ===================================

Startpoint: _5425_ (rising edge-triggered flip-flop clocked by core_clock)
Endpoint: _5405_ (rising edge-triggered flip-flop clocked by core_clock)
Path Group: core_clock
Path Type: max
Corner: Typical

Fanout     Cap    Slew   Delay    Time   Description
-----------------------------------------------------------------------------
                          0.00    0.00   clock core_clock (rise edge)
                          0.00    0.00   clock source latency
     1    0.06    0.00    0.00    0.00 ^ clk (in)
                                         clk (net)
                  0.01    0.00    0.00 ^ clkbuf_0_clk/A (sky130_fd_sc_hd__clkbuf_16)
     4    0.09    0.11    0.16    0.17 ^ clkbuf_0_clk/X (sky130_fd_sc_hd__clkbuf_16)
                                         clknet_0_clk (net)
                  0.11    0.01    0.17 ^ clkbuf_2_0__f_clk/A (sky130_fd_sc_hd__clkbuf_16)
     9    0.11    0.13    0.22    0.39 ^ clkbuf_2_0__f_clk/X (sky130_fd_sc_hd__clkbuf_16)
                                         clknet_2_0__leaf_clk (net)
                  0.13    0.01    0.40 ^ clkbuf_leaf_42_clk/A (sky130_fd_sc_hd__clkbuf_8)
    11    0.04    0.08    0.18    0.58 ^ clkbuf_leaf_42_clk/X (sky130_fd_sc_hd__clkbuf_8)
                                         clknet_leaf_42_clk (net)
                  0.08    0.00    0.58 ^ _5425_/CLK (sky130_fd_sc_hd__dfrtp_1)
     4    0.01    0.08    0.42    1.00 v _5425_/Q (sky130_fd_sc_hd__dfrtp_1)
                                         cpu_inst.decoder_inst.current_pc[25] (net)
                  0.08    0.00    1.00 v _2539_/A (sky130_fd_sc_hd__or4_4)
     2    0.01    0.09    0.55    1.55 v _2539_/X (sky130_fd_sc_hd__or4_4)
                                         _0504_ (net)
                  0.09    0.00    1.55 v _2550_/A (sky130_fd_sc_hd__or4_4)
     4    0.02    0.12    0.60    2.14 v _2550_/X (sky130_fd_sc_hd__or4_4)
                                         _0515_ (net)
                  0.12    0.00    2.14 v clone4/A (sky130_fd_sc_hd__buf_2)
     5    0.02    0.07    0.19    2.34 v clone4/X (sky130_fd_sc_hd__buf_2)
                                         net17 (net)
                  0.07    0.00    2.34 v _2562_/A (sky130_fd_sc_hd__or4_4)
     5    0.06    0.16    0.66    3.00 v _2562_/X (sky130_fd_sc_hd__or4_4)
                                         _0527_ (net)
                  0.16    0.00    3.00 v _2563_/B (sky130_fd_sc_hd__nand2_2)
     7    0.03    0.19    0.22    3.22 ^ _2563_/Y (sky130_fd_sc_hd__nand2_2)
                                         _0528_ (net)
                  0.19    0.00    3.23 ^ _2626_/A (sky130_fd_sc_hd__or3_1)
     1    0.00    0.05    0.14    3.37 ^ _2626_/X (sky130_fd_sc_hd__or3_1)
                                         _0591_ (net)
                  0.05    0.00    3.37 ^ _2627_/A (sky130_fd_sc_hd__buf_2)
    10    0.05    0.23    0.23    3.60 ^ _2627_/X (sky130_fd_sc_hd__buf_2)
                                         _0592_ (net)
                  0.23    0.01    3.61 ^ _2649_/B (sky130_fd_sc_hd__or2_2)
     4    0.03    0.14    0.23    3.84 ^ _2649_/X (sky130_fd_sc_hd__or2_2)
                                         _0614_ (net)
                  0.14    0.00    3.84 ^ _2650_/A (sky130_fd_sc_hd__clkbuf_8)
    10    0.14    0.24    0.30    4.14 ^ _2650_/X (sky130_fd_sc_hd__clkbuf_8)
                                         _0615_ (net)
                  0.25    0.01    4.15 ^ _2651_/B (sky130_fd_sc_hd__nor2_1)
     2    0.02    0.11    0.15    4.30 v _2651_/Y (sky130_fd_sc_hd__nor2_1)
                                         _0616_ (net)
                  0.11    0.00    4.30 v _2671_/B (sky130_fd_sc_hd__nor2_4)
     7    0.04    0.27    0.25    4.55 ^ _2671_/Y (sky130_fd_sc_hd__nor2_4)
                                         _0636_ (net)
                  0.27    0.00    4.56 ^ _2672_/A (sky130_fd_sc_hd__buf_6)
     5    0.05    0.11    0.20    4.76 ^ _2672_/X (sky130_fd_sc_hd__buf_6)
                                         _0637_ (net)
                  0.11    0.00    4.76 ^ _2679_/A1 (sky130_fd_sc_hd__a31oi_4)
     8    0.04    0.17    0.17    4.93 v _2679_/Y (sky130_fd_sc_hd__a31oi_4)
                                         _0644_ (net)
                  0.17    0.00    4.94 v _2681_/B (sky130_fd_sc_hd__or3_1)
     2    0.01    0.08    0.40    5.34 v _2681_/X (sky130_fd_sc_hd__or3_1)
                                         _0646_ (net)
                  0.08    0.00    5.34 v _2700_/B (sky130_fd_sc_hd__and3_1)
     2    0.01    0.06    0.20    5.54 v _2700_/X (sky130_fd_sc_hd__and3_1)
                                         _0665_ (net)
                  0.06    0.00    5.54 v _2925_/A1 (sky130_fd_sc_hd__o21ai_2)
     2    0.01    0.15    0.18    5.72 ^ _2925_/Y (sky130_fd_sc_hd__o21ai_2)
                                         _0890_ (net)
                  0.15    0.00    5.72 ^ _2937_/A1 (sky130_fd_sc_hd__a21bo_1)
     2    0.01    0.09    0.17    5.89 ^ _2937_/X (sky130_fd_sc_hd__a21bo_1)
                                         _0902_ (net)
                  0.09    0.00    5.89 ^ _2953_/A2 (sky130_fd_sc_hd__a21o_1)
     2    0.02    0.16    0.20    6.09 ^ _2953_/X (sky130_fd_sc_hd__a21o_1)
                                         _0918_ (net)
                  0.16    0.00    6.09 ^ _2955_/A1 (sky130_fd_sc_hd__a21boi_2)
     3    0.01    0.08    0.11    6.20 v _2955_/Y (sky130_fd_sc_hd__a21boi_2)
                                         _0920_ (net)
                  0.08    0.00    6.20 v _2985_/A1 (sky130_fd_sc_hd__a211o_4)
     5    0.02    0.07    0.36    6.56 v _2985_/X (sky130_fd_sc_hd__a211o_4)
                                         _0950_ (net)
                  0.07    0.00    6.56 v _3054_/A1 (sky130_fd_sc_hd__a2111o_1)
     3    0.01    0.11    0.42    6.99 v _3054_/X (sky130_fd_sc_hd__a2111o_1)
                                         _1019_ (net)
                  0.11    0.00    6.99 v _3061_/A2 (sky130_fd_sc_hd__a21o_1)
     3    0.01    0.07    0.24    7.22 v _3061_/X (sky130_fd_sc_hd__a21o_1)
                                         _1026_ (net)
                  0.07    0.00    7.22 v _3084_/A (sky130_fd_sc_hd__or2_4)
     3    0.01    0.05    0.26    7.49 v _3084_/X (sky130_fd_sc_hd__or2_4)
                                         _1049_ (net)
                  0.05    0.00    7.49 v _3110_/A1 (sky130_fd_sc_hd__a32o_2)
     2    0.01    0.05    0.26    7.75 v _3110_/X (sky130_fd_sc_hd__a32o_2)
                                         _1075_ (net)
                  0.05    0.00    7.75 v _4644_/A (sky130_fd_sc_hd__or3_4)
     1    0.01    0.07    0.39    8.14 v _4644_/X (sky130_fd_sc_hd__or3_4)
                                         _2277_ (net)
                  0.07    0.00    8.14 v _4645_/D (sky130_fd_sc_hd__or4_4)
     1    0.00    0.08    0.41    8.55 v _4645_/X (sky130_fd_sc_hd__or4_4)
                                         _2278_ (net)
                  0.08    0.00    8.55 v _4646_/C (sky130_fd_sc_hd__or3_4)
     1    0.01    0.07    0.34    8.89 v _4646_/X (sky130_fd_sc_hd__or3_4)
                                         _2279_ (net)
                  0.07    0.00    8.89 v _4647_/D (sky130_fd_sc_hd__or4_4)
     1    0.00    0.08    0.41    9.30 v _4647_/X (sky130_fd_sc_hd__or4_4)
                                         _2280_ (net)
                  0.08    0.00    9.30 v _4648_/D (sky130_fd_sc_hd__or4_4)
     1    0.01    0.10    0.44    9.75 v _4648_/X (sky130_fd_sc_hd__or4_4)
                                         _2281_ (net)
                  0.10    0.00    9.75 v _4651_/C (sky130_fd_sc_hd__or4_4)
     8    0.04    0.15    0.59   10.34 v _4651_/X (sky130_fd_sc_hd__or4_4)
                                         _2284_ (net)
                  0.15    0.01   10.34 v _4661_/A (sky130_fd_sc_hd__and3_1)
     3    0.01    0.06    0.22   10.56 v _4661_/X (sky130_fd_sc_hd__and3_1)
                                         _2292_ (net)
                  0.06    0.00   10.56 v _4662_/A (sky130_fd_sc_hd__buf_6)
    10    0.03    0.04    0.14   10.70 v _4662_/X (sky130_fd_sc_hd__buf_6)
                                         _2293_ (net)
                  0.04    0.00   10.71 v _4672_/B2 (sky130_fd_sc_hd__a2bb2o_1)
     1    0.00    0.05    0.23   10.94 v _4672_/X (sky130_fd_sc_hd__a2bb2o_1)
                                         _0325_ (net)
                  0.05    0.00   10.94 v _5405_/D (sky130_fd_sc_hd__dfrtp_2)
                                 10.94   data arrival time

                         15.00   15.00   clock core_clock (rise edge)
                          0.00   15.00   clock source latency
     1    0.06    0.00    0.00   15.00 ^ clk (in)
                                         clk (net)
                  0.01    0.00   15.00 ^ clkbuf_0_clk/A (sky130_fd_sc_hd__clkbuf_16)
     4    0.09    0.11    0.16   15.17 ^ clkbuf_0_clk/X (sky130_fd_sc_hd__clkbuf_16)
                                         clknet_0_clk (net)
                  0.11    0.01   15.17 ^ clkbuf_2_0__f_clk/A (sky130_fd_sc_hd__clkbuf_16)
     9    0.11    0.13    0.22   15.39 ^ clkbuf_2_0__f_clk/X (sky130_fd_sc_hd__clkbuf_16)
                                         clknet_2_0__leaf_clk (net)
                  0.13    0.01   15.40 ^ clkbuf_leaf_0_clk/A (sky130_fd_sc_hd__clkbuf_8)
    12    0.04    0.08    0.19   15.58 ^ clkbuf_leaf_0_clk/X (sky130_fd_sc_hd__clkbuf_8)
                                         clknet_leaf_0_clk (net)
                  0.08    0.00   15.58 ^ _5405_/CLK (sky130_fd_sc_hd__dfrtp_2)
                          0.00   15.58   clock reconvergence pessimism
                         -0.11   15.48   library setup time
                                 15.48   data required time
-----------------------------------------------------------------------------
                                 15.48   data required time
                                -10.94   data arrival time
-----------------------------------------------------------------------------
                                  4.54   slack (MET)




===========================================================================
report_checks --slack_max -0.01
============================================================================
======================= Fastest Corner ===================================

No paths found.

======================= Slowest Corner ===================================

Startpoint: _5425_ (rising edge-triggered flip-flop clocked by core_clock)
Endpoint: _5405_ (rising edge-triggered flip-flop clocked by core_clock)
Path Group: core_clock
Path Type: max
Corner: Slowest

Fanout     Cap    Slew   Delay    Time   Description
-----------------------------------------------------------------------------
                          0.00    0.00   clock core_clock (rise edge)
                          0.00    0.00   clock source latency
     1    0.06    0.00    0.00    0.00 ^ clk (in)
                                         clk (net)
                  0.01    0.00    0.00 ^ clkbuf_0_clk/A (sky130_fd_sc_hd__clkbuf_16)
     4    0.09    0.17    0.28    0.28 ^ clkbuf_0_clk/X (sky130_fd_sc_hd__clkbuf_16)
                                         clknet_0_clk (net)
                  0.17    0.01    0.29 ^ clkbuf_2_0__f_clk/A (sky130_fd_sc_hd__clkbuf_16)
     9    0.11    0.20    0.37    0.66 ^ clkbuf_2_0__f_clk/X (sky130_fd_sc_hd__clkbuf_16)
                                         clknet_2_0__leaf_clk (net)
                  0.20    0.01    0.66 ^ clkbuf_leaf_42_clk/A (sky130_fd_sc_hd__clkbuf_8)
    11    0.04    0.12    0.33    0.99 ^ clkbuf_leaf_42_clk/X (sky130_fd_sc_hd__clkbuf_8)
                                         clknet_leaf_42_clk (net)
                  0.12    0.00    1.00 ^ _5425_/CLK (sky130_fd_sc_hd__dfrtp_1)
     4    0.01    0.16    0.86    1.85 v _5425_/Q (sky130_fd_sc_hd__dfrtp_1)
                                         cpu_inst.decoder_inst.current_pc[25] (net)
                  0.16    0.00    1.85 v _2539_/A (sky130_fd_sc_hd__or4_4)
     2    0.01    0.16    1.09    2.95 v _2539_/X (sky130_fd_sc_hd__or4_4)
                                         _0504_ (net)
                  0.16    0.00    2.95 v _2550_/A (sky130_fd_sc_hd__or4_4)
     4    0.02    0.21    1.19    4.14 v _2550_/X (sky130_fd_sc_hd__or4_4)
                                         _0515_ (net)
                  0.21    0.00    4.14 v clone4/A (sky130_fd_sc_hd__buf_2)
     5    0.03    0.13    0.38    4.52 v clone4/X (sky130_fd_sc_hd__buf_2)
                                         net17 (net)
                  0.13    0.00    4.52 v _2562_/A (sky130_fd_sc_hd__or4_4)
     5    0.06    0.30    1.29    5.82 v _2562_/X (sky130_fd_sc_hd__or4_4)
                                         _0527_ (net)
                  0.30    0.00    5.82 v _2563_/B (sky130_fd_sc_hd__nand2_2)
     7    0.03    0.30    0.38    6.20 ^ _2563_/Y (sky130_fd_sc_hd__nand2_2)
                                         _0528_ (net)
                  0.30    0.00    6.20 ^ _2626_/A (sky130_fd_sc_hd__or3_1)
     1    0.00    0.07    0.28    6.48 ^ _2626_/X (sky130_fd_sc_hd__or3_1)
                                         _0591_ (net)
                  0.07    0.00    6.48 ^ _2627_/A (sky130_fd_sc_hd__buf_2)
    10    0.05    0.36    0.40    6.88 ^ _2627_/X (sky130_fd_sc_hd__buf_2)
                                         _0592_ (net)
                  0.36    0.01    6.89 ^ _2649_/B (sky130_fd_sc_hd__or2_2)
     4    0.03    0.21    0.43    7.31 ^ _2649_/X (sky130_fd_sc_hd__or2_2)
                                         _0614_ (net)
                  0.21    0.00    7.31 ^ _2650_/A (sky130_fd_sc_hd__clkbuf_8)
    10    0.14    0.38    0.52    7.83 ^ _2650_/X (sky130_fd_sc_hd__clkbuf_8)
                                         _0615_ (net)
                  0.38    0.01    7.84 ^ _2651_/B (sky130_fd_sc_hd__nor2_1)
     2    0.02    0.19    0.30    8.14 v _2651_/Y (sky130_fd_sc_hd__nor2_1)
                                         _0616_ (net)
                  0.19    0.00    8.14 v _2671_/B (sky130_fd_sc_hd__nor2_4)
     7    0.04    0.43    0.43    8.57 ^ _2671_/Y (sky130_fd_sc_hd__nor2_4)
                                         _0636_ (net)
                  0.43    0.00    8.57 ^ _2672_/A (sky130_fd_sc_hd__buf_6)
     5    0.05    0.17    0.40    8.97 ^ _2672_/X (sky130_fd_sc_hd__buf_6)
                                         _0637_ (net)
                  0.17    0.00    8.97 ^ _2679_/A1 (sky130_fd_sc_hd__a31oi_4)
     8    0.04    0.33    0.35    9.33 v _2679_/Y (sky130_fd_sc_hd__a31oi_4)
                                         _0644_ (net)
                  0.33    0.00    9.33 v _2681_/B (sky130_fd_sc_hd__or3_1)
     2    0.01    0.17    0.94   10.27 v _2681_/X (sky130_fd_sc_hd__or3_1)
                                         _0646_ (net)
                  0.17    0.00   10.27 v _2700_/B (sky130_fd_sc_hd__and3_1)
     2    0.01    0.11    0.42   10.69 v _2700_/X (sky130_fd_sc_hd__and3_1)
                                         _0665_ (net)
                  0.11    0.00   10.69 v _2925_/A1 (sky130_fd_sc_hd__o21ai_2)
     2    0.01    0.25    0.31   11.01 ^ _2925_/Y (sky130_fd_sc_hd__o21ai_2)
                                         _0890_ (net)
                  0.25    0.00   11.01 ^ _2937_/A1 (sky130_fd_sc_hd__a21bo_1)
     2    0.01    0.15    0.34   11.34 ^ _2937_/X (sky130_fd_sc_hd__a21bo_1)
                                         _0902_ (net)
                  0.15    0.00   11.34 ^ _2953_/A2 (sky130_fd_sc_hd__a21o_1)
     2    0.02    0.25    0.38   11.72 ^ _2953_/X (sky130_fd_sc_hd__a21o_1)
                                         _0918_ (net)
                  0.25    0.00   11.73 ^ _2955_/A1 (sky130_fd_sc_hd__a21boi_2)
     3    0.01    0.15    0.23   11.96 v _2955_/Y (sky130_fd_sc_hd__a21boi_2)
                                         _0920_ (net)
                  0.15    0.00   11.96 v _2985_/A1 (sky130_fd_sc_hd__a211o_4)
     5    0.02    0.11    0.65   12.61 v _2985_/X (sky130_fd_sc_hd__a211o_4)
                                         _0950_ (net)
                  0.11    0.00   12.61 v _3131_/A1 (sky130_fd_sc_hd__a21oi_2)
     2    0.01    0.22    0.28   12.89 ^ _3131_/Y (sky130_fd_sc_hd__a21oi_2)
                                         _1096_ (net)
                  0.22    0.00   12.89 ^ _3210_/A (sky130_fd_sc_hd__xnor2_1)
     2    0.01    0.13    0.23   13.12 v _3210_/Y (sky130_fd_sc_hd__xnor2_1)
                                         _1175_ (net)
                  0.13    0.00   13.12 v _3218_/A1 (sky130_fd_sc_hd__a21o_2)
     6    0.05    0.25    0.56   13.68 v _3218_/X (sky130_fd_sc_hd__a21o_2)
                                         _1183_ (net)
                  0.25    0.00   13.69 v _4643_/A (sky130_fd_sc_hd__or4b_1)
     1    0.00    0.18    1.28   14.96 v _4643_/X (sky130_fd_sc_hd__or4b_1)
                                         _2276_ (net)
                  0.18    0.00   14.97 v _4644_/C (sky130_fd_sc_hd__or3_4)
     1    0.01    0.13    0.71   15.67 v _4644_/X (sky130_fd_sc_hd__or3_4)
                                         _2277_ (net)
                  0.13    0.00   15.67 v _4645_/D (sky130_fd_sc_hd__or4_4)
     1    0.00    0.15    0.84   16.51 v _4645_/X (sky130_fd_sc_hd__or4_4)
                                         _2278_ (net)
                  0.15    0.00   16.51 v _4646_/C (sky130_fd_sc_hd__or3_4)
     1    0.01    0.13    0.69   17.20 v _4646_/X (sky130_fd_sc_hd__or3_4)
                                         _2279_ (net)
                  0.13    0.00   17.20 v _4647_/D (sky130_fd_sc_hd__or4_4)
     1    0.00    0.15    0.84   18.04 v _4647_/X (sky130_fd_sc_hd__or4_4)
                                         _2280_ (net)
                  0.15    0.00   18.04 v _4648_/D (sky130_fd_sc_hd__or4_4)
     1    0.01    0.17    0.90   18.94 v _4648_/X (sky130_fd_sc_hd__or4_4)
                                         _2281_ (net)
                  0.17    0.00   18.94 v _4651_/C (sky130_fd_sc_hd__or4_4)
     8    0.04    0.27    1.18   20.12 v _4651_/X (sky130_fd_sc_hd__or4_4)
                                         _2284_ (net)
                  0.27    0.01   20.12 v _4661_/A (sky130_fd_sc_hd__and3_1)
     3    0.01    0.12    0.44   20.56 v _4661_/X (sky130_fd_sc_hd__and3_1)
                                         _2292_ (net)
                  0.12    0.00   20.56 v _4662_/A (sky130_fd_sc_hd__buf_6)
    10    0.03    0.07    0.27   20.83 v _4662_/X (sky130_fd_sc_hd__buf_6)
                                         _2293_ (net)
                  0.07    0.00   20.83 v _4672_/B2 (sky130_fd_sc_hd__a2bb2o_1)
     1    0.00    0.09    0.52   21.35 v _4672_/X (sky130_fd_sc_hd__a2bb2o_1)
                                         _0325_ (net)
                  0.09    0.00   21.35 v _5405_/D (sky130_fd_sc_hd__dfrtp_2)
                                 21.35   data arrival time

                         15.00   15.00   clock core_clock (rise edge)
                          0.00   15.00   clock source latency
     1    0.06    0.00    0.00   15.00 ^ clk (in)
                                         clk (net)
                  0.01    0.00   15.00 ^ clkbuf_0_clk/A (sky130_fd_sc_hd__clkbuf_16)
     4    0.09    0.17    0.28   15.28 ^ clkbuf_0_clk/X (sky130_fd_sc_hd__clkbuf_16)
                                         clknet_0_clk (net)
                  0.17    0.01   15.29 ^ clkbuf_2_0__f_clk/A (sky130_fd_sc_hd__clkbuf_16)
     9    0.11    0.20    0.37   15.66 ^ clkbuf_2_0__f_clk/X (sky130_fd_sc_hd__clkbuf_16)
                                         clknet_2_0__leaf_clk (net)
                  0.20    0.01   15.66 ^ clkbuf_leaf_0_clk/A (sky130_fd_sc_hd__clkbuf_8)
    12    0.04    0.13    0.33   16.00 ^ clkbuf_leaf_0_clk/X (sky130_fd_sc_hd__clkbuf_8)
                                         clknet_leaf_0_clk (net)
                  0.13    0.00   16.00 ^ _5405_/CLK (sky130_fd_sc_hd__dfrtp_2)
                          0.00   16.00   clock reconvergence pessimism
                         -0.27   15.73   library setup time
                                 15.73   data required time
-----------------------------------------------------------------------------
                                 15.73   data required time
                                -21.35   data arrival time
-----------------------------------------------------------------------------
                                 -5.62   slack (VIOLATED)



======================= Typical Corner ===================================

No paths found.


===========================================================================
 report_check_types -max_slew -max_cap -max_fanout -violators
============================================================================
======================= Fastest Corner ===================================


max slew violations count Fastest: 0
max fanout violations count Fastest: 0
max cap violations count Fastest: 0
======================= Slowest Corner ===================================


max slew violations count Slowest: 0
max fanout violations count Slowest: 0
max cap violations count Slowest: 0
======================= Typical Corner ===================================


max slew violations count Typical: 0
max fanout violations count Typical: 0
max cap violations count Typical: 0

===========================================================================
report_parasitic_annotation -report_unannotated
============================================================================
Found 42 unannotated drivers.
 clkload0/Y
 clkload1/Y
 clkload10/Y
 clkload11/Y
 clkload12/X
 clkload13/Y
 clkload14/Y
 clkload15/X
 clkload16/Y
 clkload17/Y
 clkload18/Y
 clkload19/Y
 clkload2/X
 clkload20/Y
 clkload21/Y
 clkload22/Y
 clkload23/Y
 clkload24/Y
 clkload25/Y
 clkload26/Y
 clkload27/Y
 clkload28/Y
 clkload29/Y
 clkload3/Y
 clkload30/Y
 clkload31/Y
 clkload32/Y
 clkload33/Y
 clkload34/Y
 clkload35/Y
 clkload36/Y
 clkload37/Y
 clkload38/Y
 clkload39/Y
 clkload4/Y
 clkload40/X
 clkload41/Y
 clkload5/Y
 clkload6/Y
 clkload7/Y
 clkload8/Y
 clkload9/Y
Found 0 partially unannotated drivers.

===========================================================================
max slew violation count 0
max fanout violation count 0
max cap violation count 0
============================================================================

===========================================================================
check_setup -verbose -unconstrained_endpoints -multiple_clock -no_clock -no_input_delay -loops -generated_clocks
===========================================================================
Warning: There are 2 input ports missing set_input_delay.
  control
  res
Warning: There are 12 unconstrained endpoints.
  an[0]
  an[1]
  an[2]
  an[3]
  seg[0]
  seg[1]
  seg[2]
  seg[3]
  seg[4]
  seg[5]
  seg[6]
  _5079_/D
