
===========================================================================
 report_power
============================================================================
======================= Fastest Corner ===================================

Group                  Internal  Switching    Leakage      Total
                          Power      Power      Power      Power (Watts)
----------------------------------------------------------------
Sequential             6.77e-03   1.82e-02   2.49e-08   2.50e-02   9.5%
Combinational          2.61e-02   2.01e-01   4.28e-07   2.27e-01  86.4%
Clock                  2.90e-03   7.83e-03   7.33e-07   1.07e-02   4.1%
Macro                  0.00e+00   0.00e+00   0.00e+00   0.00e+00   0.0%
Pad                    0.00e+00   0.00e+00   0.00e+00   0.00e+00   0.0%
----------------------------------------------------------------
Total                  3.58e-02   2.27e-01   1.19e-06   2.63e-01 100.0%
                          13.6%      86.4%       0.0%

======================= Slowest Corner ===================================

Group                  Internal  Switching    Leakage      Total
                          Power      Power      Power      Power (Watts)
----------------------------------------------------------------
Sequential             4.44e-03   1.23e-02   1.67e-05   1.68e-02   9.4%
Combinational          1.74e-02   1.37e-01   1.23e-04   1.54e-01  86.5%
Clock                  2.01e-03   5.22e-03   4.10e-06   7.24e-03   4.1%
Macro                  0.00e+00   0.00e+00   0.00e+00   0.00e+00   0.0%
Pad                    0.00e+00   0.00e+00   0.00e+00   0.00e+00   0.0%
----------------------------------------------------------------
Total                  2.38e-02   1.54e-01   1.43e-04   1.78e-01 100.0%
                          13.4%      86.6%       0.1%

======================= Typical Corner ===================================

Group                  Internal  Switching    Leakage      Total
                          Power      Power      Power      Power (Watts)
----------------------------------------------------------------
Sequential             5.68e-03   1.56e-02   8.98e-09   2.12e-02   9.5%
Combinational          2.17e-02   1.72e-01   7.89e-08   1.94e-01  86.5%
Clock                  2.50e-03   6.65e-03   7.26e-07   9.15e-03   4.1%
Macro                  0.00e+00   0.00e+00   0.00e+00   0.00e+00   0.0%
Pad                    0.00e+00   0.00e+00   0.00e+00   0.00e+00   0.0%
----------------------------------------------------------------
Total                  2.99e-02   1.94e-01   8.14e-07   2.24e-01 100.0%
                          13.3%      86.7%       0.0%

