
65. Printing statistics.

=== TopModule ===

   Number of wires:               5263
   Number of wire bits:           5400
   Number of public wires:        1034
   Number of public wire bits:    1171
   Number of memories:               0
   Number of memory bits:            0
   Number of processes:              0
   Number of cells:               5349
     sky130_fd_sc_hd__a2111o_2       1
     sky130_fd_sc_hd__a211o_2       15
     sky130_fd_sc_hd__a211oi_2       1
     sky130_fd_sc_hd__a21bo_2        8
     sky130_fd_sc_hd__a21boi_2       2
     sky130_fd_sc_hd__a21o_2        30
     sky130_fd_sc_hd__a21oi_2       59
     sky130_fd_sc_hd__a221o_2       23
     sky130_fd_sc_hd__a221oi_2       1
     sky130_fd_sc_hd__a22o_2        10
     sky130_fd_sc_hd__a22oi_2        1
     sky130_fd_sc_hd__a2bb2o_2      23
     sky130_fd_sc_hd__a311o_2        2
     sky130_fd_sc_hd__a31o_2         9
     sky130_fd_sc_hd__a31oi_2        1
     sky130_fd_sc_hd__a32o_2         7
     sky130_fd_sc_hd__a41o_2         2
     sky130_fd_sc_hd__and2_2        23
     sky130_fd_sc_hd__and2b_2        7
     sky130_fd_sc_hd__and3_2         6
     sky130_fd_sc_hd__and3b_2        8
     sky130_fd_sc_hd__and4_2         3
     sky130_fd_sc_hd__buf_1       1450
     sky130_fd_sc_hd__dfxtp_2     1024
     sky130_fd_sc_hd__inv_2         80
     sky130_fd_sc_hd__mux2_2      1351
     sky130_fd_sc_hd__mux4_2       534
     sky130_fd_sc_hd__nand2_2      123
     sky130_fd_sc_hd__nand2b_2       1
     sky130_fd_sc_hd__nand3_2        4
     sky130_fd_sc_hd__nand3b_2       3
     sky130_fd_sc_hd__nand4_2        1
     sky130_fd_sc_hd__nor2_2       123
     sky130_fd_sc_hd__nor2b_2        2
     sky130_fd_sc_hd__nor3_2         4
     sky130_fd_sc_hd__nor4_2         1
     sky130_fd_sc_hd__o211a_2       17
     sky130_fd_sc_hd__o211ai_2       3
     sky130_fd_sc_hd__o21a_2        47
     sky130_fd_sc_hd__o21ai_2       69
     sky130_fd_sc_hd__o21ba_2        5
     sky130_fd_sc_hd__o21bai_2       7
     sky130_fd_sc_hd__o221a_2       21
     sky130_fd_sc_hd__o221ai_2       3
     sky130_fd_sc_hd__o22a_2        21
     sky130_fd_sc_hd__o2bb2a_2      16
     sky130_fd_sc_hd__o311a_2        1
     sky130_fd_sc_hd__o31a_2        13
     sky130_fd_sc_hd__o32a_2         4
     sky130_fd_sc_hd__o41a_2         2
     sky130_fd_sc_hd__or2_2         77
     sky130_fd_sc_hd__or2b_2         7
     sky130_fd_sc_hd__or3_2         13
     sky130_fd_sc_hd__or3b_2         8
     sky130_fd_sc_hd__or4_2          6
     sky130_fd_sc_hd__or4b_2         1
     sky130_fd_sc_hd__or4bb_2        2
     sky130_fd_sc_hd__xnor2_2       56
     sky130_fd_sc_hd__xor2_2         7

   Chip area for module '\TopModule': 62834.012800

