
===========================================================================
 report_power
============================================================================
======================= Fastest Corner ===================================

Group                  Internal  Switching    Leakage      Total
                          Power      Power      Power      Power (Watts)
----------------------------------------------------------------
Sequential             6.83e-03   2.02e-02   2.49e-08   2.70e-02   9.4%
Combinational          2.67e-02   2.22e-01   4.28e-07   2.49e-01  86.6%
Clock                  2.91e-03   8.49e-03   7.33e-07   1.14e-02   4.0%
Macro                  0.00e+00   0.00e+00   0.00e+00   0.00e+00   0.0%
Pad                    0.00e+00   0.00e+00   0.00e+00   0.00e+00   0.0%
----------------------------------------------------------------
Total                  3.65e-02   2.51e-01   1.19e-06   2.87e-01 100.0%
                          12.7%      87.3%       0.0%

======================= Slowest Corner ===================================

Group                  Internal  Switching    Leakage      Total
                          Power      Power      Power      Power (Watts)
----------------------------------------------------------------
Sequential             4.43e-03   1.36e-02   1.67e-05   1.81e-02   9.3%
Combinational          1.73e-02   1.51e-01   1.23e-04   1.68e-01  86.7%
Clock                  2.01e-03   5.67e-03   4.10e-06   7.68e-03   4.0%
Macro                  0.00e+00   0.00e+00   0.00e+00   0.00e+00   0.0%
Pad                    0.00e+00   0.00e+00   0.00e+00   0.00e+00   0.0%
----------------------------------------------------------------
Total                  2.37e-02   1.70e-01   1.43e-04   1.94e-01 100.0%
                          12.2%      87.7%       0.1%

======================= Typical Corner ===================================

Group                  Internal  Switching    Leakage      Total
                          Power      Power      Power      Power (Watts)
----------------------------------------------------------------
Sequential             5.68e-03   1.72e-02   8.98e-09   2.29e-02   9.4%
Combinational          2.18e-02   1.90e-01   7.89e-08   2.12e-01  86.7%
Clock                  2.50e-03   7.21e-03   7.26e-07   9.72e-03   4.0%
Macro                  0.00e+00   0.00e+00   0.00e+00   0.00e+00   0.0%
Pad                    0.00e+00   0.00e+00   0.00e+00   0.00e+00   0.0%
----------------------------------------------------------------
Total                  3.00e-02   2.15e-01   8.14e-07   2.45e-01 100.0%
                          12.3%      87.7%       0.0%

