Instance,Terminal,Layer,X location,Y location,Voltage
FILLER_0_27_181,VPWR,li1,90.1600,84.3200,1.799994
FILLER_0_27_169,VPWR,li1,86.0200,84.3200,1.799994
FILLER_0_27_166,VPWR,li1,82.3400,84.3200,1.799994
FILLER_0_27_154,VPWR,li1,79.1200,84.3200,1.799995
FILLER_0_27_141,VPWR,li1,71.3000,84.3200,1.799995
FILLER_0_27_137,VPWR,li1,69.2300,84.3200,1.799995
FILLER_0_27_125,VPWR,li1,65.7800,84.3200,1.799995
FILLER_0_27_113,VPWR,li1,60.2600,84.3200,1.799995
FILLER_0_27_85,VPWR,li1,46.0000,84.3200,1.799993
FILLER_0_27_82,VPWR,li1,43.7000,84.3200,1.799993
FILLER_0_27_78,VPWR,li1,41.6300,84.3200,1.799993
FILLER_0_27_41,VPWR,li1,27.1400,84.3200,1.799995
FILLER_0_27_29,VPWR,li1,21.6200,84.3200,1.799996
FILLER_0_27_27,VPWR,li1,18.1700,84.3200,1.799997
FILLER_0_27_15,VPWR,li1,15.1800,84.3200,1.799997
FILLER_0_27_3,VPWR,li1,9.6600,84.3200,1.799998
FILLER_0_26_188,VPWR,li1,92.4600,84.3200,1.799994
FILLER_0_26_156,VPWR,li1,77.7400,84.3200,1.799995
FILLER_0_26_150,VPWR,li1,75.2100,84.3200,1.799995
FILLER_0_26_145,VPWR,li1,72.4500,84.3200,1.799995
FILLER_0_26_141,VPWR,li1,71.3000,84.3200,1.799995
FILLER_0_26_139,VPWR,li1,69.6900,84.3200,1.799995
FILLER_0_26_127,VPWR,li1,66.7000,84.3200,1.799995
FILLER_0_26_115,VPWR,li1,59.8000,84.3200,1.799995
FILLER_0_26_99,VPWR,li1,52.9000,84.3200,1.799992
FILLER_0_26_85,VPWR,li1,46.4600,84.3200,1.799993
FILLER_0_26_83,VPWR,li1,43.9300,84.3200,1.799993
FILLER_0_26_74,VPWR,li1,40.2500,84.3200,1.799993
FILLER_0_26_66,VPWR,li1,37.7200,84.3200,1.799994
FILLER_0_26_53,VPWR,li1,30.5900,84.3200,1.799995
FILLER_0_26_41,VPWR,li1,27.1400,84.3200,1.799995
FILLER_0_26_29,VPWR,li1,21.6200,84.3200,1.799996
FILLER_0_26_22,VPWR,li1,17.0200,84.3200,1.799997
FILLER_0_26_15,VPWR,li1,13.3400,84.3200,1.799998
FILLER_0_26_3,VPWR,li1,9.6600,84.3200,1.799998
FILLER_0_25_186,VPWR,li1,91.3100,78.8800,1.799998
FILLER_0_25_180,VPWR,li1,88.7800,78.8800,1.799998
FILLER_0_25_172,VPWR,li1,86.4800,78.8800,1.799998
FILLER_0_25_160,VPWR,li1,80.9600,78.8800,1.799997
FILLER_0_25_148,VPWR,li1,76.3600,78.8800,1.799997
FILLER_0_25_136,VPWR,li1,70.8400,78.8800,1.799996
FILLER_0_25_111,VPWR,li1,56.8100,78.8800,1.799996
FILLER_0_25_107,VPWR,li1,55.6600,78.8800,1.799996
FILLER_0_25_88,VPWR,li1,47.3800,78.8800,1.799996
FILLER_0_25_76,VPWR,li1,43.2400,78.8800,1.799995
FILLER_0_25_70,VPWR,li1,37.9500,78.8800,1.799995
FILLER_0_25_61,VPWR,li1,33.8100,78.8800,1.799995
FILLER_0_25_57,VPWR,li1,32.6600,78.8800,1.799994
FILLER_0_25_55,VPWR,li1,31.0500,78.8800,1.799994
FILLER_0_25_51,VPWR,li1,29.9000,78.8800,1.799993
FILLER_0_25_26,VPWR,li1,17.9400,78.8800,1.799992
FILLER_0_24_188,VPWR,li1,92.4600,78.8800,1.799998
FILLER_0_24_178,VPWR,li1,88.3200,78.8800,1.799998
FILLER_0_24_161,VPWR,li1,80.0400,78.8800,1.799997
FILLER_0_24_153,VPWR,li1,77.7400,78.8800,1.799997
FILLER_0_24_141,VPWR,li1,73.1400,78.8800,1.799996
FILLER_0_24_132,VPWR,li1,68.0800,78.8800,1.799995
FILLER_0_24_116,VPWR,li1,60.2600,78.8800,1.799996
FILLER_0_24_104,VPWR,li1,56.1200,78.8800,1.799996
FILLER_0_24_92,VPWR,li1,50.6000,78.8800,1.799996
FILLER_0_24_47,VPWR,li1,28.5200,78.8800,1.799993
FILLER_0_24_35,VPWR,li1,24.3800,78.8800,1.799991
FILLER_0_24_29,VPWR,li1,19.5500,78.8800,1.799992
FILLER_0_24_27,VPWR,li1,18.1700,78.8800,1.799992
FILLER_0_24_19,VPWR,li1,16.1000,78.8800,1.799992
FILLER_0_24_7,VPWR,li1,11.5000,78.8800,1.799993
FILLER_0_23_187,VPWR,li1,92.2300,73.4400,1.799994
FILLER_0_23_181,VPWR,li1,89.4700,73.4400,1.799994
FILLER_0_23_169,VPWR,li1,86.0200,73.4400,1.799994
FILLER_0_23_165,VPWR,li1,82.1100,73.4400,1.799991
FILLER_0_23_153,VPWR,li1,78.6600,73.4400,1.799991
FILLER_0_23_149,VPWR,li1,74.2900,73.4400,1.799991
FILLER_0_23_137,VPWR,li1,71.3000,73.4400,1.799991
FILLER_0_23_125,VPWR,li1,65.7800,73.4400,1.799991
FILLER_0_23_113,VPWR,li1,60.2600,73.4400,1.799991
FILLER_0_23_111,VPWR,li1,56.8100,73.4400,1.799987
FILLER_0_23_105,VPWR,li1,55.2000,73.4400,1.799987
FILLER_0_23_61,VPWR,li1,33.8100,73.4400,1.799989
FILLER_0_23_57,VPWR,li1,32.6600,73.4400,1.799988
FILLER_0_23_47,VPWR,li1,27.3700,73.4400,1.799990
FILLER_0_23_39,VPWR,li1,25.3000,73.4400,1.799991
FILLER_0_23_28,VPWR,li1,19.0900,73.4400,1.799993
FILLER_0_23_16,VPWR,li1,15.6400,73.4400,1.799995
FILLER_0_23_11,VPWR,li1,11.0400,73.4400,1.799996
FILLER_0_23_3,VPWR,li1,8.7400,73.4400,1.799996
FILLER_0_22_183,VPWR,li1,90.6200,73.4400,1.799994
FILLER_0_22_158,VPWR,li1,78.4300,73.4400,1.799991
FILLER_0_22_146,VPWR,li1,75.4400,73.4400,1.799991
FILLER_0_22_136,VPWR,li1,69.0000,73.4400,1.799991
FILLER_0_22_124,VPWR,li1,65.3200,73.4400,1.799991
FILLER_0_22_94,VPWR,li1,48.9900,73.4400,1.799985
FILLER_0_22_90,VPWR,li1,47.8400,73.4400,1.799985
FILLER_0_22_80,VPWR,li1,43.2400,73.4400,1.799986
FILLER_0_22_68,VPWR,li1,39.5600,73.4400,1.799987
FILLER_0_22_41,VPWR,li1,25.3000,73.4400,1.799991
FILLER_0_22_29,VPWR,li1,21.6200,73.4400,1.799992
FILLER_0_22_3,VPWR,li1,8.7400,73.4400,1.799996
FILLER_0_21_189,VPWR,li1,92.6900,68.0000,1.799996
FILLER_0_21_181,VPWR,li1,90.6200,68.0000,1.799996
FILLER_0_21_169,VPWR,li1,86.0200,68.0000,1.799996
FILLER_0_21_167,VPWR,li1,82.5700,68.0000,1.799995
FILLER_0_21_161,VPWR,li1,80.2700,68.0000,1.799994
FILLER_0_21_149,VPWR,li1,76.8200,68.0000,1.799992
FILLER_0_21_137,VPWR,li1,71.3000,68.0000,1.799993
FILLER_0_21_125,VPWR,li1,65.7800,68.0000,1.799994
FILLER_0_21_113,VPWR,li1,60.2600,68.0000,1.799995
FILLER_0_21_109,VPWR,li1,56.3500,68.0000,1.799994
FILLER_0_21_85,VPWR,li1,44.8500,68.0000,1.799993
FILLER_0_21_73,VPWR,li1,41.8600,68.0000,1.799994
FILLER_0_21_61,VPWR,li1,36.3400,68.0000,1.799996
FILLER_0_21_57,VPWR,li1,31.9700,68.0000,1.799995
FILLER_0_21_48,VPWR,li1,29.4400,68.0000,1.799995
FILLER_0_21_42,VPWR,li1,25.5300,68.0000,1.799994
FILLER_0_21_34,VPWR,li1,23.0000,68.0000,1.799994
FILLER_0_21_7,VPWR,li1,9.6600,68.0000,1.799995
FILLER_0_20_185,VPWR,li1,91.0800,68.0000,1.799996
FILLER_0_20_177,VPWR,li1,88.7800,68.0000,1.799996
FILLER_0_20_165,VPWR,li1,84.1800,68.0000,1.799995
FILLER_0_20_141,VPWR,li1,70.6100,68.0000,1.799993
FILLER_0_20_128,VPWR,li1,67.1600,68.0000,1.799994
FILLER_0_20_116,VPWR,li1,61.6400,68.0000,1.799995
FILLER_0_20_104,VPWR,li1,56.1200,68.0000,1.799994
FILLER_0_20_92,VPWR,li1,50.6000,68.0000,1.799992
FILLER_0_20_85,VPWR,li1,44.8500,68.0000,1.799993
FILLER_0_20_83,VPWR,li1,43.9300,68.0000,1.799993
FILLER_0_20_77,VPWR,li1,42.3200,68.0000,1.799994
FILLER_0_20_65,VPWR,li1,38.1800,68.0000,1.799995
FILLER_0_20_53,VPWR,li1,32.6600,68.0000,1.799995
FILLER_0_20_41,VPWR,li1,27.1400,68.0000,1.799994
FILLER_0_20_29,VPWR,li1,21.6200,68.0000,1.799994
FILLER_0_20_27,VPWR,li1,18.1700,68.0000,1.799993
FILLER_0_20_15,VPWR,li1,15.1800,68.0000,1.799993
FILLER_0_20_3,VPWR,li1,9.6600,68.0000,1.799995
FILLER_0_19_189,VPWR,li1,92.6900,62.5600,1.799982
FILLER_0_19_181,VPWR,li1,90.6200,62.5600,1.799982
FILLER_0_19_169,VPWR,li1,86.0200,62.5600,1.799982
FILLER_0_19_162,VPWR,li1,81.4200,62.5600,1.799973
FILLER_0_19_113,VPWR,li1,58.8800,62.5600,1.799969
FILLER_0_19_110,VPWR,li1,56.5800,62.5600,1.799969
FILLER_0_19_102,VPWR,li1,54.2800,62.5600,1.799969
FILLER_0_19_90,VPWR,li1,49.6800,62.5600,1.799969
FILLER_0_19_85,VPWR,li1,44.8500,62.5600,1.799969
FILLER_0_19_81,VPWR,li1,43.7000,62.5600,1.799969
FILLER_0_19_48,VPWR,li1,28.5200,62.5600,1.799975
FILLER_0_19_36,VPWR,li1,24.8400,62.5600,1.799978
FILLER_0_19_24,VPWR,li1,19.3200,62.5600,1.799984
FILLER_0_19_15,VPWR,li1,13.8000,62.5600,1.799989
FILLER_0_19_3,VPWR,li1,9.6600,62.5600,1.799991
FILLER_0_18_181,VPWR,li1,90.1600,62.5600,1.799982
FILLER_0_18_169,VPWR,li1,86.0200,62.5600,1.799982
FILLER_0_18_157,VPWR,li1,80.5000,62.5600,1.799973
FILLER_0_18_153,VPWR,li1,76.1300,62.5600,1.799966
FILLER_0_18_141,VPWR,li1,73.1400,62.5600,1.799960
FILLER_0_18_138,VPWR,li1,69.4600,62.5600,1.799956
FILLER_0_18_130,VPWR,li1,67.1600,62.5600,1.799953
FILLER_0_18_126,VPWR,li1,63.7100,62.5600,1.799958
FILLER_0_18_120,VPWR,li1,62.1000,62.5600,1.799958
FILLER_0_18_109,VPWR,li1,56.5800,62.5600,1.799969
FILLER_0_18_97,VPWR,li1,52.9000,62.5600,1.799969
FILLER_0_18_85,VPWR,li1,47.3800,62.5600,1.799969
FILLER_0_18_72,VPWR,li1,41.4000,62.5600,1.799969
FILLER_0_18_60,VPWR,li1,35.8800,62.5600,1.799969
FILLER_0_18_48,VPWR,li1,30.3600,62.5600,1.799973
FILLER_0_18_29,VPWR,li1,21.6200,62.5600,1.799981
FILLER_0_18_27,VPWR,li1,18.1700,62.5600,1.799986
FILLER_0_18_19,VPWR,li1,14.7200,62.5600,1.799987
FILLER_0_18_3,VPWR,li1,8.7400,62.5600,1.799991
FILLER_0_17_189,VPWR,li1,92.6900,57.1200,1.800000
FILLER_0_17_181,VPWR,li1,90.6200,57.1200,1.800000
FILLER_0_17_169,VPWR,li1,86.0200,57.1200,1.800000
FILLER_0_17_167,VPWR,li1,82.5700,57.1200,1.799999
FILLER_0_17_163,VPWR,li1,81.4200,57.1200,1.799999
FILLER_0_17_154,VPWR,li1,77.2800,57.1200,1.799999
FILLER_0_17_142,VPWR,li1,73.6000,57.1200,1.799999
FILLER_0_17_130,VPWR,li1,68.0800,57.1200,1.799999
FILLER_0_17_118,VPWR,li1,62.5600,57.1200,1.799999
FILLER_0_17_111,VPWR,li1,56.8100,57.1200,1.799998
FILLER_0_17_103,VPWR,li1,54.7400,57.1200,1.799998
FILLER_0_17_91,VPWR,li1,50.1400,57.1200,1.799997
FILLER_0_17_79,VPWR,li1,44.6200,57.1200,1.799996
FILLER_0_17_67,VPWR,li1,39.1000,57.1200,1.799995
FILLER_0_17_63,VPWR,li1,34.7300,57.1200,1.799997
FILLER_0_17_57,VPWR,li1,33.1200,57.1200,1.799997
FILLER_0_17_52,VPWR,li1,30.3600,57.1200,1.799997
FILLER_0_17_40,VPWR,li1,26.6800,57.1200,1.799997
FILLER_0_17_28,VPWR,li1,21.1600,57.1200,1.799998
FILLER_0_17_20,VPWR,li1,14.9500,57.1200,1.799999
FILLER_0_17_12,VPWR,li1,12.8800,57.1200,1.799999
FILLER_0_17_3,VPWR,li1,7.8200,57.1200,1.799999
FILLER_0_16_183,VPWR,li1,89.9300,57.1200,1.800000
FILLER_0_16_177,VPWR,li1,88.3200,57.1200,1.800000
FILLER_0_16_165,VPWR,li1,84.1800,57.1200,1.800000
FILLER_0_16_153,VPWR,li1,78.6600,57.1200,1.799999
FILLER_0_16_141,VPWR,li1,73.1400,57.1200,1.799999
FILLER_0_16_137,VPWR,li1,69.2300,57.1200,1.799999
FILLER_0_16_125,VPWR,li1,65.7800,57.1200,1.799999
FILLER_0_16_113,VPWR,li1,60.2600,57.1200,1.799998
FILLER_0_16_109,VPWR,li1,55.8900,57.1200,1.799998
FILLER_0_16_97,VPWR,li1,52.9000,57.1200,1.799997
FILLER_0_16_85,VPWR,li1,47.3800,57.1200,1.799996
FILLER_0_16_61,VPWR,li1,34.2700,57.1200,1.799997
FILLER_0_16_53,VPWR,li1,31.7400,57.1200,1.799997
FILLER_0_16_41,VPWR,li1,27.1400,57.1200,1.799997
FILLER_0_16_29,VPWR,li1,21.6200,57.1200,1.799998
FILLER_0_16_27,VPWR,li1,18.1700,57.1200,1.799998
FILLER_0_16_15,VPWR,li1,15.1800,57.1200,1.799999
FILLER_0_16_3,VPWR,li1,9.6600,57.1200,1.799999
FILLER_0_15_188,VPWR,li1,92.4600,51.6800,1.799992
FILLER_0_15_176,VPWR,li1,89.2400,51.6800,1.799992
FILLER_0_15_169,VPWR,li1,83.4900,51.6800,1.799990
FILLER_0_15_166,VPWR,li1,82.3400,51.6800,1.799990
FILLER_0_15_158,VPWR,li1,78.6600,51.6800,1.799987
FILLER_0_15_146,VPWR,li1,75.4400,51.6800,1.799985
FILLER_0_15_121,VPWR,li1,61.6400,51.6800,1.799977
FILLER_0_15_113,VPWR,li1,59.3400,51.6800,1.799976
FILLER_0_15_111,VPWR,li1,56.8100,51.6800,1.799966
FILLER_0_15_107,VPWR,li1,55.6600,51.6800,1.799966
FILLER_0_15_74,VPWR,li1,41.4000,51.6800,1.799970
FILLER_0_15_62,VPWR,li1,36.8000,51.6800,1.799979
FILLER_0_15_57,VPWR,li1,32.2000,51.6800,1.799985
FILLER_0_15_54,VPWR,li1,30.8200,51.6800,1.799986
FILLER_0_15_46,VPWR,li1,28.5200,51.6800,1.799987
FILLER_0_15_34,VPWR,li1,23.9200,51.6800,1.799989
FILLER_0_15_22,VPWR,li1,18.4000,51.6800,1.799991
FILLER_0_15_10,VPWR,li1,12.8800,51.6800,1.799994
FILLER_0_15_3,VPWR,li1,7.8200,51.6800,1.799995
FILLER_0_14_183,VPWR,li1,89.9300,51.6800,1.799992
FILLER_0_14_177,VPWR,li1,88.3200,51.6800,1.799992
FILLER_0_14_165,VPWR,li1,84.1800,51.6800,1.799992
FILLER_0_14_153,VPWR,li1,78.6600,51.6800,1.799987
FILLER_0_14_141,VPWR,li1,73.1400,51.6800,1.799983
FILLER_0_14_136,VPWR,li1,69.0000,51.6800,1.799978
FILLER_0_14_125,VPWR,li1,64.8600,51.6800,1.799978
FILLER_0_14_112,VPWR,li1,58.8800,51.6800,1.799971
FILLER_0_14_97,VPWR,li1,51.9800,51.6800,1.799958
FILLER_0_14_85,VPWR,li1,47.3800,51.6800,1.799957
FILLER_0_14_83,VPWR,li1,43.9300,51.6800,1.799965
FILLER_0_14_77,VPWR,li1,42.3200,51.6800,1.799970
FILLER_0_14_73,VPWR,li1,39.3300,51.6800,1.799974
FILLER_0_14_69,VPWR,li1,38.1800,51.6800,1.799979
FILLER_0_14_57,VPWR,li1,34.5000,51.6800,1.799984
FILLER_0_14_49,VPWR,li1,28.2900,51.6800,1.799987
FILLER_0_14_41,VPWR,li1,26.2200,51.6800,1.799988
FILLER_0_14_29,VPWR,li1,21.6200,51.6800,1.799990
FILLER_0_14_27,VPWR,li1,18.1700,51.6800,1.799991
FILLER_0_14_15,VPWR,li1,15.1800,51.6800,1.799993
FILLER_0_14_3,VPWR,li1,9.6600,51.6800,1.799995
FILLER_0_13_169,VPWR,li1,83.4900,46.2400,1.799975
FILLER_0_13_166,VPWR,li1,82.3400,46.2400,1.799975
FILLER_0_13_154,VPWR,li1,79.1200,46.2400,1.799969
FILLER_0_13_148,VPWR,li1,74.2900,46.2400,1.799961
FILLER_0_13_141,VPWR,li1,70.8400,46.2400,1.799957
FILLER_0_13_133,VPWR,li1,68.5400,46.2400,1.799953
FILLER_0_13_111,VPWR,li1,56.8100,46.2400,1.799959
FILLER_0_13_107,VPWR,li1,55.6600,46.2400,1.799959
FILLER_0_13_83,VPWR,li1,44.6200,46.2400,1.799958
FILLER_0_13_79,VPWR,li1,42.0900,46.2400,1.799958
FILLER_0_13_75,VPWR,li1,40.9400,46.2400,1.799959
FILLER_0_13_69,VPWR,li1,37.9500,46.2400,1.799960
FILLER_0_13_57,VPWR,li1,34.5000,46.2400,1.799967
FILLER_0_13_53,VPWR,li1,30.5900,46.2400,1.799971
FILLER_0_13_45,VPWR,li1,28.0600,46.2400,1.799974
FILLER_0_13_33,VPWR,li1,23.4600,46.2400,1.799978
FILLER_0_13_21,VPWR,li1,17.9400,46.2400,1.799984
FILLER_0_13_3,VPWR,li1,9.6600,46.2400,1.799991
FILLER_0_12_188,VPWR,li1,92.4600,46.2400,1.799976
FILLER_0_12_181,VPWR,li1,89.0100,46.2400,1.799976
FILLER_0_12_177,VPWR,li1,87.1700,46.2400,1.799976
FILLER_0_12_165,VPWR,li1,84.1800,46.2400,1.799978
FILLER_0_12_153,VPWR,li1,78.6600,46.2400,1.799969
FILLER_0_12_141,VPWR,li1,73.1400,46.2400,1.799961
FILLER_0_12_139,VPWR,li1,69.6900,46.2400,1.799953
FILLER_0_12_113,VPWR,li1,58.1900,46.2400,1.799960
FILLER_0_12_105,VPWR,li1,55.6600,46.2400,1.799959
FILLER_0_12_98,VPWR,li1,51.0600,46.2400,1.799957
FILLER_0_12_90,VPWR,li1,48.7600,46.2400,1.799957
FILLER_0_12_83,VPWR,li1,43.9300,46.2400,1.799958
FILLER_0_12_77,VPWR,li1,42.3200,46.2400,1.799958
FILLER_0_12_53,VPWR,li1,30.8200,46.2400,1.799971
FILLER_0_12_41,VPWR,li1,27.1400,46.2400,1.799974
FILLER_0_12_29,VPWR,li1,21.6200,46.2400,1.799979
FILLER_0_12_26,VPWR,li1,17.9400,46.2400,1.799984
FILLER_0_12_15,VPWR,li1,14.2600,46.2400,1.799987
FILLER_0_12_3,VPWR,li1,9.6600,46.2400,1.799991
FILLER_0_11_178,VPWR,li1,90.1600,40.8000,1.799994
FILLER_0_11_169,VPWR,li1,83.7200,40.8000,1.799993
FILLER_0_11_162,VPWR,li1,81.4200,40.8000,1.799991
FILLER_0_11_153,VPWR,li1,77.2800,40.8000,1.799989
FILLER_0_11_146,VPWR,li1,72.9100,40.8000,1.799986
FILLER_0_11_142,VPWR,li1,71.7600,40.8000,1.799984
FILLER_0_11_130,VPWR,li1,68.0800,40.8000,1.799983
FILLER_0_11_113,VPWR,li1,58.8800,40.8000,1.799982
FILLER_0_11_111,VPWR,li1,56.8100,40.8000,1.799980
FILLER_0_11_107,VPWR,li1,55.6600,40.8000,1.799977
FILLER_0_11_84,VPWR,li1,44.6200,40.8000,1.799968
FILLER_0_11_54,VPWR,li1,30.8200,40.8000,1.799973
FILLER_0_11_39,VPWR,li1,26.2200,40.8000,1.799977
FILLER_0_11_27,VPWR,li1,20.7000,40.8000,1.799981
FILLER_0_11_15,VPWR,li1,15.1800,40.8000,1.799986
FILLER_0_11_9,VPWR,li1,9.8900,40.8000,1.799991
FILLER_0_11_3,VPWR,li1,8.2800,40.8000,1.799991
FILLER_0_10_185,VPWR,li1,91.0800,40.8000,1.799994
FILLER_0_10_177,VPWR,li1,88.7800,40.8000,1.799994
FILLER_0_10_165,VPWR,li1,84.1800,40.8000,1.799993
FILLER_0_10_153,VPWR,li1,78.6600,40.8000,1.799989
FILLER_0_10_141,VPWR,li1,73.1400,40.8000,1.799986
FILLER_0_10_118,VPWR,li1,60.0300,40.8000,1.799982
FILLER_0_10_110,VPWR,li1,57.9600,40.8000,1.799980
FILLER_0_10_105,VPWR,li1,54.2800,40.8000,1.799977
FILLER_0_10_97,VPWR,li1,51.9800,40.8000,1.799974
FILLER_0_10_85,VPWR,li1,47.3800,40.8000,1.799970
FILLER_0_10_81,VPWR,li1,43.4700,40.8000,1.799968
FILLER_0_10_69,VPWR,li1,40.0200,40.8000,1.799966
FILLER_0_10_45,VPWR,li1,26.4500,40.8000,1.799977
FILLER_0_10_41,VPWR,li1,25.3000,40.8000,1.799977
FILLER_0_10_29,VPWR,li1,21.6200,40.8000,1.799981
FILLER_0_10_27,VPWR,li1,18.1700,40.8000,1.799984
FILLER_0_10_15,VPWR,li1,15.1800,40.8000,1.799986
FILLER_0_10_3,VPWR,li1,9.6600,40.8000,1.799991
FILLER_0_9_187,VPWR,li1,92.2300,35.3600,1.799998
FILLER_0_9_177,VPWR,li1,87.4000,35.3600,1.799998
FILLER_0_9_165,VPWR,li1,82.1100,35.3600,1.799998
FILLER_0_9_153,VPWR,li1,78.6600,35.3600,1.799997
FILLER_0_9_142,VPWR,li1,72.6800,35.3600,1.799996
FILLER_0_9_135,VPWR,li1,68.0800,35.3600,1.799996
FILLER_0_9_126,VPWR,li1,64.4000,35.3600,1.799995
FILLER_0_9_121,VPWR,li1,61.4100,35.3600,1.799995
FILLER_0_9_113,VPWR,li1,59.3400,35.3600,1.799995
FILLER_0_9_111,VPWR,li1,56.8100,35.3600,1.799993
FILLER_0_9_103,VPWR,li1,54.7400,35.3600,1.799991
FILLER_0_9_81,VPWR,li1,43.0100,35.3600,1.799993
FILLER_0_9_69,VPWR,li1,40.0200,35.3600,1.799994
FILLER_0_9_57,VPWR,li1,34.5000,35.3600,1.799996
FILLER_0_9_44,VPWR,li1,28.5200,35.3600,1.799997
FILLER_0_9_32,VPWR,li1,23.0000,35.3600,1.799998
FILLER_0_9_27,VPWR,li1,18.4000,35.3600,1.799998
FILLER_0_9_15,VPWR,li1,15.1800,35.3600,1.799998
FILLER_0_9_3,VPWR,li1,9.6600,35.3600,1.799999
FILLER_0_8_183,VPWR,li1,90.6200,35.3600,1.799998
FILLER_0_8_171,VPWR,li1,86.9400,35.3600,1.799998
FILLER_0_8_159,VPWR,li1,81.4200,35.3600,1.799998
FILLER_0_8_147,VPWR,li1,75.9000,35.3600,1.799997
FILLER_0_8_141,VPWR,li1,70.6100,35.3600,1.799996
FILLER_0_8_136,VPWR,li1,69.0000,35.3600,1.799996
FILLER_0_8_124,VPWR,li1,65.3200,35.3600,1.799995
FILLER_0_8_117,VPWR,li1,59.5700,35.3600,1.799995
FILLER_0_8_111,VPWR,li1,57.9600,35.3600,1.799993
FILLER_0_8_85,VPWR,li1,46.0000,35.3600,1.799990
FILLER_0_8_82,VPWR,li1,43.7000,35.3600,1.799991
FILLER_0_8_74,VPWR,li1,41.4000,35.3600,1.799993
FILLER_0_8_61,VPWR,li1,35.4200,35.3600,1.799996
FILLER_0_8_49,VPWR,li1,30.8200,35.3600,1.799996
FILLER_0_8_29,VPWR,li1,21.6200,35.3600,1.799998
FILLER_0_8_27,VPWR,li1,18.1700,35.3600,1.799998
FILLER_0_8_23,VPWR,li1,17.0200,35.3600,1.799998
FILLER_0_8_13,VPWR,li1,11.9600,35.3600,1.799999
FILLER_0_8_3,VPWR,li1,8.7400,35.3600,1.799999
FILLER_0_7_189,VPWR,li1,92.6900,29.9200,1.800000
FILLER_0_7_181,VPWR,li1,90.6200,29.9200,1.800000
FILLER_0_7_169,VPWR,li1,86.0200,29.9200,1.800000
FILLER_0_7_166,VPWR,li1,82.3400,29.9200,1.800000
FILLER_0_7_154,VPWR,li1,79.1200,29.9200,1.800000
FILLER_0_7_142,VPWR,li1,73.6000,29.9200,1.800000
FILLER_0_7_125,VPWR,li1,64.4000,29.9200,1.799999
FILLER_0_7_113,VPWR,li1,60.2600,29.9200,1.799999
FILLER_0_7_110,VPWR,li1,56.5800,29.9200,1.799999
FILLER_0_7_102,VPWR,li1,54.2800,29.9200,1.799999
FILLER_0_7_90,VPWR,li1,49.6800,29.9200,1.799999
FILLER_0_7_83,VPWR,li1,44.6200,29.9200,1.799998
FILLER_0_7_61,VPWR,li1,33.8100,29.9200,1.799997
FILLER_0_7_57,VPWR,li1,32.6600,29.9200,1.799997
FILLER_0_7_54,VPWR,li1,30.8200,29.9200,1.799996
FILLER_0_7_27,VPWR,li1,19.3200,29.9200,1.799995
FILLER_0_7_15,VPWR,li1,15.1800,29.9200,1.799997
FILLER_0_7_3,VPWR,li1,9.6600,29.9200,1.799997
FILLER_0_6_185,VPWR,li1,91.0800,29.9200,1.800000
FILLER_0_6_177,VPWR,li1,88.7800,29.9200,1.800000
FILLER_0_6_173,VPWR,li1,85.3300,29.9200,1.800000
FILLER_0_6_165,VPWR,li1,83.2600,29.9200,1.800000
FILLER_0_6_161,VPWR,li1,79.8100,29.9200,1.800000
FILLER_0_6_153,VPWR,li1,77.7400,29.9200,1.800000
FILLER_0_6_141,VPWR,li1,73.1400,29.9200,1.800000
FILLER_0_6_134,VPWR,li1,68.5400,29.9200,1.799999
FILLER_0_6_122,VPWR,li1,64.4000,29.9200,1.799999
FILLER_0_6_110,VPWR,li1,58.8800,29.9200,1.799999
FILLER_0_6_98,VPWR,li1,53.3600,29.9200,1.799999
FILLER_0_6_85,VPWR,li1,46.0000,29.9200,1.799998
FILLER_0_6_81,VPWR,li1,43.4700,29.9200,1.799998
FILLER_0_6_69,VPWR,li1,40.0200,29.9200,1.799998
FILLER_0_6_57,VPWR,li1,34.5000,29.9200,1.799997
FILLER_0_6_45,VPWR,li1,28.9800,29.9200,1.799995
FILLER_0_6_41,VPWR,li1,24.6100,29.9200,1.799994
FILLER_0_6_29,VPWR,li1,21.6200,29.9200,1.799995
FILLER_0_6_24,VPWR,li1,17.4800,29.9200,1.799996
FILLER_0_6_20,VPWR,li1,14.9500,29.9200,1.799997
FILLER_0_6_16,VPWR,li1,13.8000,29.9200,1.799997
FILLER_0_6_11,VPWR,li1,11.0400,29.9200,1.799997
FILLER_0_5_189,VPWR,li1,92.6900,24.4800,1.799999
FILLER_0_5_181,VPWR,li1,90.6200,24.4800,1.799999
FILLER_0_5_169,VPWR,li1,86.0200,24.4800,1.799999
FILLER_0_5_166,VPWR,li1,82.3400,24.4800,1.799999
FILLER_0_5_162,VPWR,li1,80.2700,24.4800,1.799999
FILLER_0_5_158,VPWR,li1,79.1200,24.4800,1.799998
FILLER_0_5_146,VPWR,li1,75.4400,24.4800,1.799998
FILLER_0_5_134,VPWR,li1,69.9200,24.4800,1.799997
FILLER_0_5_122,VPWR,li1,64.4000,24.4800,1.799997
FILLER_0_5_113,VPWR,li1,57.7300,24.4800,1.799995
FILLER_0_5_110,VPWR,li1,56.5800,24.4800,1.799995
FILLER_0_5_102,VPWR,li1,54.2800,24.4800,1.799995
FILLER_0_5_94,VPWR,li1,48.9900,24.4800,1.799996
FILLER_0_5_86,VPWR,li1,46.9200,24.4800,1.799997
FILLER_0_5_74,VPWR,li1,42.3200,24.4800,1.799997
FILLER_0_5_57,VPWR,li1,34.5000,24.4800,1.799999
FILLER_0_5_52,VPWR,li1,30.3600,24.4800,1.799999
FILLER_0_5_40,VPWR,li1,26.6800,24.4800,1.799999
FILLER_0_5_36,VPWR,li1,22.3100,24.4800,1.799999
FILLER_0_5_27,VPWR,li1,19.3200,24.4800,1.799999
FILLER_0_5_15,VPWR,li1,15.1800,24.4800,1.799999
FILLER_0_5_3,VPWR,li1,9.6600,24.4800,1.800000
FILLER_0_4_184,VPWR,li1,90.8500,24.4800,1.799999
FILLER_0_4_176,VPWR,li1,88.3200,24.4800,1.799999
FILLER_0_4_164,VPWR,li1,83.7200,24.4800,1.799999
FILLER_0_4_152,VPWR,li1,78.2000,24.4800,1.799998
FILLER_0_4_134,VPWR,li1,68.5400,24.4800,1.799997
FILLER_0_4_122,VPWR,li1,64.4000,24.4800,1.799997
FILLER_0_4_97,VPWR,li1,50.6000,24.4800,1.799996
FILLER_0_4_85,VPWR,li1,47.3800,24.4800,1.799997
FILLER_0_4_81,VPWR,li1,43.4700,24.4800,1.799997
FILLER_0_4_71,VPWR,li1,38.4100,24.4800,1.799998
FILLER_0_4_67,VPWR,li1,37.2600,24.4800,1.799998
FILLER_0_4_54,VPWR,li1,32.2000,24.4800,1.799999
FILLER_0_4_42,VPWR,li1,27.6000,24.4800,1.799999
FILLER_0_4_37,VPWR,li1,23.0000,24.4800,1.799999
FILLER_0_4_29,VPWR,li1,20.7000,24.4800,1.799999
FILLER_0_4_27,VPWR,li1,18.1700,24.4800,1.799999
FILLER_0_4_15,VPWR,li1,15.1800,24.4800,1.799999
FILLER_0_4_3,VPWR,li1,9.6600,24.4800,1.800000
FILLER_0_3_189,VPWR,li1,92.6900,19.0400,1.799998
FILLER_0_3_181,VPWR,li1,90.6200,19.0400,1.799998
FILLER_0_3_169,VPWR,li1,86.0200,19.0400,1.799998
FILLER_0_3_165,VPWR,li1,82.1100,19.0400,1.799997
FILLER_0_3_149,VPWR,li1,76.8200,19.0400,1.799996
FILLER_0_3_134,VPWR,li1,69.9200,19.0400,1.799995
FILLER_0_3_126,VPWR,li1,63.7100,19.0400,1.799995
FILLER_0_3_110,VPWR,li1,56.5800,19.0400,1.799995
FILLER_0_3_102,VPWR,li1,54.2800,19.0400,1.799995
FILLER_0_3_90,VPWR,li1,49.6800,19.0400,1.799995
FILLER_0_3_78,VPWR,li1,44.1600,19.0400,1.799995
FILLER_0_3_70,VPWR,li1,38.1800,19.0400,1.799994
FILLER_0_3_65,VPWR,li1,35.8800,19.0400,1.799996
FILLER_0_3_57,VPWR,li1,33.5800,19.0400,1.799996
FILLER_0_3_55,VPWR,li1,31.0500,19.0400,1.799996
FILLER_0_3_51,VPWR,li1,29.9000,19.0400,1.799996
FILLER_0_3_39,VPWR,li1,26.2200,19.0400,1.799997
FILLER_0_3_13,VPWR,li1,12.1900,19.0400,1.799999
FILLER_0_3_9,VPWR,li1,9.8900,19.0400,1.799999
FILLER_0_3_3,VPWR,li1,8.2800,19.0400,1.799999
FILLER_0_2_186,VPWR,li1,91.3100,19.0400,1.799998
FILLER_0_2_174,VPWR,li1,88.3200,19.0400,1.799998
FILLER_0_2_168,VPWR,li1,83.4900,19.0400,1.799997
FILLER_0_2_156,VPWR,li1,80.0400,19.0400,1.799997
FILLER_0_2_144,VPWR,li1,74.5200,19.0400,1.799996
FILLER_0_2_139,VPWR,li1,69.6900,19.0400,1.799995
FILLER_0_2_118,VPWR,li1,60.0300,19.0400,1.799995
FILLER_0_2_109,VPWR,li1,56.5800,19.0400,1.799995
FILLER_0_2_97,VPWR,li1,52.9000,19.0400,1.799995
FILLER_0_2_85,VPWR,li1,47.3800,19.0400,1.799995
FILLER_0_2_60,VPWR,li1,33.8100,19.0400,1.799996
FILLER_0_2_52,VPWR,li1,31.2800,19.0400,1.799996
FILLER_0_2_40,VPWR,li1,26.6800,19.0400,1.799997
FILLER_0_2_27,VPWR,li1,18.1700,19.0400,1.799998
FILLER_0_2_15,VPWR,li1,15.1800,19.0400,1.799998
FILLER_0_2_3,VPWR,li1,9.6600,19.0400,1.799999
FILLER_0_1_155,VPWR,li1,77.5100,13.6000,1.799996
FILLER_0_1_147,VPWR,li1,74.9800,13.6000,1.799996
FILLER_0_1_135,VPWR,li1,70.3800,13.6000,1.799997
FILLER_0_1_129,VPWR,li1,65.0900,13.6000,1.799997
FILLER_0_1_121,VPWR,li1,63.0200,13.6000,1.799998
FILLER_0_1_110,VPWR,li1,56.5800,13.6000,1.799998
FILLER_0_1_98,VPWR,li1,53.3600,13.6000,1.799997
FILLER_0_1_92,VPWR,li1,48.0700,13.6000,1.799997
FILLER_0_1_84,VPWR,li1,46.0000,13.6000,1.799997
FILLER_0_1_44,VPWR,li1,28.5200,13.6000,1.799997
FILLER_0_1_38,VPWR,li1,23.2300,13.6000,1.799997
FILLER_0_1_26,VPWR,li1,20.2400,13.6000,1.799998
FILLER_0_1_21,VPWR,li1,15.6400,13.6000,1.799998
FILLER_0_1_13,VPWR,li1,13.3400,13.6000,1.799998
FILLER_0_1_3,VPWR,li1,7.8200,13.6000,1.799999
FILLER_0_0_181,VPWR,li1,90.1600,13.6000,1.799994
FILLER_0_0_169,VPWR,li1,86.0200,13.6000,1.799995
FILLER_0_0_165,VPWR,li1,82.1100,13.6000,1.799996
FILLER_0_0_153,VPWR,li1,78.6600,13.6000,1.799996
FILLER_0_0_141,VPWR,li1,73.1400,13.6000,1.799997
FILLER_0_0_137,VPWR,li1,69.2300,13.6000,1.799997
FILLER_0_0_125,VPWR,li1,65.7800,13.6000,1.799997
FILLER_0_0_113,VPWR,li1,60.2600,13.6000,1.799998
FILLER_0_0_110,VPWR,li1,56.5800,13.6000,1.799998
FILLER_0_0_98,VPWR,li1,53.3600,13.6000,1.799997
FILLER_0_0_85,VPWR,li1,46.4600,13.6000,1.799997
FILLER_0_0_83,VPWR,li1,43.9300,13.6000,1.799997
FILLER_0_0_79,VPWR,li1,42.7800,13.6000,1.799997
FILLER_0_0_67,VPWR,li1,39.1000,13.6000,1.799996
FILLER_0_0_57,VPWR,li1,32.6600,13.6000,1.799996
FILLER_0_0_53,VPWR,li1,30.5900,13.6000,1.799996
FILLER_0_0_45,VPWR,li1,28.0600,13.6000,1.799997
FILLER_0_0_29,VPWR,li1,20.7000,13.6000,1.799998
FILLER_0_0_27,VPWR,li1,18.1700,13.6000,1.799998
FILLER_0_0_15,VPWR,li1,15.1800,13.6000,1.799998
FILLER_0_0_3,VPWR,li1,9.6600,13.6000,1.799999
ANTENNA_3,VPWR,li1,18.8600,78.8800,1.799992
ANTENNA_2,VPWR,li1,11.0400,35.3600,1.799999
ANTENNA_1,VPWR,li1,88.3200,35.3600,1.799998
clkload2,VPWR,li1,61.6400,40.8000,1.799981
clkload1,VPWR,li1,30.3600,62.5600,1.799973
clkload0,VPWR,li1,37.2600,40.8000,1.799964
clkbuf_2_3__f_clk,VPWR,li1,64.8600,62.5600,1.799950
clkbuf_2_2__f_clk,VPWR,li1,64.8600,46.2400,1.799948
clkbuf_2_1__f_clk,VPWR,li1,36.3400,62.5600,1.799969
clkbuf_2_0__f_clk,VPWR,li1,36.3400,46.2400,1.799960
clkbuf_0_clk,VPWR,li1,50.1400,51.6800,1.799952
TopModule_9,VPWR,li1,92.2300,84.3200,1.799994
output8,VPWR,li1,92.2300,13.6000,1.799994
output7,VPWR,li1,92.2300,19.0400,1.799998
output6,VPWR,li1,92.2300,24.4800,1.799999
output5,VPWR,li1,92.2300,29.9200,1.800000
output4,VPWR,li1,92.2300,35.3600,1.799998
output3,VPWR,li1,92.2300,40.8000,1.799994
output2,VPWR,li1,89.9300,46.2400,1.799976
input1,VPWR,li1,7.8200,78.8800,1.799993
TopModule_10,VPWR,li1,92.2300,78.8800,1.799998
TopModule_16,VPWR,li1,90.8500,51.6800,1.799992
TopModule_15,VPWR,li1,92.2300,57.1200,1.800000
TopModule_14,VPWR,li1,92.2300,62.5600,1.799982
TopModule_13,VPWR,li1,92.2300,68.0000,1.799996
TopModule_12,VPWR,li1,92.2300,73.4400,1.799994
TopModule_11,VPWR,li1,89.9300,78.8800,1.799998
TAP_TAPCELL_ROW_27_145,VPWR,li1,83.0300,84.6260,1.799994
TAP_TAPCELL_ROW_27_144,VPWR,li1,70.1500,84.6260,1.799995
TAP_TAPCELL_ROW_27_143,VPWR,li1,57.2700,84.6260,1.799993
TAP_TAPCELL_ROW_27_142,VPWR,li1,44.3900,84.6260,1.799993
TAP_TAPCELL_ROW_27_141,VPWR,li1,31.5100,84.6260,1.799995
TAP_TAPCELL_ROW_27_140,VPWR,li1,18.6300,84.6260,1.799997
TAP_TAPCELL_ROW_26_139,VPWR,li1,70.1500,84.0130,1.799995
TAP_TAPCELL_ROW_26_138,VPWR,li1,44.3900,84.0130,1.799993
TAP_TAPCELL_ROW_26_137,VPWR,li1,18.6300,84.0130,1.799997
TAP_TAPCELL_ROW_25_136,VPWR,li1,83.0300,79.1860,1.799998
TAP_TAPCELL_ROW_25_135,VPWR,li1,57.2700,79.1860,1.799996
TAP_TAPCELL_ROW_25_134,VPWR,li1,31.5100,79.1860,1.799994
TAP_TAPCELL_ROW_24_133,VPWR,li1,70.1500,78.5730,1.799996
TAP_TAPCELL_ROW_24_132,VPWR,li1,44.3900,78.5730,1.799995
TAP_TAPCELL_ROW_24_131,VPWR,li1,18.6300,78.5730,1.799992
TAP_TAPCELL_ROW_23_130,VPWR,li1,83.0300,73.7460,1.799991
TAP_TAPCELL_ROW_23_129,VPWR,li1,57.2700,73.7460,1.799988
TAP_TAPCELL_ROW_23_128,VPWR,li1,31.5100,73.7460,1.799988
TAP_TAPCELL_ROW_22_127,VPWR,li1,70.1500,73.1330,1.799991
TAP_TAPCELL_ROW_22_126,VPWR,li1,44.3900,73.1330,1.799986
TAP_TAPCELL_ROW_22_125,VPWR,li1,18.6300,73.1330,1.799993
TAP_TAPCELL_ROW_21_124,VPWR,li1,83.0300,68.3060,1.799995
TAP_TAPCELL_ROW_21_123,VPWR,li1,57.2700,68.3060,1.799994
TAP_TAPCELL_ROW_21_122,VPWR,li1,31.5100,68.3060,1.799995
TAP_TAPCELL_ROW_20_121,VPWR,li1,70.1500,67.6930,1.799993
TAP_TAPCELL_ROW_20_120,VPWR,li1,44.3900,67.6930,1.799993
TAP_TAPCELL_ROW_20_119,VPWR,li1,18.6300,67.6930,1.799993
TAP_TAPCELL_ROW_19_118,VPWR,li1,83.0300,62.8660,1.799978
TAP_TAPCELL_ROW_19_117,VPWR,li1,57.2700,62.8660,1.799969
TAP_TAPCELL_ROW_19_116,VPWR,li1,31.5100,62.8660,1.799973
TAP_TAPCELL_ROW_18_115,VPWR,li1,70.1500,62.2530,1.799956
TAP_TAPCELL_ROW_18_114,VPWR,li1,44.3900,62.2530,1.799969
TAP_TAPCELL_ROW_18_113,VPWR,li1,18.6300,62.2530,1.799984
TAP_TAPCELL_ROW_17_112,VPWR,li1,83.0300,57.4260,1.799999
TAP_TAPCELL_ROW_17_111,VPWR,li1,57.2700,57.4260,1.799998
TAP_TAPCELL_ROW_17_110,VPWR,li1,31.5100,57.4260,1.799997
TAP_TAPCELL_ROW_16_109,VPWR,li1,70.1500,56.8130,1.799999
TAP_TAPCELL_ROW_16_108,VPWR,li1,44.3900,56.8130,1.799996
TAP_TAPCELL_ROW_16_107,VPWR,li1,18.6300,56.8130,1.799998
TAP_TAPCELL_ROW_15_106,VPWR,li1,83.0300,51.9860,1.799990
TAP_TAPCELL_ROW_15_105,VPWR,li1,57.2700,51.9860,1.799971
TAP_TAPCELL_ROW_15_104,VPWR,li1,31.5100,51.9860,1.799986
TAP_TAPCELL_ROW_14_103,VPWR,li1,70.1500,51.3730,1.799980
TAP_TAPCELL_ROW_14_102,VPWR,li1,44.3900,51.3730,1.799965
TAP_TAPCELL_ROW_14_101,VPWR,li1,18.6300,51.3730,1.799991
TAP_TAPCELL_ROW_13_100,VPWR,li1,83.0300,46.5460,1.799975
TAP_TAPCELL_ROW_13_99,VPWR,li1,57.2700,46.5460,1.799959
TAP_TAPCELL_ROW_13_98,VPWR,li1,31.5100,46.5460,1.799971
TAP_TAPCELL_ROW_12_97,VPWR,li1,70.1500,45.9330,1.799953
TAP_TAPCELL_ROW_12_96,VPWR,li1,44.3900,45.9330,1.799958
TAP_TAPCELL_ROW_12_95,VPWR,li1,18.6300,45.9330,1.799982
TAP_TAPCELL_ROW_11_94,VPWR,li1,83.0300,41.1060,1.799991
TAP_TAPCELL_ROW_11_93,VPWR,li1,57.2700,41.1060,1.799980
TAP_TAPCELL_ROW_11_92,VPWR,li1,31.5100,41.1060,1.799971
TAP_TAPCELL_ROW_10_91,VPWR,li1,70.1500,40.4930,1.799984
TAP_TAPCELL_ROW_10_90,VPWR,li1,44.3900,40.4930,1.799968
TAP_TAPCELL_ROW_10_89,VPWR,li1,18.6300,40.4930,1.799984
TAP_TAPCELL_ROW_9_88,VPWR,li1,83.0300,35.6660,1.799998
TAP_TAPCELL_ROW_9_87,VPWR,li1,57.2700,35.6660,1.799993
TAP_TAPCELL_ROW_9_86,VPWR,li1,31.5100,35.6660,1.799996
TAP_TAPCELL_ROW_8_85,VPWR,li1,70.1500,35.0530,1.799996
TAP_TAPCELL_ROW_8_84,VPWR,li1,44.3900,35.0530,1.799991
TAP_TAPCELL_ROW_8_83,VPWR,li1,18.6300,35.0530,1.799998
TAP_TAPCELL_ROW_7_82,VPWR,li1,83.0300,30.2260,1.800000
TAP_TAPCELL_ROW_7_81,VPWR,li1,57.2700,30.2260,1.799999
TAP_TAPCELL_ROW_7_80,VPWR,li1,31.5100,30.2260,1.799996
TAP_TAPCELL_ROW_6_79,VPWR,li1,70.1500,29.6130,1.800000
TAP_TAPCELL_ROW_6_78,VPWR,li1,44.3900,29.6130,1.799998
TAP_TAPCELL_ROW_6_77,VPWR,li1,18.6300,29.6130,1.799995
TAP_TAPCELL_ROW_5_76,VPWR,li1,83.0300,24.7860,1.799999
TAP_TAPCELL_ROW_5_75,VPWR,li1,57.2700,24.7860,1.799995
TAP_TAPCELL_ROW_5_74,VPWR,li1,31.5100,24.7860,1.799999
TAP_TAPCELL_ROW_4_73,VPWR,li1,70.1500,24.1730,1.799997
TAP_TAPCELL_ROW_4_72,VPWR,li1,44.3900,24.1730,1.799997
TAP_TAPCELL_ROW_4_71,VPWR,li1,18.6300,24.1730,1.799999
TAP_TAPCELL_ROW_3_70,VPWR,li1,83.0300,19.3460,1.799997
TAP_TAPCELL_ROW_3_69,VPWR,li1,57.2700,19.3460,1.799995
TAP_TAPCELL_ROW_3_68,VPWR,li1,31.5100,19.3460,1.799996
TAP_TAPCELL_ROW_2_67,VPWR,li1,70.1500,18.7330,1.799995
TAP_TAPCELL_ROW_2_66,VPWR,li1,44.3900,18.7330,1.799995
TAP_TAPCELL_ROW_2_65,VPWR,li1,18.6300,18.7330,1.799998
TAP_TAPCELL_ROW_1_64,VPWR,li1,83.0300,13.9060,1.799995
TAP_TAPCELL_ROW_1_63,VPWR,li1,57.2700,13.9060,1.799998
TAP_TAPCELL_ROW_1_62,VPWR,li1,31.5100,13.9060,1.799996
TAP_TAPCELL_ROW_0_61,VPWR,li1,83.0300,13.2930,1.799995
TAP_TAPCELL_ROW_0_60,VPWR,li1,70.1500,13.2930,1.799997
TAP_TAPCELL_ROW_0_59,VPWR,li1,57.2700,13.2930,1.799998
TAP_TAPCELL_ROW_0_58,VPWR,li1,44.3900,13.2930,1.799997
TAP_TAPCELL_ROW_0_57,VPWR,li1,31.5100,13.2930,1.799996
TAP_TAPCELL_ROW_0_56,VPWR,li1,18.6300,13.2930,1.799998
PHY_EDGE_ROW_27_Left_55,VPWR,li1,6.2100,84.3200,1.799998
PHY_EDGE_ROW_26_Left_54,VPWR,li1,6.2100,84.3200,1.799998
PHY_EDGE_ROW_25_Left_53,VPWR,li1,6.2100,78.8800,1.799993
PHY_EDGE_ROW_24_Left_52,VPWR,li1,6.2100,78.8800,1.799993
PHY_EDGE_ROW_23_Left_51,VPWR,li1,6.2100,73.4400,1.799996
PHY_EDGE_ROW_22_Left_50,VPWR,li1,6.2100,73.4400,1.799996
PHY_EDGE_ROW_21_Left_49,VPWR,li1,6.2100,68.0000,1.799995
PHY_EDGE_ROW_20_Left_48,VPWR,li1,6.2100,68.0000,1.799995
PHY_EDGE_ROW_19_Left_47,VPWR,li1,6.2100,62.5600,1.799991
PHY_EDGE_ROW_18_Left_46,VPWR,li1,6.2100,62.5600,1.799991
PHY_EDGE_ROW_17_Left_45,VPWR,li1,6.2100,57.1200,1.799999
PHY_EDGE_ROW_16_Left_44,VPWR,li1,6.2100,57.1200,1.799999
PHY_EDGE_ROW_15_Left_43,VPWR,li1,6.2100,51.6800,1.799995
PHY_EDGE_ROW_14_Left_42,VPWR,li1,6.2100,51.6800,1.799995
PHY_EDGE_ROW_13_Left_41,VPWR,li1,6.2100,46.2400,1.799991
PHY_EDGE_ROW_12_Left_40,VPWR,li1,6.2100,46.2400,1.799991
PHY_EDGE_ROW_11_Left_39,VPWR,li1,6.2100,40.8000,1.799991
PHY_EDGE_ROW_10_Left_38,VPWR,li1,6.2100,40.8000,1.799991
PHY_EDGE_ROW_9_Left_37,VPWR,li1,6.2100,35.3600,1.799999
PHY_EDGE_ROW_8_Left_36,VPWR,li1,6.2100,35.3600,1.799999
PHY_EDGE_ROW_7_Left_35,VPWR,li1,6.2100,29.9200,1.799997
PHY_EDGE_ROW_6_Left_34,VPWR,li1,6.2100,29.9200,1.799997
PHY_EDGE_ROW_5_Left_33,VPWR,li1,6.2100,24.4800,1.800000
PHY_EDGE_ROW_4_Left_32,VPWR,li1,6.2100,24.4800,1.800000
PHY_EDGE_ROW_3_Left_31,VPWR,li1,6.2100,19.0400,1.799999
PHY_EDGE_ROW_2_Left_30,VPWR,li1,6.2100,19.0400,1.799999
PHY_EDGE_ROW_1_Left_29,VPWR,li1,6.2100,13.6000,1.799999
PHY_EDGE_ROW_0_Left_28,VPWR,li1,6.2100,13.6000,1.799999
PHY_EDGE_ROW_27_Right_27,VPWR,li1,93.6100,84.3200,1.799994
PHY_EDGE_ROW_26_Right_26,VPWR,li1,93.6100,84.3200,1.799994
PHY_EDGE_ROW_25_Right_25,VPWR,li1,93.6100,78.8800,1.799998
PHY_EDGE_ROW_24_Right_24,VPWR,li1,93.6100,78.8800,1.799998
PHY_EDGE_ROW_23_Right_23,VPWR,li1,93.6100,73.4400,1.799994
PHY_EDGE_ROW_22_Right_22,VPWR,li1,93.6100,73.4400,1.799994
PHY_EDGE_ROW_21_Right_21,VPWR,li1,93.6100,68.0000,1.799996
PHY_EDGE_ROW_20_Right_20,VPWR,li1,93.6100,68.0000,1.799996
PHY_EDGE_ROW_19_Right_19,VPWR,li1,93.6100,62.5600,1.799982
PHY_EDGE_ROW_18_Right_18,VPWR,li1,93.6100,62.5600,1.799982
PHY_EDGE_ROW_17_Right_17,VPWR,li1,93.6100,57.1200,1.800000
PHY_EDGE_ROW_16_Right_16,VPWR,li1,93.6100,57.1200,1.800000
PHY_EDGE_ROW_15_Right_15,VPWR,li1,93.6100,51.6800,1.799992
PHY_EDGE_ROW_14_Right_14,VPWR,li1,93.6100,51.6800,1.799992
PHY_EDGE_ROW_13_Right_13,VPWR,li1,93.6100,46.2400,1.799976
PHY_EDGE_ROW_12_Right_12,VPWR,li1,93.6100,46.2400,1.799976
PHY_EDGE_ROW_11_Right_11,VPWR,li1,93.6100,40.8000,1.799994
PHY_EDGE_ROW_10_Right_10,VPWR,li1,93.6100,40.8000,1.799994
PHY_EDGE_ROW_9_Right_9,VPWR,li1,93.6100,35.3600,1.799998
PHY_EDGE_ROW_8_Right_8,VPWR,li1,93.6100,35.3600,1.799998
PHY_EDGE_ROW_7_Right_7,VPWR,li1,93.6100,29.9200,1.800000
PHY_EDGE_ROW_6_Right_6,VPWR,li1,93.6100,29.9200,1.800000
PHY_EDGE_ROW_5_Right_5,VPWR,li1,93.6100,24.4800,1.799999
PHY_EDGE_ROW_4_Right_4,VPWR,li1,93.6100,24.4800,1.799999
PHY_EDGE_ROW_3_Right_3,VPWR,li1,93.6100,19.0400,1.799998
PHY_EDGE_ROW_2_Right_2,VPWR,li1,93.6100,19.0400,1.799998
PHY_EDGE_ROW_1_Right_1,VPWR,li1,93.6100,13.6000,1.799994
PHY_EDGE_ROW_0_Right_0,VPWR,li1,93.6100,13.6000,1.799994
_362_,VPWR,li1,86.2500,29.9200,1.800000
_353_,VPWR,li1,57.2700,73.4400,1.799988
_352_,VPWR,li1,62.7900,78.8800,1.799994
_351_,VPWR,li1,18.1700,19.0400,1.799998
_350_,VPWR,li1,12.1900,78.8800,1.799993
_349_,VPWR,li1,88.3200,46.2400,1.799976
_348_,VPWR,li1,39.3300,19.0400,1.799994
_347_,VPWR,li1,56.3500,24.4800,1.799995
_346_,VPWR,li1,38.6400,73.4400,1.799987
_345_,VPWR,li1,36.5700,84.3200,1.799994
_344_,VPWR,li1,24.1500,78.8800,1.799991
_343_,VPWR,li1,36.5700,13.6000,1.799996
_342_,VPWR,li1,48.0700,35.3600,1.799989
_341_,VPWR,li1,50.3700,68.0000,1.799992
_340_,VPWR,li1,76.1300,68.0000,1.799992
_339_,VPWR,li1,67.3900,51.6800,1.799978
_338_,VPWR,li1,64.8600,19.0400,1.799994
_337_,VPWR,li1,88.0900,13.6000,1.799994
_336_,VPWR,li1,74.7500,62.5600,1.799960
_335_,VPWR,li1,50.1400,46.2400,1.799957
_334_,VPWR,li1,52.2100,84.3200,1.799992
_333_,VPWR,li1,31.5100,73.4400,1.799988
_332_,VPWR,li1,87.1700,84.3200,1.799994
_331_,VPWR,li1,25.5300,29.9200,1.799994
_330_,VPWR,li1,39.5600,57.1200,1.799995
_329_,VPWR,li1,83.4900,73.4400,1.799991
_328_,VPWR,li1,62.1000,46.2400,1.799961
_327_,VPWR,li1,65.0900,40.8000,1.799981
_326_,VPWR,li1,51.9800,35.3600,1.799990
_325_,VPWR,li1,49.9100,40.8000,1.799972
_324_,VPWR,li1,15.8700,68.0000,1.799993
_323_,VPWR,li1,48.5300,73.4400,1.799985
_322_,VPWR,li1,31.9700,40.8000,1.799971
_321_,VPWR,li1,43.0100,46.2400,1.799958
_320_,VPWR,li1,37.0300,19.0400,1.799996
_319_,VPWR,li1,60.9500,19.0400,1.799995
_318_,VPWR,li1,46.2300,29.9200,1.799998
_317_,VPWR,li1,75.2100,35.3600,1.799997
_316_,VPWR,li1,90.8500,57.1200,1.800000
_315_,VPWR,li1,15.8700,62.5600,1.799987
_314_,VPWR,li1,22.7700,73.4400,1.799992
_313_,VPWR,li1,81.6500,68.0000,1.799994
_312_,VPWR,li1,78.8900,13.6000,1.799996
_311_,VPWR,li1,90.8500,73.4400,1.799994
_310_,VPWR,li1,81.1900,24.4800,1.799999
_309_,VPWR,li1,61.1800,35.3600,1.799995
_308_,VPWR,li1,67.3900,51.6800,1.799978
_307_,VPWR,li1,57.7300,84.3200,1.799994
_306_,VPWR,li1,73.3700,19.0400,1.799996
_305_,VPWR,li1,40.2500,51.6800,1.799974
_304_,VPWR,li1,43.4700,40.8000,1.799968
_303_,VPWR,li1,15.8700,29.9200,1.799996
_302_,VPWR,li1,75.2100,73.4400,1.799991
_301_,VPWR,li1,20.9300,78.8800,1.799991
_300_,VPWR,li1,25.5300,29.9200,1.799994
_299_,VPWR,li1,76.5900,84.3200,1.799995
_298_,VPWR,li1,36.5700,29.9200,1.799997
_297_,VPWR,li1,9.4300,13.6000,1.799999
_296_,VPWR,li1,39.3300,46.2400,1.799959
_295_,VPWR,li1,73.8300,40.8000,1.799986
_294_,VPWR,li1,12.1900,73.4400,1.799996
_293_,VPWR,li1,23.2300,19.0400,1.799997
_292_,VPWR,li1,16.7900,46.2400,1.799984
_291_,VPWR,li1,34.7300,78.8800,1.799995
_290_,VPWR,li1,74.7500,24.4800,1.799998
_289_,VPWR,li1,75.2100,40.8000,1.799987
_288_,VPWR,li1,42.5500,84.3200,1.799993
_287_,VPWR,li1,58.8800,19.0400,1.799995
_286_,VPWR,li1,21.6200,19.0400,1.799997
_285_,VPWR,li1,10.8100,19.0400,1.799999
_284_,VPWR,li1,62.5600,19.0400,1.799995
_283_,VPWR,li1,40.0200,19.0400,1.799994
_282_,VPWR,li1,55.4300,40.8000,1.799977
_281_,VPWR,li1,45.7700,46.2400,1.799957
_280_,VPWR,li1,89.0100,73.4400,1.799994
_279_,VPWR,li1,49.4500,13.6000,1.799997
_278_,VPWR,li1,59.8000,24.4800,1.799997
_277_,VPWR,li1,85.1000,35.3600,1.799998
_276_,VPWR,li1,30.5900,84.3200,1.799995
_275_,VPWR,li1,49.4500,13.6000,1.799997
_274_,VPWR,li1,13.5700,35.3600,1.799998
_273_,VPWR,li1,25.9900,62.5600,1.799978
_272_,VPWR,li1,14.4900,46.2400,1.799987
_271_,VPWR,li1,81.1900,13.6000,1.799996
_270_,VPWR,li1,65.5500,78.8800,1.799995
_269_,VPWR,li1,72.2200,24.4800,1.799998
_268_,VPWR,li1,79.3500,57.1200,1.799999
_267_,VPWR,li1,20.9300,73.4400,1.799992
_266_,VPWR,li1,19.7800,19.0400,1.799998
_265_,VPWR,li1,40.2500,29.9200,1.799998
_264_,VPWR,li1,10.8100,13.6000,1.799999
_263_,VPWR,li1,42.3200,84.3200,1.799993
_262_,VPWR,li1,46.2300,78.8800,1.799996
_261_,VPWR,li1,15.4100,35.3600,1.799998
_260_,VPWR,li1,24.1500,24.4800,1.799999
_259_,VPWR,li1,72.4500,46.2400,1.799957
_258_,VPWR,li1,88.0900,46.2400,1.799976
_257_,VPWR,li1,53.5900,78.8800,1.799996
_256_,VPWR,li1,27.3700,35.3600,1.799997
_255_,VPWR,li1,38.4100,24.4800,1.799998
_254_,VPWR,li1,12.1900,29.9200,1.799997
_253_,VPWR,li1,16.5600,62.5600,1.799986
_252_,VPWR,li1,85.7900,78.8800,1.799998
_251_,VPWR,li1,24.3800,13.6000,1.799997
_250_,VPWR,li1,74.2900,84.3200,1.799995
_249_,VPWR,li1,42.5500,29.9200,1.799998
_248_,VPWR,li1,60.4900,13.6000,1.799998
_247_,VPWR,li1,14.9500,84.3200,1.799998
_246_,VPWR,li1,32.8900,84.3200,1.799995
_245_,VPWR,li1,45.7700,68.0000,1.799993
_244_,VPWR,li1,38.4100,35.3600,1.799994
_243_,VPWR,li1,35.1900,24.4800,1.799999
_242_,VPWR,li1,25.5300,35.3600,1.799997
_241_,VPWR,li1,50.6000,73.4400,1.799985
_240_,VPWR,li1,85.1000,51.6800,1.799992
_239_,VPWR,li1,63.2500,78.8800,1.799994
_238_,VPWR,li1,33.3500,51.6800,1.799985
_237_,VPWR,li1,9.4300,51.6800,1.799995
_236_,VPWR,li1,58.6500,57.1200,1.799998
_235_,VPWR,li1,73.6000,84.3200,1.799995
_234_,VPWR,li1,65.5500,19.0400,1.799994
_233_,VPWR,li1,32.8900,68.0000,1.799995
_232_,VPWR,li1,71.9900,35.3600,1.799996
_231_,VPWR,li1,64.6300,62.5600,1.799950
_230_,VPWR,li1,41.6300,24.4800,1.799997
_229_,VPWR,li1,46.0000,62.5600,1.799969
_228_,VPWR,li1,69.6900,29.9200,1.800000
_227_,VPWR,li1,19.5500,35.3600,1.799998
_226_,VPWR,li1,71.0700,19.0400,1.799995
_225_,VPWR,li1,44.3900,51.6800,1.799965
_224_,VPWR,li1,26.9100,68.0000,1.799994
_223_,VPWR,li1,34.9600,13.6000,1.799996
_222_,VPWR,li1,40.4800,78.8800,1.799995
_221_,VPWR,li1,16.7900,13.6000,1.799998
_220_,VPWR,li1,45.7700,73.4400,1.799985
_219_,VPWR,li1,80.7300,29.9200,1.800000
_218_,VPWR,li1,58.6500,19.0400,1.799995
_217_,VPWR,li1,35.6500,57.1200,1.799997
_216_,VPWR,li1,11.2700,40.8000,1.799991
_215_,VPWR,li1,59.5700,46.2400,1.799960
_214_,VPWR,li1,8.7400,29.9200,1.799997
_213_,VPWR,li1,16.7900,57.1200,1.799998
_212_,VPWR,li1,56.8100,57.1200,1.799998
_211_,VPWR,li1,43.0100,78.8800,1.799995
_210_,VPWR,li1,92.2300,51.6800,1.799992
_209_,VPWR,li1,52.6700,46.2400,1.799957
_208_,VPWR,li1,42.7800,13.6000,1.799997
_207_,VPWR,li1,13.1100,46.2400,1.799987
_206_,VPWR,li1,47.1500,68.0000,1.799993
_205_,VPWR,li1,71.5300,73.4400,1.799991
_204_,VPWR,li1,84.8700,19.0400,1.799998
_203_,VPWR,li1,36.5700,78.8800,1.799995
_202_,VPWR,li1,7.8200,68.0000,1.799995
_201_,VPWR,li1,69.6900,35.3600,1.799996
_200_,VPWR,li1,90.1600,78.8800,1.799998
_199_,VPWR,li1,77.0500,62.5600,1.799966
_198_,VPWR,li1,55.8900,84.3200,1.799993
_197_,VPWR,li1,64.1700,40.8000,1.799981
_196_,VPWR,li1,35.1900,84.3200,1.799994
_195_,VPWR,li1,39.5600,24.4800,1.799998
_194_,VPWR,li1,91.3100,78.8800,1.799998
_193_,VPWR,li1,59.1100,62.5600,1.799969
_192_,VPWR,li1,85.7900,40.8000,1.799994
_191_,VPWR,li1,21.3900,24.4800,1.799999
_190_,VPWR,li1,66.4700,13.6000,1.799997
_189_,VPWR,li1,90.1600,35.3600,1.799998
_188_,VPWR,li1,80.5000,19.0400,1.799997
_187_,VPWR,li1,23.2300,24.4800,1.799999
_186_,VPWR,li1,66.4700,35.3600,1.799996
_185_,VPWR,li1,9.8900,57.1200,1.799999
_184_,VPWR,li1,75.6700,46.2400,1.799965
_183_,VPWR,li1,91.3100,46.2400,1.799976
_182_,VPWR,li1,50.8300,24.4800,1.799996
_181_,VPWR,li1,32.8900,78.8800,1.799995
_180_,VPWR,li1,14.4900,73.4400,1.799995
_179_,VPWR,li1,82.3400,78.8800,1.799998
_178_,VPWR,li1,30.1300,51.6800,1.799986
_177_,VPWR,li1,12.4200,62.5600,1.799989
_176_,VPWR,li1,29.4400,73.4400,1.799989
_175_,VPWR,li1,67.1600,29.9200,1.799999
_174_,VPWR,li1,55.4300,51.6800,1.799966
_173_,VPWR,li1,58.6500,13.6000,1.799998
_172_,VPWR,li1,48.9900,29.9200,1.799999
_171_,VPWR,li1,80.2700,84.3200,1.799995
_170_,VPWR,li1,49.6800,84.3200,1.799992
_169_,VPWR,li1,79.3500,40.8000,1.799990
_168_,VPWR,li1,80.5000,51.6800,1.799989
_167_,VPWR,li1,41.8600,62.5600,1.799969
_166_,VPWR,li1,29.6700,40.8000,1.799973
_165_,VPWR,li1,62.5600,35.3600,1.799995
_164_,VPWR,li1,62.5600,84.3200,1.799995
_163_,VPWR,li1,83.9500,78.8800,1.799998
_162_,VPWR,li1,39.3300,78.8800,1.799995
_161_,VPWR,li1,50.6000,78.8800,1.799996
_160_,VPWR,li1,37.4900,78.8800,1.799995
_159_,VPWR,li1,61.8700,51.6800,1.799977
_158_,VPWR,li1,24.6100,13.6000,1.799997
