Instance,Terminal,Layer,X location,Y location,Voltage
FILLER_0_27_181,VGND,li1,90.1600,87.0400,0.000001
FILLER_0_27_169,VGND,li1,86.0200,87.0400,0.000001
FILLER_0_27_166,VGND,li1,82.3400,87.0400,0.000002
FILLER_0_27_154,VGND,li1,79.1200,87.0400,0.000002
FILLER_0_27_141,VGND,li1,71.3000,87.0400,0.000003
FILLER_0_27_137,VGND,li1,69.2300,87.0400,0.000003
FILLER_0_27_125,VGND,li1,65.7800,87.0400,0.000003
FILLER_0_27_113,VGND,li1,60.2600,87.0400,0.000005
FILLER_0_27_85,VGND,li1,46.0000,87.0400,0.000007
FILLER_0_27_82,VGND,li1,43.7000,87.0400,0.000007
FILLER_0_27_78,VGND,li1,41.6300,87.0400,0.000006
FILLER_0_27_41,VGND,li1,27.1400,87.0400,0.000005
FILLER_0_27_29,VGND,li1,21.6200,87.0400,0.000004
FILLER_0_27_27,VGND,li1,18.1700,87.0400,0.000003
FILLER_0_27_15,VGND,li1,15.1800,87.0400,0.000002
FILLER_0_27_3,VGND,li1,9.6600,87.0400,0.000002
FILLER_0_26_188,VGND,li1,92.4600,81.6000,0.000006
FILLER_0_26_156,VGND,li1,77.7400,81.6000,0.000006
FILLER_0_26_150,VGND,li1,75.2100,81.6000,0.000006
FILLER_0_26_145,VGND,li1,72.4500,81.6000,0.000006
FILLER_0_26_141,VGND,li1,71.3000,81.6000,0.000006
FILLER_0_26_139,VGND,li1,69.6900,81.6000,0.000006
FILLER_0_26_127,VGND,li1,66.7000,81.6000,0.000006
FILLER_0_26_115,VGND,li1,59.8000,81.6000,0.000006
FILLER_0_26_99,VGND,li1,52.9000,81.6000,0.000005
FILLER_0_26_85,VGND,li1,46.4600,81.6000,0.000005
FILLER_0_26_83,VGND,li1,43.9300,81.6000,0.000005
FILLER_0_26_74,VGND,li1,40.2500,81.6000,0.000005
FILLER_0_26_66,VGND,li1,37.7200,81.6000,0.000005
FILLER_0_26_53,VGND,li1,30.5900,81.6000,0.000008
FILLER_0_26_41,VGND,li1,27.1400,81.6000,0.000009
FILLER_0_26_29,VGND,li1,21.6200,81.6000,0.000010
FILLER_0_26_22,VGND,li1,17.0200,81.6000,0.000009
FILLER_0_26_15,VGND,li1,13.3400,81.6000,0.000008
FILLER_0_26_3,VGND,li1,9.6600,81.6000,0.000008
FILLER_0_25_186,VGND,li1,91.3100,81.6000,0.000006
FILLER_0_25_180,VGND,li1,88.7800,81.6000,0.000006
FILLER_0_25_172,VGND,li1,86.4800,81.6000,0.000007
FILLER_0_25_160,VGND,li1,80.9600,81.6000,0.000007
FILLER_0_25_148,VGND,li1,76.3600,81.6000,0.000006
FILLER_0_25_136,VGND,li1,70.8400,81.6000,0.000006
FILLER_0_25_111,VGND,li1,56.8100,81.6000,0.000005
FILLER_0_25_107,VGND,li1,55.6600,81.6000,0.000005
FILLER_0_25_88,VGND,li1,47.3800,81.6000,0.000005
FILLER_0_25_76,VGND,li1,43.2400,81.6000,0.000005
FILLER_0_25_70,VGND,li1,37.9500,81.6000,0.000005
FILLER_0_25_61,VGND,li1,33.8100,81.6000,0.000007
FILLER_0_25_57,VGND,li1,32.6600,81.6000,0.000007
FILLER_0_25_55,VGND,li1,31.0500,81.6000,0.000008
FILLER_0_25_51,VGND,li1,29.9000,81.6000,0.000008
FILLER_0_25_26,VGND,li1,17.9400,81.6000,0.000009
FILLER_0_24_188,VGND,li1,92.4600,76.1600,0.000001
FILLER_0_24_178,VGND,li1,88.3200,76.1600,0.000001
FILLER_0_24_161,VGND,li1,80.0400,76.1600,0.000002
FILLER_0_24_153,VGND,li1,77.7400,76.1600,0.000002
FILLER_0_24_141,VGND,li1,73.1400,76.1600,0.000002
FILLER_0_24_132,VGND,li1,68.0800,76.1600,0.000003
FILLER_0_24_116,VGND,li1,60.2600,76.1600,0.000004
FILLER_0_24_104,VGND,li1,56.1200,76.1600,0.000006
FILLER_0_24_92,VGND,li1,50.6000,76.1600,0.000008
FILLER_0_24_47,VGND,li1,28.5200,76.1600,0.000004
FILLER_0_24_35,VGND,li1,24.3800,76.1600,0.000004
FILLER_0_24_29,VGND,li1,19.5500,76.1600,0.000003
FILLER_0_24_27,VGND,li1,18.1700,76.1600,0.000003
FILLER_0_24_19,VGND,li1,16.1000,76.1600,0.000002
FILLER_0_24_7,VGND,li1,11.5000,76.1600,0.000002
FILLER_0_23_187,VGND,li1,92.2300,76.1600,0.000001
FILLER_0_23_181,VGND,li1,89.4700,76.1600,0.000001
FILLER_0_23_169,VGND,li1,86.0200,76.1600,0.000001
FILLER_0_23_165,VGND,li1,82.1100,76.1600,0.000001
FILLER_0_23_153,VGND,li1,78.6600,76.1600,0.000002
FILLER_0_23_149,VGND,li1,74.2900,76.1600,0.000002
FILLER_0_23_137,VGND,li1,71.3000,76.1600,0.000002
FILLER_0_23_125,VGND,li1,65.7800,76.1600,0.000003
FILLER_0_23_113,VGND,li1,60.2600,76.1600,0.000004
FILLER_0_23_111,VGND,li1,56.8100,76.1600,0.000006
FILLER_0_23_105,VGND,li1,55.2000,76.1600,0.000006
FILLER_0_23_61,VGND,li1,33.8100,76.1600,0.000006
FILLER_0_23_57,VGND,li1,32.6600,76.1600,0.000005
FILLER_0_23_47,VGND,li1,27.3700,76.1600,0.000004
FILLER_0_23_39,VGND,li1,25.3000,76.1600,0.000004
FILLER_0_23_28,VGND,li1,19.0900,76.1600,0.000003
FILLER_0_23_16,VGND,li1,15.6400,76.1600,0.000002
FILLER_0_23_11,VGND,li1,11.0400,76.1600,0.000002
FILLER_0_23_3,VGND,li1,8.7400,76.1600,0.000002
FILLER_0_22_183,VGND,li1,90.6200,70.7200,0.000005
FILLER_0_22_158,VGND,li1,78.4300,70.7200,0.000009
FILLER_0_22_146,VGND,li1,75.4400,70.7200,0.000008
FILLER_0_22_136,VGND,li1,69.0000,70.7200,0.000008
FILLER_0_22_124,VGND,li1,65.3200,70.7200,0.000008
FILLER_0_22_94,VGND,li1,48.9900,70.7200,0.000013
FILLER_0_22_90,VGND,li1,47.8400,70.7200,0.000013
FILLER_0_22_80,VGND,li1,43.2400,70.7200,0.000010
FILLER_0_22_68,VGND,li1,39.5600,70.7200,0.000009
FILLER_0_22_41,VGND,li1,25.3000,70.7200,0.000011
FILLER_0_22_29,VGND,li1,21.6200,70.7200,0.000010
FILLER_0_22_3,VGND,li1,8.7400,70.7200,0.000008
FILLER_0_21_189,VGND,li1,92.6900,70.7200,0.000005
FILLER_0_21_181,VGND,li1,90.6200,70.7200,0.000005
FILLER_0_21_169,VGND,li1,86.0200,70.7200,0.000007
FILLER_0_21_167,VGND,li1,82.5700,70.7200,0.000009
FILLER_0_21_161,VGND,li1,80.2700,70.7200,0.000009
FILLER_0_21_149,VGND,li1,76.8200,70.7200,0.000008
FILLER_0_21_137,VGND,li1,71.3000,70.7200,0.000008
FILLER_0_21_125,VGND,li1,65.7800,70.7200,0.000008
FILLER_0_21_113,VGND,li1,60.2600,70.7200,0.000010
FILLER_0_21_109,VGND,li1,56.3500,70.7200,0.000013
FILLER_0_21_85,VGND,li1,44.8500,70.7200,0.000012
FILLER_0_21_73,VGND,li1,41.8600,70.7200,0.000010
FILLER_0_21_61,VGND,li1,36.3400,70.7200,0.000010
FILLER_0_21_57,VGND,li1,31.9700,70.7200,0.000012
FILLER_0_21_48,VGND,li1,29.4400,70.7200,0.000012
FILLER_0_21_42,VGND,li1,25.5300,70.7200,0.000011
FILLER_0_21_34,VGND,li1,23.0000,70.7200,0.000010
FILLER_0_21_7,VGND,li1,9.6600,70.7200,0.000008
FILLER_0_20_185,VGND,li1,91.0800,65.2800,0.000015
FILLER_0_20_177,VGND,li1,88.7800,65.2800,0.000015
FILLER_0_20_165,VGND,li1,84.1800,65.2800,0.000021
FILLER_0_20_141,VGND,li1,70.6100,65.2800,0.000036
FILLER_0_20_128,VGND,li1,67.1600,65.2800,0.000037
FILLER_0_20_116,VGND,li1,61.6400,65.2800,0.000038
FILLER_0_20_104,VGND,li1,56.1200,65.2800,0.000036
FILLER_0_20_92,VGND,li1,50.6000,65.2800,0.000035
FILLER_0_20_85,VGND,li1,44.8500,65.2800,0.000033
FILLER_0_20_83,VGND,li1,43.9300,65.2800,0.000033
FILLER_0_20_77,VGND,li1,42.3200,65.2800,0.000033
FILLER_0_20_65,VGND,li1,38.1800,65.2800,0.000032
FILLER_0_20_53,VGND,li1,32.6600,65.2800,0.000034
FILLER_0_20_41,VGND,li1,27.1400,65.2800,0.000028
FILLER_0_20_29,VGND,li1,21.6200,65.2800,0.000021
FILLER_0_20_27,VGND,li1,18.1700,65.2800,0.000017
FILLER_0_20_15,VGND,li1,15.1800,65.2800,0.000012
FILLER_0_20_3,VGND,li1,9.6600,65.2800,0.000012
FILLER_0_19_189,VGND,li1,92.6900,65.2800,0.000015
FILLER_0_19_181,VGND,li1,90.6200,65.2800,0.000015
FILLER_0_19_169,VGND,li1,86.0200,65.2800,0.000019
FILLER_0_19_162,VGND,li1,81.4200,65.2800,0.000025
FILLER_0_19_113,VGND,li1,58.8800,65.2800,0.000037
FILLER_0_19_110,VGND,li1,56.5800,65.2800,0.000036
FILLER_0_19_102,VGND,li1,54.2800,65.2800,0.000036
FILLER_0_19_90,VGND,li1,49.6800,65.2800,0.000035
FILLER_0_19_85,VGND,li1,44.8500,65.2800,0.000033
FILLER_0_19_81,VGND,li1,43.7000,65.2800,0.000033
FILLER_0_19_48,VGND,li1,28.5200,65.2800,0.000028
FILLER_0_19_36,VGND,li1,24.8400,65.2800,0.000025
FILLER_0_19_24,VGND,li1,19.3200,65.2800,0.000017
FILLER_0_19_15,VGND,li1,13.8000,65.2800,0.000012
FILLER_0_19_3,VGND,li1,9.6600,65.2800,0.000012
FILLER_0_18_181,VGND,li1,90.1600,59.8400,0.000000
FILLER_0_18_169,VGND,li1,86.0200,59.8400,0.000000
FILLER_0_18_157,VGND,li1,80.5000,59.8400,0.000000
FILLER_0_18_153,VGND,li1,76.1300,59.8400,0.000000
FILLER_0_18_141,VGND,li1,73.1400,59.8400,0.000000
FILLER_0_18_138,VGND,li1,69.4600,59.8400,0.000000
FILLER_0_18_130,VGND,li1,67.1600,59.8400,0.000000
FILLER_0_18_126,VGND,li1,63.7100,59.8400,0.000000
FILLER_0_18_120,VGND,li1,62.1000,59.8400,0.000000
FILLER_0_18_109,VGND,li1,56.5800,59.8400,0.000000
FILLER_0_18_97,VGND,li1,52.9000,59.8400,0.000000
FILLER_0_18_85,VGND,li1,47.3800,59.8400,0.000000
FILLER_0_18_72,VGND,li1,41.4000,59.8400,0.000000
FILLER_0_18_60,VGND,li1,35.8800,59.8400,0.000000
FILLER_0_18_48,VGND,li1,30.3600,59.8400,0.000000
FILLER_0_18_29,VGND,li1,21.6200,59.8400,0.000000
FILLER_0_18_27,VGND,li1,18.1700,59.8400,0.000000
FILLER_0_18_19,VGND,li1,14.7200,59.8400,0.000000
FILLER_0_18_3,VGND,li1,8.7400,59.8400,0.000000
FILLER_0_17_189,VGND,li1,92.6900,59.8400,0.000000
FILLER_0_17_181,VGND,li1,90.6200,59.8400,0.000000
FILLER_0_17_169,VGND,li1,86.0200,59.8400,0.000000
FILLER_0_17_167,VGND,li1,82.5700,59.8400,0.000000
FILLER_0_17_163,VGND,li1,81.4200,59.8400,0.000000
FILLER_0_17_154,VGND,li1,77.2800,59.8400,0.000000
FILLER_0_17_142,VGND,li1,73.6000,59.8400,0.000000
FILLER_0_17_130,VGND,li1,68.0800,59.8400,0.000000
FILLER_0_17_118,VGND,li1,62.5600,59.8400,0.000000
FILLER_0_17_111,VGND,li1,56.8100,59.8400,0.000000
FILLER_0_17_103,VGND,li1,54.7400,59.8400,0.000000
FILLER_0_17_91,VGND,li1,50.1400,59.8400,0.000000
FILLER_0_17_79,VGND,li1,44.6200,59.8400,0.000000
FILLER_0_17_67,VGND,li1,39.1000,59.8400,0.000000
FILLER_0_17_63,VGND,li1,34.7300,59.8400,0.000000
FILLER_0_17_57,VGND,li1,33.1200,59.8400,0.000000
FILLER_0_17_52,VGND,li1,30.3600,59.8400,0.000000
FILLER_0_17_40,VGND,li1,26.6800,59.8400,0.000000
FILLER_0_17_28,VGND,li1,21.1600,59.8400,0.000000
FILLER_0_17_20,VGND,li1,14.9500,59.8400,0.000000
FILLER_0_17_12,VGND,li1,12.8800,59.8400,0.000000
FILLER_0_17_3,VGND,li1,7.8200,59.8400,0.000000
FILLER_0_16_183,VGND,li1,89.9300,54.4000,0.000006
FILLER_0_16_177,VGND,li1,88.3200,54.4000,0.000006
FILLER_0_16_165,VGND,li1,84.1800,54.4000,0.000009
FILLER_0_16_153,VGND,li1,78.6600,54.4000,0.000013
FILLER_0_16_141,VGND,li1,73.1400,54.4000,0.000016
FILLER_0_16_137,VGND,li1,69.2300,54.4000,0.000019
FILLER_0_16_125,VGND,li1,65.7800,54.4000,0.000021
FILLER_0_16_113,VGND,li1,60.2600,54.4000,0.000031
FILLER_0_16_109,VGND,li1,55.8900,54.4000,0.000039
FILLER_0_16_97,VGND,li1,52.9000,54.4000,0.000045
FILLER_0_16_85,VGND,li1,47.3800,54.4000,0.000045
FILLER_0_16_61,VGND,li1,34.2700,54.4000,0.000020
FILLER_0_16_53,VGND,li1,31.7400,54.4000,0.000019
FILLER_0_16_41,VGND,li1,27.1400,54.4000,0.000016
FILLER_0_16_29,VGND,li1,21.6200,54.4000,0.000012
FILLER_0_16_27,VGND,li1,18.1700,54.4000,0.000010
FILLER_0_16_15,VGND,li1,15.1800,54.4000,0.000008
FILLER_0_16_3,VGND,li1,9.6600,54.4000,0.000007
FILLER_0_15_188,VGND,li1,92.4600,54.4000,0.000006
FILLER_0_15_176,VGND,li1,89.2400,54.4000,0.000006
FILLER_0_15_169,VGND,li1,83.4900,54.4000,0.000010
FILLER_0_15_166,VGND,li1,82.3400,54.4000,0.000010
FILLER_0_15_158,VGND,li1,78.6600,54.4000,0.000013
FILLER_0_15_146,VGND,li1,75.4400,54.4000,0.000015
FILLER_0_15_121,VGND,li1,61.6400,54.4000,0.000026
FILLER_0_15_113,VGND,li1,59.3400,54.4000,0.000031
FILLER_0_15_111,VGND,li1,56.8100,54.4000,0.000039
FILLER_0_15_107,VGND,li1,55.6600,54.4000,0.000039
FILLER_0_15_74,VGND,li1,41.4000,54.4000,0.000030
FILLER_0_15_62,VGND,li1,36.8000,54.4000,0.000023
FILLER_0_15_57,VGND,li1,32.2000,54.4000,0.000019
FILLER_0_15_54,VGND,li1,30.8200,54.4000,0.000019
FILLER_0_15_46,VGND,li1,28.5200,54.4000,0.000016
FILLER_0_15_34,VGND,li1,23.9200,54.4000,0.000014
FILLER_0_15_22,VGND,li1,18.4000,54.4000,0.000010
FILLER_0_15_10,VGND,li1,12.8800,54.4000,0.000007
FILLER_0_15_3,VGND,li1,7.8200,54.4000,0.000007
FILLER_0_14_183,VGND,li1,89.9300,48.9600,0.000002
FILLER_0_14_177,VGND,li1,88.3200,48.9600,0.000002
FILLER_0_14_165,VGND,li1,84.1800,48.9600,0.000002
FILLER_0_14_153,VGND,li1,78.6600,48.9600,0.000003
FILLER_0_14_141,VGND,li1,73.1400,48.9600,0.000004
FILLER_0_14_136,VGND,li1,69.0000,48.9600,0.000005
FILLER_0_14_125,VGND,li1,64.8600,48.9600,0.000006
FILLER_0_14_112,VGND,li1,58.8800,48.9600,0.000008
FILLER_0_14_97,VGND,li1,51.9800,48.9600,0.000009
FILLER_0_14_85,VGND,li1,47.3800,48.9600,0.000008
FILLER_0_14_83,VGND,li1,43.9300,48.9600,0.000006
FILLER_0_14_77,VGND,li1,42.3200,48.9600,0.000005
FILLER_0_14_73,VGND,li1,39.3300,48.9600,0.000004
FILLER_0_14_69,VGND,li1,38.1800,48.9600,0.000004
FILLER_0_14_57,VGND,li1,34.5000,48.9600,0.000003
FILLER_0_14_49,VGND,li1,28.2900,48.9600,0.000003
FILLER_0_14_41,VGND,li1,26.2200,48.9600,0.000002
FILLER_0_14_29,VGND,li1,21.6200,48.9600,0.000002
FILLER_0_14_27,VGND,li1,18.1700,48.9600,0.000001
FILLER_0_14_15,VGND,li1,15.1800,48.9600,0.000001
FILLER_0_14_3,VGND,li1,9.6600,48.9600,0.000001
FILLER_0_13_169,VGND,li1,83.4900,48.9600,0.000003
FILLER_0_13_166,VGND,li1,82.3400,48.9600,0.000003
FILLER_0_13_154,VGND,li1,79.1200,48.9600,0.000003
FILLER_0_13_148,VGND,li1,74.2900,48.9600,0.000004
FILLER_0_13_141,VGND,li1,70.8400,48.9600,0.000005
FILLER_0_13_133,VGND,li1,68.5400,48.9600,0.000005
FILLER_0_13_111,VGND,li1,56.8100,48.9600,0.000008
FILLER_0_13_107,VGND,li1,55.6600,48.9600,0.000008
FILLER_0_13_83,VGND,li1,44.6200,48.9600,0.000006
FILLER_0_13_79,VGND,li1,42.0900,48.9600,0.000005
FILLER_0_13_75,VGND,li1,40.9400,48.9600,0.000005
FILLER_0_13_69,VGND,li1,37.9500,48.9600,0.000004
FILLER_0_13_57,VGND,li1,34.5000,48.9600,0.000003
FILLER_0_13_53,VGND,li1,30.5900,48.9600,0.000003
FILLER_0_13_45,VGND,li1,28.0600,48.9600,0.000003
FILLER_0_13_33,VGND,li1,23.4600,48.9600,0.000002
FILLER_0_13_21,VGND,li1,17.9400,48.9600,0.000001
FILLER_0_13_3,VGND,li1,9.6600,48.9600,0.000001
FILLER_0_12_188,VGND,li1,92.4600,43.5200,0.000013
FILLER_0_12_181,VGND,li1,89.0100,43.5200,0.000013
FILLER_0_12_177,VGND,li1,87.1700,43.5200,0.000016
FILLER_0_12_165,VGND,li1,84.1800,43.5200,0.000019
FILLER_0_12_153,VGND,li1,78.6600,43.5200,0.000027
FILLER_0_12_141,VGND,li1,73.1400,43.5200,0.000033
FILLER_0_12_139,VGND,li1,69.6900,43.5200,0.000040
FILLER_0_12_113,VGND,li1,58.1900,43.5200,0.000050
FILLER_0_12_105,VGND,li1,55.6600,43.5200,0.000052
FILLER_0_12_98,VGND,li1,51.0600,43.5200,0.000054
FILLER_0_12_90,VGND,li1,48.7600,43.5200,0.000056
FILLER_0_12_83,VGND,li1,43.9300,43.5200,0.000056
FILLER_0_12_77,VGND,li1,42.3200,43.5200,0.000056
FILLER_0_12_53,VGND,li1,30.8200,43.5200,0.000056
FILLER_0_12_41,VGND,li1,27.1400,43.5200,0.000048
FILLER_0_12_29,VGND,li1,21.6200,43.5200,0.000036
FILLER_0_12_26,VGND,li1,17.9400,43.5200,0.000028
FILLER_0_12_15,VGND,li1,14.2600,43.5200,0.000022
FILLER_0_12_3,VGND,li1,9.6600,43.5200,0.000022
FILLER_0_11_178,VGND,li1,90.1600,43.5200,0.000013
FILLER_0_11_169,VGND,li1,83.7200,43.5200,0.000019
FILLER_0_11_162,VGND,li1,81.4200,43.5200,0.000022
FILLER_0_11_153,VGND,li1,77.2800,43.5200,0.000027
FILLER_0_11_146,VGND,li1,72.9100,43.5200,0.000033
FILLER_0_11_142,VGND,li1,71.7600,43.5200,0.000037
FILLER_0_11_130,VGND,li1,68.0800,43.5200,0.000040
FILLER_0_11_113,VGND,li1,58.8800,43.5200,0.000050
FILLER_0_11_111,VGND,li1,56.8100,43.5200,0.000052
FILLER_0_11_107,VGND,li1,55.6600,43.5200,0.000052
FILLER_0_11_84,VGND,li1,44.6200,43.5200,0.000056
FILLER_0_11_54,VGND,li1,30.8200,43.5200,0.000056
FILLER_0_11_39,VGND,li1,26.2200,43.5200,0.000048
FILLER_0_11_27,VGND,li1,20.7000,43.5200,0.000036
FILLER_0_11_15,VGND,li1,15.1800,43.5200,0.000022
FILLER_0_11_9,VGND,li1,9.8900,43.5200,0.000022
FILLER_0_11_3,VGND,li1,8.2800,43.5200,0.000022
FILLER_0_10_185,VGND,li1,91.0800,38.0800,0.000002
FILLER_0_10_177,VGND,li1,88.7800,38.0800,0.000002
FILLER_0_10_165,VGND,li1,84.1800,38.0800,0.000002
FILLER_0_10_153,VGND,li1,78.6600,38.0800,0.000004
FILLER_0_10_141,VGND,li1,73.1400,38.0800,0.000005
FILLER_0_10_118,VGND,li1,60.0300,38.0800,0.000007
FILLER_0_10_110,VGND,li1,57.9600,38.0800,0.000008
FILLER_0_10_105,VGND,li1,54.2800,38.0800,0.000008
FILLER_0_10_97,VGND,li1,51.9800,38.0800,0.000009
FILLER_0_10_85,VGND,li1,47.3800,38.0800,0.000010
FILLER_0_10_81,VGND,li1,43.4700,38.0800,0.000008
FILLER_0_10_69,VGND,li1,40.0200,38.0800,0.000007
FILLER_0_10_45,VGND,li1,26.4500,38.0800,0.000007
FILLER_0_10_41,VGND,li1,25.3000,38.0800,0.000007
FILLER_0_10_29,VGND,li1,21.6200,38.0800,0.000006
FILLER_0_10_27,VGND,li1,18.1700,38.0800,0.000005
FILLER_0_10_15,VGND,li1,15.1800,38.0800,0.000003
FILLER_0_10_3,VGND,li1,9.6600,38.0800,0.000003
FILLER_0_9_187,VGND,li1,92.2300,38.0800,0.000002
FILLER_0_9_177,VGND,li1,87.4000,38.0800,0.000002
FILLER_0_9_165,VGND,li1,82.1100,38.0800,0.000003
FILLER_0_9_153,VGND,li1,78.6600,38.0800,0.000004
FILLER_0_9_142,VGND,li1,72.6800,38.0800,0.000005
FILLER_0_9_135,VGND,li1,68.0800,38.0800,0.000006
FILLER_0_9_126,VGND,li1,64.4000,38.0800,0.000006
FILLER_0_9_121,VGND,li1,61.4100,38.0800,0.000007
FILLER_0_9_113,VGND,li1,59.3400,38.0800,0.000007
FILLER_0_9_111,VGND,li1,56.8100,38.0800,0.000008
FILLER_0_9_103,VGND,li1,54.7400,38.0800,0.000008
FILLER_0_9_81,VGND,li1,43.0100,38.0800,0.000008
FILLER_0_9_69,VGND,li1,40.0200,38.0800,0.000007
FILLER_0_9_57,VGND,li1,34.5000,38.0800,0.000008
FILLER_0_9_44,VGND,li1,28.5200,38.0800,0.000008
FILLER_0_9_32,VGND,li1,23.0000,38.0800,0.000006
FILLER_0_9_27,VGND,li1,18.4000,38.0800,0.000005
FILLER_0_9_15,VGND,li1,15.1800,38.0800,0.000003
FILLER_0_9_3,VGND,li1,9.6600,38.0800,0.000003
FILLER_0_8_183,VGND,li1,90.6200,32.6400,0.000001
FILLER_0_8_171,VGND,li1,86.9400,32.6400,0.000001
FILLER_0_8_159,VGND,li1,81.4200,32.6400,0.000001
FILLER_0_8_147,VGND,li1,75.9000,32.6400,0.000002
FILLER_0_8_141,VGND,li1,70.6100,32.6400,0.000003
FILLER_0_8_136,VGND,li1,69.0000,32.6400,0.000003
FILLER_0_8_124,VGND,li1,65.3200,32.6400,0.000003
FILLER_0_8_117,VGND,li1,59.5700,32.6400,0.000005
FILLER_0_8_111,VGND,li1,57.9600,32.6400,0.000006
FILLER_0_8_85,VGND,li1,46.0000,32.6400,0.000006
FILLER_0_8_82,VGND,li1,43.7000,32.6400,0.000005
FILLER_0_8_74,VGND,li1,41.4000,32.6400,0.000005
FILLER_0_8_61,VGND,li1,35.4200,32.6400,0.000005
FILLER_0_8_49,VGND,li1,30.8200,32.6400,0.000006
FILLER_0_8_29,VGND,li1,21.6200,32.6400,0.000006
FILLER_0_8_27,VGND,li1,18.1700,32.6400,0.000005
FILLER_0_8_23,VGND,li1,17.0200,32.6400,0.000004
FILLER_0_8_13,VGND,li1,11.9600,32.6400,0.000004
FILLER_0_8_3,VGND,li1,8.7400,32.6400,0.000004
FILLER_0_7_189,VGND,li1,92.6900,32.6400,0.000001
FILLER_0_7_181,VGND,li1,90.6200,32.6400,0.000001
FILLER_0_7_169,VGND,li1,86.0200,32.6400,0.000001
FILLER_0_7_166,VGND,li1,82.3400,32.6400,0.000001
FILLER_0_7_154,VGND,li1,79.1200,32.6400,0.000002
FILLER_0_7_142,VGND,li1,73.6000,32.6400,0.000002
FILLER_0_7_125,VGND,li1,64.4000,32.6400,0.000003
FILLER_0_7_113,VGND,li1,60.2600,32.6400,0.000005
FILLER_0_7_110,VGND,li1,56.5800,32.6400,0.000006
FILLER_0_7_102,VGND,li1,54.2800,32.6400,0.000007
FILLER_0_7_90,VGND,li1,49.6800,32.6400,0.000007
FILLER_0_7_83,VGND,li1,44.6200,32.6400,0.000006
FILLER_0_7_61,VGND,li1,33.8100,32.6400,0.000006
FILLER_0_7_57,VGND,li1,32.6600,32.6400,0.000006
FILLER_0_7_54,VGND,li1,30.8200,32.6400,0.000006
FILLER_0_7_27,VGND,li1,19.3200,32.6400,0.000005
FILLER_0_7_15,VGND,li1,15.1800,32.6400,0.000004
FILLER_0_7_3,VGND,li1,9.6600,32.6400,0.000004
FILLER_0_6_185,VGND,li1,91.0800,27.2000,0.000000
FILLER_0_6_177,VGND,li1,88.7800,27.2000,0.000000
FILLER_0_6_173,VGND,li1,85.3300,27.2000,0.000000
FILLER_0_6_165,VGND,li1,83.2600,27.2000,0.000000
FILLER_0_6_161,VGND,li1,79.8100,27.2000,0.000000
FILLER_0_6_153,VGND,li1,77.7400,27.2000,0.000000
FILLER_0_6_141,VGND,li1,73.1400,27.2000,0.000000
FILLER_0_6_134,VGND,li1,68.5400,27.2000,0.000000
FILLER_0_6_122,VGND,li1,64.4000,27.2000,0.000000
FILLER_0_6_110,VGND,li1,58.8800,27.2000,0.000000
FILLER_0_6_98,VGND,li1,53.3600,27.2000,0.000000
FILLER_0_6_85,VGND,li1,46.0000,27.2000,0.000000
FILLER_0_6_81,VGND,li1,43.4700,27.2000,0.000000
FILLER_0_6_69,VGND,li1,40.0200,27.2000,0.000000
FILLER_0_6_57,VGND,li1,34.5000,27.2000,0.000000
FILLER_0_6_45,VGND,li1,28.9800,27.2000,0.000000
FILLER_0_6_41,VGND,li1,24.6100,27.2000,0.000000
FILLER_0_6_29,VGND,li1,21.6200,27.2000,0.000000
FILLER_0_6_24,VGND,li1,17.4800,27.2000,0.000000
FILLER_0_6_20,VGND,li1,14.9500,27.2000,0.000000
FILLER_0_6_16,VGND,li1,13.8000,27.2000,0.000000
FILLER_0_6_11,VGND,li1,11.0400,27.2000,0.000000
FILLER_0_5_189,VGND,li1,92.6900,27.2000,0.000000
FILLER_0_5_181,VGND,li1,90.6200,27.2000,0.000000
FILLER_0_5_169,VGND,li1,86.0200,27.2000,0.000000
FILLER_0_5_166,VGND,li1,82.3400,27.2000,0.000000
FILLER_0_5_162,VGND,li1,80.2700,27.2000,0.000000
FILLER_0_5_158,VGND,li1,79.1200,27.2000,0.000000
FILLER_0_5_146,VGND,li1,75.4400,27.2000,0.000000
FILLER_0_5_134,VGND,li1,69.9200,27.2000,0.000000
FILLER_0_5_122,VGND,li1,64.4000,27.2000,0.000000
FILLER_0_5_113,VGND,li1,57.7300,27.2000,0.000000
FILLER_0_5_110,VGND,li1,56.5800,27.2000,0.000000
FILLER_0_5_102,VGND,li1,54.2800,27.2000,0.000000
FILLER_0_5_94,VGND,li1,48.9900,27.2000,0.000000
FILLER_0_5_86,VGND,li1,46.9200,27.2000,0.000000
FILLER_0_5_74,VGND,li1,42.3200,27.2000,0.000000
FILLER_0_5_57,VGND,li1,34.5000,27.2000,0.000000
FILLER_0_5_52,VGND,li1,30.3600,27.2000,0.000000
FILLER_0_5_40,VGND,li1,26.6800,27.2000,0.000000
FILLER_0_5_36,VGND,li1,22.3100,27.2000,0.000000
FILLER_0_5_27,VGND,li1,19.3200,27.2000,0.000000
FILLER_0_5_15,VGND,li1,15.1800,27.2000,0.000000
FILLER_0_5_3,VGND,li1,9.6600,27.2000,0.000000
FILLER_0_4_184,VGND,li1,90.8500,21.7600,0.000001
FILLER_0_4_176,VGND,li1,88.3200,21.7600,0.000001
FILLER_0_4_164,VGND,li1,83.7200,21.7600,0.000001
FILLER_0_4_152,VGND,li1,78.2000,21.7600,0.000002
FILLER_0_4_134,VGND,li1,68.5400,21.7600,0.000002
FILLER_0_4_122,VGND,li1,64.4000,21.7600,0.000003
FILLER_0_4_97,VGND,li1,50.6000,21.7600,0.000004
FILLER_0_4_85,VGND,li1,47.3800,21.7600,0.000004
FILLER_0_4_81,VGND,li1,43.4700,21.7600,0.000003
FILLER_0_4_71,VGND,li1,38.4100,21.7600,0.000002
FILLER_0_4_67,VGND,li1,37.2600,21.7600,0.000002
FILLER_0_4_54,VGND,li1,32.2000,21.7600,0.000001
FILLER_0_4_42,VGND,li1,27.6000,21.7600,0.000001
FILLER_0_4_37,VGND,li1,23.0000,21.7600,0.000001
FILLER_0_4_29,VGND,li1,20.7000,21.7600,0.000001
FILLER_0_4_27,VGND,li1,18.1700,21.7600,0.000001
FILLER_0_4_15,VGND,li1,15.1800,21.7600,0.000000
FILLER_0_4_3,VGND,li1,9.6600,21.7600,0.000000
FILLER_0_3_189,VGND,li1,92.6900,21.7600,0.000001
FILLER_0_3_181,VGND,li1,90.6200,21.7600,0.000001
FILLER_0_3_169,VGND,li1,86.0200,21.7600,0.000001
FILLER_0_3_165,VGND,li1,82.1100,21.7600,0.000001
FILLER_0_3_149,VGND,li1,76.8200,21.7600,0.000002
FILLER_0_3_134,VGND,li1,69.9200,21.7600,0.000002
FILLER_0_3_126,VGND,li1,63.7100,21.7600,0.000003
FILLER_0_3_110,VGND,li1,56.5800,21.7600,0.000006
FILLER_0_3_102,VGND,li1,54.2800,21.7600,0.000005
FILLER_0_3_90,VGND,li1,49.6800,21.7600,0.000004
FILLER_0_3_78,VGND,li1,44.1600,21.7600,0.000003
FILLER_0_3_70,VGND,li1,38.1800,21.7600,0.000002
FILLER_0_3_65,VGND,li1,35.8800,21.7600,0.000002
FILLER_0_3_57,VGND,li1,33.5800,21.7600,0.000001
FILLER_0_3_55,VGND,li1,31.0500,21.7600,0.000001
FILLER_0_3_51,VGND,li1,29.9000,21.7600,0.000001
FILLER_0_3_39,VGND,li1,26.2200,21.7600,0.000001
FILLER_0_3_13,VGND,li1,12.1900,21.7600,0.000000
FILLER_0_3_9,VGND,li1,9.8900,21.7600,0.000000
FILLER_0_3_3,VGND,li1,8.2800,21.7600,0.000000
FILLER_0_2_186,VGND,li1,91.3100,16.3200,0.000006
FILLER_0_2_174,VGND,li1,88.3200,16.3200,0.000006
FILLER_0_2_168,VGND,li1,83.4900,16.3200,0.000007
FILLER_0_2_156,VGND,li1,80.0400,16.3200,0.000007
FILLER_0_2_144,VGND,li1,74.5200,16.3200,0.000007
FILLER_0_2_139,VGND,li1,69.6900,16.3200,0.000007
FILLER_0_2_118,VGND,li1,60.0300,16.3200,0.000007
FILLER_0_2_109,VGND,li1,56.5800,16.3200,0.000007
FILLER_0_2_97,VGND,li1,52.9000,16.3200,0.000007
FILLER_0_2_85,VGND,li1,47.3800,16.3200,0.000008
FILLER_0_2_60,VGND,li1,33.8100,16.3200,0.000008
FILLER_0_2_52,VGND,li1,31.2800,16.3200,0.000008
FILLER_0_2_40,VGND,li1,26.6800,16.3200,0.000006
FILLER_0_2_27,VGND,li1,18.1700,16.3200,0.000004
FILLER_0_2_15,VGND,li1,15.1800,16.3200,0.000003
FILLER_0_2_3,VGND,li1,9.6600,16.3200,0.000003
FILLER_0_1_155,VGND,li1,77.5100,16.3200,0.000007
FILLER_0_1_147,VGND,li1,74.9800,16.3200,0.000007
FILLER_0_1_135,VGND,li1,70.3800,16.3200,0.000007
FILLER_0_1_129,VGND,li1,65.0900,16.3200,0.000007
FILLER_0_1_121,VGND,li1,63.0200,16.3200,0.000006
FILLER_0_1_110,VGND,li1,56.5800,16.3200,0.000007
FILLER_0_1_98,VGND,li1,53.3600,16.3200,0.000007
FILLER_0_1_92,VGND,li1,48.0700,16.3200,0.000008
FILLER_0_1_84,VGND,li1,46.0000,16.3200,0.000008
FILLER_0_1_44,VGND,li1,28.5200,16.3200,0.000007
FILLER_0_1_38,VGND,li1,23.2300,16.3200,0.000005
FILLER_0_1_26,VGND,li1,20.2400,16.3200,0.000005
FILLER_0_1_21,VGND,li1,15.6400,16.3200,0.000003
FILLER_0_1_13,VGND,li1,13.3400,16.3200,0.000003
FILLER_0_1_3,VGND,li1,7.8200,16.3200,0.000003
FILLER_0_0_181,VGND,li1,90.1600,10.8800,0.000000
FILLER_0_0_169,VGND,li1,86.0200,10.8800,0.000000
FILLER_0_0_165,VGND,li1,82.1100,10.8800,0.000000
FILLER_0_0_153,VGND,li1,78.6600,10.8800,0.000000
FILLER_0_0_141,VGND,li1,73.1400,10.8800,0.000000
FILLER_0_0_137,VGND,li1,69.2300,10.8800,0.000000
FILLER_0_0_125,VGND,li1,65.7800,10.8800,0.000000
FILLER_0_0_113,VGND,li1,60.2600,10.8800,0.000000
FILLER_0_0_110,VGND,li1,56.5800,10.8800,0.000000
FILLER_0_0_98,VGND,li1,53.3600,10.8800,0.000000
FILLER_0_0_85,VGND,li1,46.4600,10.8800,0.000000
FILLER_0_0_83,VGND,li1,43.9300,10.8800,0.000000
FILLER_0_0_79,VGND,li1,42.7800,10.8800,0.000000
FILLER_0_0_67,VGND,li1,39.1000,10.8800,0.000000
FILLER_0_0_57,VGND,li1,32.6600,10.8800,0.000000
FILLER_0_0_53,VGND,li1,30.5900,10.8800,0.000000
FILLER_0_0_45,VGND,li1,28.0600,10.8800,0.000000
FILLER_0_0_29,VGND,li1,20.7000,10.8800,0.000000
FILLER_0_0_27,VGND,li1,18.1700,10.8800,0.000000
FILLER_0_0_15,VGND,li1,15.1800,10.8800,0.000000
FILLER_0_0_3,VGND,li1,9.6600,10.8800,0.000000
ANTENNA_3,VGND,li1,18.8600,81.6000,0.000009
ANTENNA_2,VGND,li1,11.0400,32.6400,0.000004
ANTENNA_1,VGND,li1,88.3200,38.0800,0.000002
clkload2,VGND,li1,61.6400,43.5200,0.000048
clkload1,VGND,li1,30.3600,65.2800,0.000032
clkload0,VGND,li1,37.2600,43.5200,0.000070
clkbuf_2_3__f_clk,VGND,li1,64.8600,65.2800,0.000038
clkbuf_2_2__f_clk,VGND,li1,64.8600,43.5200,0.000045
clkbuf_2_1__f_clk,VGND,li1,36.3400,65.2800,0.000038
clkbuf_2_0__f_clk,VGND,li1,36.3400,43.5200,0.000070
clkbuf_0_clk,VGND,li1,50.1400,54.4000,0.000051
TopModule_9,VGND,li1,92.2300,87.0400,0.000001
output8,VGND,li1,92.2300,10.8800,0.000000
output7,VGND,li1,92.2300,16.3200,0.000006
output6,VGND,li1,92.2300,21.7600,0.000001
output5,VGND,li1,92.2300,27.2000,0.000000
output4,VGND,li1,92.2300,32.6400,0.000001
output3,VGND,li1,92.2300,38.0800,0.000002
output2,VGND,li1,89.9300,43.5200,0.000013
input1,VGND,li1,7.8200,76.1600,0.000002
TopModule_10,VGND,li1,92.2300,81.6000,0.000006
TopModule_16,VGND,li1,90.8500,48.9600,0.000002
TopModule_15,VGND,li1,92.2300,54.4000,0.000006
TopModule_14,VGND,li1,92.2300,59.8400,0.000000
TopModule_13,VGND,li1,92.2300,65.2800,0.000015
TopModule_12,VGND,li1,92.2300,70.7200,0.000005
TopModule_11,VGND,li1,89.9300,76.1600,0.000001
TAP_TAPCELL_ROW_27_145,VGND,li1,83.0300,86.7480,0.000002
TAP_TAPCELL_ROW_27_144,VGND,li1,70.1500,86.7480,0.000003
TAP_TAPCELL_ROW_27_143,VGND,li1,57.2700,86.7480,0.000006
TAP_TAPCELL_ROW_27_142,VGND,li1,44.3900,86.7480,0.000007
TAP_TAPCELL_ROW_27_141,VGND,li1,31.5100,86.7480,0.000005
TAP_TAPCELL_ROW_27_140,VGND,li1,18.6300,86.7480,0.000003
TAP_TAPCELL_ROW_26_139,VGND,li1,70.1500,81.8910,0.000006
TAP_TAPCELL_ROW_26_138,VGND,li1,44.3900,81.8910,0.000005
TAP_TAPCELL_ROW_26_137,VGND,li1,18.6300,81.8910,0.000009
TAP_TAPCELL_ROW_25_136,VGND,li1,83.0300,81.3080,0.000007
TAP_TAPCELL_ROW_25_135,VGND,li1,57.2700,81.3080,0.000005
TAP_TAPCELL_ROW_25_134,VGND,li1,31.5100,81.3080,0.000008
TAP_TAPCELL_ROW_24_133,VGND,li1,70.1500,76.4510,0.000002
TAP_TAPCELL_ROW_24_132,VGND,li1,44.3900,76.4510,0.000007
TAP_TAPCELL_ROW_24_131,VGND,li1,18.6300,76.4510,0.000003
TAP_TAPCELL_ROW_23_130,VGND,li1,83.0300,75.8680,0.000001
TAP_TAPCELL_ROW_23_129,VGND,li1,57.2700,75.8680,0.000005
TAP_TAPCELL_ROW_23_128,VGND,li1,31.5100,75.8680,0.000005
TAP_TAPCELL_ROW_22_127,VGND,li1,70.1500,71.0110,0.000008
TAP_TAPCELL_ROW_22_126,VGND,li1,44.3900,71.0110,0.000012
TAP_TAPCELL_ROW_22_125,VGND,li1,18.6300,71.0110,0.000010
TAP_TAPCELL_ROW_21_124,VGND,li1,83.0300,70.4280,0.000009
TAP_TAPCELL_ROW_21_123,VGND,li1,57.2700,70.4280,0.000013
TAP_TAPCELL_ROW_21_122,VGND,li1,31.5100,70.4280,0.000012
TAP_TAPCELL_ROW_20_121,VGND,li1,70.1500,65.5710,0.000036
TAP_TAPCELL_ROW_20_120,VGND,li1,44.3900,65.5710,0.000033
TAP_TAPCELL_ROW_20_119,VGND,li1,18.6300,65.5710,0.000017
TAP_TAPCELL_ROW_19_118,VGND,li1,83.0300,64.9880,0.000025
TAP_TAPCELL_ROW_19_117,VGND,li1,57.2700,64.9880,0.000036
TAP_TAPCELL_ROW_19_116,VGND,li1,31.5100,64.9880,0.000032
TAP_TAPCELL_ROW_18_115,VGND,li1,70.1500,60.1310,0.000000
TAP_TAPCELL_ROW_18_114,VGND,li1,44.3900,60.1310,0.000000
TAP_TAPCELL_ROW_18_113,VGND,li1,18.6300,60.1310,0.000000
TAP_TAPCELL_ROW_17_112,VGND,li1,83.0300,59.5480,0.000000
TAP_TAPCELL_ROW_17_111,VGND,li1,57.2700,59.5480,0.000000
TAP_TAPCELL_ROW_17_110,VGND,li1,31.5100,59.5480,0.000000
TAP_TAPCELL_ROW_16_109,VGND,li1,70.1500,54.6910,0.000019
TAP_TAPCELL_ROW_16_108,VGND,li1,44.3900,54.6910,0.000038
TAP_TAPCELL_ROW_16_107,VGND,li1,18.6300,54.6910,0.000010
TAP_TAPCELL_ROW_15_106,VGND,li1,83.0300,54.1080,0.000010
TAP_TAPCELL_ROW_15_105,VGND,li1,57.2700,54.1080,0.000039
TAP_TAPCELL_ROW_15_104,VGND,li1,31.5100,54.1080,0.000019
TAP_TAPCELL_ROW_14_103,VGND,li1,70.1500,49.2510,0.000005
TAP_TAPCELL_ROW_14_102,VGND,li1,44.3900,49.2510,0.000006
TAP_TAPCELL_ROW_14_101,VGND,li1,18.6300,49.2510,0.000001
TAP_TAPCELL_ROW_13_100,VGND,li1,83.0300,48.6680,0.000003
TAP_TAPCELL_ROW_13_99,VGND,li1,57.2700,48.6680,0.000008
TAP_TAPCELL_ROW_13_98,VGND,li1,31.5100,48.6680,0.000003
TAP_TAPCELL_ROW_12_97,VGND,li1,70.1500,43.8110,0.000037
TAP_TAPCELL_ROW_12_96,VGND,li1,44.3900,43.8110,0.000056
TAP_TAPCELL_ROW_12_95,VGND,li1,18.6300,43.8110,0.000032
TAP_TAPCELL_ROW_11_94,VGND,li1,83.0300,43.2280,0.000022
TAP_TAPCELL_ROW_11_93,VGND,li1,57.2700,43.2280,0.000052
TAP_TAPCELL_ROW_11_92,VGND,li1,31.5100,43.2280,0.000060
TAP_TAPCELL_ROW_10_91,VGND,li1,70.1500,38.3710,0.000005
TAP_TAPCELL_ROW_10_90,VGND,li1,44.3900,38.3710,0.000008
TAP_TAPCELL_ROW_10_89,VGND,li1,18.6300,38.3710,0.000005
TAP_TAPCELL_ROW_9_88,VGND,li1,83.0300,37.7880,0.000003
TAP_TAPCELL_ROW_9_87,VGND,li1,57.2700,37.7880,0.000008
TAP_TAPCELL_ROW_9_86,VGND,li1,31.5100,37.7880,0.000009
TAP_TAPCELL_ROW_8_85,VGND,li1,70.1500,32.9310,0.000003
TAP_TAPCELL_ROW_8_84,VGND,li1,44.3900,32.9310,0.000006
TAP_TAPCELL_ROW_8_83,VGND,li1,18.6300,32.9310,0.000005
TAP_TAPCELL_ROW_7_82,VGND,li1,83.0300,32.3480,0.000001
TAP_TAPCELL_ROW_7_81,VGND,li1,57.2700,32.3480,0.000006
TAP_TAPCELL_ROW_7_80,VGND,li1,31.5100,32.3480,0.000006
TAP_TAPCELL_ROW_6_79,VGND,li1,70.1500,27.4910,0.000000
TAP_TAPCELL_ROW_6_78,VGND,li1,44.3900,27.4910,0.000000
TAP_TAPCELL_ROW_6_77,VGND,li1,18.6300,27.4910,0.000000
TAP_TAPCELL_ROW_5_76,VGND,li1,83.0300,26.9080,0.000000
TAP_TAPCELL_ROW_5_75,VGND,li1,57.2700,26.9080,0.000000
TAP_TAPCELL_ROW_5_74,VGND,li1,31.5100,26.9080,0.000000
TAP_TAPCELL_ROW_4_73,VGND,li1,70.1500,22.0510,0.000002
TAP_TAPCELL_ROW_4_72,VGND,li1,44.3900,22.0510,0.000003
TAP_TAPCELL_ROW_4_71,VGND,li1,18.6300,22.0510,0.000001
TAP_TAPCELL_ROW_3_70,VGND,li1,83.0300,21.4680,0.000001
TAP_TAPCELL_ROW_3_69,VGND,li1,57.2700,21.4680,0.000006
TAP_TAPCELL_ROW_3_68,VGND,li1,31.5100,21.4680,0.000001
TAP_TAPCELL_ROW_2_67,VGND,li1,70.1500,16.6110,0.000007
TAP_TAPCELL_ROW_2_66,VGND,li1,44.3900,16.6110,0.000008
TAP_TAPCELL_ROW_2_65,VGND,li1,18.6300,16.6110,0.000004
TAP_TAPCELL_ROW_1_64,VGND,li1,83.0300,16.0280,0.000007
TAP_TAPCELL_ROW_1_63,VGND,li1,57.2700,16.0280,0.000007
TAP_TAPCELL_ROW_1_62,VGND,li1,31.5100,16.0280,0.000008
TAP_TAPCELL_ROW_0_61,VGND,li1,83.0300,11.1710,0.000000
TAP_TAPCELL_ROW_0_60,VGND,li1,70.1500,11.1710,0.000000
TAP_TAPCELL_ROW_0_59,VGND,li1,57.2700,11.1710,0.000000
TAP_TAPCELL_ROW_0_58,VGND,li1,44.3900,11.1710,0.000000
TAP_TAPCELL_ROW_0_57,VGND,li1,31.5100,11.1710,0.000000
TAP_TAPCELL_ROW_0_56,VGND,li1,18.6300,11.1710,0.000000
PHY_EDGE_ROW_27_Left_55,VGND,li1,6.2100,87.0400,0.000002
PHY_EDGE_ROW_26_Left_54,VGND,li1,6.2100,81.6000,0.000008
PHY_EDGE_ROW_25_Left_53,VGND,li1,6.2100,81.6000,0.000008
PHY_EDGE_ROW_24_Left_52,VGND,li1,6.2100,76.1600,0.000002
PHY_EDGE_ROW_23_Left_51,VGND,li1,6.2100,76.1600,0.000002
PHY_EDGE_ROW_22_Left_50,VGND,li1,6.2100,70.7200,0.000008
PHY_EDGE_ROW_21_Left_49,VGND,li1,6.2100,70.7200,0.000008
PHY_EDGE_ROW_20_Left_48,VGND,li1,6.2100,65.2800,0.000012
PHY_EDGE_ROW_19_Left_47,VGND,li1,6.2100,65.2800,0.000012
PHY_EDGE_ROW_18_Left_46,VGND,li1,6.2100,59.8400,0.000000
PHY_EDGE_ROW_17_Left_45,VGND,li1,6.2100,59.8400,0.000000
PHY_EDGE_ROW_16_Left_44,VGND,li1,6.2100,54.4000,0.000007
PHY_EDGE_ROW_15_Left_43,VGND,li1,6.2100,54.4000,0.000007
PHY_EDGE_ROW_14_Left_42,VGND,li1,6.2100,48.9600,0.000001
PHY_EDGE_ROW_13_Left_41,VGND,li1,6.2100,48.9600,0.000001
PHY_EDGE_ROW_12_Left_40,VGND,li1,6.2100,43.5200,0.000022
PHY_EDGE_ROW_11_Left_39,VGND,li1,6.2100,43.5200,0.000022
PHY_EDGE_ROW_10_Left_38,VGND,li1,6.2100,38.0800,0.000003
PHY_EDGE_ROW_9_Left_37,VGND,li1,6.2100,38.0800,0.000003
PHY_EDGE_ROW_8_Left_36,VGND,li1,6.2100,32.6400,0.000004
PHY_EDGE_ROW_7_Left_35,VGND,li1,6.2100,32.6400,0.000004
PHY_EDGE_ROW_6_Left_34,VGND,li1,6.2100,27.2000,0.000000
PHY_EDGE_ROW_5_Left_33,VGND,li1,6.2100,27.2000,0.000000
PHY_EDGE_ROW_4_Left_32,VGND,li1,6.2100,21.7600,0.000000
PHY_EDGE_ROW_3_Left_31,VGND,li1,6.2100,21.7600,0.000000
PHY_EDGE_ROW_2_Left_30,VGND,li1,6.2100,16.3200,0.000003
PHY_EDGE_ROW_1_Left_29,VGND,li1,6.2100,16.3200,0.000003
PHY_EDGE_ROW_0_Left_28,VGND,li1,6.2100,10.8800,0.000000
PHY_EDGE_ROW_27_Right_27,VGND,li1,93.6100,87.0400,0.000001
PHY_EDGE_ROW_26_Right_26,VGND,li1,93.6100,81.6000,0.000006
PHY_EDGE_ROW_25_Right_25,VGND,li1,93.6100,81.6000,0.000006
PHY_EDGE_ROW_24_Right_24,VGND,li1,93.6100,76.1600,0.000001
PHY_EDGE_ROW_23_Right_23,VGND,li1,93.6100,76.1600,0.000001
PHY_EDGE_ROW_22_Right_22,VGND,li1,93.6100,70.7200,0.000005
PHY_EDGE_ROW_21_Right_21,VGND,li1,93.6100,70.7200,0.000005
PHY_EDGE_ROW_20_Right_20,VGND,li1,93.6100,65.2800,0.000015
PHY_EDGE_ROW_19_Right_19,VGND,li1,93.6100,65.2800,0.000015
PHY_EDGE_ROW_18_Right_18,VGND,li1,93.6100,59.8400,0.000000
PHY_EDGE_ROW_17_Right_17,VGND,li1,93.6100,59.8400,0.000000
PHY_EDGE_ROW_16_Right_16,VGND,li1,93.6100,54.4000,0.000006
PHY_EDGE_ROW_15_Right_15,VGND,li1,93.6100,54.4000,0.000006
PHY_EDGE_ROW_14_Right_14,VGND,li1,93.6100,48.9600,0.000002
PHY_EDGE_ROW_13_Right_13,VGND,li1,93.6100,48.9600,0.000002
PHY_EDGE_ROW_12_Right_12,VGND,li1,93.6100,43.5200,0.000013
PHY_EDGE_ROW_11_Right_11,VGND,li1,93.6100,43.5200,0.000013
PHY_EDGE_ROW_10_Right_10,VGND,li1,93.6100,38.0800,0.000002
PHY_EDGE_ROW_9_Right_9,VGND,li1,93.6100,38.0800,0.000002
PHY_EDGE_ROW_8_Right_8,VGND,li1,93.6100,32.6400,0.000001
PHY_EDGE_ROW_7_Right_7,VGND,li1,93.6100,32.6400,0.000001
PHY_EDGE_ROW_6_Right_6,VGND,li1,93.6100,27.2000,0.000000
PHY_EDGE_ROW_5_Right_5,VGND,li1,93.6100,27.2000,0.000000
PHY_EDGE_ROW_4_Right_4,VGND,li1,93.6100,21.7600,0.000001
PHY_EDGE_ROW_3_Right_3,VGND,li1,93.6100,21.7600,0.000001
PHY_EDGE_ROW_2_Right_2,VGND,li1,93.6100,16.3200,0.000006
PHY_EDGE_ROW_1_Right_1,VGND,li1,93.6100,16.3200,0.000006
PHY_EDGE_ROW_0_Right_0,VGND,li1,93.6100,10.8800,0.000000
_362_,VGND,li1,86.2500,27.2000,0.000000
_353_,VGND,li1,57.2700,70.7200,0.000013
_352_,VGND,li1,62.7900,81.6000,0.000006
_351_,VGND,li1,18.1700,21.7600,0.000001
_350_,VGND,li1,12.1900,81.6000,0.000008
_349_,VGND,li1,88.3200,48.9600,0.000002
_348_,VGND,li1,39.3300,16.3200,0.000008
_347_,VGND,li1,56.3500,21.7600,0.000006
_346_,VGND,li1,38.6400,76.1600,0.000006
_345_,VGND,li1,36.5700,87.0400,0.000007
_344_,VGND,li1,24.1500,81.6000,0.000010
_343_,VGND,li1,36.5700,16.3200,0.000009
_342_,VGND,li1,48.0700,38.0800,0.000010
_341_,VGND,li1,50.3700,70.7200,0.000014
_340_,VGND,li1,76.1300,65.2800,0.000035
_339_,VGND,li1,67.3900,54.4000,0.000021
_338_,VGND,li1,64.8600,16.3200,0.000007
_337_,VGND,li1,88.0900,16.3200,0.000006
_336_,VGND,li1,74.7500,65.2800,0.000035
_335_,VGND,li1,50.1400,48.9600,0.000009
_334_,VGND,li1,52.2100,87.0400,0.000008
_333_,VGND,li1,31.5100,70.7200,0.000012
_332_,VGND,li1,87.1700,81.6000,0.000007
_331_,VGND,li1,25.5300,32.6400,0.000008
_330_,VGND,li1,39.5600,54.4000,0.000024
_329_,VGND,li1,83.4900,70.7200,0.000009
_328_,VGND,li1,62.1000,48.9600,0.000007
_327_,VGND,li1,65.0900,38.0800,0.000006
_326_,VGND,li1,51.9800,32.6400,0.000007
_325_,VGND,li1,49.9100,43.5200,0.000056
_324_,VGND,li1,15.8700,70.7200,0.000009
_323_,VGND,li1,48.5300,76.1600,0.000009
_322_,VGND,li1,31.9700,38.0800,0.000009
_321_,VGND,li1,43.0100,48.9600,0.000005
_320_,VGND,li1,37.0300,21.7600,0.000002
_319_,VGND,li1,60.9500,21.7600,0.000004
_318_,VGND,li1,46.2300,32.6400,0.000006
_317_,VGND,li1,75.2100,38.0800,0.000004
_316_,VGND,li1,90.8500,54.4000,0.000006
_315_,VGND,li1,15.8700,65.2800,0.000014
_314_,VGND,li1,22.7700,76.1600,0.000004
_313_,VGND,li1,81.6500,70.7200,0.000009
_312_,VGND,li1,78.8900,16.3200,0.000007
_311_,VGND,li1,90.8500,76.1600,0.000001
_310_,VGND,li1,81.1900,27.2000,0.000000
_309_,VGND,li1,61.1800,32.6400,0.000005
_308_,VGND,li1,67.3900,48.9600,0.000005
_307_,VGND,li1,57.7300,81.6000,0.000006
_306_,VGND,li1,73.3700,21.7600,0.000002
_305_,VGND,li1,40.2500,48.9600,0.000005
_304_,VGND,li1,43.4700,43.5200,0.000056
_303_,VGND,li1,15.8700,27.2000,0.000000
_302_,VGND,li1,75.2100,76.1600,0.000002
_301_,VGND,li1,20.9300,76.1600,0.000003
_300_,VGND,li1,25.5300,27.2000,0.000000
_299_,VGND,li1,76.5900,81.6000,0.000006
_298_,VGND,li1,36.5700,32.6400,0.000005
_297_,VGND,li1,9.4300,16.3200,0.000003
_296_,VGND,li1,39.3300,48.9600,0.000004
_295_,VGND,li1,73.8300,43.5200,0.000033
_294_,VGND,li1,12.1900,76.1600,0.000002
_293_,VGND,li1,23.2300,16.3200,0.000005
_292_,VGND,li1,16.7900,43.5200,0.000028
_291_,VGND,li1,34.7300,81.6000,0.000006
_290_,VGND,li1,74.7500,21.7600,0.000002
_289_,VGND,li1,75.2100,43.5200,0.000030
_288_,VGND,li1,42.5500,87.0400,0.000006
_287_,VGND,li1,58.8800,21.7600,0.000005
_286_,VGND,li1,21.6200,16.3200,0.000005
_285_,VGND,li1,10.8100,21.7600,0.000000
_284_,VGND,li1,62.5600,21.7600,0.000004
_283_,VGND,li1,40.0200,21.7600,0.000002
_282_,VGND,li1,55.4300,38.0800,0.000008
_281_,VGND,li1,45.7700,43.5200,0.000056
_280_,VGND,li1,89.0100,70.7200,0.000005
_279_,VGND,li1,49.4500,10.8800,0.000000
_278_,VGND,li1,59.8000,27.2000,0.000000
_277_,VGND,li1,85.1000,38.0800,0.000002
_276_,VGND,li1,30.5900,87.0400,0.000005
_275_,VGND,li1,49.4500,16.3200,0.000008
_274_,VGND,li1,13.5700,32.6400,0.000004
_273_,VGND,li1,25.9900,59.8400,0.000000
_272_,VGND,li1,14.4900,48.9600,0.000001
_271_,VGND,li1,81.1900,16.3200,0.000007
_270_,VGND,li1,65.5500,76.1600,0.000003
_269_,VGND,li1,72.2200,21.7600,0.000002
_268_,VGND,li1,79.3500,59.8400,0.000000
_267_,VGND,li1,20.9300,76.1600,0.000003
_266_,VGND,li1,19.7800,16.3200,0.000004
_265_,VGND,li1,40.2500,32.6400,0.000005
_264_,VGND,li1,10.8100,16.3200,0.000003
_263_,VGND,li1,42.3200,81.6000,0.000005
_262_,VGND,li1,46.2300,76.1600,0.000008
_261_,VGND,li1,15.4100,32.6400,0.000004
_260_,VGND,li1,24.1500,21.7600,0.000001
_259_,VGND,li1,72.4500,48.9600,0.000004
_258_,VGND,li1,88.0900,43.5200,0.000013
_257_,VGND,li1,53.5900,81.6000,0.000005
_256_,VGND,li1,27.3700,32.6400,0.000007
_255_,VGND,li1,38.4100,27.2000,0.000000
_254_,VGND,li1,12.1900,27.2000,0.000000
_253_,VGND,li1,16.5600,59.8400,0.000000
_252_,VGND,li1,85.7900,76.1600,0.000001
_251_,VGND,li1,24.3800,10.8800,0.000000
_250_,VGND,li1,74.2900,87.0400,0.000002
_249_,VGND,li1,42.5500,32.6400,0.000005
_248_,VGND,li1,60.4900,16.3200,0.000007
_247_,VGND,li1,14.9500,81.6000,0.000009
_246_,VGND,li1,32.8900,81.6000,0.000007
_245_,VGND,li1,45.7700,65.2800,0.000034
_244_,VGND,li1,38.4100,32.6400,0.000005
_243_,VGND,li1,35.1900,21.7600,0.000002
_242_,VGND,li1,25.5300,32.6400,0.000008
_241_,VGND,li1,50.6000,70.7200,0.000014
_240_,VGND,li1,85.1000,54.4000,0.000009
_239_,VGND,li1,63.2500,76.1600,0.000003
_238_,VGND,li1,33.3500,54.4000,0.000020
_237_,VGND,li1,9.4300,54.4000,0.000007
_236_,VGND,li1,58.6500,59.8400,0.000000
_235_,VGND,li1,73.6000,81.6000,0.000006
_234_,VGND,li1,65.5500,21.7600,0.000003
_233_,VGND,li1,32.8900,70.7200,0.000012
_232_,VGND,li1,71.9900,32.6400,0.000002
_231_,VGND,li1,64.6300,59.8400,0.000000
_230_,VGND,li1,41.6300,21.7600,0.000002
_229_,VGND,li1,46.0000,65.2800,0.000034
_228_,VGND,li1,69.6900,32.6400,0.000003
_227_,VGND,li1,19.5500,38.0800,0.000005
_226_,VGND,li1,71.0700,16.3200,0.000007
_225_,VGND,li1,44.3900,54.4000,0.000038
_224_,VGND,li1,26.9100,70.7200,0.000011
_223_,VGND,li1,34.9600,10.8800,0.000000
_222_,VGND,li1,40.4800,76.1600,0.000007
_221_,VGND,li1,16.7900,16.3200,0.000003
_220_,VGND,li1,45.7700,70.7200,0.000012
_219_,VGND,li1,80.7300,27.2000,0.000000
_218_,VGND,li1,58.6500,16.3200,0.000007
_217_,VGND,li1,35.6500,59.8400,0.000000
_216_,VGND,li1,11.2700,43.5200,0.000022
_215_,VGND,li1,59.5700,43.5200,0.000050
_214_,VGND,li1,8.7400,27.2000,0.000000
_213_,VGND,li1,16.7900,59.8400,0.000000
_212_,VGND,li1,56.8100,54.4000,0.000039
_211_,VGND,li1,43.0100,76.1600,0.000007
_210_,VGND,li1,92.2300,48.9600,0.000002
_209_,VGND,li1,52.6700,43.5200,0.000054
_208_,VGND,li1,42.7800,16.3200,0.000008
_207_,VGND,li1,13.1100,48.9600,0.000001
_206_,VGND,li1,47.1500,65.2800,0.000034
_205_,VGND,li1,71.5300,70.7200,0.000008
_204_,VGND,li1,84.8700,16.3200,0.000007
_203_,VGND,li1,36.5700,81.6000,0.000005
_202_,VGND,li1,7.8200,70.7200,0.000008
_201_,VGND,li1,69.6900,38.0800,0.000005
_200_,VGND,li1,90.1600,81.6000,0.000006
_199_,VGND,li1,77.0500,59.8400,0.000000
_198_,VGND,li1,55.8900,81.6000,0.000005
_197_,VGND,li1,64.1700,43.5200,0.000045
_196_,VGND,li1,35.1900,81.6000,0.000006
_195_,VGND,li1,39.5600,21.7600,0.000002
_194_,VGND,li1,91.3100,76.1600,0.000001
_193_,VGND,li1,59.1100,59.8400,0.000000
_192_,VGND,li1,85.7900,43.5200,0.000016
_191_,VGND,li1,21.3900,27.2000,0.000000
_190_,VGND,li1,66.4700,16.3200,0.000007
_189_,VGND,li1,90.1600,38.0800,0.000002
_188_,VGND,li1,80.5000,21.7600,0.000001
_187_,VGND,li1,23.2300,27.2000,0.000000
_186_,VGND,li1,66.4700,38.0800,0.000006
_185_,VGND,li1,9.8900,59.8400,0.000000
_184_,VGND,li1,75.6700,48.9600,0.000004
_183_,VGND,li1,91.3100,43.5200,0.000013
_182_,VGND,li1,50.8300,27.2000,0.000000
_181_,VGND,li1,32.8900,76.1600,0.000005
_180_,VGND,li1,14.4900,70.7200,0.000008
_179_,VGND,li1,82.3400,76.1600,0.000001
_178_,VGND,li1,30.1300,48.9600,0.000003
_177_,VGND,li1,12.4200,59.8400,0.000000
_176_,VGND,li1,29.4400,76.1600,0.000005
_175_,VGND,li1,67.1600,32.6400,0.000003
_174_,VGND,li1,55.4300,48.9600,0.000008
_173_,VGND,li1,58.6500,16.3200,0.000007
_172_,VGND,li1,48.9900,27.2000,0.000000
_171_,VGND,li1,80.2700,81.6000,0.000007
_170_,VGND,li1,49.6800,81.6000,0.000005
_169_,VGND,li1,79.3500,43.5200,0.000025
_168_,VGND,li1,80.5000,54.4000,0.000012
_167_,VGND,li1,41.8600,65.2800,0.000033
_166_,VGND,li1,29.6700,43.5200,0.000056
_165_,VGND,li1,62.5600,38.0800,0.000007
_164_,VGND,li1,62.5600,81.6000,0.000006
_163_,VGND,li1,83.9500,81.6000,0.000007
_162_,VGND,li1,39.3300,81.6000,0.000005
_161_,VGND,li1,50.6000,81.6000,0.000005
_160_,VGND,li1,37.4900,76.1600,0.000006
_159_,VGND,li1,61.8700,48.9600,0.000007
_158_,VGND,li1,24.6100,16.3200,0.000005
