Sat Jun 14 21:48:27 +0000 2025 - Executing "{openroad -exit -no_init -python /openlane/scripts/odbpy/lefutil.py get_metal_layers -o /openlane/designs/alu_and_register/runs/RUN_2025.06.14_21.48.27/tmp/layers.list /home/kagan/.volare/sky130A/libs.ref/sky130_fd_sc_hd/techlef/sky130_fd_sc_hd__nom.tlef}"

Sat Jun 14 21:48:28 +0000 2025 - Executing "{/openlane/scripts/mergeLef.py -o /openlane/designs/alu_and_register/runs/RUN_2025.06.14_21.48.27/tmp/merged.nom.lef -i /home/kagan/.volare/sky130A/libs.ref/sky130_fd_sc_hd/techlef/sky130_fd_sc_hd__nom.tlef {/home/kagan/.volare/sky130A/libs.ref/sky130_fd_sc_hd/lef/sky130_fd_sc_hd.lef /home/kagan/.volare/sky130A/libs.ref/sky130_fd_sc_hd/lef/sky130_ef_sc_hd.lef} |& tee /dev/null}"

Sat Jun 14 21:48:28 +0000 2025 - Executing "{/openlane/scripts/mergeLef.py -o /openlane/designs/alu_and_register/runs/RUN_2025.06.14_21.48.27/tmp/merged.min.lef -i /home/kagan/.volare/sky130A/libs.ref/sky130_fd_sc_hd/techlef/sky130_fd_sc_hd__min.tlef {/home/kagan/.volare/sky130A/libs.ref/sky130_fd_sc_hd/lef/sky130_fd_sc_hd.lef /home/kagan/.volare/sky130A/libs.ref/sky130_fd_sc_hd/lef/sky130_ef_sc_hd.lef} |& tee /dev/null}"

Sat Jun 14 21:48:28 +0000 2025 - Executing "{/openlane/scripts/mergeLef.py -o /openlane/designs/alu_and_register/runs/RUN_2025.06.14_21.48.27/tmp/merged.max.lef -i /home/kagan/.volare/sky130A/libs.ref/sky130_fd_sc_hd/techlef/sky130_fd_sc_hd__max.tlef {/home/kagan/.volare/sky130A/libs.ref/sky130_fd_sc_hd/lef/sky130_fd_sc_hd.lef /home/kagan/.volare/sky130A/libs.ref/sky130_fd_sc_hd/lef/sky130_ef_sc_hd.lef} |& tee /dev/null}"

Sat Jun 14 21:48:28 +0000 2025 - Executing "{python3 /openlane/scripts/mergeLib.py --output /openlane/designs/alu_and_register/runs/RUN_2025.06.14_21.48.27/tmp/synthesis/merged.lib --name sky130A_merged /home/kagan/.volare/sky130A/libs.ref/sky130_fd_sc_hd/lib/sky130_fd_sc_hd__tt_025C_1v80.lib}"

Sat Jun 14 21:48:28 +0000 2025 - Executing "{python3 /openlane/scripts/libtrim.py --cell-file /openlane/designs/alu_and_register/runs/RUN_2025.06.14_21.48.27/tmp/synthesis/trimmed.lib.exclude.list --output /openlane/designs/alu_and_register/runs/RUN_2025.06.14_21.48.27/tmp/synthesis/trimmed.lib /openlane/designs/alu_and_register/runs/RUN_2025.06.14_21.48.27/tmp/synthesis/merged.lib}"

Sat Jun 14 21:48:28 +0000 2025 - Executing "{python3 /openlane/scripts/libtrim.py --cell-file /openlane/designs/alu_and_register/runs/RUN_2025.06.14_21.48.27/tmp/cts/cts.lib.exclude.list --output /openlane/designs/alu_and_register/runs/RUN_2025.06.14_21.48.27/tmp/cts/cts.lib /home/kagan/.volare/sky130A/libs.ref/sky130_fd_sc_hd/lib/sky130_fd_sc_hd__tt_025C_1v80.lib}"

Sat Jun 14 21:48:28 +0000 2025 - Executing "{python3 /openlane/scripts/libtrim.py --cell-file /openlane/designs/alu_and_register/runs/RUN_2025.06.14_21.48.27/tmp/cts/cts-fastest.lib.exclude.list --output /openlane/designs/alu_and_register/runs/RUN_2025.06.14_21.48.27/tmp/cts/cts-fastest.lib /home/kagan/.volare/sky130A/libs.ref/sky130_fd_sc_hd/lib/sky130_fd_sc_hd__ff_n40C_1v95.lib}"

Sat Jun 14 21:48:28 +0000 2025 - Executing "{python3 /openlane/scripts/libtrim.py --cell-file /openlane/designs/alu_and_register/runs/RUN_2025.06.14_21.48.27/tmp/cts/cts-slowest.lib.exclude.list --output /openlane/designs/alu_and_register/runs/RUN_2025.06.14_21.48.27/tmp/cts/cts-slowest.lib /home/kagan/.volare/sky130A/libs.ref/sky130_fd_sc_hd/lib/sky130_fd_sc_hd__ss_100C_1v60.lib}"

Sat Jun 14 21:48:29 +0000 2025 - Executing "{python3 /openlane/scripts/new_tracks.py -i /home/kagan/.volare/sky130A/libs.tech/openlane/sky130_fd_sc_hd/tracks.info -o /openlane/designs/alu_and_register/runs/RUN_2025.06.14_21.48.27/tmp/routing/config.tracks}"

Sat Jun 14 21:48:29 +0000 2025 - Executing "{echo {OpenLane e73fb3c57e687a0023fcd4dcfd1566ecd478362a} > /openlane/designs/alu_and_register/runs/RUN_2025.06.14_21.48.27/OPENLANE_COMMIT}"

Sat Jun 14 21:48:29 +0000 2025 - Executing "{yosys -c /openlane/scripts/yosys/blackbox.tcl}"

Sat Jun 14 21:48:29 +0000 2025 - Executing "{verilator -Wall --lint-only --Wno-DECLFILENAME --top-module TopModule /openlane/designs/alu_and_register/runs/RUN_2025.06.14_21.48.27/tmp/synthesis/blackbox/sky130_fd_sc_hd__blackbox.v /openlane/designs/alu_and_register/src/register_file.v /openlane/designs/alu_and_register/src/alu.v /openlane/designs/alu_and_register/src/TopModule.v -Wno-fatal --relative-includes |& tee /openlane/designs/alu_and_register/runs/RUN_2025.06.14_21.48.27/logs/synthesis/linter.log /dev/null}"

Sat Jun 14 21:48:29 +0000 2025 - Executing "{sed -E {s/^([[:space:]]+)pg_pin(.*)/\1pin\2\n\1    direction : "inout";/g} /home/kagan/.volare/sky130A/libs.ref/sky130_fd_sc_hd/lib/sky130_fd_sc_hd__tt_025C_1v80.lib > /openlane/designs/alu_and_register/runs/RUN_2025.06.14_21.48.27/tmp/synthesis/1-sky130_fd_sc_hd__tt_025C_1v80.no_pg.lib}"

Sat Jun 14 21:48:29 +0000 2025 - Executing "{sed -E {s/^([[:space:]]+)pg_pin(.*)/\1pin\2\n\1    direction : "inout";/g} /openlane/designs/alu_and_register/runs/RUN_2025.06.14_21.48.27/tmp/synthesis/trimmed.lib > /openlane/designs/alu_and_register/runs/RUN_2025.06.14_21.48.27/tmp/synthesis/1-trimmed.no_pg.lib}"

Sat Jun 14 21:48:29 +0000 2025 - Executing "yosys -c /openlane/scripts/yosys/synth.tcl |& tee /dev/null /openlane/designs/alu_and_register/runs/RUN_2025.06.14_21.48.27/logs/synthesis/1-synthesis.log"

Sat Jun 14 21:48:29 +0000 2025 - Executing "{yosys -c /openlane/scripts/yosys/synth.tcl |& tee /dev/null /openlane/designs/alu_and_register/runs/RUN_2025.06.14_21.48.27/logs/synthesis/1-synthesis.log}"

Sat Jun 14 21:48:34 +0000 2025 - Executing "{sed -i.bak -e {s/\(set ::env(CURRENT_NETLIST)\).*/\1 \/openlane\/designs\/alu_and_register\/runs\/RUN_2025.06.14_21.48.27\/results\/synthesis\/TopModule.v/} /openlane/designs/alu_and_register/runs/RUN_2025.06.14_21.48.27/config.tcl}"

Sat Jun 14 21:48:34 +0000 2025 - Executing "{sed -i.bak /defparam/d /openlane/designs/alu_and_register/runs/RUN_2025.06.14_21.48.27/results/synthesis/TopModule.v}"

Sat Jun 14 21:48:34 +0000 2025 - Executing "sta -exit -no_init /openlane/scripts/openroad/sta/multi_corner.tcl |& tee /dev/null /openlane/designs/alu_and_register/runs/RUN_2025.06.14_21.48.27/logs/synthesis/2-sta.log"

Sat Jun 14 21:48:34 +0000 2025 - Executing "{sta -exit -no_init /openlane/scripts/openroad/sta/multi_corner.tcl |& tee /dev/null /openlane/designs/alu_and_register/runs/RUN_2025.06.14_21.48.27/logs/synthesis/2-sta.log}"

Sat Jun 14 21:48:35 +0000 2025 - Executing "openroad -exit /openlane/scripts/openroad/floorplan.tcl |& tee /dev/null /openlane/designs/alu_and_register/runs/RUN_2025.06.14_21.48.27/logs/floorplan/3-initial_fp.log"

Sat Jun 14 21:48:35 +0000 2025 - Executing "{openroad -exit /openlane/scripts/openroad/floorplan.tcl |& tee /dev/null /openlane/designs/alu_and_register/runs/RUN_2025.06.14_21.48.27/logs/floorplan/3-initial_fp.log}"

Sat Jun 14 21:48:35 +0000 2025 - Executing "{openroad -exit -no_init -python /openlane/scripts/odbpy/defutil.py extract_core_dims --output-data /openlane/designs/alu_and_register/runs/RUN_2025.06.14_21.48.27/tmp/dimensions.txt --input-lef /openlane/designs/alu_and_register/runs/RUN_2025.06.14_21.48.27/tmp/merged.nom.lef /openlane/designs/alu_and_register/runs/RUN_2025.06.14_21.48.27/tmp/floorplan/3-initial_fp.def}"

Sat Jun 14 21:48:36 +0000 2025 - Executing "{openroad -exit -no_init -python /openlane/scripts/odbpy/io_place.py --config /openlane/designs/alu_and_register/pin_order.cfg --hor-layer met3 --ver-layer met2 --ver-width-mult 2 --hor-width-mult 2 --hor-extension 0 --ver-extension 0 --length 4 --unmatched-error --input-lef /openlane/designs/alu_and_register/runs/RUN_2025.06.14_21.48.27/tmp/merged.nom.lef --output-def /openlane/designs/alu_and_register/runs/RUN_2025.06.14_21.48.27/tmp/floorplan/4-io.def --output /openlane/designs/alu_and_register/runs/RUN_2025.06.14_21.48.27/tmp/floorplan/4-io.odb /openlane/designs/alu_and_register/runs/RUN_2025.06.14_21.48.27/tmp/floorplan/3-initial_fp.odb |& tee /dev/null /openlane/designs/alu_and_register/runs/RUN_2025.06.14_21.48.27/logs/floorplan/4-place_io.log}"

Sat Jun 14 21:48:36 +0000 2025 - Executing "openroad -exit /openlane/scripts/openroad/tapcell.tcl |& tee /dev/null /openlane/designs/alu_and_register/runs/RUN_2025.06.14_21.48.27/logs/floorplan/5-tap.log"

Sat Jun 14 21:48:36 +0000 2025 - Executing "{openroad -exit /openlane/scripts/openroad/tapcell.tcl |& tee /dev/null /openlane/designs/alu_and_register/runs/RUN_2025.06.14_21.48.27/logs/floorplan/5-tap.log}"

Sat Jun 14 21:48:37 +0000 2025 - Executing "openroad -exit /openlane/scripts/openroad/pdn.tcl |& tee /dev/null /openlane/designs/alu_and_register/runs/RUN_2025.06.14_21.48.27/logs/floorplan/6-pdn.log"

Sat Jun 14 21:48:37 +0000 2025 - Executing "{openroad -exit /openlane/scripts/openroad/pdn.tcl |& tee /dev/null /openlane/designs/alu_and_register/runs/RUN_2025.06.14_21.48.27/logs/floorplan/6-pdn.log}"

Sat Jun 14 21:48:37 +0000 2025 - Executing "openroad -exit /openlane/scripts/openroad/gpl.tcl |& tee /dev/null /openlane/designs/alu_and_register/runs/RUN_2025.06.14_21.48.27/logs/placement/6-global.log"

Sat Jun 14 21:48:37 +0000 2025 - Executing "{openroad -exit /openlane/scripts/openroad/gpl.tcl |& tee /dev/null /openlane/designs/alu_and_register/runs/RUN_2025.06.14_21.48.27/logs/placement/6-global.log}"

Sat Jun 14 21:48:47 +0000 2025 - Executing "{sed -i.bak -e {s/\(set ::env(CURRENT_NETLIST)\).*/\1 \/openlane\/designs\/alu_and_register\/runs\/RUN_2025.06.14_21.48.27\/tmp\/placement\/7-global.nl.v/} /openlane/designs/alu_and_register/runs/RUN_2025.06.14_21.48.27/config.tcl}"

Sat Jun 14 21:48:47 +0000 2025 - Executing "openroad -exit /openlane/scripts/openroad/sta/multi_corner.tcl |& tee /dev/null /openlane/designs/alu_and_register/runs/RUN_2025.06.14_21.48.27/logs/placement/8-gpl_sta.log"

Sat Jun 14 21:48:47 +0000 2025 - Executing "{openroad -exit /openlane/scripts/openroad/sta/multi_corner.tcl |& tee /dev/null /openlane/designs/alu_and_register/runs/RUN_2025.06.14_21.48.27/logs/placement/8-gpl_sta.log}"

Sat Jun 14 21:48:49 +0000 2025 - Executing "openroad -exit /openlane/scripts/openroad/resizer.tcl |& tee /dev/null /openlane/designs/alu_and_register/runs/RUN_2025.06.14_21.48.27/logs/placement/9-resizer.log"

Sat Jun 14 21:48:49 +0000 2025 - Executing "{openroad -exit /openlane/scripts/openroad/resizer.tcl |& tee /dev/null /openlane/designs/alu_and_register/runs/RUN_2025.06.14_21.48.27/logs/placement/9-resizer.log}"

Sat Jun 14 21:48:52 +0000 2025 - Executing "{sed -i.bak -e {s/\(set ::env(CURRENT_NETLIST)\).*/\1 \/openlane\/designs\/alu_and_register\/runs\/RUN_2025.06.14_21.48.27\/tmp\/placement\/9-resizer.nl.v/} /openlane/designs/alu_and_register/runs/RUN_2025.06.14_21.48.27/config.tcl}"

Sat Jun 14 21:48:53 +0000 2025 - Executing "openroad -exit /openlane/scripts/openroad/dpl.tcl |& tee /dev/null /openlane/designs/alu_and_register/runs/RUN_2025.06.14_21.48.27/logs/placement/10-detailed.log"

Sat Jun 14 21:48:53 +0000 2025 - Executing "{openroad -exit /openlane/scripts/openroad/dpl.tcl |& tee /dev/null /openlane/designs/alu_and_register/runs/RUN_2025.06.14_21.48.27/logs/placement/10-detailed.log}"

Sat Jun 14 21:48:53 +0000 2025 - Executing "{sed -i.bak -e {s/\(set ::env(CURRENT_NETLIST)\).*/\1 \/openlane\/designs\/alu_and_register\/runs\/RUN_2025.06.14_21.48.27\/results\/placement\/TopModule.nl.v/} /openlane/designs/alu_and_register/runs/RUN_2025.06.14_21.48.27/config.tcl}"

Sat Jun 14 21:48:53 +0000 2025 - Executing "openroad -exit /openlane/scripts/openroad/sta/multi_corner.tcl |& tee /dev/null /openlane/designs/alu_and_register/runs/RUN_2025.06.14_21.48.27/logs/placement/11-dpl_sta.log"

Sat Jun 14 21:48:53 +0000 2025 - Executing "{openroad -exit /openlane/scripts/openroad/sta/multi_corner.tcl |& tee /dev/null /openlane/designs/alu_and_register/runs/RUN_2025.06.14_21.48.27/logs/placement/11-dpl_sta.log}"

Sat Jun 14 21:48:55 +0000 2025 - Executing "openroad -exit /openlane/scripts/openroad/cts.tcl |& tee /dev/null /openlane/designs/alu_and_register/runs/RUN_2025.06.14_21.48.27/logs/cts/12-cts.log"

Sat Jun 14 21:48:55 +0000 2025 - Executing "{openroad -exit /openlane/scripts/openroad/cts.tcl |& tee /dev/null /openlane/designs/alu_and_register/runs/RUN_2025.06.14_21.48.27/logs/cts/12-cts.log}"

Sat Jun 14 21:49:02 +0000 2025 - Executing "openroad -exit /openlane/scripts/openroad/sta/multi_corner.tcl |& tee /dev/null /openlane/designs/alu_and_register/runs/RUN_2025.06.14_21.48.27/logs/cts/13-cts_sta.log"

Sat Jun 14 21:49:02 +0000 2025 - Executing "{openroad -exit /openlane/scripts/openroad/sta/multi_corner.tcl |& tee /dev/null /openlane/designs/alu_and_register/runs/RUN_2025.06.14_21.48.27/logs/cts/13-cts_sta.log}"

Sat Jun 14 21:49:05 +0000 2025 - Executing "openroad -exit /openlane/scripts/openroad/resizer_timing.tcl |& tee /dev/null /openlane/designs/alu_and_register/runs/RUN_2025.06.14_21.48.27/logs/cts/14-resizer.log"

Sat Jun 14 21:49:05 +0000 2025 - Executing "{openroad -exit /openlane/scripts/openroad/resizer_timing.tcl |& tee /dev/null /openlane/designs/alu_and_register/runs/RUN_2025.06.14_21.48.27/logs/cts/14-resizer.log}"

Sat Jun 14 21:49:07 +0000 2025 - Executing "{sed -i.bak -e {s/\(set ::env(CURRENT_NETLIST)\).*/\1 \/openlane\/designs\/alu_and_register\/runs\/RUN_2025.06.14_21.48.27\/tmp\/cts\/14-TopModule.resized.nl.v/} /openlane/designs/alu_and_register/runs/RUN_2025.06.14_21.48.27/config.tcl}"

Sat Jun 14 21:49:07 +0000 2025 - Executing "openroad -exit /openlane/scripts/openroad/resizer_routing_design.tcl |& tee /dev/null /openlane/designs/alu_and_register/runs/RUN_2025.06.14_21.48.27/logs/routing/15-resizer_design.log"

Sat Jun 14 21:49:07 +0000 2025 - Executing "{openroad -exit /openlane/scripts/openroad/resizer_routing_design.tcl |& tee /dev/null /openlane/designs/alu_and_register/runs/RUN_2025.06.14_21.48.27/logs/routing/15-resizer_design.log}"

Sat Jun 14 21:49:11 +0000 2025 - Executing "{sed -i.bak -e {s/\(set ::env(CURRENT_NETLIST)\).*/\1 \/openlane\/designs\/alu_and_register\/runs\/RUN_2025.06.14_21.48.27\/tmp\/15-TopModule.nl.v/} /openlane/designs/alu_and_register/runs/RUN_2025.06.14_21.48.27/config.tcl}"

Sat Jun 14 21:49:12 +0000 2025 - Executing "openroad -exit /openlane/scripts/openroad/sta/multi_corner.tcl |& tee /dev/null /openlane/designs/alu_and_register/runs/RUN_2025.06.14_21.48.27/logs/routing/16-rsz_design_sta.log"

Sat Jun 14 21:49:12 +0000 2025 - Executing "{openroad -exit /openlane/scripts/openroad/sta/multi_corner.tcl |& tee /dev/null /openlane/designs/alu_and_register/runs/RUN_2025.06.14_21.48.27/logs/routing/16-rsz_design_sta.log}"

Sat Jun 14 21:49:14 +0000 2025 - Executing "openroad -exit /openlane/scripts/openroad/resizer_routing_timing.tcl |& tee /dev/null /openlane/designs/alu_and_register/runs/RUN_2025.06.14_21.48.27/logs/routing/17-resizer_timing.log"

Sat Jun 14 21:49:14 +0000 2025 - Executing "{openroad -exit /openlane/scripts/openroad/resizer_routing_timing.tcl |& tee /dev/null /openlane/designs/alu_and_register/runs/RUN_2025.06.14_21.48.27/logs/routing/17-resizer_timing.log}"

Sat Jun 14 21:49:18 +0000 2025 - Executing "{sed -i.bak -e {s/\(set ::env(CURRENT_NETLIST)\).*/\1 \/openlane\/designs\/alu_and_register\/runs\/RUN_2025.06.14_21.48.27\/tmp\/17-TopModule.nl.v/} /openlane/designs/alu_and_register/runs/RUN_2025.06.14_21.48.27/config.tcl}"

Sat Jun 14 21:49:18 +0000 2025 - Executing "openroad -exit /openlane/scripts/openroad/sta/multi_corner.tcl |& tee /dev/null /openlane/designs/alu_and_register/runs/RUN_2025.06.14_21.48.27/logs/routing/18-rsz_timing_sta.log"

Sat Jun 14 21:49:18 +0000 2025 - Executing "{openroad -exit /openlane/scripts/openroad/sta/multi_corner.tcl |& tee /dev/null /openlane/designs/alu_and_register/runs/RUN_2025.06.14_21.48.27/logs/routing/18-rsz_timing_sta.log}"

Sat Jun 14 21:49:21 +0000 2025 - Executing "openroad -exit /openlane/scripts/openroad/repair_antennas.tcl |& tee /dev/null /openlane/designs/alu_and_register/runs/RUN_2025.06.14_21.48.27/logs/routing/19-global.log"

Sat Jun 14 21:49:21 +0000 2025 - Executing "{openroad -exit /openlane/scripts/openroad/repair_antennas.tcl |& tee /dev/null /openlane/designs/alu_and_register/runs/RUN_2025.06.14_21.48.27/logs/routing/19-global.log}"

Sat Jun 14 21:49:23 +0000 2025 - Executing "openroad -exit /openlane/scripts/openroad/write_views.tcl |& tee /dev/null /openlane/designs/alu_and_register/runs/RUN_2025.06.14_21.48.27/logs/routing/19-global_write_netlist.log"

Sat Jun 14 21:49:23 +0000 2025 - Executing "{openroad -exit /openlane/scripts/openroad/write_views.tcl |& tee /dev/null /openlane/designs/alu_and_register/runs/RUN_2025.06.14_21.48.27/logs/routing/19-global_write_netlist.log}"

Sat Jun 14 21:49:23 +0000 2025 - Executing "{sed -i.bak -e {s/\(set ::env(CURRENT_NETLIST)\).*/\1 \/openlane\/designs\/alu_and_register\/runs\/RUN_2025.06.14_21.48.27\/tmp\/routing\/global.nl.v/} /openlane/designs/alu_and_register/runs/RUN_2025.06.14_21.48.27/config.tcl}"

Sat Jun 14 21:49:23 +0000 2025 - Executing "openroad -exit /openlane/scripts/openroad/sta/multi_corner.tcl |& tee /dev/null /openlane/designs/alu_and_register/runs/RUN_2025.06.14_21.48.27/logs/routing/21-grt_sta.log"

Sat Jun 14 21:49:23 +0000 2025 - Executing "{openroad -exit /openlane/scripts/openroad/sta/multi_corner.tcl |& tee /dev/null /openlane/designs/alu_and_register/runs/RUN_2025.06.14_21.48.27/logs/routing/21-grt_sta.log}"

Sat Jun 14 21:49:25 +0000 2025 - Executing "openroad -exit /openlane/scripts/openroad/fill.tcl |& tee /dev/null /openlane/designs/alu_and_register/runs/RUN_2025.06.14_21.48.27/logs/routing/22-fill.log"

Sat Jun 14 21:49:25 +0000 2025 - Executing "{openroad -exit /openlane/scripts/openroad/fill.tcl |& tee /dev/null /openlane/designs/alu_and_register/runs/RUN_2025.06.14_21.48.27/logs/routing/22-fill.log}"

Sat Jun 14 21:49:26 +0000 2025 - Executing "{sed -i.bak -e {s/\(set ::env(CURRENT_NETLIST)\).*/\1 \/openlane\/designs\/alu_and_register\/runs\/RUN_2025.06.14_21.48.27\/tmp\/routing\/22-fill.nl.v/} /openlane/designs/alu_and_register/runs/RUN_2025.06.14_21.48.27/config.tcl}"

Sat Jun 14 21:49:26 +0000 2025 - Executing "openroad -exit -metrics /openlane/designs/alu_and_register/runs/RUN_2025.06.14_21.48.27/reports/routing/23-drt_metrics.json /openlane/scripts/openroad/droute.tcl |& tee /dev/null /openlane/designs/alu_and_register/runs/RUN_2025.06.14_21.48.27/logs/routing/23-detailed.log"

Sat Jun 14 21:49:26 +0000 2025 - Executing "{openroad -exit -metrics /openlane/designs/alu_and_register/runs/RUN_2025.06.14_21.48.27/reports/routing/23-drt_metrics.json /openlane/scripts/openroad/droute.tcl |& tee /dev/null /openlane/designs/alu_and_register/runs/RUN_2025.06.14_21.48.27/logs/routing/23-detailed.log}"

Sat Jun 14 21:54:04 +0000 2025 - Executing "{sed -i.bak -e {s/\(set ::env(CURRENT_NETLIST)\).*/\1 \/openlane\/designs\/alu_and_register\/runs\/RUN_2025.06.14_21.48.27\/results\/routing\/TopModule.nl.v/} /openlane/designs/alu_and_register/runs/RUN_2025.06.14_21.48.27/config.tcl}"

Sat Jun 14 21:54:04 +0000 2025 - Executing "{python3 /openlane/scripts/drc_rosetta.py tr to_klayout -o /openlane/designs/alu_and_register/runs/RUN_2025.06.14_21.48.27/reports/routing/drt.klayout.xml --design-name TopModule /openlane/designs/alu_and_register/runs/RUN_2025.06.14_21.48.27/reports/routing/drt.drc}"

Sat Jun 14 21:54:04 +0000 2025 - Executing "{openroad -exit -no_init -python /openlane/scripts/odbpy/wire_lengths.py --report-out /openlane/designs/alu_and_register/runs/RUN_2025.06.14_21.48.27/reports/routing/24-wire_lengths.csv --input-lef /openlane/designs/alu_and_register/runs/RUN_2025.06.14_21.48.27/tmp/merged.nom.lef --output-def /openlane/designs/alu_and_register/runs/RUN_2025.06.14_21.48.27/results/routing/TopModule.def --output /openlane/designs/alu_and_register/runs/RUN_2025.06.14_21.48.27/results/routing/TopModule.odb /openlane/designs/alu_and_register/runs/RUN_2025.06.14_21.48.27/results/routing/TopModule.odb |& tee /dev/null /openlane/designs/alu_and_register/runs/RUN_2025.06.14_21.48.27/logs/routing/24-wire_lengths.log}"

Sat Jun 14 21:54:04 +0000 2025 - Executing "openroad -exit /openlane/scripts/openroad/rcx.tcl |& tee /dev/null /openlane/designs/alu_and_register/runs/RUN_2025.06.14_21.48.27/logs/signoff/25-parasitics_extraction.min.log"

Sat Jun 14 21:54:04 +0000 2025 - Executing "{openroad -exit /openlane/scripts/openroad/rcx.tcl |& tee /dev/null /openlane/designs/alu_and_register/runs/RUN_2025.06.14_21.48.27/logs/signoff/25-parasitics_extraction.min.log}"

Sat Jun 14 21:54:06 +0000 2025 - Executing "sta -exit -no_init /openlane/scripts/openroad/sta/multi_corner.tcl |& tee /dev/null /openlane/designs/alu_and_register/runs/RUN_2025.06.14_21.48.27/logs/signoff/26-rcx_mcsta.min.log"

Sat Jun 14 21:54:06 +0000 2025 - Executing "{sta -exit -no_init /openlane/scripts/openroad/sta/multi_corner.tcl |& tee /dev/null /openlane/designs/alu_and_register/runs/RUN_2025.06.14_21.48.27/logs/signoff/26-rcx_mcsta.min.log}"

Sat Jun 14 21:54:19 +0000 2025 - Executing "openroad -exit /openlane/scripts/openroad/rcx.tcl |& tee /dev/null /openlane/designs/alu_and_register/runs/RUN_2025.06.14_21.48.27/logs/signoff/27-parasitics_extraction.max.log"

Sat Jun 14 21:54:19 +0000 2025 - Executing "{openroad -exit /openlane/scripts/openroad/rcx.tcl |& tee /dev/null /openlane/designs/alu_and_register/runs/RUN_2025.06.14_21.48.27/logs/signoff/27-parasitics_extraction.max.log}"

Sat Jun 14 21:54:21 +0000 2025 - Executing "sta -exit -no_init /openlane/scripts/openroad/sta/multi_corner.tcl |& tee /dev/null /openlane/designs/alu_and_register/runs/RUN_2025.06.14_21.48.27/logs/signoff/28-rcx_mcsta.max.log"

Sat Jun 14 21:54:21 +0000 2025 - Executing "{sta -exit -no_init /openlane/scripts/openroad/sta/multi_corner.tcl |& tee /dev/null /openlane/designs/alu_and_register/runs/RUN_2025.06.14_21.48.27/logs/signoff/28-rcx_mcsta.max.log}"

Sat Jun 14 21:54:36 +0000 2025 - Executing "openroad -exit /openlane/scripts/openroad/rcx.tcl |& tee /dev/null /openlane/designs/alu_and_register/runs/RUN_2025.06.14_21.48.27/logs/signoff/29-parasitics_extraction.nom.log"

Sat Jun 14 21:54:36 +0000 2025 - Executing "{openroad -exit /openlane/scripts/openroad/rcx.tcl |& tee /dev/null /openlane/designs/alu_and_register/runs/RUN_2025.06.14_21.48.27/logs/signoff/29-parasitics_extraction.nom.log}"

Sat Jun 14 21:54:37 +0000 2025 - Executing "sta -exit -no_init /openlane/scripts/openroad/sta/multi_corner.tcl |& tee /dev/null /openlane/designs/alu_and_register/runs/RUN_2025.06.14_21.48.27/logs/signoff/30-rcx_mcsta.nom.log"

Sat Jun 14 21:54:37 +0000 2025 - Executing "{sta -exit -no_init /openlane/scripts/openroad/sta/multi_corner.tcl |& tee /dev/null /openlane/designs/alu_and_register/runs/RUN_2025.06.14_21.48.27/logs/signoff/30-rcx_mcsta.nom.log}"

Sat Jun 14 21:54:52 +0000 2025 - Executing "openroad -exit /openlane/scripts/openroad/irdrop.tcl |& tee /dev/null /openlane/designs/alu_and_register/runs/RUN_2025.06.14_21.48.27/logs/signoff/31-irdrop.log"

Sat Jun 14 21:54:52 +0000 2025 - Executing "{openroad -exit /openlane/scripts/openroad/irdrop.tcl |& tee /dev/null /openlane/designs/alu_and_register/runs/RUN_2025.06.14_21.48.27/logs/signoff/31-irdrop.log}"

Sat Jun 14 21:54:55 +0000 2025 - Executing "magic -noconsole -dnull -rcfile /home/kagan/.volare/sky130A/libs.tech/magic/sky130A.magicrc < /openlane/scripts/magic/wrapper.tcl |& tee /dev/null /openlane/designs/alu_and_register/runs/RUN_2025.06.14_21.48.27/logs/signoff/32-gdsii.log"

Sat Jun 14 21:54:55 +0000 2025 - Executing "{magic -noconsole -dnull -rcfile /home/kagan/.volare/sky130A/libs.tech/magic/sky130A.magicrc < /openlane/scripts/magic/wrapper.tcl |& tee /dev/null /openlane/designs/alu_and_register/runs/RUN_2025.06.14_21.48.27/logs/signoff/32-gdsii.log}"

Sat Jun 14 21:54:57 +0000 2025 - Executing "magic -noconsole -dnull -rcfile /home/kagan/.volare/sky130A/libs.tech/magic/sky130A.magicrc < /openlane/scripts/magic/wrapper.tcl |& tee /dev/null /openlane/designs/alu_and_register/runs/RUN_2025.06.14_21.48.27/logs/signoff/32-gds_ptrs.log"

Sat Jun 14 21:54:57 +0000 2025 - Executing "{magic -noconsole -dnull -rcfile /home/kagan/.volare/sky130A/libs.tech/magic/sky130A.magicrc < /openlane/scripts/magic/wrapper.tcl |& tee /dev/null /openlane/designs/alu_and_register/runs/RUN_2025.06.14_21.48.27/logs/signoff/32-gds_ptrs.log}"

Sat Jun 14 21:54:59 +0000 2025 - Executing "{sed -i.bak -n {/^<< properties >>/,/^<< end >>/p} /openlane/designs/alu_and_register/runs/RUN_2025.06.14_21.48.27/tmp/signoff/gds_ptrs.mag}"

Sat Jun 14 21:54:59 +0000 2025 - Executing "magic -noconsole -dnull -rcfile /home/kagan/.volare/sky130A/libs.tech/magic/sky130A.magicrc < /openlane/scripts/magic/wrapper.tcl |& tee /dev/null /openlane/designs/alu_and_register/runs/RUN_2025.06.14_21.48.27/logs/signoff/32-lef.log"

Sat Jun 14 21:54:59 +0000 2025 - Executing "{magic -noconsole -dnull -rcfile /home/kagan/.volare/sky130A/libs.tech/magic/sky130A.magicrc < /openlane/scripts/magic/wrapper.tcl |& tee /dev/null /openlane/designs/alu_and_register/runs/RUN_2025.06.14_21.48.27/logs/signoff/32-lef.log}"

Sat Jun 14 21:55:02 +0000 2025 - Executing "magic -noconsole -dnull -rcfile /home/kagan/.volare/sky130A/libs.tech/magic/sky130A.magicrc < /openlane/scripts/magic/wrapper.tcl |& tee /dev/null /openlane/designs/alu_and_register/runs/RUN_2025.06.14_21.48.27/logs/signoff/32-maglef.log"

Sat Jun 14 21:55:02 +0000 2025 - Executing "{magic -noconsole -dnull -rcfile /home/kagan/.volare/sky130A/libs.tech/magic/sky130A.magicrc < /openlane/scripts/magic/wrapper.tcl |& tee /dev/null /openlane/designs/alu_and_register/runs/RUN_2025.06.14_21.48.27/logs/signoff/32-maglef.log}"

Sat Jun 14 21:55:02 +0000 2025 - Executing "{python3 /openlane/scripts/klayout/stream_out.py --output /openlane/designs/alu_and_register/runs/RUN_2025.06.14_21.48.27/results/signoff/TopModule.klayout.gds --lyt /home/kagan/.volare/sky130A/libs.tech/klayout/tech/sky130A.lyt --lym /home/kagan/.volare/sky130A/libs.tech/klayout/tech/sky130A.map --lyp /home/kagan/.volare/sky130A/libs.tech/klayout/tech/sky130A.lyp --top TopModule --with-gds-file /home/kagan/.volare/sky130A/libs.ref/sky130_fd_sc_hd/gds/sky130_fd_sc_hd.gds --input-lef /openlane/designs/alu_and_register/runs/RUN_2025.06.14_21.48.27/tmp/merged.nom.lef /openlane/designs/alu_and_register/runs/RUN_2025.06.14_21.48.27/results/routing/TopModule.def |& tee /dev/null /openlane/designs/alu_and_register/runs/RUN_2025.06.14_21.48.27/logs/signoff/33-gdsii-klayout.log}"

Sat Jun 14 21:55:03 +0000 2025 - Executing "{klayout -b -r /openlane/scripts/klayout/xor.drc -rd a=/openlane/designs/alu_and_register/runs/RUN_2025.06.14_21.48.27/results/signoff/TopModule.gds -rd b=/openlane/designs/alu_and_register/runs/RUN_2025.06.14_21.48.27/results/signoff/TopModule.klayout.gds -rd jobs=1 -rd rdb_out=/openlane/designs/alu_and_register/runs/RUN_2025.06.14_21.48.27/reports/signoff/34-xor.xml -rd ignore=81/14 -rd rpt_out=/openlane/designs/alu_and_register/runs/RUN_2025.06.14_21.48.27/reports/signoff/34-xor.rpt |& tee /dev/null /openlane/designs/alu_and_register/runs/RUN_2025.06.14_21.48.27/logs/signoff/34-xor.log}"

Sat Jun 14 21:55:10 +0000 2025 - Executing "magic -noconsole -dnull -rcfile /home/kagan/.volare/sky130A/libs.tech/magic/sky130A.magicrc < /openlane/scripts/magic/wrapper.tcl |& tee /dev/null /openlane/designs/alu_and_register/runs/RUN_2025.06.14_21.48.27/logs/signoff/35-spice.log"

Sat Jun 14 21:55:10 +0000 2025 - Executing "{magic -noconsole -dnull -rcfile /home/kagan/.volare/sky130A/libs.tech/magic/sky130A.magicrc < /openlane/scripts/magic/wrapper.tcl |& tee /dev/null /openlane/designs/alu_and_register/runs/RUN_2025.06.14_21.48.27/logs/signoff/35-spice.log}"

Sat Jun 14 21:55:16 +0000 2025 - Executing "{openroad -exit -no_init -python /openlane/scripts/odbpy/power_utils.py write_powered_def --output /openlane/designs/alu_and_register/runs/RUN_2025.06.14_21.48.27/tmp/signoff/35-TopModule.p.def --input-lef /openlane/designs/alu_and_register/runs/RUN_2025.06.14_21.48.27/tmp/merged.nom.lef --power-port VPWR --ground-port VGND --powered-netlist {} /openlane/designs/alu_and_register/runs/RUN_2025.06.14_21.48.27/results/routing/TopModule.def |& tee /dev/null /openlane/designs/alu_and_register/runs/RUN_2025.06.14_21.48.27/logs/signoff/36-write_powered_def.log}"

Sat Jun 14 21:55:17 +0000 2025 - Executing "openroad -exit /openlane/scripts/openroad/write_views.tcl |& tee /dev/null /openlane/designs/alu_and_register/runs/RUN_2025.06.14_21.48.27/logs/signoff/36-write_powered_verilog.log"

Sat Jun 14 21:55:17 +0000 2025 - Executing "{openroad -exit /openlane/scripts/openroad/write_views.tcl |& tee /dev/null /openlane/designs/alu_and_register/runs/RUN_2025.06.14_21.48.27/logs/signoff/36-write_powered_verilog.log}"

Sat Jun 14 21:55:17 +0000 2025 - Executing "{sed -i.bak -e {s/\(set ::env(CURRENT_NETLIST)\).*/\1 \/openlane\/designs\/alu_and_register\/runs\/RUN_2025.06.14_21.48.27\/tmp\/signoff\/35-TopModule.nl.v/} /openlane/designs/alu_and_register/runs/RUN_2025.06.14_21.48.27/config.tcl}"

Sat Jun 14 21:55:18 +0000 2025 - Executing "{netgen -batch source /openlane/designs/alu_and_register/runs/RUN_2025.06.14_21.48.27/tmp/signoff/38-setup_file.lef.lvs |& tee /dev/null /openlane/designs/alu_and_register/runs/RUN_2025.06.14_21.48.27/logs/signoff/38-lvs.lef.log}"

Sat Jun 14 21:55:19 +0000 2025 - Executing "magic -noconsole -dnull -rcfile /home/kagan/.volare/sky130A/libs.tech/magic/sky130A.magicrc < /openlane/scripts/magic/wrapper.tcl |& tee /dev/null /openlane/designs/alu_and_register/runs/RUN_2025.06.14_21.48.27/logs/signoff/39-drc.log"

Sat Jun 14 21:55:19 +0000 2025 - Executing "{magic -noconsole -dnull -rcfile /home/kagan/.volare/sky130A/libs.tech/magic/sky130A.magicrc < /openlane/scripts/magic/wrapper.tcl |& tee /dev/null /openlane/designs/alu_and_register/runs/RUN_2025.06.14_21.48.27/logs/signoff/39-drc.log}"

Sat Jun 14 21:55:51 +0000 2025 - Executing "{python3 /openlane/scripts/drc_rosetta.py magic to_tcl -o /openlane/designs/alu_and_register/runs/RUN_2025.06.14_21.48.27/reports/signoff/drc.tcl /openlane/designs/alu_and_register/runs/RUN_2025.06.14_21.48.27/reports/signoff/drc.rpt}"

Sat Jun 14 21:55:51 +0000 2025 - Executing "{python3 /openlane/scripts/drc_rosetta.py magic to_tr -o /openlane/designs/alu_and_register/runs/RUN_2025.06.14_21.48.27/reports/signoff/drc.tr /openlane/designs/alu_and_register/runs/RUN_2025.06.14_21.48.27/reports/signoff/drc.rpt}"

Sat Jun 14 21:55:51 +0000 2025 - Executing "{python3 /openlane/scripts/drc_rosetta.py tr to_klayout -o /openlane/designs/alu_and_register/runs/RUN_2025.06.14_21.48.27/reports/signoff/drc.klayout.xml --design-name TopModule /openlane/designs/alu_and_register/runs/RUN_2025.06.14_21.48.27/reports/signoff/drc.tr}"

Sat Jun 14 21:55:51 +0000 2025 - Executing "{python3 /openlane/scripts/drc_rosetta.py magic to_rdb -o /openlane/designs/alu_and_register/runs/RUN_2025.06.14_21.48.27/reports/signoff/drc.rdb /openlane/designs/alu_and_register/runs/RUN_2025.06.14_21.48.27/reports/signoff/drc.rpt}"

Sat Jun 14 21:55:51 +0000 2025 - Executing "{klayout -b -zz -r /home/kagan/.volare/sky130A/libs.tech/klayout/drc/sky130A_mr.drc -rd topcell=TopModule -rd input=/openlane/designs/alu_and_register/runs/RUN_2025.06.14_21.48.27/results/signoff/TopModule.gds -rd report=/openlane/designs/alu_and_register/runs/RUN_2025.06.14_21.48.27/reports/signoff/violations.xml -rd feol=true -rd beol=true -rd floating_metal=false -rd seal=true -rd thread=1 |& tee /dev/null /openlane/designs/alu_and_register/runs/RUN_2025.06.14_21.48.27/logs/signoff/40-drc-klayout.log}"

Sat Jun 14 21:56:17 +0000 2025 - Executing "{python3 /openlane/scripts/klayout/xml_drc_report_to_json.py --xml-file /openlane/designs/alu_and_register/runs/RUN_2025.06.14_21.48.27/reports/signoff/violations.xml --json-file /openlane/designs/alu_and_register/runs/RUN_2025.06.14_21.48.27/reports/signoff/violations.json}"

Sat Jun 14 21:56:17 +0000 2025 - Executing "openroad -exit /openlane/scripts/openroad/antenna_check.tcl |& tee /dev/null /openlane/designs/alu_and_register/runs/RUN_2025.06.14_21.48.27/logs/signoff/41-arc.log"

Sat Jun 14 21:56:17 +0000 2025 - Executing "{openroad -exit /openlane/scripts/openroad/antenna_check.tcl |& tee /dev/null /openlane/designs/alu_and_register/runs/RUN_2025.06.14_21.48.27/logs/signoff/41-arc.log}"

Sat Jun 14 21:56:18 +0000 2025 - Executing "{python3 /openlane/scripts/extract_antenna_violators.py --output /openlane/designs/alu_and_register/runs/RUN_2025.06.14_21.48.27/reports/signoff/41-antenna_violators.rpt --plain-out /openlane/designs/alu_and_register/runs/RUN_2025.06.14_21.48.27/reports/signoff/41-antenna_violators_pins.txt /openlane/designs/alu_and_register/runs/RUN_2025.06.14_21.48.27/logs/signoff/41-arc.log}"

Sat Jun 14 21:56:18 +0000 2025 - Executing "{python3 /openlane/scripts/write_runtime.py --conclude --seconds --time-in 1749938178 {flow completed}}"

Sat Jun 14 21:56:18 +0000 2025 - Executing "{python3 /openlane/scripts/generate_reports.py -d /openlane/designs/alu_and_register --design_name TopModule --tag RUN_2025.06.14_21.48.27 --output_file /openlane/designs/alu_and_register/runs/RUN_2025.06.14_21.48.27/reports/metrics.csv --man_report /openlane/designs/alu_and_register/runs/RUN_2025.06.14_21.48.27/reports/manufacturability.rpt --run_path /openlane/designs/alu_and_register/runs/RUN_2025.06.14_21.48.27}"

