OpenROAD b16bda7e82721d10566ff7e2b68f1ff0be9f9e38 
Features included (+) or not (-): +Charts +GPU +GUI +Python
This program is licensed under the BSD-3 license. See the LICENSE file for details.
Components of this program may be licensed under more restrictive licenses which must be honored.
define_corners Typical
read_liberty -corner Typical /home/kagan/.volare/sky130A/libs.ref/sky130_fd_sc_hd/lib/sky130_fd_sc_hd__tt_025C_1v80.lib
Using 1e-12 for capacitance...
Using 1e+03 for resistance...
Using 1e-09 for time...
Using 1e+00 for voltage...
Using 1e-03 for current...
Using 1e-09 for power...
Using 1e-06 for distance...
[INFO]: Reading ODB at '/openlane/designs/alu_and_register/runs/RUN_2025.06.14_21.48.27/tmp/17-TopModule.odb'…
Reading design constraints file at '/openlane/designs/alu_and_register/src/TopModule.sdc'…
[INFO]: Setting signal min routing layer to: met1 and clock min routing layer to met3. 
[INFO]: Setting signal max routing layer to: met5 and clock max routing layer to met5. 
-congestion_iterations 50 -verbose -congestion_report_file /openlane/designs/alu_and_register/runs/RUN_2025.06.14_21.48.27/tmp/routing/groute-congestion.rpt
[INFO GRT-0020] Min routing layer: met1
[INFO GRT-0021] Max routing layer: met5
[INFO GRT-0022] Global adjustment: 30%
[INFO GRT-0023] Grid origin: (0, 0)
[INFO GRT-0043] No OR_DEFAULT vias defined.
[INFO GRT-0088] Layer li1     Track-Pitch = 0.4600  line-2-Via Pitch: 0.3400
[INFO GRT-0088] Layer met1    Track-Pitch = 0.3400  line-2-Via Pitch: 0.3400
[INFO GRT-0088] Layer met2    Track-Pitch = 0.4600  line-2-Via Pitch: 0.3500
[INFO GRT-0088] Layer met3    Track-Pitch = 0.6800  line-2-Via Pitch: 0.6150
[INFO GRT-0088] Layer met4    Track-Pitch = 0.9200  line-2-Via Pitch: 1.0400
[INFO GRT-0088] Layer met5    Track-Pitch = 3.4000  line-2-Via Pitch: 3.1100
[INFO GRT-0019] Found 104 clock nets.
[INFO GRT-0001] Minimum degree: 2
[INFO GRT-0002] Maximum degree: 21
[INFO GRT-0003] Macros: 0
[INFO GRT-0043] No OR_DEFAULT vias defined.
[INFO GRT-0004] Blockages: 26142

[INFO GRT-0053] Routing resources analysis:
          Routing      Original      Derated      Resource
Layer     Direction    Resources     Resources    Reduction (%)
---------------------------------------------------------------
li1        Vertical            0             0          0.00%
met1       Horizontal      66120         31144          52.90%
met2       Vertical        49533         32222          34.95%
met3       Horizontal      33060         22338          32.43%
met4       Vertical        19950         10958          45.07%
met5       Horizontal       6612          2800          57.65%
---------------------------------------------------------------

[INFO GRT-0101] Running extra iterations to remove overflow.
[INFO GRT-0197] Via related to pin nodes: 34399
[INFO GRT-0198] Via related Steiner nodes: 1042
[INFO GRT-0199] Via filling finished.
[INFO GRT-0111] Final number of vias: 44722
[INFO GRT-0112] Final usage 3D: 167604

[INFO GRT-0096] Final congestion report:
Layer         Resource        Demand        Usage (%)    Max H / Max V / Total Overflow
---------------------------------------------------------------------------------------
li1                  0             0            0.00%             0 /  0 /  0
met1             31144         13164           42.27%             0 /  0 /  0
met2             32222         13684           42.47%             0 /  0 /  0
met3             22338          4444           19.89%             0 /  0 /  0
met4             10958          2131           19.45%             0 /  0 /  0
met5              2800            15            0.54%             0 /  0 /  0
---------------------------------------------------------------------------------------
Total            99462         33438           33.62%             0 /  0 /  0

[INFO GRT-0018] Total wirelength: 335864 um
[INFO GRT-0014] Routed nets: 5647
[INFO GRT-0006] Repairing antennas, iteration 1.
[INFO GRT-0043] No OR_DEFAULT vias defined.
[INFO GRT-0012] Found 19 antenna violations.
[INFO GRT-0015] Inserted 20 diodes.
[INFO GRT-0009] rerouting 3869 nets.
[INFO GRT-0001] Minimum degree: 2
[INFO GRT-0002] Maximum degree: 21
[INFO GRT-0006] Repairing antennas, iteration 2.
[INFO GRT-0043] No OR_DEFAULT vias defined.
[INFO GRT-0012] Found 0 antenna violations.
Placement Analysis
---------------------------------
total displacement          0.0 u
average displacement        0.0 u
max displacement            0.0 u
original HPWL          192565.3 u
legalized HPWL         192575.5 u
delta HPWL                    0 %

[INFO DPL-0020] Mirrored 2020 instances
[INFO DPL-0021] HPWL before          192575.5 u
[INFO DPL-0022] HPWL after           187654.2 u
[INFO DPL-0023] HPWL delta               -2.6 %
[INFO]: Setting signal min routing layer to: met1 and clock min routing layer to met3. 
[INFO]: Setting signal max routing layer to: met5 and clock max routing layer to met5. 
-congestion_iterations 50 -verbose -congestion_report_file /openlane/designs/alu_and_register/runs/RUN_2025.06.14_21.48.27/tmp/routing/groute-congestion.rpt
[INFO GRT-0020] Min routing layer: met1
[INFO GRT-0021] Max routing layer: met5
[INFO GRT-0022] Global adjustment: 30%
[INFO GRT-0023] Grid origin: (0, 0)
[INFO GRT-0043] No OR_DEFAULT vias defined.
[INFO GRT-0088] Layer li1     Track-Pitch = 0.4600  line-2-Via Pitch: 0.3400
[INFO GRT-0088] Layer met1    Track-Pitch = 0.3400  line-2-Via Pitch: 0.3400
[INFO GRT-0088] Layer met2    Track-Pitch = 0.4600  line-2-Via Pitch: 0.3500
[INFO GRT-0088] Layer met3    Track-Pitch = 0.6800  line-2-Via Pitch: 0.6150
[INFO GRT-0088] Layer met4    Track-Pitch = 0.9200  line-2-Via Pitch: 1.0400
[INFO GRT-0088] Layer met5    Track-Pitch = 3.4000  line-2-Via Pitch: 3.1100
[INFO GRT-0019] Found 104 clock nets.
[INFO GRT-0001] Minimum degree: 2
[INFO GRT-0002] Maximum degree: 21
[INFO GRT-0003] Macros: 0
[INFO GRT-0043] No OR_DEFAULT vias defined.
[INFO GRT-0004] Blockages: 26142

[INFO GRT-0053] Routing resources analysis:
          Routing      Original      Derated      Resource
Layer     Direction    Resources     Resources    Reduction (%)
---------------------------------------------------------------
li1        Vertical            0             0          0.00%
met1       Horizontal      66120         31145          52.90%
met2       Vertical        49533         32222          34.95%
met3       Horizontal      33060         22338          32.43%
met4       Vertical        19950         10958          45.07%
met5       Horizontal       6612          2800          57.65%
---------------------------------------------------------------

[INFO GRT-0101] Running extra iterations to remove overflow.
[INFO GRT-0197] Via related to pin nodes: 34399
[INFO GRT-0198] Via related Steiner nodes: 1077
[INFO GRT-0199] Via filling finished.
[INFO GRT-0111] Final number of vias: 44738
[INFO GRT-0112] Final usage 3D: 167687

[INFO GRT-0096] Final congestion report:
Layer         Resource        Demand        Usage (%)    Max H / Max V / Total Overflow
---------------------------------------------------------------------------------------
li1                  0             0            0.00%             0 /  0 /  0
met1             31145         13235           42.49%             0 /  0 /  0
met2             32222         13760           42.70%             0 /  0 /  0
met3             22338          4384           19.63%             0 /  0 /  0
met4             10958          2094           19.11%             0 /  0 /  0
met5              2800             0            0.00%             0 /  0 /  0
---------------------------------------------------------------------------------------
Total            99463         33473           33.65%             0 /  0 /  0

[INFO GRT-0018] Total wirelength: 336243 um
[INFO GRT-0014] Routed nets: 5647
Setting global connections for newly added cells…
Writing OpenROAD database to '/openlane/designs/alu_and_register/runs/RUN_2025.06.14_21.48.27/tmp/routing/19-global.odb'…
Writing layout to '/openlane/designs/alu_and_register/runs/RUN_2025.06.14_21.48.27/tmp/routing/19-global.def'…
Writing routing guides to '/openlane/designs/alu_and_register/runs/RUN_2025.06.14_21.48.27/tmp/routing/19-global.guide'…
