OpenROAD b16bda7e82721d10566ff7e2b68f1ff0be9f9e38 
Features included (+) or not (-): +Charts +GPU +GUI +Python
This program is licensed under the BSD-3 license. See the LICENSE file for details.
Components of this program may be licensed under more restrictive licenses which must be honored.
define_corners Typical
read_liberty -corner Typical /home/kagan/.volare/sky130A/libs.ref/sky130_fd_sc_hd/lib/sky130_fd_sc_hd__tt_025C_1v80.lib
Using 1e-12 for capacitance...
Using 1e+03 for resistance...
Using 1e-09 for time...
Using 1e+00 for voltage...
Using 1e-03 for current...
Using 1e-09 for power...
Using 1e-06 for distance...
[INFO]: Reading ODB at '/openlane/designs/alu_and_register/runs/RUN_2025.06.14_21.48.27/tmp/routing/22-fill.odb'…
Reading design constraints file at '/openlane/designs/alu_and_register/src/TopModule.sdc'…
[INFO ORD-0030] Using 2 thread(s).
[INFO DRT-0149] Reading tech and libs.
[WARNING DRT-0349] LEF58_ENCLOSURE with no CUTCLASS is not supported. Skipping for layer mcon
[WARNING DRT-0349] LEF58_ENCLOSURE with no CUTCLASS is not supported. Skipping for layer mcon
[WARNING DRT-0349] LEF58_ENCLOSURE with no CUTCLASS is not supported. Skipping for layer via
[WARNING DRT-0349] LEF58_ENCLOSURE with no CUTCLASS is not supported. Skipping for layer via
[WARNING DRT-0349] LEF58_ENCLOSURE with no CUTCLASS is not supported. Skipping for layer via2
[WARNING DRT-0349] LEF58_ENCLOSURE with no CUTCLASS is not supported. Skipping for layer via2
[WARNING DRT-0349] LEF58_ENCLOSURE with no CUTCLASS is not supported. Skipping for layer via3
[WARNING DRT-0349] LEF58_ENCLOSURE with no CUTCLASS is not supported. Skipping for layer via3
[WARNING DRT-0349] LEF58_ENCLOSURE with no CUTCLASS is not supported. Skipping for layer via4
[WARNING DRT-0349] LEF58_ENCLOSURE with no CUTCLASS is not supported. Skipping for layer via4

Units:                1000
Number of layers:     13
Number of macros:     441
Number of vias:       29
Number of viarulegen: 25

[INFO DRT-0150] Reading design.

Design:                   TopModule
Die area:                 ( 0 0 ) ( 400000 400000 )
Number of track patterns: 12
Number of DEF vias:       0
Number of components:     17035
Number of terminals:      149
Number of snets:          2
Number of nets:           5647

[INFO DRT-0167] List of default vias:
  Layer via
    default via: M1M2_PR
  Layer via2
    default via: M2M3_PR
  Layer via3
    default via: M3M4_PR
  Layer via4
    default via: M4M5_PR
[INFO DRT-0162] Library cell analysis.
[INFO DRT-0163] Instance analysis.
[INFO DRT-0164] Number of unique instances = 321.
[INFO DRT-0168] Init region query.
[INFO DRT-0024]   Complete FR_MASTERSLICE.
[INFO DRT-0024]   Complete Fr_VIA.
[INFO DRT-0024]   Complete li1.
[INFO DRT-0024]   Complete mcon.
[INFO DRT-0024]   Complete met1.
[INFO DRT-0024]   Complete via.
[INFO DRT-0024]   Complete met2.
[INFO DRT-0024]   Complete via2.
[INFO DRT-0024]   Complete met3.
[INFO DRT-0024]   Complete via3.
[INFO DRT-0024]   Complete met4.
[INFO DRT-0024]   Complete via4.
[INFO DRT-0024]   Complete met5.
[INFO DRT-0033] FR_MASTERSLICE shape region query size = 0.
[INFO DRT-0033] FR_VIA shape region query size = 0.
[INFO DRT-0033] li1 shape region query size = 256048.
[INFO DRT-0033] mcon shape region query size = 88152.
[INFO DRT-0033] met1 shape region query size = 50863.
[INFO DRT-0033] via shape region query size = 7000.
[INFO DRT-0033] met2 shape region query size = 4247.
[INFO DRT-0033] via2 shape region query size = 5600.
[INFO DRT-0033] met3 shape region query size = 4300.
[INFO DRT-0033] via3 shape region query size = 5600.
[INFO DRT-0033] met4 shape region query size = 1640.
[INFO DRT-0033] via4 shape region query size = 200.
[INFO DRT-0033] met5 shape region query size = 240.
[INFO DRT-0165] Start pin access.
[INFO DRT-0076]   Complete 1000 pins.
[INFO DRT-0078]   Complete 1134 pins.
[INFO DRT-0079]   Complete 100 unique inst patterns.
[INFO DRT-0079]   Complete 200 unique inst patterns.
[INFO DRT-0079]   Complete 300 unique inst patterns.
[INFO DRT-0081]   Complete 303 unique inst patterns.
[INFO DRT-0084]   Complete 3197 groups.
#scanned instances     = 17035
#unique  instances     = 321
#stdCellGenAp          = 8432
#stdCellValidPlanarAp  = 63
#stdCellValidViaAp     = 6575
#stdCellPinNoAp        = 0
#stdCellPinCnt         = 19351
#instTermValidViaApCnt = 0
#macroGenAp            = 0
#macroValidPlanarAp    = 0
#macroValidViaAp       = 0
#macroNoAp             = 0
[INFO DRT-0166] Complete pin access.
[INFO DRT-0267] cpu time = 00:00:40, elapsed time = 00:00:19, memory = 182.35 (MB), peak = 182.35 (MB)

Number of guides:     48205

[INFO DRT-0169] Post process guides.
[INFO DRT-0176] GCELLGRID X 0 DO 57 STEP 6900 ;
[INFO DRT-0177] GCELLGRID Y 0 DO 57 STEP 6900 ;
[INFO DRT-0028]   Complete FR_MASTERSLICE.
[INFO DRT-0028]   Complete Fr_VIA.
[INFO DRT-0028]   Complete li1.
[INFO DRT-0028]   Complete mcon.
[INFO DRT-0028]   Complete met1.
[INFO DRT-0028]   Complete via.
[INFO DRT-0028]   Complete met2.
[INFO DRT-0028]   Complete via2.
[INFO DRT-0028]   Complete met3.
[INFO DRT-0028]   Complete via3.
[INFO DRT-0028]   Complete met4.
[INFO DRT-0028]   Complete via4.
[INFO DRT-0028]   Complete met5.
[INFO DRT-0178] Init guide query.
[INFO DRT-0035]   Complete FR_MASTERSLICE (guide).
[INFO DRT-0035]   Complete Fr_VIA (guide).
[INFO DRT-0035]   Complete li1 (guide).
[INFO DRT-0035]   Complete mcon (guide).
[INFO DRT-0035]   Complete met1 (guide).
[INFO DRT-0035]   Complete via (guide).
[INFO DRT-0035]   Complete met2 (guide).
[INFO DRT-0035]   Complete via2 (guide).
[INFO DRT-0035]   Complete met3 (guide).
[INFO DRT-0035]   Complete via3 (guide).
[INFO DRT-0035]   Complete met4 (guide).
[INFO DRT-0035]   Complete via4 (guide).
[INFO DRT-0035]   Complete met5 (guide).
[INFO DRT-0036] FR_MASTERSLICE guide region query size = 0.
[INFO DRT-0036] FR_VIA guide region query size = 0.
[INFO DRT-0036] li1 guide region query size = 15967.
[INFO DRT-0036] mcon guide region query size = 0.
[INFO DRT-0036] met1 guide region query size = 13090.
[INFO DRT-0036] via guide region query size = 0.
[INFO DRT-0036] met2 guide region query size = 7487.
[INFO DRT-0036] via2 guide region query size = 0.
[INFO DRT-0036] met3 guide region query size = 1115.
[INFO DRT-0036] via3 guide region query size = 0.
[INFO DRT-0036] met4 guide region query size = 340.
[INFO DRT-0036] via4 guide region query size = 0.
[INFO DRT-0036] met5 guide region query size = 0.
[INFO DRT-0179] Init gr pin query.
[INFO DRT-0245] skipped writing guide updates to database.
[INFO DRT-0185] Post process initialize RPin region query.
[INFO DRT-0181] Start track assignment.
[INFO DRT-0184] Done with 23794 vertical wires in 2 frboxes and 14205 horizontal wires in 2 frboxes.
[INFO DRT-0186] Done with 3326 vertical wires in 2 frboxes and 5277 horizontal wires in 2 frboxes.
[INFO DRT-0182] Complete track assignment.
[INFO DRT-0267] cpu time = 00:00:03, elapsed time = 00:00:02, memory = 272.82 (MB), peak = 272.82 (MB)
[INFO DRT-0187] Start routing data preparation.
[INFO DRT-0267] cpu time = 00:00:00, elapsed time = 00:00:00, memory = 272.82 (MB), peak = 272.82 (MB)
[INFO DRT-0194] Start detail routing.
[INFO DRT-0195] Start 0th optimization iteration.
    Completing 10% with 0 violations.
    elapsed time = 00:00:05, memory = 328.11 (MB).
    Completing 20% with 0 violations.
    elapsed time = 00:00:16, memory = 423.69 (MB).
    Completing 30% with 0 violations.
    elapsed time = 00:00:19, memory = 455.07 (MB).
    Completing 40% with 1235 violations.
    elapsed time = 00:00:28, memory = 491.34 (MB).
    Completing 50% with 1235 violations.
    elapsed time = 00:00:35, memory = 496.23 (MB).
    Completing 60% with 2247 violations.
    elapsed time = 00:00:44, memory = 498.23 (MB).
    Completing 70% with 2247 violations.
    elapsed time = 00:00:55, memory = 500.47 (MB).
    Completing 80% with 2247 violations.
    elapsed time = 00:01:01, memory = 500.47 (MB).
    Completing 90% with 3107 violations.
    elapsed time = 00:01:13, memory = 501.75 (MB).
    Completing 100% with 3842 violations.
    elapsed time = 00:01:18, memory = 531.65 (MB).
[INFO DRT-0199]   Number of violations = 5507.
Viol/Layer         li1   mcon   met1    via   met2   met3   met4
Cut Spacing          0      2      0      1      0      0      0
Metal Spacing       46      0    501      0    275     48      2
Min Hole             0      0      1      0      0      0      0
NS Metal             1      0      0      0      0      0      0
Recheck              0      0    947      0    605    100     13
Short                0      0   2340      3    603     19      0
[INFO DRT-0267] cpu time = 00:02:29, elapsed time = 00:01:18, memory = 728.60 (MB), peak = 728.60 (MB)
Total wire length = 245665 um.
Total wire length on LAYER li1 = 0 um.
Total wire length on LAYER met1 = 97002 um.
Total wire length on LAYER met2 = 99944 um.
Total wire length on LAYER met3 = 34342 um.
Total wire length on LAYER met4 = 14376 um.
Total wire length on LAYER met5 = 0 um.
Total number of vias = 46070.
Up-via summary (total 46070):

------------------------
 FR_MASTERSLICE        0
            li1    19367
           met1    23807
           met2     2238
           met3      658
           met4        0
------------------------
                   46070


[INFO DRT-0195] Start 1st optimization iteration.
    Completing 10% with 5507 violations.
    elapsed time = 00:00:04, memory = 740.44 (MB).
    Completing 20% with 5507 violations.
    elapsed time = 00:00:10, memory = 740.48 (MB).
    Completing 30% with 5507 violations.
    elapsed time = 00:00:14, memory = 740.48 (MB).
    Completing 40% with 4639 violations.
    elapsed time = 00:00:19, memory = 764.50 (MB).
    Completing 50% with 4639 violations.
    elapsed time = 00:00:27, memory = 740.63 (MB).
    Completing 60% with 3791 violations.
    elapsed time = 00:00:32, memory = 742.88 (MB).
    Completing 70% with 3791 violations.
    elapsed time = 00:00:37, memory = 742.88 (MB).
    Completing 80% with 3791 violations.
    elapsed time = 00:00:44, memory = 743.00 (MB).
    Completing 90% with 2699 violations.
    elapsed time = 00:00:53, memory = 747.17 (MB).
    Completing 100% with 1869 violations.
    elapsed time = 00:01:02, memory = 747.17 (MB).
[INFO DRT-0199]   Number of violations = 1869.
Viol/Layer        mcon   met1    via   met2   met3   met4
Cut Spacing          1      0      0      0      0      0
Metal Spacing        0    238      0    191     12      1
Short                0   1231      1    193      1      0
[INFO DRT-0267] cpu time = 00:02:02, elapsed time = 00:01:02, memory = 747.17 (MB), peak = 766.19 (MB)
Total wire length = 243395 um.
Total wire length on LAYER li1 = 0 um.
Total wire length on LAYER met1 = 95546 um.
Total wire length on LAYER met2 = 98921 um.
Total wire length on LAYER met3 = 34744 um.
Total wire length on LAYER met4 = 14182 um.
Total wire length on LAYER met5 = 0 um.
Total number of vias = 45707.
Up-via summary (total 45707):

------------------------
 FR_MASTERSLICE        0
            li1    19359
           met1    23391
           met2     2316
           met3      641
           met4        0
------------------------
                   45707


[INFO DRT-0195] Start 2nd optimization iteration.
    Completing 10% with 1869 violations.
    elapsed time = 00:00:02, memory = 747.17 (MB).
    Completing 20% with 1869 violations.
    elapsed time = 00:00:10, memory = 751.17 (MB).
    Completing 30% with 1869 violations.
    elapsed time = 00:00:13, memory = 751.17 (MB).
    Completing 40% with 1854 violations.
    elapsed time = 00:00:18, memory = 751.17 (MB).
    Completing 50% with 1854 violations.
    elapsed time = 00:00:24, memory = 751.17 (MB).
    Completing 60% with 1793 violations.
    elapsed time = 00:00:31, memory = 751.17 (MB).
    Completing 70% with 1793 violations.
    elapsed time = 00:00:41, memory = 751.17 (MB).
    Completing 80% with 1793 violations.
    elapsed time = 00:00:46, memory = 751.17 (MB).
    Completing 90% with 1784 violations.
    elapsed time = 00:00:53, memory = 751.17 (MB).
    Completing 100% with 1679 violations.
    elapsed time = 00:01:02, memory = 751.17 (MB).
[INFO DRT-0199]   Number of violations = 1679.
Viol/Layer        met1   met2   met3
Metal Spacing      240    148      7
Min Hole             1      0      0
Short             1112    170      1
[INFO DRT-0267] cpu time = 00:01:58, elapsed time = 00:01:02, memory = 752.14 (MB), peak = 766.19 (MB)
Total wire length = 242542 um.
Total wire length on LAYER li1 = 0 um.
Total wire length on LAYER met1 = 95555 um.
Total wire length on LAYER met2 = 98524 um.
Total wire length on LAYER met3 = 34215 um.
Total wire length on LAYER met4 = 14247 um.
Total wire length on LAYER met5 = 0 um.
Total number of vias = 45687.
Up-via summary (total 45687):

------------------------
 FR_MASTERSLICE        0
            li1    19359
           met1    23417
           met2     2259
           met3      652
           met4        0
------------------------
                   45687


[INFO DRT-0195] Start 3rd optimization iteration.
    Completing 10% with 1679 violations.
    elapsed time = 00:00:01, memory = 752.14 (MB).
    Completing 20% with 1679 violations.
    elapsed time = 00:00:07, memory = 758.19 (MB).
    Completing 30% with 1679 violations.
    elapsed time = 00:00:11, memory = 758.19 (MB).
    Completing 40% with 1269 violations.
    elapsed time = 00:00:16, memory = 758.19 (MB).
    Completing 50% with 1269 violations.
    elapsed time = 00:00:20, memory = 758.19 (MB).
    Completing 60% with 893 violations.
    elapsed time = 00:00:23, memory = 758.19 (MB).
    Completing 70% with 893 violations.
    elapsed time = 00:00:27, memory = 758.19 (MB).
    Completing 80% with 893 violations.
    elapsed time = 00:00:29, memory = 758.19 (MB).
    Completing 90% with 505 violations.
    elapsed time = 00:00:33, memory = 758.19 (MB).
    Completing 100% with 154 violations.
    elapsed time = 00:00:37, memory = 758.19 (MB).
[INFO DRT-0199]   Number of violations = 154.
Viol/Layer        met1    via   met2   met3
Cut Spacing          0      1      0      0
Metal Spacing       30      0     21     10
Short               75      0     17      0
[INFO DRT-0267] cpu time = 00:01:12, elapsed time = 00:00:38, memory = 758.19 (MB), peak = 766.19 (MB)
Total wire length = 242091 um.
Total wire length on LAYER li1 = 0 um.
Total wire length on LAYER met1 = 89470 um.
Total wire length on LAYER met2 = 97521 um.
Total wire length on LAYER met3 = 39949 um.
Total wire length on LAYER met4 = 15150 um.
Total wire length on LAYER met5 = 0 um.
Total number of vias = 46406.
Up-via summary (total 46406):

------------------------
 FR_MASTERSLICE        0
            li1    19359
           met1    23287
           met2     3023
           met3      737
           met4        0
------------------------
                   46406


[INFO DRT-0195] Start 4th optimization iteration.
    Completing 10% with 154 violations.
    elapsed time = 00:00:00, memory = 758.19 (MB).
    Completing 20% with 154 violations.
    elapsed time = 00:00:00, memory = 758.19 (MB).
    Completing 30% with 154 violations.
    elapsed time = 00:00:01, memory = 758.19 (MB).
    Completing 40% with 102 violations.
    elapsed time = 00:00:02, memory = 758.19 (MB).
    Completing 50% with 102 violations.
    elapsed time = 00:00:02, memory = 758.19 (MB).
    Completing 60% with 76 violations.
    elapsed time = 00:00:03, memory = 758.19 (MB).
    Completing 70% with 76 violations.
    elapsed time = 00:00:03, memory = 758.19 (MB).
    Completing 80% with 76 violations.
    elapsed time = 00:00:08, memory = 759.47 (MB).
    Completing 90% with 67 violations.
    elapsed time = 00:00:08, memory = 759.47 (MB).
    Completing 100% with 5 violations.
    elapsed time = 00:00:09, memory = 759.47 (MB).
[INFO DRT-0199]   Number of violations = 5.
Viol/Layer        met1   met2
Metal Spacing        4      1
[INFO DRT-0267] cpu time = 00:00:12, elapsed time = 00:00:09, memory = 759.47 (MB), peak = 766.19 (MB)
Total wire length = 242082 um.
Total wire length on LAYER li1 = 0 um.
Total wire length on LAYER met1 = 89189 um.
Total wire length on LAYER met2 = 97511 um.
Total wire length on LAYER met3 = 40246 um.
Total wire length on LAYER met4 = 15135 um.
Total wire length on LAYER met5 = 0 um.
Total number of vias = 46447.
Up-via summary (total 46447):

------------------------
 FR_MASTERSLICE        0
            li1    19359
           met1    23282
           met2     3066
           met3      740
           met4        0
------------------------
                   46447


[INFO DRT-0195] Start 5th optimization iteration.
    Completing 10% with 5 violations.
    elapsed time = 00:00:00, memory = 759.47 (MB).
    Completing 20% with 5 violations.
    elapsed time = 00:00:00, memory = 759.47 (MB).
    Completing 30% with 5 violations.
    elapsed time = 00:00:00, memory = 759.47 (MB).
    Completing 40% with 5 violations.
    elapsed time = 00:00:00, memory = 759.47 (MB).
    Completing 50% with 5 violations.
    elapsed time = 00:00:00, memory = 759.47 (MB).
    Completing 60% with 3 violations.
    elapsed time = 00:00:00, memory = 759.47 (MB).
    Completing 70% with 3 violations.
    elapsed time = 00:00:00, memory = 759.47 (MB).
    Completing 80% with 3 violations.
    elapsed time = 00:00:02, memory = 759.47 (MB).
    Completing 90% with 3 violations.
    elapsed time = 00:00:02, memory = 759.47 (MB).
    Completing 100% with 3 violations.
    elapsed time = 00:00:02, memory = 759.47 (MB).
[INFO DRT-0199]   Number of violations = 3.
Viol/Layer        met1
Metal Spacing        3
[INFO DRT-0267] cpu time = 00:00:03, elapsed time = 00:00:02, memory = 759.47 (MB), peak = 766.19 (MB)
Total wire length = 242079 um.
Total wire length on LAYER li1 = 0 um.
Total wire length on LAYER met1 = 89171 um.
Total wire length on LAYER met2 = 97513 um.
Total wire length on LAYER met3 = 40260 um.
Total wire length on LAYER met4 = 15133 um.
Total wire length on LAYER met5 = 0 um.
Total number of vias = 46451.
Up-via summary (total 46451):

------------------------
 FR_MASTERSLICE        0
            li1    19359
           met1    23284
           met2     3068
           met3      740
           met4        0
------------------------
                   46451


[INFO DRT-0195] Start 6th optimization iteration.
    Completing 10% with 3 violations.
    elapsed time = 00:00:00, memory = 759.47 (MB).
    Completing 20% with 3 violations.
    elapsed time = 00:00:00, memory = 759.47 (MB).
    Completing 30% with 3 violations.
    elapsed time = 00:00:01, memory = 759.47 (MB).
    Completing 40% with 0 violations.
    elapsed time = 00:00:01, memory = 759.47 (MB).
    Completing 50% with 0 violations.
    elapsed time = 00:00:01, memory = 759.47 (MB).
    Completing 60% with 0 violations.
    elapsed time = 00:00:01, memory = 759.47 (MB).
    Completing 70% with 0 violations.
    elapsed time = 00:00:01, memory = 759.47 (MB).
    Completing 80% with 0 violations.
    elapsed time = 00:00:01, memory = 759.47 (MB).
    Completing 90% with 0 violations.
    elapsed time = 00:00:01, memory = 759.47 (MB).
    Completing 100% with 0 violations.
    elapsed time = 00:00:01, memory = 759.47 (MB).
[INFO DRT-0199]   Number of violations = 0.
[INFO DRT-0267] cpu time = 00:00:01, elapsed time = 00:00:01, memory = 759.47 (MB), peak = 766.19 (MB)
Total wire length = 242083 um.
Total wire length on LAYER li1 = 0 um.
Total wire length on LAYER met1 = 89177 um.
Total wire length on LAYER met2 = 97512 um.
Total wire length on LAYER met3 = 40260 um.
Total wire length on LAYER met4 = 15133 um.
Total wire length on LAYER met5 = 0 um.
Total number of vias = 46449.
Up-via summary (total 46449):

------------------------
 FR_MASTERSLICE        0
            li1    19359
           met1    23282
           met2     3068
           met3      740
           met4        0
------------------------
                   46449


[INFO DRT-0198] Complete detail routing.
Total wire length = 242083 um.
Total wire length on LAYER li1 = 0 um.
Total wire length on LAYER met1 = 89177 um.
Total wire length on LAYER met2 = 97512 um.
Total wire length on LAYER met3 = 40260 um.
Total wire length on LAYER met4 = 15133 um.
Total wire length on LAYER met5 = 0 um.
Total number of vias = 46449.
Up-via summary (total 46449):

------------------------
 FR_MASTERSLICE        0
            li1    19359
           met1    23282
           met2     3068
           met3      740
           met4        0
------------------------
                   46449


[INFO DRT-0267] cpu time = 00:08:00, elapsed time = 00:04:15, memory = 759.47 (MB), peak = 766.19 (MB)

[INFO DRT-0180] Post processing.
Setting global connections for newly added cells…
Writing OpenROAD database to '/openlane/designs/alu_and_register/runs/RUN_2025.06.14_21.48.27/results/routing/TopModule.odb'…
Writing netlist to '/openlane/designs/alu_and_register/runs/RUN_2025.06.14_21.48.27/results/routing/TopModule.nl.v'…
Writing powered netlist to '/openlane/designs/alu_and_register/runs/RUN_2025.06.14_21.48.27/results/routing/TopModule.pnl.v'…
Writing layout to '/openlane/designs/alu_and_register/runs/RUN_2025.06.14_21.48.27/results/routing/TopModule.def'…
