OpenROAD b16bda7e82721d10566ff7e2b68f1ff0be9f9e38 
Features included (+) or not (-): +Charts +GPU +GUI +Python
This program is licensed under the BSD-3 license. See the LICENSE file for details.
Components of this program may be licensed under more restrictive licenses which must be honored.
define_corners Typical
read_liberty -corner Typical /home/kagan/.volare/sky130A/libs.ref/sky130_fd_sc_hd/lib/sky130_fd_sc_hd__tt_025C_1v80.lib
Using 1e-12 for capacitance...
Using 1e+03 for resistance...
Using 1e-09 for time...
Using 1e+00 for voltage...
Using 1e-03 for current...
Using 1e-09 for power...
Using 1e-06 for distance...
[INFO]: Reading ODB at '/openlane/designs/semi_cpu/runs/RUN_2025.06.08_14.11.38/tmp/routing/21-fill.odb'…
Reading design constraints file at '/openlane/designs/semi_cpu/src/SemiCPU.sdc'…
[INFO ORD-0030] Using 2 thread(s).
[INFO DRT-0149] Reading tech and libs.
[WARNING DRT-0349] LEF58_ENCLOSURE with no CUTCLASS is not supported. Skipping for layer mcon
[WARNING DRT-0349] LEF58_ENCLOSURE with no CUTCLASS is not supported. Skipping for layer mcon
[WARNING DRT-0349] LEF58_ENCLOSURE with no CUTCLASS is not supported. Skipping for layer via
[WARNING DRT-0349] LEF58_ENCLOSURE with no CUTCLASS is not supported. Skipping for layer via
[WARNING DRT-0349] LEF58_ENCLOSURE with no CUTCLASS is not supported. Skipping for layer via2
[WARNING DRT-0349] LEF58_ENCLOSURE with no CUTCLASS is not supported. Skipping for layer via2
[WARNING DRT-0349] LEF58_ENCLOSURE with no CUTCLASS is not supported. Skipping for layer via3
[WARNING DRT-0349] LEF58_ENCLOSURE with no CUTCLASS is not supported. Skipping for layer via3
[WARNING DRT-0349] LEF58_ENCLOSURE with no CUTCLASS is not supported. Skipping for layer via4
[WARNING DRT-0349] LEF58_ENCLOSURE with no CUTCLASS is not supported. Skipping for layer via4

Units:                1000
Number of layers:     13
Number of macros:     441
Number of vias:       29
Number of viarulegen: 25

[INFO DRT-0150] Reading design.

Design:                   SemiCPU
Die area:                 ( 0 0 ) ( 500000 500000 )
Number of track patterns: 12
Number of DEF vias:       0
Number of components:     24596
Number of terminals:      16
Number of snets:          2
Number of nets:           850

[INFO DRT-0167] List of default vias:
  Layer via
    default via: M1M2_PR
  Layer via2
    default via: M2M3_PR
  Layer via3
    default via: M3M4_PR
  Layer via4
    default via: M4M5_PR
[INFO DRT-0162] Library cell analysis.
[INFO DRT-0163] Instance analysis.
[INFO DRT-0164] Number of unique instances = 295.
[INFO DRT-0168] Init region query.
[INFO DRT-0024]   Complete FR_MASTERSLICE.
[INFO DRT-0024]   Complete Fr_VIA.
[INFO DRT-0024]   Complete li1.
[INFO DRT-0024]   Complete mcon.
[INFO DRT-0024]   Complete met1.
[INFO DRT-0024]   Complete via.
[INFO DRT-0024]   Complete met2.
[INFO DRT-0024]   Complete via2.
[INFO DRT-0024]   Complete met3.
[INFO DRT-0024]   Complete via3.
[INFO DRT-0024]   Complete met4.
[INFO DRT-0024]   Complete via4.
[INFO DRT-0024]   Complete met5.
[INFO DRT-0033] FR_MASTERSLICE shape region query size = 0.
[INFO DRT-0033] FR_VIA shape region query size = 0.
[INFO DRT-0033] li1 shape region query size = 149930.
[INFO DRT-0033] mcon shape region query size = 289344.
[INFO DRT-0033] met1 shape region query size = 52784.
[INFO DRT-0033] via shape region query size = 10560.
[INFO DRT-0033] met2 shape region query size = 6336.
[INFO DRT-0033] via2 shape region query size = 8448.
[INFO DRT-0033] met3 shape region query size = 6350.
[INFO DRT-0033] via3 shape region query size = 8448.
[INFO DRT-0033] met4 shape region query size = 2448.
[INFO DRT-0033] via4 shape region query size = 288.
[INFO DRT-0033] met5 shape region query size = 336.
[INFO DRT-0165] Start pin access.
[INFO DRT-0078]   Complete 977 pins.
[INFO DRT-0079]   Complete 100 unique inst patterns.
[INFO DRT-0079]   Complete 200 unique inst patterns.
[INFO DRT-0081]   Complete 277 unique inst patterns.
[INFO DRT-0084]   Complete 1394 groups.
#scanned instances     = 24596
#unique  instances     = 295
#stdCellGenAp          = 7837
#stdCellValidPlanarAp  = 135
#stdCellValidViaAp     = 5619
#stdCellPinNoAp        = 0
#stdCellPinCnt         = 2740
#instTermValidViaApCnt = 0
#macroGenAp            = 0
#macroValidPlanarAp    = 0
#macroValidViaAp       = 0
#macroNoAp             = 0
[INFO DRT-0166] Complete pin access.
[INFO DRT-0267] cpu time = 00:00:18, elapsed time = 00:00:07, memory = 182.85 (MB), peak = 183.86 (MB)

Number of guides:     12057

[INFO DRT-0169] Post process guides.
[INFO DRT-0176] GCELLGRID X 0 DO 72 STEP 6900 ;
[INFO DRT-0177] GCELLGRID Y 0 DO 72 STEP 6900 ;
[INFO DRT-0028]   Complete FR_MASTERSLICE.
[INFO DRT-0028]   Complete Fr_VIA.
[INFO DRT-0028]   Complete li1.
[INFO DRT-0028]   Complete mcon.
[INFO DRT-0028]   Complete met1.
[INFO DRT-0028]   Complete via.
[INFO DRT-0028]   Complete met2.
[INFO DRT-0028]   Complete via2.
[INFO DRT-0028]   Complete met3.
[INFO DRT-0028]   Complete via3.
[INFO DRT-0028]   Complete met4.
[INFO DRT-0028]   Complete via4.
[INFO DRT-0028]   Complete met5.
[INFO DRT-0178] Init guide query.
[INFO DRT-0035]   Complete FR_MASTERSLICE (guide).
[INFO DRT-0035]   Complete Fr_VIA (guide).
[INFO DRT-0035]   Complete li1 (guide).
[INFO DRT-0035]   Complete mcon (guide).
[INFO DRT-0035]   Complete met1 (guide).
[INFO DRT-0035]   Complete via (guide).
[INFO DRT-0035]   Complete met2 (guide).
[INFO DRT-0035]   Complete via2 (guide).
[INFO DRT-0035]   Complete met3 (guide).
[INFO DRT-0035]   Complete via3 (guide).
[INFO DRT-0035]   Complete met4 (guide).
[INFO DRT-0035]   Complete via4 (guide).
[INFO DRT-0035]   Complete met5 (guide).
[INFO DRT-0036] FR_MASTERSLICE guide region query size = 0.
[INFO DRT-0036] FR_VIA guide region query size = 0.
[INFO DRT-0036] li1 guide region query size = 2887.
[INFO DRT-0036] mcon guide region query size = 0.
[INFO DRT-0036] met1 guide region query size = 3572.
[INFO DRT-0036] via guide region query size = 0.
[INFO DRT-0036] met2 guide region query size = 2321.
[INFO DRT-0036] via2 guide region query size = 0.
[INFO DRT-0036] met3 guide region query size = 201.
[INFO DRT-0036] via3 guide region query size = 0.
[INFO DRT-0036] met4 guide region query size = 85.
[INFO DRT-0036] via4 guide region query size = 0.
[INFO DRT-0036] met5 guide region query size = 0.
[INFO DRT-0179] Init gr pin query.
[INFO DRT-0245] skipped writing guide updates to database.
[INFO DRT-0185] Post process initialize RPin region query.
[INFO DRT-0181] Start track assignment.
[INFO DRT-0184] Done with 5293 vertical wires in 2 frboxes and 3773 horizontal wires in 2 frboxes.
[INFO DRT-0186] Done with 411 vertical wires in 2 frboxes and 703 horizontal wires in 2 frboxes.
[INFO DRT-0182] Complete track assignment.
[INFO DRT-0267] cpu time = 00:00:01, elapsed time = 00:00:00, memory = 252.77 (MB), peak = 252.77 (MB)
[INFO DRT-0187] Start routing data preparation.
[INFO DRT-0267] cpu time = 00:00:00, elapsed time = 00:00:00, memory = 252.77 (MB), peak = 252.77 (MB)
[INFO DRT-0194] Start detail routing.
[INFO DRT-0195] Start 0th optimization iteration.
    Completing 10% with 0 violations.
    elapsed time = 00:00:00, memory = 298.80 (MB).
    Completing 20% with 0 violations.
    elapsed time = 00:00:01, memory = 374.21 (MB).
    Completing 30% with 115 violations.
    elapsed time = 00:00:01, memory = 419.52 (MB).
    Completing 40% with 115 violations.
    elapsed time = 00:00:02, memory = 419.52 (MB).
    Completing 50% with 115 violations.
    elapsed time = 00:00:03, memory = 425.12 (MB).
    Completing 60% with 232 violations.
    elapsed time = 00:00:03, memory = 436.66 (MB).
    Completing 70% with 232 violations.
    elapsed time = 00:00:04, memory = 436.66 (MB).
    Completing 80% with 286 violations.
    elapsed time = 00:00:05, memory = 436.66 (MB).
    Completing 90% with 286 violations.
    elapsed time = 00:00:06, memory = 436.66 (MB).
    Completing 100% with 395 violations.
    elapsed time = 00:00:07, memory = 436.66 (MB).
[INFO DRT-0199]   Number of violations = 462.
Viol/Layer         li1   met1   met2   met3
Metal Spacing        1     41     21      1
Recheck              0     56     11      0
Short                0    285     46      0
[INFO DRT-0267] cpu time = 00:00:15, elapsed time = 00:00:07, memory = 672.72 (MB), peak = 672.72 (MB)
Total wire length = 371021 um.
Total wire length on LAYER li1 = 0 um.
Total wire length on LAYER met1 = 170281 um.
Total wire length on LAYER met2 = 167011 um.
Total wire length on LAYER met3 = 14597 um.
Total wire length on LAYER met4 = 19130 um.
Total wire length on LAYER met5 = 0 um.
Total number of vias = 8911.
Up-via summary (total 8911):

-----------------------
 FR_MASTERSLICE       0
            li1    3249
           met1    5260
           met2     235
           met3     167
           met4       0
-----------------------
                   8911


[INFO DRT-0195] Start 1st optimization iteration.
    Completing 10% with 462 violations.
    elapsed time = 00:00:00, memory = 672.72 (MB).
    Completing 20% with 462 violations.
    elapsed time = 00:00:01, memory = 672.72 (MB).
    Completing 30% with 397 violations.
    elapsed time = 00:00:01, memory = 678.77 (MB).
    Completing 40% with 397 violations.
    elapsed time = 00:00:02, memory = 679.29 (MB).
    Completing 50% with 397 violations.
    elapsed time = 00:00:03, memory = 679.29 (MB).
    Completing 60% with 292 violations.
    elapsed time = 00:00:03, memory = 679.29 (MB).
    Completing 70% with 292 violations.
    elapsed time = 00:00:04, memory = 679.29 (MB).
    Completing 80% with 246 violations.
    elapsed time = 00:00:04, memory = 679.29 (MB).
    Completing 90% with 246 violations.
    elapsed time = 00:00:05, memory = 679.29 (MB).
    Completing 100% with 180 violations.
    elapsed time = 00:00:06, memory = 679.46 (MB).
[INFO DRT-0199]   Number of violations = 180.
Viol/Layer        mcon   met1   met2
Cut Spacing          2      0      0
Metal Spacing        0     12      6
Short                0    146     14
[INFO DRT-0267] cpu time = 00:00:13, elapsed time = 00:00:06, memory = 682.73 (MB), peak = 682.73 (MB)
Total wire length = 371102 um.
Total wire length on LAYER li1 = 0 um.
Total wire length on LAYER met1 = 170318 um.
Total wire length on LAYER met2 = 167104 um.
Total wire length on LAYER met3 = 14588 um.
Total wire length on LAYER met4 = 19091 um.
Total wire length on LAYER met5 = 0 um.
Total number of vias = 9064.
Up-via summary (total 9064):

-----------------------
 FR_MASTERSLICE       0
            li1    3248
           met1    5412
           met2     234
           met3     170
           met4       0
-----------------------
                   9064


[INFO DRT-0195] Start 2nd optimization iteration.
    Completing 10% with 180 violations.
    elapsed time = 00:00:00, memory = 682.73 (MB).
    Completing 20% with 180 violations.
    elapsed time = 00:00:00, memory = 682.73 (MB).
    Completing 30% with 190 violations.
    elapsed time = 00:00:01, memory = 682.73 (MB).
    Completing 40% with 190 violations.
    elapsed time = 00:00:01, memory = 682.73 (MB).
    Completing 50% with 190 violations.
    elapsed time = 00:00:01, memory = 682.73 (MB).
    Completing 60% with 190 violations.
    elapsed time = 00:00:02, memory = 682.73 (MB).
    Completing 70% with 190 violations.
    elapsed time = 00:00:02, memory = 682.73 (MB).
    Completing 80% with 166 violations.
    elapsed time = 00:00:02, memory = 682.73 (MB).
    Completing 90% with 166 violations.
    elapsed time = 00:00:03, memory = 682.73 (MB).
    Completing 100% with 138 violations.
    elapsed time = 00:00:05, memory = 682.73 (MB).
[INFO DRT-0199]   Number of violations = 138.
Viol/Layer        met1   met2
Metal Spacing        7     13
Short              109      9
[INFO DRT-0267] cpu time = 00:00:10, elapsed time = 00:00:05, memory = 682.73 (MB), peak = 682.73 (MB)
Total wire length = 371072 um.
Total wire length on LAYER li1 = 0 um.
Total wire length on LAYER met1 = 170310 um.
Total wire length on LAYER met2 = 167041 um.
Total wire length on LAYER met3 = 14567 um.
Total wire length on LAYER met4 = 19152 um.
Total wire length on LAYER met5 = 0 um.
Total number of vias = 9055.
Up-via summary (total 9055):

-----------------------
 FR_MASTERSLICE       0
            li1    3248
           met1    5402
           met2     234
           met3     171
           met4       0
-----------------------
                   9055


[INFO DRT-0195] Start 3rd optimization iteration.
    Completing 10% with 138 violations.
    elapsed time = 00:00:00, memory = 682.73 (MB).
    Completing 20% with 138 violations.
    elapsed time = 00:00:00, memory = 682.73 (MB).
    Completing 30% with 112 violations.
    elapsed time = 00:00:00, memory = 682.73 (MB).
    Completing 40% with 112 violations.
    elapsed time = 00:00:01, memory = 682.73 (MB).
    Completing 50% with 112 violations.
    elapsed time = 00:00:01, memory = 682.73 (MB).
    Completing 60% with 76 violations.
    elapsed time = 00:00:01, memory = 682.73 (MB).
    Completing 70% with 76 violations.
    elapsed time = 00:00:01, memory = 682.73 (MB).
    Completing 80% with 49 violations.
    elapsed time = 00:00:01, memory = 682.73 (MB).
    Completing 90% with 49 violations.
    elapsed time = 00:00:02, memory = 682.73 (MB).
    Completing 100% with 0 violations.
    elapsed time = 00:00:02, memory = 682.73 (MB).
[INFO DRT-0199]   Number of violations = 0.
[INFO DRT-0267] cpu time = 00:00:04, elapsed time = 00:00:02, memory = 682.73 (MB), peak = 682.73 (MB)
Total wire length = 371075 um.
Total wire length on LAYER li1 = 0 um.
Total wire length on LAYER met1 = 169933 um.
Total wire length on LAYER met2 = 167060 um.
Total wire length on LAYER met3 = 14905 um.
Total wire length on LAYER met4 = 19175 um.
Total wire length on LAYER met5 = 0 um.
Total number of vias = 9251.
Up-via summary (total 9251):

-----------------------
 FR_MASTERSLICE       0
            li1    3248
           met1    5544
           met2     286
           met3     173
           met4       0
-----------------------
                   9251


[INFO DRT-0198] Complete detail routing.
Total wire length = 371075 um.
Total wire length on LAYER li1 = 0 um.
Total wire length on LAYER met1 = 169933 um.
Total wire length on LAYER met2 = 167060 um.
Total wire length on LAYER met3 = 14905 um.
Total wire length on LAYER met4 = 19175 um.
Total wire length on LAYER met5 = 0 um.
Total number of vias = 9251.
Up-via summary (total 9251):

-----------------------
 FR_MASTERSLICE       0
            li1    3248
           met1    5544
           met2     286
           met3     173
           met4       0
-----------------------
                   9251


[INFO DRT-0267] cpu time = 00:00:44, elapsed time = 00:00:22, memory = 682.73 (MB), peak = 682.73 (MB)

[INFO DRT-0180] Post processing.
Setting global connections for newly added cells…
Writing OpenROAD database to '/openlane/designs/semi_cpu/runs/RUN_2025.06.08_14.11.38/results/routing/SemiCPU.odb'…
Writing netlist to '/openlane/designs/semi_cpu/runs/RUN_2025.06.08_14.11.38/results/routing/SemiCPU.nl.v'…
Writing powered netlist to '/openlane/designs/semi_cpu/runs/RUN_2025.06.08_14.11.38/results/routing/SemiCPU.pnl.v'…
Writing layout to '/openlane/designs/semi_cpu/runs/RUN_2025.06.08_14.11.38/results/routing/SemiCPU.def'…
