
===========================================================================
report_checks -unconstrained
===========================================================================
======================= Fastest Corner ===================================

Startpoint: _5425_ (rising edge-triggered flip-flop clocked by core_clock)
Endpoint: _5405_ (rising edge-triggered flip-flop clocked by core_clock)
Path Group: core_clock
Path Type: max
Corner: Fastest

Fanout     Cap    Slew   Delay    Time   Description
-----------------------------------------------------------------------------
                          0.00    0.00   clock core_clock (rise edge)
                          0.00    0.00   clock source latency
     1    0.06    0.00    0.00    0.00 ^ clk (in)
                                         clk (net)
                  0.00    0.00    0.00 ^ clkbuf_0_clk/A (sky130_fd_sc_hd__clkbuf_16)
     4    0.09    0.08    0.11    0.12 ^ clkbuf_0_clk/X (sky130_fd_sc_hd__clkbuf_16)
                                         clknet_0_clk (net)
                  0.08    0.00    0.12 ^ clkbuf_2_0__f_clk/A (sky130_fd_sc_hd__clkbuf_16)
     9    0.11    0.09    0.15    0.26 ^ clkbuf_2_0__f_clk/X (sky130_fd_sc_hd__clkbuf_16)
                                         clknet_2_0__leaf_clk (net)
                  0.09    0.00    0.26 ^ clkbuf_leaf_42_clk/A (sky130_fd_sc_hd__clkbuf_8)
    11    0.04    0.06    0.12    0.38 ^ clkbuf_leaf_42_clk/X (sky130_fd_sc_hd__clkbuf_8)
                                         clknet_leaf_42_clk (net)
                  0.06    0.00    0.38 ^ _5425_/CLK (sky130_fd_sc_hd__dfrtp_1)
     4    0.01    0.06    0.26    0.65 v _5425_/Q (sky130_fd_sc_hd__dfrtp_1)
                                         cpu_inst.decoder_inst.current_pc[25] (net)
                  0.06    0.00    0.65 v _2539_/A (sky130_fd_sc_hd__or4_4)
     2    0.01    0.06    0.33    0.97 v _2539_/X (sky130_fd_sc_hd__or4_4)
                                         _0504_ (net)
                  0.06    0.00    0.97 v _2550_/A (sky130_fd_sc_hd__or4_4)
     4    0.02    0.08    0.36    1.33 v _2550_/X (sky130_fd_sc_hd__or4_4)
                                         _0515_ (net)
                  0.08    0.00    1.33 v clone4/A (sky130_fd_sc_hd__buf_2)
     5    0.02    0.05    0.12    1.45 v clone4/X (sky130_fd_sc_hd__buf_2)
                                         net17 (net)
                  0.05    0.00    1.45 v _2562_/A (sky130_fd_sc_hd__or4_4)
     5    0.05    0.11    0.39    1.84 v _2562_/X (sky130_fd_sc_hd__or4_4)
                                         _0527_ (net)
                  0.11    0.00    1.84 v _2563_/B (sky130_fd_sc_hd__nand2_2)
     7    0.03    0.13    0.15    1.99 ^ _2563_/Y (sky130_fd_sc_hd__nand2_2)
                                         _0528_ (net)
                  0.13    0.00    1.99 ^ _2626_/A (sky130_fd_sc_hd__or3_1)
     1    0.00    0.03    0.09    2.08 ^ _2626_/X (sky130_fd_sc_hd__or3_1)
                                         _0591_ (net)
                  0.03    0.00    2.08 ^ _2627_/A (sky130_fd_sc_hd__buf_2)
    10    0.04    0.15    0.16    2.23 ^ _2627_/X (sky130_fd_sc_hd__buf_2)
                                         _0592_ (net)
                  0.15    0.00    2.23 ^ _2649_/B (sky130_fd_sc_hd__or2_2)
     4    0.02    0.09    0.14    2.37 ^ _2649_/X (sky130_fd_sc_hd__or2_2)
                                         _0614_ (net)
                  0.09    0.00    2.37 ^ _2650_/A (sky130_fd_sc_hd__clkbuf_8)
    10    0.12    0.16    0.19    2.57 ^ _2650_/X (sky130_fd_sc_hd__clkbuf_8)
                                         _0615_ (net)
                  0.16    0.00    2.57 ^ _2651_/B (sky130_fd_sc_hd__nor2_1)
     2    0.02    0.08    0.08    2.65 v _2651_/Y (sky130_fd_sc_hd__nor2_1)
                                         _0616_ (net)
                  0.08    0.00    2.65 v _2652_/B (sky130_fd_sc_hd__nor2_2)
     4    0.02    0.18    0.16    2.82 ^ _2652_/Y (sky130_fd_sc_hd__nor2_2)
                                         _0617_ (net)
                  0.18    0.00    2.82 ^ _2894_/A (sky130_fd_sc_hd__buf_4)
    10    0.09    0.18    0.21    3.02 ^ _2894_/X (sky130_fd_sc_hd__buf_4)
                                         _0859_ (net)
                  0.18    0.00    3.03 ^ _2947_/A1 (sky130_fd_sc_hd__a31oi_4)
     9    0.04    0.12    0.12    3.15 v _2947_/Y (sky130_fd_sc_hd__a31oi_4)
                                         _0912_ (net)
                  0.12    0.00    3.15 v _2948_/A3 (sky130_fd_sc_hd__a31o_1)
     1    0.00    0.03    0.18    3.33 v _2948_/X (sky130_fd_sc_hd__a31o_1)
                                         _0913_ (net)
                  0.03    0.00    3.33 v _2949_/B (sky130_fd_sc_hd__xnor2_1)
     2    0.00    0.11    0.10    3.43 ^ _2949_/Y (sky130_fd_sc_hd__xnor2_1)
                                         _0914_ (net)
                  0.11    0.00    3.43 ^ _2951_/A_N (sky130_fd_sc_hd__and2b_1)
     1    0.00    0.03    0.12    3.55 v _2951_/X (sky130_fd_sc_hd__and2b_1)
                                         _0916_ (net)
                  0.03    0.00    3.55 v _2952_/B (sky130_fd_sc_hd__nor2_2)
     2    0.01    0.08    0.07    3.63 ^ _2952_/Y (sky130_fd_sc_hd__nor2_2)
                                         _0917_ (net)
                  0.08    0.00    3.63 ^ _2953_/A1 (sky130_fd_sc_hd__a21o_1)
     2    0.02    0.11    0.13    3.76 ^ _2953_/X (sky130_fd_sc_hd__a21o_1)
                                         _0918_ (net)
                  0.11    0.00    3.76 ^ _2955_/A1 (sky130_fd_sc_hd__a21boi_2)
     3    0.01    0.05    0.06    3.81 v _2955_/Y (sky130_fd_sc_hd__a21boi_2)
                                         _0920_ (net)
                  0.05    0.00    3.81 v _2985_/A1 (sky130_fd_sc_hd__a211o_4)
     5    0.02    0.05    0.23    4.04 v _2985_/X (sky130_fd_sc_hd__a211o_4)
                                         _0950_ (net)
                  0.05    0.00    4.04 v _3054_/A1 (sky130_fd_sc_hd__a2111o_1)
     3    0.01    0.07    0.26    4.30 v _3054_/X (sky130_fd_sc_hd__a2111o_1)
                                         _1019_ (net)
                  0.07    0.00    4.30 v _3407_/A1 (sky130_fd_sc_hd__a2111o_1)
     3    0.01    0.07    0.27    4.56 v _3407_/X (sky130_fd_sc_hd__a2111o_1)
                                         _1346_ (net)
                  0.07    0.00    4.56 v _3594_/A2 (sky130_fd_sc_hd__a2111o_1)
     3    0.01    0.07    0.30    4.86 v _3594_/X (sky130_fd_sc_hd__a2111o_1)
                                         _1529_ (net)
                  0.07    0.00    4.86 v _3643_/A2 (sky130_fd_sc_hd__a211o_1)
     2    0.01    0.04    0.20    5.06 v _3643_/X (sky130_fd_sc_hd__a211o_1)
                                         _1576_ (net)
                  0.04    0.00    5.06 v _3668_/A2 (sky130_fd_sc_hd__a21o_1)
     3    0.01    0.04    0.13    5.19 v _3668_/X (sky130_fd_sc_hd__a21o_1)
                                         _1601_ (net)
                  0.04    0.00    5.19 v _3703_/A1 (sky130_fd_sc_hd__a21oi_1)
     1    0.00    0.09    0.09    5.29 ^ _3703_/Y (sky130_fd_sc_hd__a21oi_1)
                                         _1635_ (net)
                  0.09    0.00    5.29 ^ _3704_/A (sky130_fd_sc_hd__nor2_1)
     2    0.01    0.04    0.05    5.33 v _3704_/Y (sky130_fd_sc_hd__nor2_1)
                                         _1636_ (net)
                  0.04    0.00    5.33 v _3712_/A1 (sky130_fd_sc_hd__a21o_1)
     5    0.03    0.09    0.16    5.49 v _3712_/X (sky130_fd_sc_hd__a21o_1)
                                         _1644_ (net)
                  0.09    0.00    5.49 v _4649_/A (sky130_fd_sc_hd__or4_4)
     1    0.00    0.06    0.33    5.82 v _4649_/X (sky130_fd_sc_hd__or4_4)
                                         _2282_ (net)
                  0.06    0.00    5.82 v _4650_/C (sky130_fd_sc_hd__or3_4)
     1    0.00    0.04    0.19    6.02 v _4650_/X (sky130_fd_sc_hd__or3_4)
                                         _2283_ (net)
                  0.04    0.00    6.02 v _4651_/D (sky130_fd_sc_hd__or4_4)
     8    0.04    0.10    0.30    6.32 v _4651_/X (sky130_fd_sc_hd__or4_4)
                                         _2284_ (net)
                  0.10    0.00    6.32 v _4661_/A (sky130_fd_sc_hd__and3_1)
     3    0.01    0.05    0.13    6.45 v _4661_/X (sky130_fd_sc_hd__and3_1)
                                         _2292_ (net)
                  0.05    0.00    6.45 v _4662_/A (sky130_fd_sc_hd__buf_6)
    10    0.03    0.03    0.09    6.55 v _4662_/X (sky130_fd_sc_hd__buf_6)
                                         _2293_ (net)
                  0.03    0.00    6.55 v _4672_/B2 (sky130_fd_sc_hd__a2bb2o_1)
     1    0.00    0.03    0.14    6.69 v _4672_/X (sky130_fd_sc_hd__a2bb2o_1)
                                         _0325_ (net)
                  0.03    0.00    6.69 v _5405_/D (sky130_fd_sc_hd__dfrtp_2)
                                  6.69   data arrival time

                         15.00   15.00   clock core_clock (rise edge)
                          0.00   15.00   clock source latency
     1    0.06    0.00    0.00   15.00 ^ clk (in)
                                         clk (net)
                  0.00    0.00   15.00 ^ clkbuf_0_clk/A (sky130_fd_sc_hd__clkbuf_16)
     4    0.09    0.08    0.11   15.12 ^ clkbuf_0_clk/X (sky130_fd_sc_hd__clkbuf_16)
                                         clknet_0_clk (net)
                  0.08    0.00   15.12 ^ clkbuf_2_0__f_clk/A (sky130_fd_sc_hd__clkbuf_16)
     9    0.11    0.09    0.15   15.26 ^ clkbuf_2_0__f_clk/X (sky130_fd_sc_hd__clkbuf_16)
                                         clknet_2_0__leaf_clk (net)
                  0.09    0.00   15.26 ^ clkbuf_leaf_0_clk/A (sky130_fd_sc_hd__clkbuf_8)
    12    0.04    0.06    0.12   15.38 ^ clkbuf_leaf_0_clk/X (sky130_fd_sc_hd__clkbuf_8)
                                         clknet_leaf_0_clk (net)
                  0.06    0.00   15.39 ^ _5405_/CLK (sky130_fd_sc_hd__dfrtp_2)
                          0.00   15.39   clock reconvergence pessimism
                         -0.07   15.31   library setup time
                                 15.31   data required time
-----------------------------------------------------------------------------
                                 15.31   data required time
                                 -6.69   data arrival time
-----------------------------------------------------------------------------
                                  8.63   slack (MET)



======================= Slowest Corner ===================================

Startpoint: _5425_ (rising edge-triggered flip-flop clocked by core_clock)
Endpoint: _5405_ (rising edge-triggered flip-flop clocked by core_clock)
Path Group: core_clock
Path Type: max
Corner: Slowest

Fanout     Cap    Slew   Delay    Time   Description
-----------------------------------------------------------------------------
                          0.00    0.00   clock core_clock (rise edge)
                          0.00    0.00   clock source latency
     1    0.06    0.00    0.00    0.00 ^ clk (in)
                                         clk (net)
                  0.00    0.00    0.00 ^ clkbuf_0_clk/A (sky130_fd_sc_hd__clkbuf_16)
     4    0.09    0.16    0.27    0.27 ^ clkbuf_0_clk/X (sky130_fd_sc_hd__clkbuf_16)
                                         clknet_0_clk (net)
                  0.16    0.00    0.27 ^ clkbuf_2_0__f_clk/A (sky130_fd_sc_hd__clkbuf_16)
     9    0.11    0.18    0.36    0.63 ^ clkbuf_2_0__f_clk/X (sky130_fd_sc_hd__clkbuf_16)
                                         clknet_2_0__leaf_clk (net)
                  0.18    0.00    0.63 ^ clkbuf_leaf_42_clk/A (sky130_fd_sc_hd__clkbuf_8)
    11    0.04    0.12    0.32    0.95 ^ clkbuf_leaf_42_clk/X (sky130_fd_sc_hd__clkbuf_8)
                                         clknet_leaf_42_clk (net)
                  0.12    0.00    0.95 ^ _5425_/CLK (sky130_fd_sc_hd__dfrtp_1)
     4    0.01    0.16    0.85    1.80 v _5425_/Q (sky130_fd_sc_hd__dfrtp_1)
                                         cpu_inst.decoder_inst.current_pc[25] (net)
                  0.16    0.00    1.80 v _2539_/A (sky130_fd_sc_hd__or4_4)
     2    0.01    0.16    1.09    2.89 v _2539_/X (sky130_fd_sc_hd__or4_4)
                                         _0504_ (net)
                  0.16    0.00    2.89 v _2550_/A (sky130_fd_sc_hd__or4_4)
     4    0.02    0.20    1.17    4.06 v _2550_/X (sky130_fd_sc_hd__or4_4)
                                         _0515_ (net)
                  0.20    0.00    4.06 v clone4/A (sky130_fd_sc_hd__buf_2)
     5    0.02    0.12    0.37    4.44 v clone4/X (sky130_fd_sc_hd__buf_2)
                                         net17 (net)
                  0.12    0.00    4.44 v _2562_/A (sky130_fd_sc_hd__or4_4)
     5    0.05    0.27    1.27    5.70 v _2562_/X (sky130_fd_sc_hd__or4_4)
                                         _0527_ (net)
                  0.27    0.00    5.71 v _2563_/B (sky130_fd_sc_hd__nand2_2)
     7    0.03    0.27    0.34    6.05 ^ _2563_/Y (sky130_fd_sc_hd__nand2_2)
                                         _0528_ (net)
                  0.27    0.00    6.05 ^ _2626_/A (sky130_fd_sc_hd__or3_1)
     1    0.00    0.07    0.26    6.31 ^ _2626_/X (sky130_fd_sc_hd__or3_1)
                                         _0591_ (net)
                  0.07    0.00    6.31 ^ _2627_/A (sky130_fd_sc_hd__buf_2)
    10    0.04    0.32    0.38    6.69 ^ _2627_/X (sky130_fd_sc_hd__buf_2)
                                         _0592_ (net)
                  0.32    0.00    6.69 ^ _2649_/B (sky130_fd_sc_hd__or2_2)
     4    0.02    0.19    0.40    7.09 ^ _2649_/X (sky130_fd_sc_hd__or2_2)
                                         _0614_ (net)
                  0.19    0.00    7.09 ^ _2650_/A (sky130_fd_sc_hd__clkbuf_8)
    10    0.12    0.33    0.48    7.58 ^ _2650_/X (sky130_fd_sc_hd__clkbuf_8)
                                         _0615_ (net)
                  0.33    0.00    7.58 ^ _2651_/B (sky130_fd_sc_hd__nor2_1)
     2    0.02    0.17    0.27    7.85 v _2651_/Y (sky130_fd_sc_hd__nor2_1)
                                         _0616_ (net)
                  0.17    0.00    7.85 v _2671_/B (sky130_fd_sc_hd__nor2_4)
     7    0.04    0.39    0.39    8.24 ^ _2671_/Y (sky130_fd_sc_hd__nor2_4)
                                         _0636_ (net)
                  0.39    0.00    8.24 ^ _2672_/A (sky130_fd_sc_hd__buf_6)
     5    0.04    0.15    0.37    8.61 ^ _2672_/X (sky130_fd_sc_hd__buf_6)
                                         _0637_ (net)
                  0.15    0.00    8.61 ^ _2679_/A1 (sky130_fd_sc_hd__a31oi_4)
     8    0.04    0.30    0.33    8.94 v _2679_/Y (sky130_fd_sc_hd__a31oi_4)
                                         _0644_ (net)
                  0.30    0.00    8.94 v _2681_/B (sky130_fd_sc_hd__or3_1)
     2    0.01    0.17    0.92    9.86 v _2681_/X (sky130_fd_sc_hd__or3_1)
                                         _0646_ (net)
                  0.17    0.00    9.86 v _2700_/B (sky130_fd_sc_hd__and3_1)
     2    0.01    0.11    0.42   10.28 v _2700_/X (sky130_fd_sc_hd__and3_1)
                                         _0665_ (net)
                  0.11    0.00   10.28 v _2925_/A1 (sky130_fd_sc_hd__o21ai_2)
     2    0.01    0.24    0.31   10.59 ^ _2925_/Y (sky130_fd_sc_hd__o21ai_2)
                                         _0890_ (net)
                  0.24    0.00   10.59 ^ _2937_/A1 (sky130_fd_sc_hd__a21bo_1)
     2    0.01    0.14    0.33   10.92 ^ _2937_/X (sky130_fd_sc_hd__a21bo_1)
                                         _0902_ (net)
                  0.14    0.00   10.92 ^ _2953_/A2 (sky130_fd_sc_hd__a21o_1)
     2    0.02    0.22    0.36   11.28 ^ _2953_/X (sky130_fd_sc_hd__a21o_1)
                                         _0918_ (net)
                  0.22    0.00   11.28 ^ _2955_/A1 (sky130_fd_sc_hd__a21boi_2)
     3    0.01    0.14    0.22   11.50 v _2955_/Y (sky130_fd_sc_hd__a21boi_2)
                                         _0920_ (net)
                  0.14    0.00   11.50 v _2985_/A1 (sky130_fd_sc_hd__a211o_4)
     5    0.02    0.11    0.65   12.15 v _2985_/X (sky130_fd_sc_hd__a211o_4)
                                         _0950_ (net)
                  0.11    0.00   12.15 v _3054_/A1 (sky130_fd_sc_hd__a2111o_1)
     3    0.01    0.19    0.82   12.97 v _3054_/X (sky130_fd_sc_hd__a2111o_1)
                                         _1019_ (net)
                  0.19    0.00   12.97 v _3061_/A2 (sky130_fd_sc_hd__a21o_1)
     3    0.01    0.12    0.43   13.40 v _3061_/X (sky130_fd_sc_hd__a21o_1)
                                         _1026_ (net)
                  0.12    0.00   13.40 v _3084_/A (sky130_fd_sc_hd__or2_4)
     3    0.01    0.09    0.51   13.91 v _3084_/X (sky130_fd_sc_hd__or2_4)
                                         _1049_ (net)
                  0.09    0.00   13.91 v _3110_/A1 (sky130_fd_sc_hd__a32o_2)
     2    0.01    0.09    0.47   14.38 v _3110_/X (sky130_fd_sc_hd__a32o_2)
                                         _1075_ (net)
                  0.09    0.00   14.38 v _4644_/A (sky130_fd_sc_hd__or3_4)
     1    0.01    0.13    0.77   15.15 v _4644_/X (sky130_fd_sc_hd__or3_4)
                                         _2277_ (net)
                  0.13    0.00   15.15 v _4645_/D (sky130_fd_sc_hd__or4_4)
     1    0.00    0.15    0.83   15.99 v _4645_/X (sky130_fd_sc_hd__or4_4)
                                         _2278_ (net)
                  0.15    0.00   15.99 v _4646_/C (sky130_fd_sc_hd__or3_4)
     1    0.01    0.12    0.68   16.67 v _4646_/X (sky130_fd_sc_hd__or3_4)
                                         _2279_ (net)
                  0.12    0.00   16.67 v _4647_/D (sky130_fd_sc_hd__or4_4)
     1    0.00    0.15    0.84   17.51 v _4647_/X (sky130_fd_sc_hd__or4_4)
                                         _2280_ (net)
                  0.15    0.00   17.51 v _4648_/D (sky130_fd_sc_hd__or4_4)
     1    0.01    0.17    0.89   18.40 v _4648_/X (sky130_fd_sc_hd__or4_4)
                                         _2281_ (net)
                  0.17    0.00   18.40 v _4651_/C (sky130_fd_sc_hd__or4_4)
     8    0.04    0.25    1.16   19.56 v _4651_/X (sky130_fd_sc_hd__or4_4)
                                         _2284_ (net)
                  0.25    0.00   19.56 v _4661_/A (sky130_fd_sc_hd__and3_1)
     3    0.01    0.12    0.43   19.99 v _4661_/X (sky130_fd_sc_hd__and3_1)
                                         _2292_ (net)
                  0.12    0.00   19.99 v _4662_/A (sky130_fd_sc_hd__buf_6)
    10    0.03    0.07    0.26   20.25 v _4662_/X (sky130_fd_sc_hd__buf_6)
                                         _2293_ (net)
                  0.07    0.00   20.25 v _4672_/B2 (sky130_fd_sc_hd__a2bb2o_1)
     1    0.00    0.09    0.51   20.76 v _4672_/X (sky130_fd_sc_hd__a2bb2o_1)
                                         _0325_ (net)
                  0.09    0.00   20.76 v _5405_/D (sky130_fd_sc_hd__dfrtp_2)
                                 20.76   data arrival time

                         15.00   15.00   clock core_clock (rise edge)
                          0.00   15.00   clock source latency
     1    0.06    0.00    0.00   15.00 ^ clk (in)
                                         clk (net)
                  0.00    0.00   15.00 ^ clkbuf_0_clk/A (sky130_fd_sc_hd__clkbuf_16)
     4    0.09    0.16    0.27   15.27 ^ clkbuf_0_clk/X (sky130_fd_sc_hd__clkbuf_16)
                                         clknet_0_clk (net)
                  0.16    0.00   15.27 ^ clkbuf_2_0__f_clk/A (sky130_fd_sc_hd__clkbuf_16)
     9    0.11    0.18    0.36   15.63 ^ clkbuf_2_0__f_clk/X (sky130_fd_sc_hd__clkbuf_16)
                                         clknet_2_0__leaf_clk (net)
                  0.18    0.00   15.63 ^ clkbuf_leaf_0_clk/A (sky130_fd_sc_hd__clkbuf_8)
    12    0.04    0.12    0.32   15.96 ^ clkbuf_leaf_0_clk/X (sky130_fd_sc_hd__clkbuf_8)
                                         clknet_leaf_0_clk (net)
                  0.12    0.00   15.96 ^ _5405_/CLK (sky130_fd_sc_hd__dfrtp_2)
                          0.00   15.96   clock reconvergence pessimism
                         -0.27   15.68   library setup time
                                 15.68   data required time
-----------------------------------------------------------------------------
                                 15.68   data required time
                                -20.76   data arrival time
-----------------------------------------------------------------------------
                                 -5.08   slack (VIOLATED)



======================= Typical Corner ===================================

Startpoint: _5425_ (rising edge-triggered flip-flop clocked by core_clock)
Endpoint: _5405_ (rising edge-triggered flip-flop clocked by core_clock)
Path Group: core_clock
Path Type: max
Corner: Typical

Fanout     Cap    Slew   Delay    Time   Description
-----------------------------------------------------------------------------
                          0.00    0.00   clock core_clock (rise edge)
                          0.00    0.00   clock source latency
     1    0.06    0.00    0.00    0.00 ^ clk (in)
                                         clk (net)
                  0.00    0.00    0.00 ^ clkbuf_0_clk/A (sky130_fd_sc_hd__clkbuf_16)
     4    0.09    0.10    0.16    0.16 ^ clkbuf_0_clk/X (sky130_fd_sc_hd__clkbuf_16)
                                         clknet_0_clk (net)
                  0.10    0.00    0.16 ^ clkbuf_2_0__f_clk/A (sky130_fd_sc_hd__clkbuf_16)
     9    0.11    0.12    0.21    0.37 ^ clkbuf_2_0__f_clk/X (sky130_fd_sc_hd__clkbuf_16)
                                         clknet_2_0__leaf_clk (net)
                  0.12    0.00    0.37 ^ clkbuf_leaf_42_clk/A (sky130_fd_sc_hd__clkbuf_8)
    11    0.04    0.08    0.18    0.55 ^ clkbuf_leaf_42_clk/X (sky130_fd_sc_hd__clkbuf_8)
                                         clknet_leaf_42_clk (net)
                  0.08    0.00    0.55 ^ _5425_/CLK (sky130_fd_sc_hd__dfrtp_1)
     4    0.01    0.08    0.41    0.97 v _5425_/Q (sky130_fd_sc_hd__dfrtp_1)
                                         cpu_inst.decoder_inst.current_pc[25] (net)
                  0.08    0.00    0.97 v _2539_/A (sky130_fd_sc_hd__or4_4)
     2    0.01    0.09    0.54    1.51 v _2539_/X (sky130_fd_sc_hd__or4_4)
                                         _0504_ (net)
                  0.09    0.00    1.51 v _2550_/A (sky130_fd_sc_hd__or4_4)
     4    0.02    0.11    0.59    2.10 v _2550_/X (sky130_fd_sc_hd__or4_4)
                                         _0515_ (net)
                  0.11    0.00    2.10 v clone4/A (sky130_fd_sc_hd__buf_2)
     5    0.02    0.07    0.19    2.29 v clone4/X (sky130_fd_sc_hd__buf_2)
                                         net17 (net)
                  0.07    0.00    2.29 v _2562_/A (sky130_fd_sc_hd__or4_4)
     5    0.05    0.16    0.65    2.94 v _2562_/X (sky130_fd_sc_hd__or4_4)
                                         _0527_ (net)
                  0.16    0.00    2.94 v _2563_/B (sky130_fd_sc_hd__nand2_2)
     7    0.03    0.17    0.21    3.14 ^ _2563_/Y (sky130_fd_sc_hd__nand2_2)
                                         _0528_ (net)
                  0.17    0.00    3.14 ^ _2626_/A (sky130_fd_sc_hd__or3_1)
     1    0.00    0.04    0.14    3.28 ^ _2626_/X (sky130_fd_sc_hd__or3_1)
                                         _0591_ (net)
                  0.04    0.00    3.28 ^ _2627_/A (sky130_fd_sc_hd__buf_2)
    10    0.04    0.20    0.22    3.50 ^ _2627_/X (sky130_fd_sc_hd__buf_2)
                                         _0592_ (net)
                  0.20    0.00    3.50 ^ _2649_/B (sky130_fd_sc_hd__or2_2)
     4    0.02    0.12    0.22    3.72 ^ _2649_/X (sky130_fd_sc_hd__or2_2)
                                         _0614_ (net)
                  0.12    0.00    3.72 ^ _2650_/A (sky130_fd_sc_hd__clkbuf_8)
    10    0.12    0.21    0.28    4.00 ^ _2650_/X (sky130_fd_sc_hd__clkbuf_8)
                                         _0615_ (net)
                  0.21    0.00    4.00 ^ _2651_/B (sky130_fd_sc_hd__nor2_1)
     2    0.02    0.10    0.14    4.14 v _2651_/Y (sky130_fd_sc_hd__nor2_1)
                                         _0616_ (net)
                  0.10    0.00    4.14 v _2671_/B (sky130_fd_sc_hd__nor2_4)
     7    0.04    0.24    0.23    4.37 ^ _2671_/Y (sky130_fd_sc_hd__nor2_4)
                                         _0636_ (net)
                  0.24    0.00    4.37 ^ _2672_/A (sky130_fd_sc_hd__buf_6)
     5    0.04    0.10    0.19    4.56 ^ _2672_/X (sky130_fd_sc_hd__buf_6)
                                         _0637_ (net)
                  0.10    0.00    4.56 ^ _2679_/A1 (sky130_fd_sc_hd__a31oi_4)
     8    0.04    0.15    0.16    4.72 v _2679_/Y (sky130_fd_sc_hd__a31oi_4)
                                         _0644_ (net)
                  0.15    0.00    4.72 v _2681_/B (sky130_fd_sc_hd__or3_1)
     2    0.01    0.08    0.40    5.11 v _2681_/X (sky130_fd_sc_hd__or3_1)
                                         _0646_ (net)
                  0.08    0.00    5.11 v _2700_/B (sky130_fd_sc_hd__and3_1)
     2    0.01    0.06    0.20    5.31 v _2700_/X (sky130_fd_sc_hd__and3_1)
                                         _0665_ (net)
                  0.06    0.00    5.31 v _2925_/A1 (sky130_fd_sc_hd__o21ai_2)
     2    0.01    0.15    0.17    5.48 ^ _2925_/Y (sky130_fd_sc_hd__o21ai_2)
                                         _0890_ (net)
                  0.15    0.00    5.48 ^ _2937_/A1 (sky130_fd_sc_hd__a21bo_1)
     2    0.01    0.09    0.17    5.65 ^ _2937_/X (sky130_fd_sc_hd__a21bo_1)
                                         _0902_ (net)
                  0.09    0.00    5.65 ^ _2953_/A2 (sky130_fd_sc_hd__a21o_1)
     2    0.02    0.14    0.19    5.84 ^ _2953_/X (sky130_fd_sc_hd__a21o_1)
                                         _0918_ (net)
                  0.14    0.00    5.84 ^ _2955_/A1 (sky130_fd_sc_hd__a21boi_2)
     3    0.01    0.07    0.10    5.94 v _2955_/Y (sky130_fd_sc_hd__a21boi_2)
                                         _0920_ (net)
                  0.07    0.00    5.94 v _2985_/A1 (sky130_fd_sc_hd__a211o_4)
     5    0.02    0.07    0.36    6.30 v _2985_/X (sky130_fd_sc_hd__a211o_4)
                                         _0950_ (net)
                  0.07    0.00    6.30 v _3054_/A1 (sky130_fd_sc_hd__a2111o_1)
     3    0.01    0.10    0.42    6.72 v _3054_/X (sky130_fd_sc_hd__a2111o_1)
                                         _1019_ (net)
                  0.10    0.00    6.72 v _3061_/A2 (sky130_fd_sc_hd__a21o_1)
     3    0.01    0.07    0.23    6.95 v _3061_/X (sky130_fd_sc_hd__a21o_1)
                                         _1026_ (net)
                  0.07    0.00    6.95 v _3084_/A (sky130_fd_sc_hd__or2_4)
     3    0.01    0.05    0.26    7.21 v _3084_/X (sky130_fd_sc_hd__or2_4)
                                         _1049_ (net)
                  0.05    0.00    7.21 v _3110_/A1 (sky130_fd_sc_hd__a32o_2)
     2    0.01    0.05    0.25    7.47 v _3110_/X (sky130_fd_sc_hd__a32o_2)
                                         _1075_ (net)
                  0.05    0.00    7.47 v _4644_/A (sky130_fd_sc_hd__or3_4)
     1    0.01    0.07    0.39    7.85 v _4644_/X (sky130_fd_sc_hd__or3_4)
                                         _2277_ (net)
                  0.07    0.00    7.85 v _4645_/D (sky130_fd_sc_hd__or4_4)
     1    0.00    0.08    0.41    8.26 v _4645_/X (sky130_fd_sc_hd__or4_4)
                                         _2278_ (net)
                  0.08    0.00    8.26 v _4646_/C (sky130_fd_sc_hd__or3_4)
     1    0.01    0.07    0.34    8.60 v _4646_/X (sky130_fd_sc_hd__or3_4)
                                         _2279_ (net)
                  0.07    0.00    8.60 v _4647_/D (sky130_fd_sc_hd__or4_4)
     1    0.00    0.08    0.41    9.01 v _4647_/X (sky130_fd_sc_hd__or4_4)
                                         _2280_ (net)
                  0.08    0.00    9.01 v _4648_/D (sky130_fd_sc_hd__or4_4)
     1    0.01    0.09    0.44    9.45 v _4648_/X (sky130_fd_sc_hd__or4_4)
                                         _2281_ (net)
                  0.09    0.00    9.45 v _4651_/C (sky130_fd_sc_hd__or4_4)
     8    0.04    0.14    0.58   10.03 v _4651_/X (sky130_fd_sc_hd__or4_4)
                                         _2284_ (net)
                  0.14    0.00   10.03 v _4661_/A (sky130_fd_sc_hd__and3_1)
     3    0.01    0.06    0.21   10.24 v _4661_/X (sky130_fd_sc_hd__and3_1)
                                         _2292_ (net)
                  0.06    0.00   10.24 v _4662_/A (sky130_fd_sc_hd__buf_6)
    10    0.03    0.04    0.14   10.38 v _4662_/X (sky130_fd_sc_hd__buf_6)
                                         _2293_ (net)
                  0.04    0.00   10.38 v _4672_/B2 (sky130_fd_sc_hd__a2bb2o_1)
     1    0.00    0.05    0.23   10.61 v _4672_/X (sky130_fd_sc_hd__a2bb2o_1)
                                         _0325_ (net)
                  0.05    0.00   10.61 v _5405_/D (sky130_fd_sc_hd__dfrtp_2)
                                 10.61   data arrival time

                         15.00   15.00   clock core_clock (rise edge)
                          0.00   15.00   clock source latency
     1    0.06    0.00    0.00   15.00 ^ clk (in)
                                         clk (net)
                  0.00    0.00   15.00 ^ clkbuf_0_clk/A (sky130_fd_sc_hd__clkbuf_16)
     4    0.09    0.10    0.16   15.16 ^ clkbuf_0_clk/X (sky130_fd_sc_hd__clkbuf_16)
                                         clknet_0_clk (net)
                  0.10    0.00   15.16 ^ clkbuf_2_0__f_clk/A (sky130_fd_sc_hd__clkbuf_16)
     9    0.11    0.12    0.21   15.37 ^ clkbuf_2_0__f_clk/X (sky130_fd_sc_hd__clkbuf_16)
                                         clknet_2_0__leaf_clk (net)
                  0.12    0.00   15.37 ^ clkbuf_leaf_0_clk/A (sky130_fd_sc_hd__clkbuf_8)
    12    0.04    0.08    0.18   15.56 ^ clkbuf_leaf_0_clk/X (sky130_fd_sc_hd__clkbuf_8)
                                         clknet_leaf_0_clk (net)
                  0.08    0.00   15.56 ^ _5405_/CLK (sky130_fd_sc_hd__dfrtp_2)
                          0.00   15.56   clock reconvergence pessimism
                         -0.11   15.45   library setup time
                                 15.45   data required time
-----------------------------------------------------------------------------
                                 15.45   data required time
                                -10.61   data arrival time
-----------------------------------------------------------------------------
                                  4.84   slack (MET)




===========================================================================
report_checks --slack_max -0.01
============================================================================
======================= Fastest Corner ===================================

No paths found.

======================= Slowest Corner ===================================

Startpoint: _5425_ (rising edge-triggered flip-flop clocked by core_clock)
Endpoint: _5405_ (rising edge-triggered flip-flop clocked by core_clock)
Path Group: core_clock
Path Type: max
Corner: Slowest

Fanout     Cap    Slew   Delay    Time   Description
-----------------------------------------------------------------------------
                          0.00    0.00   clock core_clock (rise edge)
                          0.00    0.00   clock source latency
     1    0.06    0.00    0.00    0.00 ^ clk (in)
                                         clk (net)
                  0.00    0.00    0.00 ^ clkbuf_0_clk/A (sky130_fd_sc_hd__clkbuf_16)
     4    0.09    0.16    0.27    0.27 ^ clkbuf_0_clk/X (sky130_fd_sc_hd__clkbuf_16)
                                         clknet_0_clk (net)
                  0.16    0.00    0.27 ^ clkbuf_2_0__f_clk/A (sky130_fd_sc_hd__clkbuf_16)
     9    0.11    0.18    0.36    0.63 ^ clkbuf_2_0__f_clk/X (sky130_fd_sc_hd__clkbuf_16)
                                         clknet_2_0__leaf_clk (net)
                  0.18    0.00    0.63 ^ clkbuf_leaf_42_clk/A (sky130_fd_sc_hd__clkbuf_8)
    11    0.04    0.12    0.32    0.95 ^ clkbuf_leaf_42_clk/X (sky130_fd_sc_hd__clkbuf_8)
                                         clknet_leaf_42_clk (net)
                  0.12    0.00    0.95 ^ _5425_/CLK (sky130_fd_sc_hd__dfrtp_1)
     4    0.01    0.16    0.85    1.80 v _5425_/Q (sky130_fd_sc_hd__dfrtp_1)
                                         cpu_inst.decoder_inst.current_pc[25] (net)
                  0.16    0.00    1.80 v _2539_/A (sky130_fd_sc_hd__or4_4)
     2    0.01    0.16    1.09    2.89 v _2539_/X (sky130_fd_sc_hd__or4_4)
                                         _0504_ (net)
                  0.16    0.00    2.89 v _2550_/A (sky130_fd_sc_hd__or4_4)
     4    0.02    0.20    1.17    4.06 v _2550_/X (sky130_fd_sc_hd__or4_4)
                                         _0515_ (net)
                  0.20    0.00    4.06 v clone4/A (sky130_fd_sc_hd__buf_2)
     5    0.02    0.12    0.37    4.44 v clone4/X (sky130_fd_sc_hd__buf_2)
                                         net17 (net)
                  0.12    0.00    4.44 v _2562_/A (sky130_fd_sc_hd__or4_4)
     5    0.05    0.27    1.27    5.70 v _2562_/X (sky130_fd_sc_hd__or4_4)
                                         _0527_ (net)
                  0.27    0.00    5.71 v _2563_/B (sky130_fd_sc_hd__nand2_2)
     7    0.03    0.27    0.34    6.05 ^ _2563_/Y (sky130_fd_sc_hd__nand2_2)
                                         _0528_ (net)
                  0.27    0.00    6.05 ^ _2626_/A (sky130_fd_sc_hd__or3_1)
     1    0.00    0.07    0.26    6.31 ^ _2626_/X (sky130_fd_sc_hd__or3_1)
                                         _0591_ (net)
                  0.07    0.00    6.31 ^ _2627_/A (sky130_fd_sc_hd__buf_2)
    10    0.04    0.32    0.38    6.69 ^ _2627_/X (sky130_fd_sc_hd__buf_2)
                                         _0592_ (net)
                  0.32    0.00    6.69 ^ _2649_/B (sky130_fd_sc_hd__or2_2)
     4    0.02    0.19    0.40    7.09 ^ _2649_/X (sky130_fd_sc_hd__or2_2)
                                         _0614_ (net)
                  0.19    0.00    7.09 ^ _2650_/A (sky130_fd_sc_hd__clkbuf_8)
    10    0.12    0.33    0.48    7.58 ^ _2650_/X (sky130_fd_sc_hd__clkbuf_8)
                                         _0615_ (net)
                  0.33    0.00    7.58 ^ _2651_/B (sky130_fd_sc_hd__nor2_1)
     2    0.02    0.17    0.27    7.85 v _2651_/Y (sky130_fd_sc_hd__nor2_1)
                                         _0616_ (net)
                  0.17    0.00    7.85 v _2671_/B (sky130_fd_sc_hd__nor2_4)
     7    0.04    0.39    0.39    8.24 ^ _2671_/Y (sky130_fd_sc_hd__nor2_4)
                                         _0636_ (net)
                  0.39    0.00    8.24 ^ _2672_/A (sky130_fd_sc_hd__buf_6)
     5    0.04    0.15    0.37    8.61 ^ _2672_/X (sky130_fd_sc_hd__buf_6)
                                         _0637_ (net)
                  0.15    0.00    8.61 ^ _2679_/A1 (sky130_fd_sc_hd__a31oi_4)
     8    0.04    0.30    0.33    8.94 v _2679_/Y (sky130_fd_sc_hd__a31oi_4)
                                         _0644_ (net)
                  0.30    0.00    8.94 v _2681_/B (sky130_fd_sc_hd__or3_1)
     2    0.01    0.17    0.92    9.86 v _2681_/X (sky130_fd_sc_hd__or3_1)
                                         _0646_ (net)
                  0.17    0.00    9.86 v _2700_/B (sky130_fd_sc_hd__and3_1)
     2    0.01    0.11    0.42   10.28 v _2700_/X (sky130_fd_sc_hd__and3_1)
                                         _0665_ (net)
                  0.11    0.00   10.28 v _2925_/A1 (sky130_fd_sc_hd__o21ai_2)
     2    0.01    0.24    0.31   10.59 ^ _2925_/Y (sky130_fd_sc_hd__o21ai_2)
                                         _0890_ (net)
                  0.24    0.00   10.59 ^ _2937_/A1 (sky130_fd_sc_hd__a21bo_1)
     2    0.01    0.14    0.33   10.92 ^ _2937_/X (sky130_fd_sc_hd__a21bo_1)
                                         _0902_ (net)
                  0.14    0.00   10.92 ^ _2953_/A2 (sky130_fd_sc_hd__a21o_1)
     2    0.02    0.22    0.36   11.28 ^ _2953_/X (sky130_fd_sc_hd__a21o_1)
                                         _0918_ (net)
                  0.22    0.00   11.28 ^ _2955_/A1 (sky130_fd_sc_hd__a21boi_2)
     3    0.01    0.14    0.22   11.50 v _2955_/Y (sky130_fd_sc_hd__a21boi_2)
                                         _0920_ (net)
                  0.14    0.00   11.50 v _2985_/A1 (sky130_fd_sc_hd__a211o_4)
     5    0.02    0.11    0.65   12.15 v _2985_/X (sky130_fd_sc_hd__a211o_4)
                                         _0950_ (net)
                  0.11    0.00   12.15 v _3054_/A1 (sky130_fd_sc_hd__a2111o_1)
     3    0.01    0.19    0.82   12.97 v _3054_/X (sky130_fd_sc_hd__a2111o_1)
                                         _1019_ (net)
                  0.19    0.00   12.97 v _3061_/A2 (sky130_fd_sc_hd__a21o_1)
     3    0.01    0.12    0.43   13.40 v _3061_/X (sky130_fd_sc_hd__a21o_1)
                                         _1026_ (net)
                  0.12    0.00   13.40 v _3084_/A (sky130_fd_sc_hd__or2_4)
     3    0.01    0.09    0.51   13.91 v _3084_/X (sky130_fd_sc_hd__or2_4)
                                         _1049_ (net)
                  0.09    0.00   13.91 v _3110_/A1 (sky130_fd_sc_hd__a32o_2)
     2    0.01    0.09    0.47   14.38 v _3110_/X (sky130_fd_sc_hd__a32o_2)
                                         _1075_ (net)
                  0.09    0.00   14.38 v _4644_/A (sky130_fd_sc_hd__or3_4)
     1    0.01    0.13    0.77   15.15 v _4644_/X (sky130_fd_sc_hd__or3_4)
                                         _2277_ (net)
                  0.13    0.00   15.15 v _4645_/D (sky130_fd_sc_hd__or4_4)
     1    0.00    0.15    0.83   15.99 v _4645_/X (sky130_fd_sc_hd__or4_4)
                                         _2278_ (net)
                  0.15    0.00   15.99 v _4646_/C (sky130_fd_sc_hd__or3_4)
     1    0.01    0.12    0.68   16.67 v _4646_/X (sky130_fd_sc_hd__or3_4)
                                         _2279_ (net)
                  0.12    0.00   16.67 v _4647_/D (sky130_fd_sc_hd__or4_4)
     1    0.00    0.15    0.84   17.51 v _4647_/X (sky130_fd_sc_hd__or4_4)
                                         _2280_ (net)
                  0.15    0.00   17.51 v _4648_/D (sky130_fd_sc_hd__or4_4)
     1    0.01    0.17    0.89   18.40 v _4648_/X (sky130_fd_sc_hd__or4_4)
                                         _2281_ (net)
                  0.17    0.00   18.40 v _4651_/C (sky130_fd_sc_hd__or4_4)
     8    0.04    0.25    1.16   19.56 v _4651_/X (sky130_fd_sc_hd__or4_4)
                                         _2284_ (net)
                  0.25    0.00   19.56 v _4661_/A (sky130_fd_sc_hd__and3_1)
     3    0.01    0.12    0.43   19.99 v _4661_/X (sky130_fd_sc_hd__and3_1)
                                         _2292_ (net)
                  0.12    0.00   19.99 v _4662_/A (sky130_fd_sc_hd__buf_6)
    10    0.03    0.07    0.26   20.25 v _4662_/X (sky130_fd_sc_hd__buf_6)
                                         _2293_ (net)
                  0.07    0.00   20.25 v _4672_/B2 (sky130_fd_sc_hd__a2bb2o_1)
     1    0.00    0.09    0.51   20.76 v _4672_/X (sky130_fd_sc_hd__a2bb2o_1)
                                         _0325_ (net)
                  0.09    0.00   20.76 v _5405_/D (sky130_fd_sc_hd__dfrtp_2)
                                 20.76   data arrival time

                         15.00   15.00   clock core_clock (rise edge)
                          0.00   15.00   clock source latency
     1    0.06    0.00    0.00   15.00 ^ clk (in)
                                         clk (net)
                  0.00    0.00   15.00 ^ clkbuf_0_clk/A (sky130_fd_sc_hd__clkbuf_16)
     4    0.09    0.16    0.27   15.27 ^ clkbuf_0_clk/X (sky130_fd_sc_hd__clkbuf_16)
                                         clknet_0_clk (net)
                  0.16    0.00   15.27 ^ clkbuf_2_0__f_clk/A (sky130_fd_sc_hd__clkbuf_16)
     9    0.11    0.18    0.36   15.63 ^ clkbuf_2_0__f_clk/X (sky130_fd_sc_hd__clkbuf_16)
                                         clknet_2_0__leaf_clk (net)
                  0.18    0.00   15.63 ^ clkbuf_leaf_0_clk/A (sky130_fd_sc_hd__clkbuf_8)
    12    0.04    0.12    0.32   15.96 ^ clkbuf_leaf_0_clk/X (sky130_fd_sc_hd__clkbuf_8)
                                         clknet_leaf_0_clk (net)
                  0.12    0.00   15.96 ^ _5405_/CLK (sky130_fd_sc_hd__dfrtp_2)
                          0.00   15.96   clock reconvergence pessimism
                         -0.27   15.68   library setup time
                                 15.68   data required time
-----------------------------------------------------------------------------
                                 15.68   data required time
                                -20.76   data arrival time
-----------------------------------------------------------------------------
                                 -5.08   slack (VIOLATED)



======================= Typical Corner ===================================

No paths found.


===========================================================================
 report_check_types -max_slew -max_cap -max_fanout -violators
============================================================================
======================= Fastest Corner ===================================


max slew violations count Fastest: 0
max fanout violations count Fastest: 0
max cap violations count Fastest: 0
======================= Slowest Corner ===================================


max slew violations count Slowest: 0
max fanout violations count Slowest: 0
max cap violations count Slowest: 0
======================= Typical Corner ===================================


max slew violations count Typical: 0
max fanout violations count Typical: 0
max cap violations count Typical: 0

===========================================================================
report_parasitic_annotation -report_unannotated
============================================================================
Found 42 unannotated drivers.
 clkload0/Y
 clkload1/Y
 clkload10/Y
 clkload11/Y
 clkload12/X
 clkload13/Y
 clkload14/Y
 clkload15/X
 clkload16/Y
 clkload17/Y
 clkload18/Y
 clkload19/Y
 clkload2/X
 clkload20/Y
 clkload21/Y
 clkload22/Y
 clkload23/Y
 clkload24/Y
 clkload25/Y
 clkload26/Y
 clkload27/Y
 clkload28/Y
 clkload29/Y
 clkload3/Y
 clkload30/Y
 clkload31/Y
 clkload32/Y
 clkload33/Y
 clkload34/Y
 clkload35/Y
 clkload36/Y
 clkload37/Y
 clkload38/Y
 clkload39/Y
 clkload4/Y
 clkload40/X
 clkload41/Y
 clkload5/Y
 clkload6/Y
 clkload7/Y
 clkload8/Y
 clkload9/Y
Found 0 partially unannotated drivers.

===========================================================================
max slew violation count 0
max fanout violation count 0
max cap violation count 0
============================================================================

===========================================================================
check_setup -verbose -unconstrained_endpoints -multiple_clock -no_clock -no_input_delay -loops -generated_clocks
===========================================================================
Warning: There are 2 input ports missing set_input_delay.
  control
  res
Warning: There are 12 unconstrained endpoints.
  an[0]
  an[1]
  an[2]
  an[3]
  seg[0]
  seg[1]
  seg[2]
  seg[3]
  seg[4]
  seg[5]
  seg[6]
  _5079_/D
