
===========================================================================
 report_power
============================================================================
======================= Fastest Corner ===================================

Group                  Internal  Switching    Leakage      Total
                          Power      Power      Power      Power (Watts)
----------------------------------------------------------------
Sequential             1.55e-03   1.02e-05   2.01e-07   1.56e-03  55.7%
Combinational          2.17e-05   3.42e-05   1.35e-08   5.60e-05   2.0%
Clock                  5.39e-04   6.48e-04   1.18e-08   1.19e-03  42.3%
Macro                  0.00e+00   0.00e+00   0.00e+00   0.00e+00   0.0%
Pad                    0.00e+00   0.00e+00   0.00e+00   0.00e+00   0.0%
----------------------------------------------------------------
Total                  2.11e-03   6.92e-04   2.26e-07   2.81e-03 100.0%
                          75.3%      24.7%       0.0%

======================= Slowest Corner ===================================

Group                  Internal  Switching    Leakage      Total
                          Power      Power      Power      Power (Watts)
----------------------------------------------------------------
Sequential             1.03e-03   6.63e-06   6.93e-06   1.05e-03  55.0%
Combinational          1.58e-05   2.26e-05   1.36e-05   5.20e-05   2.7%
Clock                  3.87e-04   4.16e-04   9.59e-07   8.04e-04  42.3%
Macro                  0.00e+00   0.00e+00   0.00e+00   0.00e+00   0.0%
Pad                    0.00e+00   0.00e+00   0.00e+00   0.00e+00   0.0%
----------------------------------------------------------------
Total                  1.44e-03   4.45e-04   2.15e-05   1.90e-03 100.0%
                          75.5%      23.4%       1.1%

======================= Typical Corner ===================================

Group                  Internal  Switching    Leakage      Total
                          Power      Power      Power      Power (Watts)
----------------------------------------------------------------
Sequential             1.34e-03   8.54e-06   1.98e-07   1.35e-03  55.8%
Combinational          1.94e-05   2.88e-05   9.63e-09   4.82e-05   2.0%
Clock                  4.72e-04   5.44e-04   9.53e-09   1.02e-03  42.2%
Macro                  0.00e+00   0.00e+00   0.00e+00   0.00e+00   0.0%
Pad                    0.00e+00   0.00e+00   0.00e+00   0.00e+00   0.0%
----------------------------------------------------------------
Total                  1.83e-03   5.82e-04   2.17e-07   2.41e-03 100.0%
                          75.9%      24.1%       0.0%

