Partial/Required: 10.77, Required:    400.0, Partial:  4307.56, Net: net774, Pin: _1512_/B_N, Layer: met1
Partial/Required: 10.00, Required:    400.0, Partial:  3999.39, Net: net310, Pin: _1484_/B1, Layer: met3
Partial/Required:  9.24, Required:    400.0, Partial:  3696.85, Net: net304, Pin: _1710_/A2, Layer: met1
Partial/Required:  6.29, Required:    400.0, Partial:  2517.68, Net: net1479, Pin: _1943_/S0, Layer: met1
Partial/Required:  6.13, Required:    400.0, Partial:  2453.44, Net: net714, Pin: _1564_/A, Layer: met1
Partial/Required:  6.03, Required:    400.0, Partial:  2413.83, Net: net721, Pin: _1453_/A0, Layer: met1
Partial/Required:  6.01, Required:    400.0, Partial:  2405.85, Net: net925, Pin: _1795_/B1, Layer: met1
Partial/Required:  5.93, Required:    400.0, Partial:  2370.72, Net: net349, Pin: _1740_/A, Layer: met1
Partial/Required:  5.70, Required:    400.0, Partial:  2281.74, Net: _0675_, Pin: _1341_/A3, Layer: met1
Partial/Required:  5.52, Required:    400.0, Partial:  2208.55, Net: net928, Pin: _1775_/C, Layer: met1
Partial/Required:  5.38, Required:    400.0, Partial:  2150.69, Net: _0059_, Pin: _2239_/D, Layer: met1
Partial/Required:  5.32, Required:    400.0, Partial:   2129.5, Net: net543, Pin: _1610_/A, Layer: met1
Partial/Required:  5.32, Required:    400.0, Partial:  2126.25, Net: net1027, Pin: _1330_/A, Layer: met1
Partial/Required:  5.11, Required:    400.0, Partial:  2042.04, Net: net475, Pin: _1425_/A1, Layer: met1
Partial/Required:  5.03, Required:    400.0, Partial:  2013.46, Net: net322, Pin: _1363_/B1, Layer: met2
Partial/Required:  4.83, Required:    400.0, Partial:  1932.44, Net: rf.registers\[2\]\[0\], Pin: _1821_/A2, Layer: met1
Partial/Required:  4.79, Required:    400.0, Partial:  1917.94, Net: net1545, Pin: _2103_/A1, Layer: met1
Partial/Required:  4.71, Required:    400.0, Partial:   1882.9, Net: _0476_, Pin: _2041_/A, Layer: met1
Partial/Required:  4.67, Required:    400.0, Partial:  1869.89, Net: _1030_, Pin: _1817_/A1, Layer: met1
Partial/Required:  4.57, Required:    400.0, Partial:  1828.97, Net: net525, Pin: _1705_/B, Layer: met1
Partial/Required:  4.45, Required:    400.0, Partial:  1781.74, Net: net1489, Pin: _1901_/S0, Layer: met1
Partial/Required:  4.25, Required:    400.0, Partial:  1699.49, Net: _0497_, Pin: _2081_/A, Layer: met1
Partial/Required:  4.17, Required:    400.0, Partial:  1669.82, Net: net590, Pin: _1245_/B1, Layer: met1
Partial/Required:  4.05, Required:    400.0, Partial:  1620.04, Net: _0883_, Pin: _1420_/A2, Layer: met1
Partial/Required:  3.90, Required:    400.0, Partial:  1559.85, Net: net903, Pin: _1456_/B2, Layer: met1
Partial/Required:  3.81, Required:    400.0, Partial:  1525.52, Net: net372, Pin: _1566_/A1, Layer: met1
Partial/Required:  3.59, Required:    400.0, Partial:   1436.1, Net: clknet_4_3_0_CLK, Pin: _2319_/CLK, Layer: met1
Partial/Required:  3.47, Required:    400.0, Partial:  1388.99, Net: net1552, Pin: _2076_/A0, Layer: met1
Partial/Required:  3.29, Required:    400.0, Partial:  1314.77, Net: rf.registers\[0\]\[28\], Pin: _1881_/A0, Layer: met1
Partial/Required:  3.16, Required:    400.0, Partial:  1262.83, Net: _0522_, Pin: _2127_/A, Layer: met1
Partial/Required:  3.14, Required:    400.0, Partial:  1254.37, Net: net389, Pin: _1455_/A1, Layer: met1
Partial/Required:  3.07, Required:    400.0, Partial:  1227.57, Net: _0738_, Pin: load_slew401/A, Layer: met1
Partial/Required:  2.92, Required:    400.0, Partial:  1169.75, Net: net604, Pin: _1263_/A0, Layer: met1
Partial/Required:  2.90, Required:    400.0, Partial:  1161.56, Net: clknet_4_4_0_CLK, Pin: _2346_/CLK, Layer: met1
Partial/Required:  2.86, Required:    400.0, Partial:  1144.09, Net: net1478, Pin: _1939_/S1, Layer: met2
Partial/Required:  2.86, Required:    400.0, Partial:  1144.09, Net: net1478, Pin: _1943_/S1, Layer: met2
Partial/Required:  2.86, Required:    400.0, Partial:  1144.09, Net: net1478, Pin: _1947_/S1, Layer: met2
Partial/Required:  2.86, Required:    400.0, Partial:  1143.79, Net: net1447, Pin: max_cap1446/A, Layer: met1
Partial/Required:  2.81, Required:    400.0, Partial:  1125.37, Net: _0929_, Pin: _1469_/A2, Layer: met1
Partial/Required:  2.56, Required:    400.0, Partial:  1024.23, Net: net880, Pin: _1817_/A2, Layer: met1
Partial/Required:  2.53, Required:    400.0, Partial:  1013.92, Net: rf.registers\[2\]\[6\], Pin: _2180_/A0, Layer: met1
Partial/Required:  2.50, Required:    400.0, Partial:  1001.66, Net: _0631_, Pin: load_slew733/A, Layer: met1
Partial/Required:  2.45, Required:    400.0, Partial:   978.64, Net: _0792_, Pin: _1319_/B, Layer: met1
Partial/Required:  2.43, Required:    400.0, Partial:   973.04, Net: clknet_4_2_0_CLK, Pin: _2350_/CLK, Layer: met1
Partial/Required:  2.41, Required:    400.0, Partial:   965.75, Net: net894, Pin: _1758_/B1, Layer: met1
Partial/Required:  2.40, Required:  3817.16, Partial:  9159.78, Net: net685, Pin: _1511_/D_N, Layer: met1
Partial/Required:  2.30, Required:    400.0, Partial:   921.85, Net: _0309_, Pin: _1769_/C, Layer: met1
Partial/Required:  2.24, Required:    400.0, Partial:   897.41, Net: net39, Pin: load_slew1527/A, Layer: met1
Partial/Required:  2.22, Required:    400.0, Partial:   887.57, Net: net573, Pin: _1575_/A, Layer: met1
Partial/Required:  2.21, Required:    400.0, Partial:   884.76, Net: net375, Pin: _1452_/A2, Layer: met2
Partial/Required:  2.21, Required:    400.0, Partial:   884.22, Net: net1288, Pin: load_slew1287/A, Layer: met1
Partial/Required:  2.14, Required:    400.0, Partial:   855.16, Net: net1009, Pin: _1264_/B2, Layer: met1
Partial/Required:  2.13, Required:    400.0, Partial:   851.23, Net: net1364, Pin: load_slew1363/A, Layer: met1
Partial/Required:  2.07, Required:    400.0, Partial:   827.78, Net: net579, Pin: _1372_/B1, Layer: met1
Partial/Required:  2.02, Required:    400.0, Partial:   807.93, Net: net465, Pin: _1548_/A1, Layer: met1
Partial/Required:  2.02, Required:    400.0, Partial:   807.87, Net: net1507, Pin: _1823_/S0, Layer: met1
Partial/Required:  2.00, Required:    400.0, Partial:   800.82, Net: net1531, Pin: _1973_/A1, Layer: met1
Partial/Required:  1.99, Required:    400.0, Partial:   797.54, Net: net585, Pin: _1337_/A1, Layer: met1
Partial/Required:  1.99, Required:    400.0, Partial:   795.74, Net: net627, Pin: _1334_/A2, Layer: met1
Partial/Required:  1.99, Required:    400.0, Partial:   795.58, Net: _0805_, Pin: _1331_/A1, Layer: met1
Partial/Required:  1.97, Required:    400.0, Partial:    789.2, Net: net1125, Pin: _1172_/A, Layer: met1
Partial/Required:  1.90, Required:    400.0, Partial:    761.9, Net: clknet_4_13_0_CLK, Pin: _2263_/CLK, Layer: met1
Partial/Required:  1.89, Required:    400.0, Partial:    754.5, Net: clknet_4_6_0_CLK, Pin: _2305_/CLK, Layer: met1
Partial/Required:  1.88, Required:    400.0, Partial:   753.17, Net: _0613_, Pin: _1204_/A, Layer: met1
Partial/Required:  1.88, Required:    400.0, Partial:   752.48, Net: net1241, Pin: _1821_/A1, Layer: met1
Partial/Required:  1.86, Required:    400.0, Partial:   744.83, Net: net437, Pin: _1767_/A1, Layer: met1
Partial/Required:  1.85, Required:    400.0, Partial:   740.46, Net: net1036, Pin: wire1035/A, Layer: met1
Partial/Required:  1.83, Required:    400.0, Partial:   732.79, Net: net1049, Pin: _1975_/S, Layer: met1
Partial/Required:  1.83, Required:    400.0, Partial:   732.33, Net: net1320, Pin: max_cap1319/A, Layer: met1
Partial/Required:  1.83, Required:    400.0, Partial:   731.63, Net: net1041, Pin: _2024_/A, Layer: met2
Partial/Required:  1.82, Required:    400.0, Partial:   728.96, Net: net1121, Pin: _1448_/C, Layer: met1
Partial/Required:  1.82, Required:  6251.48, Partial: 11357.33, Net: _0813_, Pin: _1427_/A0, Layer: met1
Partial/Required:  1.81, Required:    400.0, Partial:   725.85, Net: net1404, Pin: _1778_/A1, Layer: met1
Partial/Required:  1.81, Required:    400.0, Partial:   723.11, Net: net462, Pin: wire461/A, Layer: met1
Partial/Required:  1.79, Required:    400.0, Partial:   717.76, Net: net19, Pin: _2210_/A1, Layer: met1
Partial/Required:  1.77, Required:    400.0, Partial:   708.54, Net: net383, Pin: _1400_/B1, Layer: met1
Partial/Required:  1.71, Required:    400.0, Partial:   684.02, Net: net1042, Pin: _2005_/S, Layer: met1
Partial/Required:  1.70, Required:    400.0, Partial:   678.87, Net: net506, Pin: _1299_/A0, Layer: met1
Partial/Required:  1.69, Required:    400.0, Partial:    675.0, Net: net49, Pin: _1597_/A1_N, Layer: met1
Partial/Required:  1.67, Required:    400.0, Partial:   669.09, Net: net1471, Pin: load_slew1470/A, Layer: met1
Partial/Required:  1.63, Required:  2773.88, Partial:  4518.46, Net: net68, Pin: _1368_/A, Layer: met1
Partial/Required:  1.63, Required:    400.0, Partial:   651.35, Net: _0997_, Pin: wire562/A, Layer: met1
Partial/Required:  1.61, Required:  7642.52, Partial: 12328.78, Net: net326, Pin: _1295_/B, Layer: met1
Partial/Required:  1.58, Required:    400.0, Partial:    632.6, Net: net188, Pin: wire187/A, Layer: met1
Partial/Required:  1.57, Required:    400.0, Partial:   626.18, Net: net685, Pin: wire684/A, Layer: met1
Partial/Required:  1.55, Required:    400.0, Partial:    619.3, Net: net745, Pin: _1647_/A1, Layer: met1
Partial/Required:  1.54, Required:    400.0, Partial:   616.85, Net: rf.registers\[1\]\[22\], Pin: wire1210/A, Layer: met1
Partial/Required:  1.54, Required:  3121.64, Partial:  4801.78, Net: net1385, Pin: _1905_/A3, Layer: met1
Partial/Required:  1.54, Required:    400.0, Partial:   614.35, Net: _0492_, Pin: _2088_/S, Layer: met1
Partial/Required:  1.51, Required:    400.0, Partial:   602.65, Net: net928, Pin: _1569_/A2, Layer: met1
Partial/Required:  1.51, Required:  4686.56, Partial:  7053.33, Net: _0023_, Pin: _2328_/D, Layer: met1
Partial/Required:  1.48, Required:    400.0, Partial:   591.87, Net: clknet_4_4_0_CLK, Pin: _2422_/CLK, Layer: met1
Partial/Required:  1.47, Required:    400.0, Partial:   588.88, Net: clknet_4_2_0_CLK, Pin: _2269_/CLK, Layer: met1
Partial/Required:  1.47, Required:    400.0, Partial:   587.64, Net: net936, Pin: _1287_/S0, Layer: met1
Partial/Required:  1.47, Required:    400.0, Partial:   586.33, Net: clknet_4_1_0_CLK, Pin: _2370_/CLK, Layer: met1
Partial/Required:  1.47, Required:    400.0, Partial:    586.3, Net: _0386_, Pin: wire1086/A, Layer: met1
Partial/Required:  1.46, Required:   4338.8, Partial:   6349.3, Net: net1325, Pin: output105/A, Layer: met1
Partial/Required:  1.46, Required:    400.0, Partial:   583.36, Net: net1467, Pin: _1310_/A, Layer: met1
Partial/Required:  1.45, Required:   3669.2, Partial:  5321.05, Net: net310, Pin: _1484_/B1, Layer: met4
Partial/Required:  1.44, Required:    400.0, Partial:   576.22, Net: _0506_, Pin: _2098_/A, Layer: met1
Partial/Required:  1.43, Required:    400.0, Partial:   571.96, Net: net425, Pin: wire424/A, Layer: met1
Partial/Required:  1.40, Required:  9033.56, Partial: 12618.33, Net: _0787_, Pin: _1312_/B_N, Layer: met1
Partial/Required:  1.40, Required:  7494.56, Partial: 10460.56, Net: _0045_, Pin: _2255_/D, Layer: met2
Partial/Required:  1.39, Required:    400.0, Partial:   557.67, Net: _0736_, Pin: load_slew584/A, Layer: met1
Partial/Required:  1.38, Required:    400.0, Partial:    553.0, Net: rf.registers\[0\]\[4\], Pin: wire1274/A, Layer: met1
Partial/Required:  1.37, Required:    400.0, Partial:    547.8, Net: _0650_, Pin: wire1017/A, Layer: met1
Partial/Required:  1.35, Required:    400.0, Partial:   538.77, Net: net1538, Pin: _2232_/A1, Layer: met1
Partial/Required:  1.33, Required:  5382.08, Partial:   7164.0, Net: _0070_, Pin: _2272_/D, Layer: met1
Partial/Required:  1.31, Required:    400.0, Partial:    523.2, Net: _0540_, Pin: _2162_/A, Layer: met1
Partial/Required:  1.31, Required:    400.0, Partial:   523.08, Net: _0455_, Pin: _2003_/S, Layer: met1
Partial/Required:  1.29, Required:  3121.64, Partial:  4023.28, Net: net1383, Pin: _1839_/A3, Layer: met1
Partial/Required:  1.27, Required:  2773.88, Partial:  3526.93, Net: net47, Pin: output47/A, Layer: met1
Partial/Required:  1.27, Required:    400.0, Partial:   506.79, Net: net809, Pin: load_slew808/A, Layer: met1
Partial/Required:  1.27, Required:    400.0, Partial:   506.32, Net: net83, Pin: wire1307/A, Layer: met1
Partial/Required:  1.27, Required:    400.0, Partial:   506.32, Net: net83, Pin: wire1306/A, Layer: met1
Partial/Required:  1.26, Required:  3817.16, Partial:  4825.22, Net: net633, Pin: _1330_/C, Layer: met1
Partial/Required:  1.26, Required:    400.0, Partial:   503.48, Net: net208, Pin: wire207/A, Layer: met1
Partial/Required:  1.20, Required:    400.0, Partial:   481.29, Net: net925, Pin: _1539_/A1, Layer: met1
Partial/Required:  1.19, Required:    400.0, Partial:   476.26, Net: clknet_4_3_0_CLK, Pin: _2250_/CLK, Layer: met1
Partial/Required:  1.19, Required:  2947.76, Partial:  3496.95, Net: net840, Pin: _1368_/B, Layer: met1
Partial/Required:  1.16, Required:    400.0, Partial:   465.56, Net: _0926_, Pin: _1730_/A2, Layer: met1
Partial/Required:  1.15, Required:    400.0, Partial:   461.18, Net: _0819_, Pin: _1345_/B1, Layer: met1
Partial/Required:  1.15, Required:  7294.76, Partial:  8354.56, Net: net812, Pin: _1108_/A_N, Layer: met1
Partial/Required:  1.12, Required:    400.0, Partial:   449.37, Net: net566, Pin: wire565/A, Layer: met1
Partial/Required:  1.10, Required:    400.0, Partial:    440.9, Net: net193, Pin: wire192/A, Layer: met1
Partial/Required:  1.10, Required:    400.0, Partial:   440.31, Net: net957, Pin: _2216_/S, Layer: met1
Partial/Required:  1.08, Required:    400.0, Partial:   431.02, Net: _1078_, Pin: load_slew302/A, Layer: met1
Partial/Required:  1.07, Required:    400.0, Partial:   426.25, Net: net860, Pin: _1726_/S, Layer: met1
Partial/Required:  1.06, Required:    400.0, Partial:    426.0, Net: net599, Pin: _1207_/B, Layer: met1
Partial/Required:  1.06, Required:    400.0, Partial:   424.98, Net: _0770_, Pin: wire327/A, Layer: met1
Partial/Required:  1.05, Required:    400.0, Partial:   420.95, Net: _1043_, Pin: load_slew304/A, Layer: met1
Partial/Required:  1.04, Required:   3469.4, Partial:  3610.15, Net: rf.registers\[1\]\[9\], Pin: _1839_/A1, Layer: met1
Partial/Required:  1.04, Required:    400.0, Partial:   415.91, Net: net1441, Pin: _1510_/A, Layer: met1
Partial/Required:  1.02, Required:    400.0, Partial:   407.22, Net: net507, Pin: _1394_/A0, Layer: met1
Partial/Required:  1.01, Required:  2773.88, Partial:  2797.06, Net: net1400, Pin: _1813_/C, Layer: met1
Partial/Required:  1.00, Required:    400.0, Partial:   401.87, Net: _0407_, Pin: load_slew1483/A, Layer: met1
