
===========================================================================
report_checks -unconstrained
===========================================================================
======================= Fastest Corner ===================================

Startpoint: _336_ (rising edge-triggered flip-flop clocked by core_clock)
Endpoint: _334_ (rising edge-triggered flip-flop clocked by core_clock)
Path Group: core_clock
Path Type: max
Corner: Fastest

Fanout     Cap    Slew   Delay    Time   Description
-----------------------------------------------------------------------------
                          0.00    0.00   clock core_clock (rise edge)
                          0.00    0.00   clock source latency
     1    0.02    0.00    0.00    0.00 ^ clk (in)
                                         clk (net)
                  0.00    0.00    0.00 ^ clkbuf_0_clk/A (sky130_fd_sc_hd__clkbuf_16)
     4    0.05    0.05    0.09    0.09 ^ clkbuf_0_clk/X (sky130_fd_sc_hd__clkbuf_16)
                                         clknet_0_clk (net)
                  0.05    0.00    0.09 ^ clkbuf_2_3__f_clk/A (sky130_fd_sc_hd__clkbuf_16)
    10    0.04    0.05    0.10    0.20 ^ clkbuf_2_3__f_clk/X (sky130_fd_sc_hd__clkbuf_16)
                                         clknet_2_3__leaf_clk (net)
                  0.05    0.00    0.20 ^ _336_/CLK (sky130_fd_sc_hd__dfrtp_4)
     6    0.05    0.08    0.35    0.54 v _336_/Q (sky130_fd_sc_hd__dfrtp_4)
                                         counter.one_second_counter[13] (net)
                  0.09    0.00    0.55 v _174_/D (sky130_fd_sc_hd__and4_1)
     2    0.02    0.06    0.18    0.73 v _174_/X (sky130_fd_sc_hd__and4_1)
                                         _076_ (net)
                  0.06    0.00    0.73 v _175_/D (sky130_fd_sc_hd__or4_1)
     1    0.01    0.09    0.28    1.01 v _175_/X (sky130_fd_sc_hd__or4_1)
                                         _077_ (net)
                  0.09    0.00    1.01 v _178_/A3 (sky130_fd_sc_hd__o31a_1)
     1    0.02    0.07    0.21    1.22 v _178_/X (sky130_fd_sc_hd__o31a_1)
                                         _080_ (net)
                  0.07    0.00    1.22 v _180_/A2 (sky130_fd_sc_hd__o211ai_4)
     3    0.03    0.23    0.22    1.44 ^ _180_/Y (sky130_fd_sc_hd__o211ai_4)
                                         _082_ (net)
                  0.23    0.00    1.44 ^ _181_/A2 (sky130_fd_sc_hd__a21bo_4)
    10    0.07    0.17    0.19    1.63 ^ _181_/X (sky130_fd_sc_hd__a21bo_4)
                                         _083_ (net)
                  0.17    0.01    1.64 ^ _195_/A (sky130_fd_sc_hd__buf_2)
    10    0.06    0.23    0.23    1.87 ^ _195_/X (sky130_fd_sc_hd__buf_2)
                                         _092_ (net)
                  0.23    0.01    1.88 ^ _225_/A (sky130_fd_sc_hd__and3_1)
     1    0.02    0.13    0.18    2.05 ^ _225_/X (sky130_fd_sc_hd__and3_1)
                                         _115_ (net)
                  0.13    0.00    2.06 ^ _226_/A (sky130_fd_sc_hd__buf_1)
     1    0.02    0.19    0.17    2.22 ^ _226_/X (sky130_fd_sc_hd__buf_1)
                                         _003_ (net)
                  0.19    0.00    2.23 ^ _334_/D (sky130_fd_sc_hd__dfrtp_2)
                                  2.23   data arrival time

                         10.00   10.00   clock core_clock (rise edge)
                          0.00   10.00   clock source latency
     1    0.02    0.00    0.00   10.00 ^ clk (in)
                                         clk (net)
                  0.00    0.00   10.00 ^ clkbuf_0_clk/A (sky130_fd_sc_hd__clkbuf_16)
     4    0.05    0.05    0.09   10.09 ^ clkbuf_0_clk/X (sky130_fd_sc_hd__clkbuf_16)
                                         clknet_0_clk (net)
                  0.05    0.00   10.09 ^ clkbuf_2_3__f_clk/A (sky130_fd_sc_hd__clkbuf_16)
    10    0.04    0.05    0.10   10.20 ^ clkbuf_2_3__f_clk/X (sky130_fd_sc_hd__clkbuf_16)
                                         clknet_2_3__leaf_clk (net)
                  0.05    0.00   10.20 ^ _334_/CLK (sky130_fd_sc_hd__dfrtp_2)
                          0.00   10.20   clock reconvergence pessimism
                         -0.05   10.15   library setup time
                                 10.15   data required time
-----------------------------------------------------------------------------
                                 10.15   data required time
                                 -2.23   data arrival time
-----------------------------------------------------------------------------
                                  7.92   slack (MET)



======================= Slowest Corner ===================================

Startpoint: _336_ (rising edge-triggered flip-flop clocked by core_clock)
Endpoint: _334_ (rising edge-triggered flip-flop clocked by core_clock)
Path Group: core_clock
Path Type: max
Corner: Slowest

Fanout     Cap    Slew   Delay    Time   Description
-----------------------------------------------------------------------------
                          0.00    0.00   clock core_clock (rise edge)
                          0.00    0.00   clock source latency
     1    0.02    0.00    0.00    0.00 ^ clk (in)
                                         clk (net)
                  0.00    0.00    0.00 ^ clkbuf_0_clk/A (sky130_fd_sc_hd__clkbuf_16)
     4    0.05    0.10    0.23    0.23 ^ clkbuf_0_clk/X (sky130_fd_sc_hd__clkbuf_16)
                                         clknet_0_clk (net)
                  0.10    0.00    0.23 ^ clkbuf_2_3__f_clk/A (sky130_fd_sc_hd__clkbuf_16)
    10    0.04    0.09    0.26    0.49 ^ clkbuf_2_3__f_clk/X (sky130_fd_sc_hd__clkbuf_16)
                                         clknet_2_3__leaf_clk (net)
                  0.09    0.00    0.49 ^ _336_/CLK (sky130_fd_sc_hd__dfrtp_4)
     6    0.05    0.21    1.13    1.62 v _336_/Q (sky130_fd_sc_hd__dfrtp_4)
                                         counter.one_second_counter[13] (net)
                  0.21    0.00    1.63 v _174_/D (sky130_fd_sc_hd__and4_1)
     2    0.02    0.17    0.58    2.21 v _174_/X (sky130_fd_sc_hd__and4_1)
                                         _076_ (net)
                  0.17    0.00    2.21 v _175_/D (sky130_fd_sc_hd__or4_1)
     1    0.01    0.30    1.17    3.38 v _175_/X (sky130_fd_sc_hd__or4_1)
                                         _077_ (net)
                  0.30    0.00    3.38 v _178_/A3 (sky130_fd_sc_hd__o31a_1)
     1    0.02    0.19    0.66    4.04 v _178_/X (sky130_fd_sc_hd__o31a_1)
                                         _080_ (net)
                  0.19    0.00    4.04 v _180_/A2 (sky130_fd_sc_hd__o211ai_4)
     3    0.03    0.49    0.52    4.55 ^ _180_/Y (sky130_fd_sc_hd__o211ai_4)
                                         _082_ (net)
                  0.49    0.00    4.56 ^ _181_/A2 (sky130_fd_sc_hd__a21bo_4)
    10    0.06    0.33    0.58    5.14 ^ _181_/X (sky130_fd_sc_hd__a21bo_4)
                                         _083_ (net)
                  0.33    0.01    5.15 ^ _195_/A (sky130_fd_sc_hd__buf_2)
    10    0.06    0.47    0.59    5.74 ^ _195_/X (sky130_fd_sc_hd__buf_2)
                                         _092_ (net)
                  0.47    0.01    5.75 ^ _225_/A (sky130_fd_sc_hd__and3_1)
     1    0.02    0.26    0.58    6.33 ^ _225_/X (sky130_fd_sc_hd__and3_1)
                                         _115_ (net)
                  0.26    0.00    6.33 ^ _226_/A (sky130_fd_sc_hd__buf_1)
     1    0.02    0.40    0.46    6.79 ^ _226_/X (sky130_fd_sc_hd__buf_1)
                                         _003_ (net)
                  0.40    0.00    6.79 ^ _334_/D (sky130_fd_sc_hd__dfrtp_2)
                                  6.79   data arrival time

                         10.00   10.00   clock core_clock (rise edge)
                          0.00   10.00   clock source latency
     1    0.02    0.00    0.00   10.00 ^ clk (in)
                                         clk (net)
                  0.00    0.00   10.00 ^ clkbuf_0_clk/A (sky130_fd_sc_hd__clkbuf_16)
     4    0.05    0.10    0.23   10.23 ^ clkbuf_0_clk/X (sky130_fd_sc_hd__clkbuf_16)
                                         clknet_0_clk (net)
                  0.10    0.00   10.23 ^ clkbuf_2_3__f_clk/A (sky130_fd_sc_hd__clkbuf_16)
    10    0.04    0.09    0.26   10.49 ^ clkbuf_2_3__f_clk/X (sky130_fd_sc_hd__clkbuf_16)
                                         clknet_2_3__leaf_clk (net)
                  0.09    0.00   10.49 ^ _334_/CLK (sky130_fd_sc_hd__dfrtp_2)
                          0.00   10.49   clock reconvergence pessimism
                         -0.22   10.27   library setup time
                                 10.27   data required time
-----------------------------------------------------------------------------
                                 10.27   data required time
                                 -6.79   data arrival time
-----------------------------------------------------------------------------
                                  3.48   slack (MET)



======================= Typical Corner ===================================

Startpoint: _336_ (rising edge-triggered flip-flop clocked by core_clock)
Endpoint: _334_ (rising edge-triggered flip-flop clocked by core_clock)
Path Group: core_clock
Path Type: max
Corner: Typical

Fanout     Cap    Slew   Delay    Time   Description
-----------------------------------------------------------------------------
                          0.00    0.00   clock core_clock (rise edge)
                          0.00    0.00   clock source latency
     1    0.02    0.00    0.00    0.00 ^ clk (in)
                                         clk (net)
                  0.00    0.00    0.00 ^ clkbuf_0_clk/A (sky130_fd_sc_hd__clkbuf_16)
     4    0.05    0.06    0.13    0.13 ^ clkbuf_0_clk/X (sky130_fd_sc_hd__clkbuf_16)
                                         clknet_0_clk (net)
                  0.06    0.00    0.13 ^ clkbuf_2_3__f_clk/A (sky130_fd_sc_hd__clkbuf_16)
    10    0.04    0.06    0.15    0.28 ^ clkbuf_2_3__f_clk/X (sky130_fd_sc_hd__clkbuf_16)
                                         clknet_2_3__leaf_clk (net)
                  0.06    0.00    0.28 ^ _336_/CLK (sky130_fd_sc_hd__dfrtp_4)
     6    0.05    0.12    0.55    0.83 v _336_/Q (sky130_fd_sc_hd__dfrtp_4)
                                         counter.one_second_counter[13] (net)
                  0.12    0.00    0.83 v _174_/D (sky130_fd_sc_hd__and4_1)
     2    0.02    0.09    0.28    1.12 v _174_/X (sky130_fd_sc_hd__and4_1)
                                         _076_ (net)
                  0.09    0.00    1.12 v _175_/D (sky130_fd_sc_hd__or4_1)
     1    0.01    0.14    0.49    1.61 v _175_/X (sky130_fd_sc_hd__or4_1)
                                         _077_ (net)
                  0.14    0.00    1.61 v _178_/A3 (sky130_fd_sc_hd__o31a_1)
     1    0.02    0.10    0.33    1.94 v _178_/X (sky130_fd_sc_hd__o31a_1)
                                         _080_ (net)
                  0.10    0.00    1.94 v _180_/A2 (sky130_fd_sc_hd__o211ai_4)
     3    0.03    0.31    0.31    2.24 ^ _180_/Y (sky130_fd_sc_hd__o211ai_4)
                                         _082_ (net)
                  0.31    0.00    2.25 ^ _181_/A2 (sky130_fd_sc_hd__a21bo_4)
    10    0.06    0.21    0.30    2.55 ^ _181_/X (sky130_fd_sc_hd__a21bo_4)
                                         _083_ (net)
                  0.21    0.01    2.56 ^ _195_/A (sky130_fd_sc_hd__buf_2)
    10    0.06    0.30    0.34    2.90 ^ _195_/X (sky130_fd_sc_hd__buf_2)
                                         _092_ (net)
                  0.30    0.01    2.90 ^ _225_/A (sky130_fd_sc_hd__and3_1)
     1    0.02    0.17    0.30    3.20 ^ _225_/X (sky130_fd_sc_hd__and3_1)
                                         _115_ (net)
                  0.17    0.00    3.20 ^ _226_/A (sky130_fd_sc_hd__buf_1)
     1    0.02    0.25    0.25    3.46 ^ _226_/X (sky130_fd_sc_hd__buf_1)
                                         _003_ (net)
                  0.25    0.00    3.46 ^ _334_/D (sky130_fd_sc_hd__dfrtp_2)
                                  3.46   data arrival time

                         10.00   10.00   clock core_clock (rise edge)
                          0.00   10.00   clock source latency
     1    0.02    0.00    0.00   10.00 ^ clk (in)
                                         clk (net)
                  0.00    0.00   10.00 ^ clkbuf_0_clk/A (sky130_fd_sc_hd__clkbuf_16)
     4    0.05    0.06    0.13   10.13 ^ clkbuf_0_clk/X (sky130_fd_sc_hd__clkbuf_16)
                                         clknet_0_clk (net)
                  0.06    0.00   10.13 ^ clkbuf_2_3__f_clk/A (sky130_fd_sc_hd__clkbuf_16)
    10    0.04    0.06    0.15   10.28 ^ clkbuf_2_3__f_clk/X (sky130_fd_sc_hd__clkbuf_16)
                                         clknet_2_3__leaf_clk (net)
                  0.06    0.00   10.28 ^ _334_/CLK (sky130_fd_sc_hd__dfrtp_2)
                          0.00   10.28   clock reconvergence pessimism
                         -0.11   10.17   library setup time
                                 10.17   data required time
-----------------------------------------------------------------------------
                                 10.17   data required time
                                 -3.46   data arrival time
-----------------------------------------------------------------------------
                                  6.72   slack (MET)




===========================================================================
report_checks --slack_max -0.01
============================================================================
======================= Fastest Corner ===================================

No paths found.

======================= Slowest Corner ===================================

No paths found.

======================= Typical Corner ===================================

No paths found.


===========================================================================
 report_check_types -max_slew -max_cap -max_fanout -violators
============================================================================
======================= Fastest Corner ===================================


max slew violations count Fastest: 0
max fanout violations count Fastest: 0
max cap violations count Fastest: 0
======================= Slowest Corner ===================================


max slew violations count Slowest: 0
max fanout violations count Slowest: 0
max cap violations count Slowest: 0
======================= Typical Corner ===================================


max slew violations count Typical: 0
max fanout violations count Typical: 0
max cap violations count Typical: 0

===========================================================================
report_parasitic_annotation -report_unannotated
============================================================================
Found 11 unannotated drivers.
 TopModule_10/LO
 TopModule_11/LO
 TopModule_12/LO
 TopModule_13/LO
 TopModule_14/LO
 TopModule_15/LO
 TopModule_16/LO
 TopModule_9/HI
 clkload0/Y
 clkload1/Y
 clkload2/X
Found 0 partially unannotated drivers.

===========================================================================
max slew violation count 0
max fanout violation count 0
max cap violation count 0
============================================================================

===========================================================================
check_setup -verbose -unconstrained_endpoints -multiple_clock -no_clock -no_input_delay -loops -generated_clocks
===========================================================================
Warning: There is 1 input port missing set_input_delay.
  rst
Warning: There are 15 unconstrained endpoints.
  an[0]
  an[1]
  an[2]
  an[3]
  an[4]
  an[5]
  an[6]
  an[7]
  seg[0]
  seg[1]
  seg[2]
  seg[3]
  seg[4]
  seg[5]
  seg[6]
