
===========================================================================
 report_power
============================================================================
======================= Fastest Corner ===================================

Group                  Internal  Switching    Leakage      Total
                          Power      Power      Power      Power (Watts)
----------------------------------------------------------------
Sequential             1.51e-04   0.00e+00   3.05e-08   1.51e-04  41.6%
Combinational          2.88e-14   1.54e-13   9.12e-10   9.12e-10   0.0%
Clock                  1.37e-04   7.44e-05   1.17e-09   2.12e-04  58.4%
Macro                  0.00e+00   0.00e+00   0.00e+00   0.00e+00   0.0%
Pad                    0.00e+00   0.00e+00   0.00e+00   0.00e+00   0.0%
----------------------------------------------------------------
Total                  2.88e-04   7.44e-05   3.25e-08   3.62e-04 100.0%
                          79.5%      20.5%       0.0%

======================= Slowest Corner ===================================

Group                  Internal  Switching    Leakage      Total
                          Power      Power      Power      Power (Watts)
----------------------------------------------------------------
Sequential             9.92e-05   0.00e+00   6.18e-07   9.98e-05  40.3%
Combinational          1.94e-14   1.02e-13   7.12e-07   7.12e-07   0.3%
Clock                  9.85e-05   4.86e-05   1.32e-07   1.47e-04  59.4%
Macro                  0.00e+00   0.00e+00   0.00e+00   0.00e+00   0.0%
Pad                    0.00e+00   0.00e+00   0.00e+00   0.00e+00   0.0%
----------------------------------------------------------------
Total                  1.98e-04   4.86e-05   1.46e-06   2.48e-04 100.0%
                          79.8%      19.6%       0.6%

======================= Typical Corner ===================================

Group                  Internal  Switching    Leakage      Total
                          Power      Power      Power      Power (Watts)
----------------------------------------------------------------
Sequential             1.29e-04   0.00e+00   3.00e-08   1.29e-04  41.5%
Combinational          2.38e-14   1.31e-13   5.99e-10   5.99e-10   0.0%
Clock                  1.20e-04   6.25e-05   8.35e-10   1.83e-04  58.5%
Macro                  0.00e+00   0.00e+00   0.00e+00   0.00e+00   0.0%
Pad                    0.00e+00   0.00e+00   0.00e+00   0.00e+00   0.0%
----------------------------------------------------------------
Total                  2.49e-04   6.25e-05   3.15e-08   3.12e-04 100.0%
                          80.0%      20.0%       0.0%

