
===========================================================================
 report_power
============================================================================
======================= Fastest Corner ===================================

Group                  Internal  Switching    Leakage      Total
                          Power      Power      Power      Power (Watts)
----------------------------------------------------------------
Sequential             1.16e-03   1.84e-03   4.55e-09   3.00e-03   5.4%
Combinational          6.85e-03   4.30e-02   1.10e-07   4.98e-02  88.8%
Clock                  5.20e-04   2.78e-03   6.08e-07   3.30e-03   5.9%
Macro                  0.00e+00   0.00e+00   0.00e+00   0.00e+00   0.0%
Pad                    0.00e+00   0.00e+00   0.00e+00   0.00e+00   0.0%
----------------------------------------------------------------
Total                  8.53e-03   4.76e-02   7.23e-07   5.61e-02 100.0%
                          15.2%      84.8%       0.0%

======================= Slowest Corner ===================================

Group                  Internal  Switching    Leakage      Total
                          Power      Power      Power      Power (Watts)
----------------------------------------------------------------
Sequential             7.39e-04   1.24e-03   3.12e-06   1.98e-03   5.2%
Combinational          4.58e-03   2.91e-02   3.56e-05   3.37e-02  88.9%
Clock                  3.68e-04   1.87e-03   1.15e-06   2.24e-03   5.9%
Macro                  0.00e+00   0.00e+00   0.00e+00   0.00e+00   0.0%
Pad                    0.00e+00   0.00e+00   0.00e+00   0.00e+00   0.0%
----------------------------------------------------------------
Total                  5.69e-03   3.22e-02   3.99e-05   3.80e-02 100.0%
                          15.0%      84.9%       0.1%

======================= Typical Corner ===================================

Group                  Internal  Switching    Leakage      Total
                          Power      Power      Power      Power (Watts)
----------------------------------------------------------------
Sequential             9.56e-04   1.57e-03   1.68e-09   2.53e-03   5.3%
Combinational          5.73e-03   3.67e-02   2.37e-08   4.25e-02  88.8%
Clock                  4.58e-04   2.37e-03   6.07e-07   2.83e-03   5.9%
Macro                  0.00e+00   0.00e+00   0.00e+00   0.00e+00   0.0%
Pad                    0.00e+00   0.00e+00   0.00e+00   0.00e+00   0.0%
----------------------------------------------------------------
Total                  7.14e-03   4.07e-02   6.32e-07   4.78e-02 100.0%
                          14.9%      85.1%       0.0%

