
===========================================================================
report_checks -unconstrained
===========================================================================
======================= Typical Corner ===================================

Startpoint: _5417_ (rising edge-triggered flip-flop clocked by core_clock)
Endpoint: _5405_ (rising edge-triggered flip-flop clocked by core_clock)
Path Group: core_clock
Path Type: max

Fanout     Cap    Slew   Delay    Time   Description
-----------------------------------------------------------------------------
                  0.00    0.00    0.00   clock core_clock (rise edge)
                          0.00    0.00   clock network delay (ideal)
                  0.00    0.00    0.00 ^ _5417_/CLK (sky130_fd_sc_hd__dfrtp_2)
     5    0.01    0.06    0.40    0.40 v _5417_/Q (sky130_fd_sc_hd__dfrtp_2)
                                         cpu_inst.decoder_inst.current_pc[17] (net)
                  0.06    0.00    0.40 v _2536_/A (sky130_fd_sc_hd__or4_2)
     2    0.01    0.12    0.69    1.08 v _2536_/X (sky130_fd_sc_hd__or4_2)
                                         _0501_ (net)
                  0.12    0.00    1.08 v _2550_/A (sky130_fd_sc_hd__or4_2)
     3    0.01    0.12    0.71    1.80 v _2550_/X (sky130_fd_sc_hd__or4_2)
                                         _0515_ (net)
                  0.12    0.00    1.80 v _2551_/A (sky130_fd_sc_hd__buf_1)
    10    0.02    0.12    0.20    2.00 v _2551_/X (sky130_fd_sc_hd__buf_1)
                                         _0516_ (net)
                  0.12    0.00    2.00 v _2562_/A (sky130_fd_sc_hd__or4_2)
     5    0.03    0.18    0.81    2.81 v _2562_/X (sky130_fd_sc_hd__or4_2)
                                         _0527_ (net)
                  0.18    0.00    2.81 v _2563_/B (sky130_fd_sc_hd__nand2_2)
     7    0.02    0.14    0.19    3.00 ^ _2563_/Y (sky130_fd_sc_hd__nand2_2)
                                         _0528_ (net)
                  0.14    0.00    3.00 ^ _2626_/A (sky130_fd_sc_hd__or3_2)
     1    0.00    0.03    0.13    3.13 ^ _2626_/X (sky130_fd_sc_hd__or3_2)
                                         _0591_ (net)
                  0.03    0.00    3.13 ^ _2627_/A (sky130_fd_sc_hd__buf_1)
    10    0.03    0.38    0.31    3.44 ^ _2627_/X (sky130_fd_sc_hd__buf_1)
                                         _0592_ (net)
                  0.38    0.00    3.44 ^ _2649_/B (sky130_fd_sc_hd__or2_2)
     4    0.02    0.09    0.23    3.67 ^ _2649_/X (sky130_fd_sc_hd__or2_2)
                                         _0614_ (net)
                  0.09    0.00    3.67 ^ _2650_/A (sky130_fd_sc_hd__buf_1)
    10    0.07    0.83    0.64    4.31 ^ _2650_/X (sky130_fd_sc_hd__buf_1)
                                         _0615_ (net)
                  0.83    0.00    4.31 ^ _2651_/B (sky130_fd_sc_hd__nor2_2)
     2    0.01    0.14    0.09    4.40 v _2651_/Y (sky130_fd_sc_hd__nor2_2)
                                         _0616_ (net)
                  0.14    0.00    4.40 v _2671_/B (sky130_fd_sc_hd__nor2_2)
     6    0.02    0.20    0.21    4.61 ^ _2671_/Y (sky130_fd_sc_hd__nor2_2)
                                         _0636_ (net)
                  0.20    0.00    4.61 ^ _2672_/A (sky130_fd_sc_hd__buf_1)
    10    0.06    0.64    0.53    5.14 ^ _2672_/X (sky130_fd_sc_hd__buf_1)
                                         _0637_ (net)
                  0.64    0.00    5.14 ^ _2679_/A2 (sky130_fd_sc_hd__a31oi_2)
     8    0.03    0.25    0.33    5.47 v _2679_/Y (sky130_fd_sc_hd__a31oi_2)
                                         _0644_ (net)
                  0.25    0.00    5.47 v _2681_/B (sky130_fd_sc_hd__or3_2)
     2    0.00    0.08    0.52    5.99 v _2681_/X (sky130_fd_sc_hd__or3_2)
                                         _0646_ (net)
                  0.08    0.00    5.99 v _2700_/B (sky130_fd_sc_hd__and3_2)
     2    0.01    0.05    0.22    6.21 v _2700_/X (sky130_fd_sc_hd__and3_2)
                                         _0665_ (net)
                  0.05    0.00    6.21 v _2925_/A1 (sky130_fd_sc_hd__o21ai_2)
     2    0.01    0.19    0.20    6.41 ^ _2925_/Y (sky130_fd_sc_hd__o21ai_2)
                                         _0890_ (net)
                  0.19    0.00    6.41 ^ _2937_/A1 (sky130_fd_sc_hd__a21bo_2)
     2    0.01    0.08    0.20    6.60 ^ _2937_/X (sky130_fd_sc_hd__a21bo_2)
                                         _0902_ (net)
                  0.08    0.00    6.60 ^ _2953_/A1 (sky130_fd_sc_hd__a21o_2)
     2    0.02    0.10    0.17    6.78 ^ _2953_/X (sky130_fd_sc_hd__a21o_2)
                                         _0918_ (net)
                  0.10    0.00    6.78 ^ _2955_/A2 (sky130_fd_sc_hd__a21boi_2)
     3    0.01    0.07    0.09    6.87 v _2955_/Y (sky130_fd_sc_hd__a21boi_2)
                                         _0920_ (net)
                  0.07    0.00    6.87 v _2985_/A1 (sky130_fd_sc_hd__a211o_2)
     5    0.02    0.08    0.35    7.22 v _2985_/X (sky130_fd_sc_hd__a211o_2)
                                         _0950_ (net)
                  0.08    0.00    7.22 v _3054_/A1 (sky130_fd_sc_hd__a2111o_2)
     3    0.01    0.08    0.46    7.68 v _3054_/X (sky130_fd_sc_hd__a2111o_2)
                                         _1019_ (net)
                  0.08    0.00    7.68 v _3061_/A1 (sky130_fd_sc_hd__a21o_2)
     3    0.01    0.05    0.22    7.89 v _3061_/X (sky130_fd_sc_hd__a21o_2)
                                         _1026_ (net)
                  0.05    0.00    7.89 v _3084_/A (sky130_fd_sc_hd__or2_2)
     3    0.01    0.07    0.32    8.21 v _3084_/X (sky130_fd_sc_hd__or2_2)
                                         _1049_ (net)
                  0.07    0.00    8.21 v _3110_/A2 (sky130_fd_sc_hd__a32o_2)
     7    0.02    0.09    0.33    8.54 v _3110_/X (sky130_fd_sc_hd__a32o_2)
                                         _1075_ (net)
                  0.09    0.00    8.54 v _4644_/A (sky130_fd_sc_hd__or3_2)
     1    0.00    0.08    0.48    9.02 v _4644_/X (sky130_fd_sc_hd__or3_2)
                                         _2277_ (net)
                  0.08    0.00    9.02 v _4645_/D (sky130_fd_sc_hd__or4_2)
     1    0.00    0.09    0.53    9.55 v _4645_/X (sky130_fd_sc_hd__or4_2)
                                         _2278_ (net)
                  0.09    0.00    9.55 v _4646_/C (sky130_fd_sc_hd__or3_2)
     1    0.00    0.08    0.42    9.97 v _4646_/X (sky130_fd_sc_hd__or3_2)
                                         _2279_ (net)
                  0.08    0.00    9.97 v _4647_/D (sky130_fd_sc_hd__or4_2)
     1    0.00    0.10    0.54   10.51 v _4647_/X (sky130_fd_sc_hd__or4_2)
                                         _2280_ (net)
                  0.10    0.00   10.51 v _4648_/D (sky130_fd_sc_hd__or4_2)
     1    0.01    0.11    0.56   11.07 v _4648_/X (sky130_fd_sc_hd__or4_2)
                                         _2281_ (net)
                  0.11    0.00   11.07 v _4651_/C (sky130_fd_sc_hd__or4_2)
     8    0.03    0.20    0.76   11.83 v _4651_/X (sky130_fd_sc_hd__or4_2)
                                         _2284_ (net)
                  0.20    0.00   11.84 v _4661_/C (sky130_fd_sc_hd__and3_2)
     3    0.01    0.05    0.28   12.12 v _4661_/X (sky130_fd_sc_hd__and3_2)
                                         _2292_ (net)
                  0.05    0.00   12.12 v _4662_/A (sky130_fd_sc_hd__buf_1)
    10    0.02    0.14    0.18   12.30 v _4662_/X (sky130_fd_sc_hd__buf_1)
                                         _2293_ (net)
                  0.14    0.00   12.30 v _4672_/B2 (sky130_fd_sc_hd__a2bb2o_2)
     1    0.00    0.04    0.26   12.55 v _4672_/X (sky130_fd_sc_hd__a2bb2o_2)
                                         _0325_ (net)
                  0.04    0.00   12.55 v _5405_/D (sky130_fd_sc_hd__dfrtp_2)
                                 12.55   data arrival time

                  0.00   15.00   15.00   clock core_clock (rise edge)
                          0.00   15.00   clock network delay (ideal)
                          0.00   15.00   clock reconvergence pessimism
                                 15.00 ^ _5405_/CLK (sky130_fd_sc_hd__dfrtp_2)
                         -0.12   14.88   library setup time
                                 14.88   data required time
-----------------------------------------------------------------------------
                                 14.88   data required time
                                -12.55   data arrival time
-----------------------------------------------------------------------------
                                  2.32   slack (MET)




===========================================================================
report_checks --slack_max -0.01
============================================================================
======================= Typical Corner ===================================

No paths found.


===========================================================================
 report_check_types -max_slew -max_cap -max_fanout -violators
============================================================================
======================= Typical Corner ===================================


max slew violations count Typical: 0
max fanout violations count Typical: 0
max cap violations count Typical: 0

===========================================================================
report_parasitic_annotation -report_unannotated
============================================================================
Found 1 unannotated drivers.
 clk
Found 0 partially unannotated drivers.

===========================================================================
max slew violation count 0
max fanout violation count 0
max cap violation count 0
============================================================================

===========================================================================
check_setup -verbose -unconstrained_endpoints -multiple_clock -no_clock -no_input_delay -loops -generated_clocks
===========================================================================
Warning: There are 2 input ports missing set_input_delay.
  control
  res
Warning: There are 12 unconstrained endpoints.
  an[0]
  an[1]
  an[2]
  an[3]
  seg[0]
  seg[1]
  seg[2]
  seg[3]
  seg[4]
  seg[5]
  seg[6]
  _5079_/D
