OpenROAD b16bda7e82721d10566ff7e2b68f1ff0be9f9e38 
Features included (+) or not (-): +Charts +GPU +GUI +Python
This program is licensed under the BSD-3 license. See the LICENSE file for details.
Components of this program may be licensed under more restrictive licenses which must be honored.
define_corners Typical
read_liberty -corner Typical /home/kagan/.volare/sky130A/libs.ref/sky130_fd_sc_hd/lib/sky130_fd_sc_hd__tt_025C_1v80.lib
Using 1e-12 for capacitance...
Using 1e+03 for resistance...
Using 1e-09 for time...
Using 1e+00 for voltage...
Using 1e-03 for current...
Using 1e-09 for power...
Using 1e-06 for distance...
[INFO]: Reading ODB at '/openlane/designs/alu_and_register/runs/RUN_2025.06.03_11.26.31/tmp/routing/21-fill.odb'…
Reading design constraints file at '/openlane/designs/alu_and_register/src/TopModule.sdc'…
[INFO ORD-0030] Using 2 thread(s).
[INFO DRT-0149] Reading tech and libs.
[WARNING DRT-0349] LEF58_ENCLOSURE with no CUTCLASS is not supported. Skipping for layer mcon
[WARNING DRT-0349] LEF58_ENCLOSURE with no CUTCLASS is not supported. Skipping for layer mcon
[WARNING DRT-0349] LEF58_ENCLOSURE with no CUTCLASS is not supported. Skipping for layer via
[WARNING DRT-0349] LEF58_ENCLOSURE with no CUTCLASS is not supported. Skipping for layer via
[WARNING DRT-0349] LEF58_ENCLOSURE with no CUTCLASS is not supported. Skipping for layer via2
[WARNING DRT-0349] LEF58_ENCLOSURE with no CUTCLASS is not supported. Skipping for layer via2
[WARNING DRT-0349] LEF58_ENCLOSURE with no CUTCLASS is not supported. Skipping for layer via3
[WARNING DRT-0349] LEF58_ENCLOSURE with no CUTCLASS is not supported. Skipping for layer via3
[WARNING DRT-0349] LEF58_ENCLOSURE with no CUTCLASS is not supported. Skipping for layer via4
[WARNING DRT-0349] LEF58_ENCLOSURE with no CUTCLASS is not supported. Skipping for layer via4

Units:                1000
Number of layers:     13
Number of macros:     441
Number of vias:       29
Number of viarulegen: 25

[INFO DRT-0150] Reading design.

Design:                   TopModule
Die area:                 ( 0 0 ) ( 3500000 3500000 )
Number of track patterns: 12
Number of DEF vias:       0
Number of components:     1395496
Number of terminals:      149
Number of snets:          2
Number of nets:           10127

[INFO DRT-0167] List of default vias:
  Layer via
    default via: M1M2_PR
  Layer via2
    default via: M2M3_PR
  Layer via3
    default via: M3M4_PR
  Layer via4
    default via: M4M5_PR
[INFO DRT-0162] Library cell analysis.
[INFO DRT-0163] Instance analysis.
  Complete 100000 instances.
  Complete 200000 instances.
  Complete 300000 instances.
  Complete 400000 instances.
  Complete 500000 instances.
  Complete 600000 instances.
  Complete 700000 instances.
  Complete 800000 instances.
  Complete 900000 instances.
  Complete 1000000 instances.
[INFO DRT-0164] Number of unique instances = 370.
[INFO DRT-0168] Init region query.
[INFO DRT-0018]   Complete 100000 insts.
[INFO DRT-0018]   Complete 200000 insts.
[INFO DRT-0018]   Complete 300000 insts.
[INFO DRT-0018]   Complete 400000 insts.
[INFO DRT-0018]   Complete 500000 insts.
[INFO DRT-0018]   Complete 600000 insts.
[INFO DRT-0018]   Complete 700000 insts.
[INFO DRT-0018]   Complete 800000 insts.
[INFO DRT-0018]   Complete 900000 insts.
[INFO DRT-0019]   Complete 1000000 insts.
[INFO DRT-0024]   Complete FR_MASTERSLICE.
[INFO DRT-0024]   Complete Fr_VIA.
[INFO DRT-0024]   Complete li1.
[INFO DRT-0024]   Complete mcon.
[INFO DRT-0024]   Complete met1.
[INFO DRT-0024]   Complete via.
[INFO DRT-0024]   Complete met2.
[INFO DRT-0024]   Complete via2.
[INFO DRT-0024]   Complete met3.
[INFO DRT-0024]   Complete via3.
[INFO DRT-0024]   Complete met4.
[INFO DRT-0024]   Complete via4.
[INFO DRT-0024]   Complete met5.
[INFO DRT-0033] FR_MASTERSLICE shape region query size = 0.
[INFO DRT-0033] FR_VIA shape region query size = 0.
[INFO DRT-0033] li1 shape region query size = 7118209.
[INFO DRT-0033] mcon shape region query size = 15018840.
[INFO DRT-0033] met1 shape region query size = 2937337.
[INFO DRT-0033] via shape region query size = 556365.
[INFO DRT-0033] met2 shape region query size = 333866.
[INFO DRT-0033] via2 shape region query size = 445092.
[INFO DRT-0033] met3 shape region query size = 333919.
[INFO DRT-0033] via3 shape region query size = 445092.
[INFO DRT-0033] met4 shape region query size = 126759.
[INFO DRT-0033] via4 shape region query size = 15138.
[INFO DRT-0033] met5 shape region query size = 15486.
[INFO DRT-0165] Start pin access.
[INFO DRT-0076]   Complete 1000 pins.
[INFO DRT-0078]   Complete 1297 pins.
[INFO DRT-0079]   Complete 100 unique inst patterns.
[INFO DRT-0079]   Complete 200 unique inst patterns.
[INFO DRT-0079]   Complete 300 unique inst patterns.
[INFO DRT-0081]   Complete 352 unique inst patterns.
[INFO DRT-0082]   Complete 10000 groups.
[INFO DRT-0082]   Complete 20000 groups.
[INFO DRT-0082]   Complete 30000 groups.
[INFO DRT-0082]   Complete 40000 groups.
[INFO DRT-0082]   Complete 50000 groups.
[INFO DRT-0082]   Complete 60000 groups.
[INFO DRT-0082]   Complete 70000 groups.
[INFO DRT-0082]   Complete 80000 groups.
[INFO DRT-0082]   Complete 90000 groups.
[INFO DRT-0083]   Complete 100000 groups.
[INFO DRT-0084]   Complete 137141 groups.
#scanned instances     = 1395496
#unique  instances     = 370
#stdCellGenAp          = 10826
#stdCellValidPlanarAp  = 197
#stdCellValidViaAp     = 7701
#stdCellPinNoAp        = 0
#stdCellPinCnt         = 28316
#instTermValidViaApCnt = 0
#macroGenAp            = 0
#macroValidPlanarAp    = 0
#macroValidViaAp       = 0
#macroNoAp             = 0
[INFO DRT-0166] Complete pin access.
[INFO DRT-0267] cpu time = 00:00:37, elapsed time = 00:00:18, memory = 3488.36 (MB), peak = 3882.04 (MB)
[INFO DRT-0156] guideIn read 100000 guides.
[INFO DRT-0156] guideIn read 200000 guides.

Number of guides:     258597

[INFO DRT-0169] Post process guides.
[INFO DRT-0176] GCELLGRID X 0 DO 507 STEP 6900 ;
[INFO DRT-0177] GCELLGRID Y 0 DO 507 STEP 6900 ;
[INFO DRT-0026]   Complete 100000 origin guides.
[INFO DRT-0026]   Complete 200000 origin guides.
[INFO DRT-0028]   Complete FR_MASTERSLICE.
[INFO DRT-0028]   Complete Fr_VIA.
[INFO DRT-0028]   Complete li1.
[INFO DRT-0028]   Complete mcon.
[INFO DRT-0028]   Complete met1.
[INFO DRT-0028]   Complete via.
[INFO DRT-0028]   Complete met2.
[INFO DRT-0028]   Complete via2.
[INFO DRT-0028]   Complete met3.
[INFO DRT-0028]   Complete via3.
[INFO DRT-0028]   Complete met4.
[INFO DRT-0028]   Complete via4.
[INFO DRT-0028]   Complete met5.
[INFO DRT-0178] Init guide query.
[INFO DRT-0035]   Complete FR_MASTERSLICE (guide).
[INFO DRT-0035]   Complete Fr_VIA (guide).
[INFO DRT-0035]   Complete li1 (guide).
[INFO DRT-0035]   Complete mcon (guide).
[INFO DRT-0035]   Complete met1 (guide).
[INFO DRT-0035]   Complete via (guide).
[INFO DRT-0035]   Complete met2 (guide).
[INFO DRT-0035]   Complete via2 (guide).
[INFO DRT-0035]   Complete met3 (guide).
[INFO DRT-0035]   Complete via3 (guide).
[INFO DRT-0035]   Complete met4 (guide).
[INFO DRT-0035]   Complete via4 (guide).
[INFO DRT-0035]   Complete met5 (guide).
[INFO DRT-0036] FR_MASTERSLICE guide region query size = 0.
[INFO DRT-0036] FR_VIA guide region query size = 0.
[INFO DRT-0036] li1 guide region query size = 73695.
[INFO DRT-0036] mcon guide region query size = 0.
[INFO DRT-0036] met1 guide region query size = 79498.
[INFO DRT-0036] via guide region query size = 0.
[INFO DRT-0036] met2 guide region query size = 55942.
[INFO DRT-0036] via2 guide region query size = 0.
[INFO DRT-0036] met3 guide region query size = 2119.
[INFO DRT-0036] via3 guide region query size = 0.
[INFO DRT-0036] met4 guide region query size = 1030.
[INFO DRT-0036] via4 guide region query size = 0.
[INFO DRT-0036] met5 guide region query size = 0.
[INFO DRT-0179] Init gr pin query.
[INFO DRT-0245] skipped writing guide updates to database.
[INFO DRT-0185] Post process initialize RPin region query.
[INFO DRT-0181] Start track assignment.
[INFO DRT-0184] Done with 130667 vertical wires in 11 frboxes and 81617 horizontal wires in 11 frboxes.
[INFO DRT-0186] Done with 9549 vertical wires in 11 frboxes and 13087 horizontal wires in 11 frboxes.
[INFO DRT-0182] Complete track assignment.
[INFO DRT-0267] cpu time = 00:01:26, elapsed time = 00:00:48, memory = 5280.37 (MB), peak = 6180.65 (MB)
[INFO DRT-0187] Start routing data preparation.
[INFO DRT-0267] cpu time = 00:00:01, elapsed time = 00:00:01, memory = 5280.37 (MB), peak = 6180.65 (MB)
[INFO DRT-0194] Start detail routing.
[INFO DRT-0195] Start 0th optimization iteration.
    Completing 10% with 0 violations.
    elapsed time = 00:00:34, memory = 8380.02 (MB).
    Completing 20% with 2153 violations.
    elapsed time = 00:02:22, memory = 10529.01 (MB).
    Completing 30% with 2544 violations.
    elapsed time = 00:02:57, memory = 10396.07 (MB).
    Completing 40% with 2544 violations.
    elapsed time = 00:03:35, memory = 10548.31 (MB).
    Completing 50% with 4829 violations.
    elapsed time = 00:04:54, memory = 10452.62 (MB).
    Completing 60% with 5325 violations.
    elapsed time = 00:05:30, memory = 10727.73 (MB).
    Completing 70% with 7221 violations.
    elapsed time = 00:06:17, memory = 10726.91 (MB).
    Completing 80% with 7574 violations.
    elapsed time = 00:06:51, memory = 10761.59 (MB).
    Completing 90% with 7574 violations.
    elapsed time = 00:07:28, memory = 10715.93 (MB).
    Completing 100% with 10187 violations.
    elapsed time = 00:08:37, memory = 10898.84 (MB).
[INFO DRT-0199]   Number of violations = 15155.
Viol/Layer         li1   mcon   met1    via   met2   met3   met4
Cut Spacing          0     86      0      3      0      0      0
Metal Spacing      755      0   1116      0    783     29      1
Min Hole             0      0      5      0      0      0      0
NS Metal             1      0      0      0      0      0      0
Recheck             13      0   3419      0    883      3    650
Short                0      2   6735      0    668      0      3
[INFO DRT-0267] cpu time = 00:13:20, elapsed time = 00:08:44, memory = 10753.39 (MB), peak = 10975.34 (MB)
Total wire length = 19185015 um.
Total wire length on LAYER li1 = 0 um.
Total wire length on LAYER met1 = 9025304 um.
Total wire length on LAYER met2 = 8670248 um.
Total wire length on LAYER met3 = 615827 um.
Total wire length on LAYER met4 = 873634 um.
Total wire length on LAYER met5 = 0 um.
Total number of vias = 298268.
Up-via summary (total 298268):

-------------------------
 FR_MASTERSLICE         0
            li1    153249
           met1    140764
           met2      2249
           met3      2006
           met4         0
-------------------------
                   298268


[INFO DRT-0195] Start 1st optimization iteration.
    Completing 10% with 15155 violations.
    elapsed time = 00:00:36, memory = 10785.06 (MB).
    Completing 20% with 13225 violations.
    elapsed time = 00:01:42, memory = 10702.34 (MB).
    Completing 30% with 12555 violations.
    elapsed time = 00:02:18, memory = 10691.32 (MB).
    Completing 40% with 12555 violations.
    elapsed time = 00:03:07, memory = 10600.80 (MB).
    Completing 50% with 10362 violations.
    elapsed time = 00:04:11, memory = 10719.73 (MB).
    Completing 60% with 9806 violations.
    elapsed time = 00:04:46, memory = 10740.59 (MB).
    Completing 70% with 7336 violations.
    elapsed time = 00:05:48, memory = 10776.76 (MB).
    Completing 80% with 6704 violations.
    elapsed time = 00:06:26, memory = 10798.59 (MB).
    Completing 90% with 6704 violations.
    elapsed time = 00:07:14, memory = 10810.91 (MB).
    Completing 100% with 3348 violations.
    elapsed time = 00:08:15, memory = 10810.75 (MB).
[INFO DRT-0199]   Number of violations = 3514.
Viol/Layer        mcon   met1   met2   met3
Cut Spacing          2      0      0      0
Metal Spacing        0    122    235      0
Min Hole             0      4      0      0
Recheck              0    131     51      1
Short                0   2797    171      0
[INFO DRT-0267] cpu time = 00:13:53, elapsed time = 00:08:19, memory = 10667.59 (MB), peak = 10975.34 (MB)
Total wire length = 19186180 um.
Total wire length on LAYER li1 = 0 um.
Total wire length on LAYER met1 = 9027417 um.
Total wire length on LAYER met2 = 8669296 um.
Total wire length on LAYER met3 = 616018 um.
Total wire length on LAYER met4 = 873447 um.
Total wire length on LAYER met5 = 0 um.
Total number of vias = 300047.
Up-via summary (total 300047):

-------------------------
 FR_MASTERSLICE         0
            li1    153208
           met1    142402
           met2      2411
           met3      2026
           met4         0
-------------------------
                   300047


[INFO DRT-0195] Start 2nd optimization iteration.
    Completing 10% with 3514 violations.
    elapsed time = 00:00:10, memory = 10702.90 (MB).
    Completing 20% with 3363 violations.
    elapsed time = 00:00:24, memory = 10735.61 (MB).
    Completing 30% with 3304 violations.
    elapsed time = 00:00:29, memory = 10749.11 (MB).
    Completing 40% with 3304 violations.
    elapsed time = 00:00:43, memory = 10780.08 (MB).
    Completing 50% with 3091 violations.
    elapsed time = 00:00:55, memory = 10751.41 (MB).
    Completing 60% with 3007 violations.
    elapsed time = 00:01:03, memory = 10769.29 (MB).
    Completing 70% with 2660 violations.
    elapsed time = 00:01:23, memory = 10760.29 (MB).
    Completing 80% with 2595 violations.
    elapsed time = 00:01:30, memory = 10770.55 (MB).
    Completing 90% with 2595 violations.
    elapsed time = 00:01:43, memory = 10773.26 (MB).
    Completing 100% with 2183 violations.
    elapsed time = 00:01:58, memory = 10786.25 (MB).
[INFO DRT-0199]   Number of violations = 2296.
Viol/Layer        mcon   met1   met2   met3   met4
Cut Spacing          2      0      0      0      0
Metal Spacing        0     84    122      0      1
Recheck              0     97     39      1      0
Short                0   1859     88      2      1
[INFO DRT-0267] cpu time = 00:03:42, elapsed time = 00:02:00, memory = 10786.06 (MB), peak = 10975.34 (MB)
Total wire length = 19186141 um.
Total wire length on LAYER li1 = 0 um.
Total wire length on LAYER met1 = 9027287 um.
Total wire length on LAYER met2 = 8669178 um.
Total wire length on LAYER met3 = 616046 um.
Total wire length on LAYER met4 = 873629 um.
Total wire length on LAYER met5 = 0 um.
Total number of vias = 300101.
Up-via summary (total 300101):

-------------------------
 FR_MASTERSLICE         0
            li1    153208
           met1    142441
           met2      2385
           met3      2067
           met4         0
-------------------------
                   300101


[INFO DRT-0195] Start 3rd optimization iteration.
    Completing 10% with 2296 violations.
    elapsed time = 00:00:03, memory = 10794.41 (MB).
    Completing 20% with 1780 violations.
    elapsed time = 00:00:11, memory = 10785.78 (MB).
    Completing 30% with 1692 violations.
    elapsed time = 00:00:14, memory = 10788.80 (MB).
    Completing 40% with 1692 violations.
    elapsed time = 00:00:23, memory = 10796.99 (MB).
    Completing 50% with 1179 violations.
    elapsed time = 00:00:30, memory = 10802.27 (MB).
    Completing 60% with 1095 violations.
    elapsed time = 00:00:34, memory = 10808.42 (MB).
    Completing 70% with 555 violations.
    elapsed time = 00:00:42, memory = 10753.30 (MB).
    Completing 80% with 483 violations.
    elapsed time = 00:00:45, memory = 10755.60 (MB).
    Completing 90% with 483 violations.
    elapsed time = 00:00:52, memory = 10754.79 (MB).
    Completing 100% with 9 violations.
    elapsed time = 00:00:58, memory = 10703.37 (MB).
[INFO DRT-0199]   Number of violations = 45.
Viol/Layer        met1   met2   met3
Metal Spacing        0      1      0
Recheck             16     17      3
Short                8      0      0
[INFO DRT-0267] cpu time = 00:01:51, elapsed time = 00:00:59, memory = 10445.65 (MB), peak = 10975.34 (MB)
Total wire length = 19186208 um.
Total wire length on LAYER li1 = 0 um.
Total wire length on LAYER met1 = 9022201 um.
Total wire length on LAYER met2 = 8670334 um.
Total wire length on LAYER met3 = 620048 um.
Total wire length on LAYER met4 = 873623 um.
Total wire length on LAYER met5 = 0 um.
Total number of vias = 303803.
Up-via summary (total 303803):

-------------------------
 FR_MASTERSLICE         0
            li1    153208
           met1    145322
           met2      3193
           met3      2080
           met4         0
-------------------------
                   303803


[INFO DRT-0195] Start 4th optimization iteration.
    Completing 10% with 45 violations.
    elapsed time = 00:00:00, memory = 10445.65 (MB).
    Completing 20% with 30 violations.
    elapsed time = 00:00:00, memory = 10445.65 (MB).
    Completing 30% with 26 violations.
    elapsed time = 00:00:00, memory = 10445.65 (MB).
    Completing 40% with 26 violations.
    elapsed time = 00:00:00, memory = 10445.65 (MB).
    Completing 50% with 16 violations.
    elapsed time = 00:00:00, memory = 10445.65 (MB).
    Completing 60% with 16 violations.
    elapsed time = 00:00:00, memory = 10445.65 (MB).
    Completing 70% with 16 violations.
    elapsed time = 00:00:00, memory = 10445.65 (MB).
    Completing 80% with 5 violations.
    elapsed time = 00:00:00, memory = 10445.65 (MB).
    Completing 90% with 5 violations.
    elapsed time = 00:00:00, memory = 10445.65 (MB).
    Completing 100% with 0 violations.
    elapsed time = 00:00:00, memory = 10445.65 (MB).
[INFO DRT-0199]   Number of violations = 0.
[INFO DRT-0267] cpu time = 00:00:02, elapsed time = 00:00:00, memory = 10445.65 (MB), peak = 10975.34 (MB)
Total wire length = 19186200 um.
Total wire length on LAYER li1 = 0 um.
Total wire length on LAYER met1 = 9022181 um.
Total wire length on LAYER met2 = 8670333 um.
Total wire length on LAYER met3 = 620062 um.
Total wire length on LAYER met4 = 873623 um.
Total wire length on LAYER met5 = 0 um.
Total number of vias = 303811.
Up-via summary (total 303811):

-------------------------
 FR_MASTERSLICE         0
            li1    153208
           met1    145326
           met2      3197
           met3      2080
           met4         0
-------------------------
                   303811


[INFO DRT-0198] Complete detail routing.
Total wire length = 19186200 um.
Total wire length on LAYER li1 = 0 um.
Total wire length on LAYER met1 = 9022181 um.
Total wire length on LAYER met2 = 8670333 um.
Total wire length on LAYER met3 = 620062 um.
Total wire length on LAYER met4 = 873623 um.
Total wire length on LAYER met5 = 0 um.
Total number of vias = 303811.
Up-via summary (total 303811):

-------------------------
 FR_MASTERSLICE         0
            li1    153208
           met1    145326
           met2      3197
           met3      2080
           met4         0
-------------------------
                   303811


[INFO DRT-0267] cpu time = 00:32:50, elapsed time = 00:20:06, memory = 10445.65 (MB), peak = 10975.34 (MB)

[INFO DRT-0180] Post processing.
Setting global connections for newly added cells…
Writing OpenROAD database to '/openlane/designs/alu_and_register/runs/RUN_2025.06.03_11.26.31/results/routing/TopModule.odb'…
Writing netlist to '/openlane/designs/alu_and_register/runs/RUN_2025.06.03_11.26.31/results/routing/TopModule.nl.v'…
Writing powered netlist to '/openlane/designs/alu_and_register/runs/RUN_2025.06.03_11.26.31/results/routing/TopModule.pnl.v'…
Writing layout to '/openlane/designs/alu_and_register/runs/RUN_2025.06.03_11.26.31/results/routing/TopModule.def'…
