Partial/Required:  9.55, Required:    400.0, Partial:  3819.05, Net: _0065_, Pin: _1316_/D, Layer: met3
Partial/Required:  3.93, Required:    400.0, Partial:  1570.44, Net: imem_inst.address\[8\], Pin: rebuffer64/A, Layer: met1
Partial/Required:  2.70, Required:    400.0, Partial:  1080.66, Net: _0251_, Pin: _1178_/A2, Layer: met3
Partial/Required:  2.11, Required:    400.0, Partial:   842.22, Net: _0323_, Pin: _1263_/B_N, Layer: met1
Partial/Required:  2.03, Required:    400.0, Partial:   810.79, Net: _0250_, Pin: _1044_/B, Layer: met3
Partial/Required:  1.73, Required:    400.0, Partial:   692.42, Net: imem_inst.address\[21\], Pin: _0970_/A, Layer: met1
Partial/Required:  1.71, Required:    400.0, Partial:   685.22, Net: net78, Pin: rebuffer56/A, Layer: met1
Partial/Required:  1.48, Required:    400.0, Partial:   593.52, Net: _0364_, Pin: rebuffer40/A, Layer: met1
Partial/Required:  1.44, Required:    400.0, Partial:   575.56, Net: _0382_, Pin: rebuffer42/A, Layer: met1
Partial/Required:  1.44, Required:   2969.6, Partial:  4269.08, Net: _0588_, Pin: _0804_/A, Layer: met4
Partial/Required:  1.39, Required:    400.0, Partial:   555.16, Net: regfile_inst.registers\[25\]\[5\], Pin: _0641_/B2, Layer: met2
Partial/Required:  1.33, Required:    400.0, Partial:   531.12, Net: _0525_, Pin: _0675_/B2, Layer: met2
Partial/Required:  1.28, Required:    400.0, Partial:   513.28, Net: _0383_, Pin: _1173_/C, Layer: met1
Partial/Required:  1.28, Required:    400.0, Partial:   511.89, Net: _0116_, Pin: _1367_/D, Layer: met1
Partial/Required:  1.26, Required:    400.0, Partial:   504.74, Net: _0420_, Pin: _0674_/A1, Layer: met1
Partial/Required:  1.23, Required:    400.0, Partial:   493.68, Net: _0633_, Pin: _0885_/A, Layer: met3
Partial/Required:  1.23, Required:    400.0, Partial:    491.0, Net: _0575_, Pin: _0801_/B, Layer: met1
Partial/Required:  1.18, Required:    400.0, Partial:   473.85, Net: display_inst.digit_select\[0\], Pin: _1245_/A1, Layer: met1
Partial/Required:  1.18, Required:    400.0, Partial:   472.24, Net: _0421_, Pin: _1215_/A, Layer: met3
Partial/Required:  1.18, Required:    400.0, Partial:   470.34, Net: _0449_, Pin: _0677_/B1, Layer: met1
Partial/Required:  1.17, Required:    400.0, Partial:   468.87, Net: _0631_, Pin: _0881_/A, Layer: met1
Partial/Required:  1.10, Required:    400.0, Partial:   438.48, Net: _0552_, Pin: _0714_/B1, Layer: met3
Partial/Required:  1.05, Required:    400.0, Partial:   419.21, Net: _0191_, Pin: _0982_/A, Layer: met1
Partial/Required:  1.03, Required:    400.0, Partial:    412.0, Net: _0253_, Pin: _1044_/A, Layer: met1
Partial/Required:  1.03, Required:    400.0, Partial:   411.46, Net: _0273_, Pin: _1090_/A2, Layer: met1
Partial/Required:  1.01, Required:    400.0, Partial:   404.42, Net: clknet_3_3__leaf_clk, Pin: _1340_/CLK, Layer: met1
