
===========================================================================
 report_power
============================================================================
======================= Fastest Corner ===================================

Group                  Internal  Switching    Leakage      Total
                          Power      Power      Power      Power (Watts)
----------------------------------------------------------------
Sequential             1.51e-04   0.00e+00   3.05e-08   1.51e-04  42.5%
Combinational          2.84e-14   1.34e-13   9.12e-10   9.12e-10   0.0%
Clock                  1.37e-04   6.74e-05   1.17e-09   2.04e-04  57.5%
Macro                  0.00e+00   0.00e+00   0.00e+00   0.00e+00   0.0%
Pad                    0.00e+00   0.00e+00   0.00e+00   0.00e+00   0.0%
----------------------------------------------------------------
Total                  2.88e-04   6.74e-05   3.25e-08   3.55e-04 100.0%
                          81.0%      19.0%       0.0%

======================= Slowest Corner ===================================

Group                  Internal  Switching    Leakage      Total
                          Power      Power      Power      Power (Watts)
----------------------------------------------------------------
Sequential             9.94e-05   0.00e+00   6.18e-07   1.00e-04  41.2%
Combinational          1.94e-14   8.88e-14   7.12e-07   7.12e-07   0.3%
Clock                  9.81e-05   4.39e-05   1.32e-07   1.42e-04  58.5%
Macro                  0.00e+00   0.00e+00   0.00e+00   0.00e+00   0.0%
Pad                    0.00e+00   0.00e+00   0.00e+00   0.00e+00   0.0%
----------------------------------------------------------------
Total                  1.98e-04   4.39e-05   1.46e-06   2.43e-04 100.0%
                          81.3%      18.1%       0.6%

======================= Typical Corner ===================================

Group                  Internal  Switching    Leakage      Total
                          Power      Power      Power      Power (Watts)
----------------------------------------------------------------
Sequential             1.29e-04   0.00e+00   3.00e-08   1.30e-04  42.3%
Combinational          2.39e-14   1.14e-13   5.99e-10   5.99e-10   0.0%
Clock                  1.20e-04   5.65e-05   8.35e-10   1.76e-04  57.7%
Macro                  0.00e+00   0.00e+00   0.00e+00   0.00e+00   0.0%
Pad                    0.00e+00   0.00e+00   0.00e+00   0.00e+00   0.0%
----------------------------------------------------------------
Total                  2.49e-04   5.65e-05   3.15e-08   3.06e-04 100.0%
                          81.5%      18.5%       0.0%

