
Magic 8.3 revision 483 - Compiled on Sun Jun  2 18:57:41 UTC 2024.
Starting magic under Tcl interpreter
Using the terminal as the console.
Using NULL graphics device.
Processing system .magicrc file
Sourcing design .magicrc for technology sky130A ...
2 Magic internal units = 1 Lambda
Input style sky130(): scaleFactor=2, multiplier=2
The following types are not handled by extraction and will be treated as non-electrical types:
    ubm 
Scaled tech values by 2 / 1 to match internal grid scaling
Loading sky130A Device Generator Menu ...
Using technology "sky130A", version 1.0.466-0-gbdc9412
Reading LEF data from file /home/kagan/.volare/sky130A/libs.ref/sky130_fd_sc_hd/techlef/sky130_fd_sc_hd__nom.tlef.
This action cannot be undone.
LEF read, Line 78 (Message): Unknown keyword "ANTENNAMODEL" in LEF file; ignoring.
LEF read, Line 79 (Message): Unknown keyword "ANTENNADIFFSIDEAREARATIO" in LEF file; ignoring.
LEF read, Line 112 (Message): Unknown keyword "MINENCLOSEDAREA" in LEF file; ignoring.
LEF read, Line 114 (Message): Unknown keyword "ANTENNAMODEL" in LEF file; ignoring.
LEF read, Line 115 (Message): Unknown keyword "ANTENNADIFFSIDEAREARATIO" in LEF file; ignoring.
LEF read, Line 121 (Message): Unknown keyword "MAXIMUMDENSITY" in LEF file; ignoring.
LEF read, Line 122 (Message): Unknown keyword "DENSITYCHECKWINDOW" in LEF file; ignoring.
LEF read, Line 123 (Message): Unknown keyword "DENSITYCHECKSTEP" in LEF file; ignoring.
LEF read, Line 156 (Message): Unknown keyword "MINENCLOSEDAREA" in LEF file; ignoring.
LEF read, Line 164 (Message): Unknown keyword "ANTENNAMODEL" in LEF file; ignoring.
LEF read, Line 165 (Message): Unknown keyword "ANTENNADIFFSIDEAREARATIO" in LEF file; ignoring.
LEF read, Line 167 (Message): Unknown keyword "MAXIMUMDENSITY" in LEF file; ignoring.
LEF read, Line 168 (Message): Unknown keyword "DENSITYCHECKWINDOW" in LEF file; ignoring.
LEF read, Line 169 (Message): Unknown keyword "DENSITYCHECKSTEP" in LEF file; ignoring.
LEF read, Line 206 (Message): Unknown keyword "ANTENNAMODEL" in LEF file; ignoring.
LEF read, Line 207 (Message): Unknown keyword "ANTENNADIFFSIDEAREARATIO" in LEF file; ignoring.
LEF read, Line 209 (Message): Unknown keyword "MAXIMUMDENSITY" in LEF file; ignoring.
LEF read, Line 210 (Message): Unknown keyword "DENSITYCHECKWINDOW" in LEF file; ignoring.
LEF read, Line 211 (Message): Unknown keyword "DENSITYCHECKSTEP" in LEF file; ignoring.
LEF read, Line 248 (Message): Unknown keyword "ANTENNAMODEL" in LEF file; ignoring.
LEF read, Line 249 (Message): Unknown keyword "ANTENNADIFFSIDEAREARATIO" in LEF file; ignoring.
LEF read, Line 251 (Message): Unknown keyword "MAXIMUMDENSITY" in LEF file; ignoring.
LEF read, Line 252 (Message): Unknown keyword "DENSITYCHECKWINDOW" in LEF file; ignoring.
LEF read, Line 253 (Message): Unknown keyword "DENSITYCHECKSTEP" in LEF file; ignoring.
LEF read, Line 290 (Message): Unknown keyword "ANTENNAMODEL" in LEF file; ignoring.
LEF read, Line 291 (Message): Unknown keyword "ANTENNADIFFSIDEAREARATIO" in LEF file; ignoring.
LEF read: Processed 797 lines.
Reading DEF data from file /openlane/designs/full_cpu/runs/RUN_2025.06.14_22.33.02/results/routing/CPU_TOP.def.
This action cannot be undone.
  Processed 4 vias total.
Cell sky130_fd_sc_hd__decap_3 read from path /home/kagan/.volare/sky130A/libs.ref/sky130_fd_sc_hd/mag
Cell sky130_ef_sc_hd__decap_12 read from path /home/kagan/.volare/sky130A/libs.ref/sky130_fd_sc_hd/mag
Cell sky130_fd_sc_hd__fill_1 read from path /home/kagan/.volare/sky130A/libs.ref/sky130_fd_sc_hd/mag
Cell sky130_fd_sc_hd__decap_6 read from path /home/kagan/.volare/sky130A/libs.ref/sky130_fd_sc_hd/mag
Cell sky130_fd_sc_hd__fill_2 read from path /home/kagan/.volare/sky130A/libs.ref/sky130_fd_sc_hd/mag
Cell sky130_fd_sc_hd__decap_8 read from path /home/kagan/.volare/sky130A/libs.ref/sky130_fd_sc_hd/mag
Cell sky130_fd_sc_hd__decap_4 read from path /home/kagan/.volare/sky130A/libs.ref/sky130_fd_sc_hd/mag
Cell sky130_fd_sc_hd__tapvpwrvgnd_1 read from path /home/kagan/.volare/sky130A/libs.ref/sky130_fd_sc_hd/mag
Cell sky130_fd_sc_hd__nor2_1 read from path /home/kagan/.volare/sky130A/libs.ref/sky130_fd_sc_hd/mag
Cell sky130_fd_sc_hd__inv_2 read from path /home/kagan/.volare/sky130A/libs.ref/sky130_fd_sc_hd/mag
Cell sky130_fd_sc_hd__or4_4 read from path /home/kagan/.volare/sky130A/libs.ref/sky130_fd_sc_hd/mag
Cell sky130_fd_sc_hd__nor4_2 read from path /home/kagan/.volare/sky130A/libs.ref/sky130_fd_sc_hd/mag
Cell sky130_fd_sc_hd__or3b_1 read from path /home/kagan/.volare/sky130A/libs.ref/sky130_fd_sc_hd/mag
Cell sky130_fd_sc_hd__clkbuf_2 read from path /home/kagan/.volare/sky130A/libs.ref/sky130_fd_sc_hd/mag
Cell sky130_fd_sc_hd__or4bb_4 read from path /home/kagan/.volare/sky130A/libs.ref/sky130_fd_sc_hd/mag
Cell sky130_fd_sc_hd__and3_1 read from path /home/kagan/.volare/sky130A/libs.ref/sky130_fd_sc_hd/mag
Cell sky130_fd_sc_hd__buf_2 read from path /home/kagan/.volare/sky130A/libs.ref/sky130_fd_sc_hd/mag
Cell sky130_fd_sc_hd__buf_6 read from path /home/kagan/.volare/sky130A/libs.ref/sky130_fd_sc_hd/mag
Cell sky130_fd_sc_hd__or2_4 read from path /home/kagan/.volare/sky130A/libs.ref/sky130_fd_sc_hd/mag
Cell sky130_fd_sc_hd__or4b_1 read from path /home/kagan/.volare/sky130A/libs.ref/sky130_fd_sc_hd/mag
Cell sky130_fd_sc_hd__nor3b_1 read from path /home/kagan/.volare/sky130A/libs.ref/sky130_fd_sc_hd/mag
Cell sky130_fd_sc_hd__nand2_1 read from path /home/kagan/.volare/sky130A/libs.ref/sky130_fd_sc_hd/mag
Cell sky130_fd_sc_hd__nand2_2 read from path /home/kagan/.volare/sky130A/libs.ref/sky130_fd_sc_hd/mag
Cell sky130_fd_sc_hd__nand2_4 read from path /home/kagan/.volare/sky130A/libs.ref/sky130_fd_sc_hd/mag
Cell sky130_fd_sc_hd__or4_1 read from path /home/kagan/.volare/sky130A/libs.ref/sky130_fd_sc_hd/mag
Cell sky130_fd_sc_hd__or2_1 read from path /home/kagan/.volare/sky130A/libs.ref/sky130_fd_sc_hd/mag
Cell sky130_fd_sc_hd__or3_4 read from path /home/kagan/.volare/sky130A/libs.ref/sky130_fd_sc_hd/mag
Cell sky130_fd_sc_hd__clkbuf_4 read from path /home/kagan/.volare/sky130A/libs.ref/sky130_fd_sc_hd/mag
Cell sky130_fd_sc_hd__nor3_2 read from path /home/kagan/.volare/sky130A/libs.ref/sky130_fd_sc_hd/mag
Cell sky130_fd_sc_hd__and2_1 read from path /home/kagan/.volare/sky130A/libs.ref/sky130_fd_sc_hd/mag
Cell sky130_fd_sc_hd__a211o_2 read from path /home/kagan/.volare/sky130A/libs.ref/sky130_fd_sc_hd/mag
Cell sky130_fd_sc_hd__and4b_2 read from path /home/kagan/.volare/sky130A/libs.ref/sky130_fd_sc_hd/mag
Cell sky130_fd_sc_hd__or3_2 read from path /home/kagan/.volare/sky130A/libs.ref/sky130_fd_sc_hd/mag
Cell sky130_fd_sc_hd__nand3b_2 read from path /home/kagan/.volare/sky130A/libs.ref/sky130_fd_sc_hd/mag
Cell sky130_fd_sc_hd__and3_4 read from path /home/kagan/.volare/sky130A/libs.ref/sky130_fd_sc_hd/mag
Cell sky130_fd_sc_hd__a211o_1 read from path /home/kagan/.volare/sky130A/libs.ref/sky130_fd_sc_hd/mag
Cell sky130_fd_sc_hd__and4_1 read from path /home/kagan/.volare/sky130A/libs.ref/sky130_fd_sc_hd/mag
Cell sky130_fd_sc_hd__clkbuf_8 read from path /home/kagan/.volare/sky130A/libs.ref/sky130_fd_sc_hd/mag
Cell sky130_fd_sc_hd__o2111ai_4 read from path /home/kagan/.volare/sky130A/libs.ref/sky130_fd_sc_hd/mag
Cell sky130_fd_sc_hd__nand4_2 read from path /home/kagan/.volare/sky130A/libs.ref/sky130_fd_sc_hd/mag
Cell sky130_fd_sc_hd__nor2_2 read from path /home/kagan/.volare/sky130A/libs.ref/sky130_fd_sc_hd/mag
Cell sky130_fd_sc_hd__nor4_4 read from path /home/kagan/.volare/sky130A/libs.ref/sky130_fd_sc_hd/mag
Cell sky130_fd_sc_hd__o21ai_2 read from path /home/kagan/.volare/sky130A/libs.ref/sky130_fd_sc_hd/mag
Cell sky130_fd_sc_hd__nor3_1 read from path /home/kagan/.volare/sky130A/libs.ref/sky130_fd_sc_hd/mag
Cell sky130_fd_sc_hd__mux2_2 read from path /home/kagan/.volare/sky130A/libs.ref/sky130_fd_sc_hd/mag
Cell sky130_fd_sc_hd__and4_4 read from path /home/kagan/.volare/sky130A/libs.ref/sky130_fd_sc_hd/mag
Cell sky130_fd_sc_hd__o211a_1 read from path /home/kagan/.volare/sky130A/libs.ref/sky130_fd_sc_hd/mag
Cell sky130_fd_sc_hd__or3_1 read from path /home/kagan/.volare/sky130A/libs.ref/sky130_fd_sc_hd/mag
Cell sky130_fd_sc_hd__o311a_4 read from path /home/kagan/.volare/sky130A/libs.ref/sky130_fd_sc_hd/mag
Cell sky130_fd_sc_hd__mux2_1 read from path /home/kagan/.volare/sky130A/libs.ref/sky130_fd_sc_hd/mag
Cell sky130_fd_sc_hd__buf_4 read from path /home/kagan/.volare/sky130A/libs.ref/sky130_fd_sc_hd/mag
Cell sky130_fd_sc_hd__o21a_1 read from path /home/kagan/.volare/sky130A/libs.ref/sky130_fd_sc_hd/mag
Cell sky130_fd_sc_hd__a221o_1 read from path /home/kagan/.volare/sky130A/libs.ref/sky130_fd_sc_hd/mag
Cell sky130_fd_sc_hd__a21o_1 read from path /home/kagan/.volare/sky130A/libs.ref/sky130_fd_sc_hd/mag
Cell sky130_fd_sc_hd__and3b_1 read from path /home/kagan/.volare/sky130A/libs.ref/sky130_fd_sc_hd/mag
Cell sky130_fd_sc_hd__nor2_4 read from path /home/kagan/.volare/sky130A/libs.ref/sky130_fd_sc_hd/mag
Cell sky130_fd_sc_hd__or2_2 read from path /home/kagan/.volare/sky130A/libs.ref/sky130_fd_sc_hd/mag
Cell sky130_fd_sc_hd__a22oi_4 read from path /home/kagan/.volare/sky130A/libs.ref/sky130_fd_sc_hd/mag
Cell sky130_fd_sc_hd__buf_8 read from path /home/kagan/.volare/sky130A/libs.ref/sky130_fd_sc_hd/mag
Cell sky130_fd_sc_hd__o2111a_1 read from path /home/kagan/.volare/sky130A/libs.ref/sky130_fd_sc_hd/mag
Cell sky130_fd_sc_hd__o22a_1 read from path /home/kagan/.volare/sky130A/libs.ref/sky130_fd_sc_hd/mag
Cell sky130_fd_sc_hd__o221a_1 read from path /home/kagan/.volare/sky130A/libs.ref/sky130_fd_sc_hd/mag
Cell sky130_fd_sc_hd__and4b_1 read from path /home/kagan/.volare/sky130A/libs.ref/sky130_fd_sc_hd/mag
Cell sky130_fd_sc_hd__a31oi_4 read from path /home/kagan/.volare/sky130A/libs.ref/sky130_fd_sc_hd/mag
Cell sky130_fd_sc_hd__o21ai_1 read from path /home/kagan/.volare/sky130A/libs.ref/sky130_fd_sc_hd/mag
Cell sky130_fd_sc_hd__o31a_2 read from path /home/kagan/.volare/sky130A/libs.ref/sky130_fd_sc_hd/mag
Cell sky130_fd_sc_hd__and3_2 read from path /home/kagan/.volare/sky130A/libs.ref/sky130_fd_sc_hd/mag
Cell sky130_fd_sc_hd__o31ai_1 read from path /home/kagan/.volare/sky130A/libs.ref/sky130_fd_sc_hd/mag
Cell sky130_fd_sc_hd__or4b_2 read from path /home/kagan/.volare/sky130A/libs.ref/sky130_fd_sc_hd/mag
Cell sky130_fd_sc_hd__o211ai_2 read from path /home/kagan/.volare/sky130A/libs.ref/sky130_fd_sc_hd/mag
Cell sky130_fd_sc_hd__or2b_1 read from path /home/kagan/.volare/sky130A/libs.ref/sky130_fd_sc_hd/mag
Cell sky130_fd_sc_hd__nand3_4 read from path /home/kagan/.volare/sky130A/libs.ref/sky130_fd_sc_hd/mag
Cell sky130_fd_sc_hd__and2b_1 read from path /home/kagan/.volare/sky130A/libs.ref/sky130_fd_sc_hd/mag
Cell sky130_fd_sc_hd__xnor2_1 read from path /home/kagan/.volare/sky130A/libs.ref/sky130_fd_sc_hd/mag
Cell sky130_fd_sc_hd__o21a_2 read from path /home/kagan/.volare/sky130A/libs.ref/sky130_fd_sc_hd/mag
Cell sky130_fd_sc_hd__and2_2 read from path /home/kagan/.volare/sky130A/libs.ref/sky130_fd_sc_hd/mag
Cell sky130_fd_sc_hd__nand3_1 read from path /home/kagan/.volare/sky130A/libs.ref/sky130_fd_sc_hd/mag
Cell sky130_fd_sc_hd__a31o_1 read from path /home/kagan/.volare/sky130A/libs.ref/sky130_fd_sc_hd/mag
Cell sky130_fd_sc_hd__a32o_2 read from path /home/kagan/.volare/sky130A/libs.ref/sky130_fd_sc_hd/mag
Cell sky130_fd_sc_hd__o21ai_4 read from path /home/kagan/.volare/sky130A/libs.ref/sky130_fd_sc_hd/mag
Cell sky130_fd_sc_hd__a21oi_4 read from path /home/kagan/.volare/sky130A/libs.ref/sky130_fd_sc_hd/mag
Cell sky130_fd_sc_hd__o22ai_1 read from path /home/kagan/.volare/sky130A/libs.ref/sky130_fd_sc_hd/mag
Cell sky130_fd_sc_hd__a21oi_1 read from path /home/kagan/.volare/sky130A/libs.ref/sky130_fd_sc_hd/mag
Cell sky130_fd_sc_hd__o31ai_4 read from path /home/kagan/.volare/sky130A/libs.ref/sky130_fd_sc_hd/mag
Cell sky130_fd_sc_hd__a31o_4 read from path /home/kagan/.volare/sky130A/libs.ref/sky130_fd_sc_hd/mag
Cell sky130_fd_sc_hd__o31a_1 read from path /home/kagan/.volare/sky130A/libs.ref/sky130_fd_sc_hd/mag
Cell sky130_fd_sc_hd__o211ai_1 read from path /home/kagan/.volare/sky130A/libs.ref/sky130_fd_sc_hd/mag
Cell sky130_fd_sc_hd__mux2_4 read from path /home/kagan/.volare/sky130A/libs.ref/sky130_fd_sc_hd/mag
Cell sky130_fd_sc_hd__o221a_4 read from path /home/kagan/.volare/sky130A/libs.ref/sky130_fd_sc_hd/mag
Cell sky130_fd_sc_hd__o221ai_4 read from path /home/kagan/.volare/sky130A/libs.ref/sky130_fd_sc_hd/mag
Cell sky130_fd_sc_hd__or4b_4 read from path /home/kagan/.volare/sky130A/libs.ref/sky130_fd_sc_hd/mag
Cell sky130_fd_sc_hd__nor2_8 read from path /home/kagan/.volare/sky130A/libs.ref/sky130_fd_sc_hd/mag
Cell sky130_fd_sc_hd__a31oi_2 read from path /home/kagan/.volare/sky130A/libs.ref/sky130_fd_sc_hd/mag
Cell sky130_fd_sc_hd__and4bb_1 read from path /home/kagan/.volare/sky130A/libs.ref/sky130_fd_sc_hd/mag
Cell sky130_fd_sc_hd__xnor2_2 read from path /home/kagan/.volare/sky130A/libs.ref/sky130_fd_sc_hd/mag
Cell sky130_fd_sc_hd__xor2_1 read from path /home/kagan/.volare/sky130A/libs.ref/sky130_fd_sc_hd/mag
Cell sky130_fd_sc_hd__a21bo_1 read from path /home/kagan/.volare/sky130A/libs.ref/sky130_fd_sc_hd/mag
Cell sky130_fd_sc_hd__a21boi_2 read from path /home/kagan/.volare/sky130A/libs.ref/sky130_fd_sc_hd/mag
Cell sky130_fd_sc_hd__or2b_4 read from path /home/kagan/.volare/sky130A/libs.ref/sky130_fd_sc_hd/mag
Cell sky130_fd_sc_hd__a211o_4 read from path /home/kagan/.volare/sky130A/libs.ref/sky130_fd_sc_hd/mag
Cell sky130_fd_sc_hd__o211ai_4 read from path /home/kagan/.volare/sky130A/libs.ref/sky130_fd_sc_hd/mag
Cell sky130_fd_sc_hd__a21oi_2 read from path /home/kagan/.volare/sky130A/libs.ref/sky130_fd_sc_hd/mag
Cell sky130_fd_sc_hd__o2111ai_2 read from path /home/kagan/.volare/sky130A/libs.ref/sky130_fd_sc_hd/mag
Cell sky130_fd_sc_hd__a2111o_1 read from path /home/kagan/.volare/sky130A/libs.ref/sky130_fd_sc_hd/mag
Cell sky130_fd_sc_hd__o22a_2 read from path /home/kagan/.volare/sky130A/libs.ref/sky130_fd_sc_hd/mag
Cell sky130_fd_sc_hd__a2bb2o_2 read from path /home/kagan/.volare/sky130A/libs.ref/sky130_fd_sc_hd/mag
Cell sky130_fd_sc_hd__a22o_2 read from path /home/kagan/.volare/sky130A/libs.ref/sky130_fd_sc_hd/mag
Cell sky130_fd_sc_hd__o2bb2a_1 read from path /home/kagan/.volare/sky130A/libs.ref/sky130_fd_sc_hd/mag
Cell sky130_fd_sc_hd__a22oi_2 read from path /home/kagan/.volare/sky130A/libs.ref/sky130_fd_sc_hd/mag
Cell sky130_fd_sc_hd__a21o_2 read from path /home/kagan/.volare/sky130A/libs.ref/sky130_fd_sc_hd/mag
Cell sky130_fd_sc_hd__nand2b_4 read from path /home/kagan/.volare/sky130A/libs.ref/sky130_fd_sc_hd/mag
Cell sky130_fd_sc_hd__a22o_1 read from path /home/kagan/.volare/sky130A/libs.ref/sky130_fd_sc_hd/mag
Cell sky130_fd_sc_hd__o2111ai_1 read from path /home/kagan/.volare/sky130A/libs.ref/sky130_fd_sc_hd/mag
Cell sky130_fd_sc_hd__or4bb_2 read from path /home/kagan/.volare/sky130A/libs.ref/sky130_fd_sc_hd/mag
Cell sky130_fd_sc_hd__or3b_2 read from path /home/kagan/.volare/sky130A/libs.ref/sky130_fd_sc_hd/mag
Cell sky130_fd_sc_hd__clkbuf_1 read from path /home/kagan/.volare/sky130A/libs.ref/sky130_fd_sc_hd/mag
Cell sky130_fd_sc_hd__a2bb2o_1 read from path /home/kagan/.volare/sky130A/libs.ref/sky130_fd_sc_hd/mag
Cell sky130_fd_sc_hd__a311o_1 read from path /home/kagan/.volare/sky130A/libs.ref/sky130_fd_sc_hd/mag
Cell sky130_fd_sc_hd__o311a_1 read from path /home/kagan/.volare/sky130A/libs.ref/sky130_fd_sc_hd/mag
Cell sky130_fd_sc_hd__a211oi_1 read from path /home/kagan/.volare/sky130A/libs.ref/sky130_fd_sc_hd/mag
Cell sky130_fd_sc_hd__o32ai_4 read from path /home/kagan/.volare/sky130A/libs.ref/sky130_fd_sc_hd/mag
Cell sky130_fd_sc_hd__xor2_2 read from path /home/kagan/.volare/sky130A/libs.ref/sky130_fd_sc_hd/mag
Cell sky130_fd_sc_hd__nand3b_1 read from path /home/kagan/.volare/sky130A/libs.ref/sky130_fd_sc_hd/mag
Cell sky130_fd_sc_hd__a41o_1 read from path /home/kagan/.volare/sky130A/libs.ref/sky130_fd_sc_hd/mag
Cell sky130_fd_sc_hd__o21bai_1 read from path /home/kagan/.volare/sky130A/libs.ref/sky130_fd_sc_hd/mag
Cell sky130_fd_sc_hd__a32o_1 read from path /home/kagan/.volare/sky130A/libs.ref/sky130_fd_sc_hd/mag
Cell sky130_fd_sc_hd__a221oi_2 read from path /home/kagan/.volare/sky130A/libs.ref/sky130_fd_sc_hd/mag
Cell sky130_fd_sc_hd__o32a_1 read from path /home/kagan/.volare/sky130A/libs.ref/sky130_fd_sc_hd/mag
Cell sky130_fd_sc_hd__o21bai_2 read from path /home/kagan/.volare/sky130A/libs.ref/sky130_fd_sc_hd/mag
Cell sky130_fd_sc_hd__nor2b_2 read from path /home/kagan/.volare/sky130A/libs.ref/sky130_fd_sc_hd/mag
Cell sky130_fd_sc_hd__dlymetal6s2s_1 read from path /home/kagan/.volare/sky130A/libs.ref/sky130_fd_sc_hd/mag
Cell sky130_fd_sc_hd__or4bb_1 read from path /home/kagan/.volare/sky130A/libs.ref/sky130_fd_sc_hd/mag
Cell sky130_fd_sc_hd__a21boi_1 read from path /home/kagan/.volare/sky130A/libs.ref/sky130_fd_sc_hd/mag
Cell sky130_fd_sc_hd__dfrtp_1 read from path /home/kagan/.volare/sky130A/libs.ref/sky130_fd_sc_hd/mag
Cell sky130_fd_sc_hd__dfxtp_1 read from path /home/kagan/.volare/sky130A/libs.ref/sky130_fd_sc_hd/mag
Cell sky130_fd_sc_hd__dfrtp_4 read from path /home/kagan/.volare/sky130A/libs.ref/sky130_fd_sc_hd/mag
Cell sky130_fd_sc_hd__dfrtp_2 read from path /home/kagan/.volare/sky130A/libs.ref/sky130_fd_sc_hd/mag
Cell sky130_fd_sc_hd__clkbuf_16 read from path /home/kagan/.volare/sky130A/libs.ref/sky130_fd_sc_hd/mag
Cell sky130_fd_sc_hd__clkinv_8 read from path /home/kagan/.volare/sky130A/libs.ref/sky130_fd_sc_hd/mag
Cell sky130_fd_sc_hd__inv_6 read from path /home/kagan/.volare/sky130A/libs.ref/sky130_fd_sc_hd/mag
Cell sky130_fd_sc_hd__clkinv_4 read from path /home/kagan/.volare/sky130A/libs.ref/sky130_fd_sc_hd/mag
Cell sky130_fd_sc_hd__bufinv_16 read from path /home/kagan/.volare/sky130A/libs.ref/sky130_fd_sc_hd/mag
Cell sky130_fd_sc_hd__inv_16 read from path /home/kagan/.volare/sky130A/libs.ref/sky130_fd_sc_hd/mag
Cell sky130_fd_sc_hd__inv_8 read from path /home/kagan/.volare/sky130A/libs.ref/sky130_fd_sc_hd/mag
Cell sky130_fd_sc_hd__clkinvlp_4 read from path /home/kagan/.volare/sky130A/libs.ref/sky130_fd_sc_hd/mag
Cell sky130_fd_sc_hd__inv_12 read from path /home/kagan/.volare/sky130A/libs.ref/sky130_fd_sc_hd/mag
Cell sky130_fd_sc_hd__clkinv_1 read from path /home/kagan/.volare/sky130A/libs.ref/sky130_fd_sc_hd/mag
Cell sky130_fd_sc_hd__clkinvlp_2 read from path /home/kagan/.volare/sky130A/libs.ref/sky130_fd_sc_hd/mag
Cell sky130_fd_sc_hd__buf_12 read from path /home/kagan/.volare/sky130A/libs.ref/sky130_fd_sc_hd/mag
Cell sky130_fd_sc_hd__buf_1 read from path /home/kagan/.volare/sky130A/libs.ref/sky130_fd_sc_hd/mag
Cell sky130_fd_sc_hd__dlygate4sd1_1 read from path /home/kagan/.volare/sky130A/libs.ref/sky130_fd_sc_hd/mag
Cell sky130_fd_sc_hd__dlymetal6s4s_1 read from path /home/kagan/.volare/sky130A/libs.ref/sky130_fd_sc_hd/mag
  Processed 16749 subcell instances total.
  Processed 16 pins total.
  Processed 2 special nets total.
  Processed 3139 nets total.
DEF read: Processed 76337 lines.
Moving label "_0000_" from metal1 to via1 in cell CPU_TOP.
Moving label "_0002_" from metal1 to via1 in cell CPU_TOP.
Moving label "_0006_" from metal1 to via1 in cell CPU_TOP.
Moving label "_0015_" from metal1 to via1 in cell CPU_TOP.
Moving label "_0018_" from metal1 to via1 in cell CPU_TOP.
Moving label "_0020_" from metal1 to via1 in cell CPU_TOP.
Moving label "_0022_" from metal1 to via1 in cell CPU_TOP.
Moving label "_0034_" from metal1 to via1 in cell CPU_TOP.
Moving label "_0042_" from metal1 to via1 in cell CPU_TOP.
Moving label "_0057_" from metal1 to via1 in cell CPU_TOP.
Moving label "_0059_" from metal1 to via1 in cell CPU_TOP.
Moving label "_0077_" from metal1 to via1 in cell CPU_TOP.
Moving label "_0081_" from metal1 to via1 in cell CPU_TOP.
Moving label "_0082_" from metal1 to via1 in cell CPU_TOP.
Moving label "_0085_" from metal1 to via1 in cell CPU_TOP.
Moving label "_0097_" from metal1 to via1 in cell CPU_TOP.
Moving label "_0099_" from metal1 to viali in cell CPU_TOP.
Moving label "_0103_" from metal1 to via1 in cell CPU_TOP.
Moving label "_0112_" from metal1 to via1 in cell CPU_TOP.
Moving label "_0116_" from metal1 to via1 in cell CPU_TOP.
Moving label "_0117_" from metal1 to via1 in cell CPU_TOP.
Moving label "_0119_" from metal1 to via1 in cell CPU_TOP.
Moving label "_0122_" from metal1 to via1 in cell CPU_TOP.
Moving label "_0150_" from metal1 to via1 in cell CPU_TOP.
Moving label "_0156_" from metal1 to via1 in cell CPU_TOP.
Moving label "_0162_" from metal1 to viali in cell CPU_TOP.
Moving label "_0164_" from metal1 to via1 in cell CPU_TOP.
Moving label "_0167_" from metal1 to via1 in cell CPU_TOP.
Moving label "_0172_" from metal1 to via1 in cell CPU_TOP.
Moving label "_0175_" from metal1 to via1 in cell CPU_TOP.
Moving label "_0198_" from metal1 to via1 in cell CPU_TOP.
Moving label "_0201_" from metal1 to via1 in cell CPU_TOP.
Moving label "_0216_" from metal1 to via1 in cell CPU_TOP.
Moving label "_0219_" from metal1 to via1 in cell CPU_TOP.
Moving label "_0232_" from metal1 to via1 in cell CPU_TOP.
Moving label "_0239_" from metal1 to via1 in cell CPU_TOP.
Moving label "_0251_" from metal1 to via1 in cell CPU_TOP.
Moving label "_0261_" from metal1 to via1 in cell CPU_TOP.
Moving label "_0266_" from metal1 to via1 in cell CPU_TOP.
Moving label "_0272_" from metal1 to via1 in cell CPU_TOP.
Moving label "_0275_" from metal1 to via1 in cell CPU_TOP.
Moving label "_0283_" from metal1 to via1 in cell CPU_TOP.
Moving label "_0285_" from metal1 to via1 in cell CPU_TOP.
Moving label "_0289_" from metal1 to via1 in cell CPU_TOP.
Moving label "_0291_" from metal1 to via1 in cell CPU_TOP.
Moving label "_0306_" from metal1 to via1 in cell CPU_TOP.
Moving label "_0307_" from metal1 to via1 in cell CPU_TOP.
Moving label "_0311_" from metal1 to via1 in cell CPU_TOP.
Moving label "_0321_" from metal1 to via1 in cell CPU_TOP.
Moving label "_0364_" from metal1 to via1 in cell CPU_TOP.
Moving label "_0365_" from metal1 to via1 in cell CPU_TOP.
Moving label "_0371_" from metal1 to via1 in cell CPU_TOP.
Moving label "_0383_" from metal1 to via1 in cell CPU_TOP.
Moving label "_0384_" from metal1 to via1 in cell CPU_TOP.
Moving label "_0386_" from metal1 to viali in cell CPU_TOP.
Moving label "_0388_" from metal1 to via1 in cell CPU_TOP.
Moving label "_0391_" from metal1 to via1 in cell CPU_TOP.
Moving label "_0392_" from metal1 to via1 in cell CPU_TOP.
Moving label "_0425_" from metal1 to via1 in cell CPU_TOP.
Moving label "_0435_" from metal1 to via1 in cell CPU_TOP.
Moving label "_0439_" from metal1 to viali in cell CPU_TOP.
Moving label "_0441_" from metal1 to via1 in cell CPU_TOP.
Moving label "_0452_" from metal1 to via1 in cell CPU_TOP.
Moving label "_0458_" from metal1 to via1 in cell CPU_TOP.
Moving label "_0462_" from metal1 to via1 in cell CPU_TOP.
Moving label "_0469_" from metal1 to via1 in cell CPU_TOP.
Moving label "_0479_" from metal1 to via1 in cell CPU_TOP.
Moving label "_0487_" from metal1 to via1 in cell CPU_TOP.
Moving label "_0490_" from metal1 to via1 in cell CPU_TOP.
Moving label "_0494_" from metal1 to via1 in cell CPU_TOP.
Moving label "_0503_" from metal1 to via1 in cell CPU_TOP.
Moving label "_0532_" from metal1 to viali in cell CPU_TOP.
Moving label "_0549_" from metal1 to via1 in cell CPU_TOP.
Moving label "_0612_" from metal1 to viali in cell CPU_TOP.
Moving label "_0645_" from metal2 to via2 in cell CPU_TOP.
Moving label "_0731_" from metal2 to via2 in cell CPU_TOP.
Moving label "_0732_" from metal2 to via2 in cell CPU_TOP.
Moving label "_0756_" from metal1 to via1 in cell CPU_TOP.
Moving label "_0843_" from metal2 to via2 in cell CPU_TOP.
Moving label "_0917_" from metal1 to via1 in cell CPU_TOP.
Moving label "_1071_" from metal1 to via1 in cell CPU_TOP.
Moving label "_1089_" from metal2 to via2 in cell CPU_TOP.
Moving label "_1116_" from metal1 to viali in cell CPU_TOP.
Moving label "_1153_" from metal1 to viali in cell CPU_TOP.
Moving label "_1155_" from metal1 to via1 in cell CPU_TOP.
Moving label "_1181_" from metal2 to via1 in cell CPU_TOP.
Moving label "_1205_" from metal2 to via2 in cell CPU_TOP.
Moving label "_1215_" from metal2 to via2 in cell CPU_TOP.
Moving label "_1237_" from metal2 to via2 in cell CPU_TOP.
Moving label "_1281_" from metal2 to via2 in cell CPU_TOP.
Moving label "_1282_" from metal1 to via1 in cell CPU_TOP.
Moving label "_1284_" from metal1 to via1 in cell CPU_TOP.
Moving label "_1299_" from metal2 to via1 in cell CPU_TOP.
Moving label "_1355_" from metal2 to via2 in cell CPU_TOP.
Moving label "_1396_" from metal1 to via1 in cell CPU_TOP.
Moving label "_1397_" from metal1 to viali in cell CPU_TOP.
Moving label "_1805_" from metal2 to via1 in cell CPU_TOP.
Moving label "_1846_" from metal1 to viali in cell CPU_TOP.
Moving label "_2085_" from metal1 to via1 in cell CPU_TOP.
Moving label "_2133_" from metal2 to via2 in cell CPU_TOP.
Moving label "_2171_" from metal1 to viali in cell CPU_TOP.
Moving label "_2484_" from metal1 to via1 in cell CPU_TOP.
Moving label "_2491_" from metal2 to via2 in cell CPU_TOP.
Moving label "an[2]" from metal2 to via2 in cell CPU_TOP.
Moving label "an[3]" from metal2 to via2 in cell CPU_TOP.
Moving label "clknet_0_clk" from metal2 to via2 in cell CPU_TOP.
Moving label "clknet_2_1__leaf_clk" from metal2 to via2 in cell CPU_TOP.
Moving label "clknet_leaf_31_clk" from metal2 to via1 in cell CPU_TOP.
Moving label "cpu_inst.decoder_inst.current_pc\[4\]" from metal1 to via1 in cell CPU_TOP.
Moving label "cpu_inst.regfile_inst.registers\[0\]\[27\]" from metal2 to via2 in cell CPU_TOP.
Moving label "cpu_inst.regfile_inst.registers\[15\]\[7\]" from metal1 to via1 in cell CPU_TOP.
Moving label "cpu_inst.regfile_inst.registers\[1\]\[10\]" from metal1 to via1 in cell CPU_TOP.
Moving label "cpu_inst.regfile_inst.registers\[7\]\[16\]" from metal1 to via1 in cell CPU_TOP.
Moving label "edge_det.signal_reg" from metal2 to via1 in cell CPU_TOP.
Moving label "net23" from metal2 to via2 in cell CPU_TOP.
Moving label "seg[0]" from metal2 to via2 in cell CPU_TOP.
Moving label "seg[1]" from metal2 to via2 in cell CPU_TOP.
Moving label "seg[2]" from metal2 to via2 in cell CPU_TOP.
Moving label "seg[3]" from metal2 to via2 in cell CPU_TOP.
Moving label "seg[6]" from metal2 to via2 in cell CPU_TOP.
[INFO]: Writing abstract LEF
Generating LEF output /openlane/designs/full_cpu/runs/RUN_2025.06.14_22.33.02/results/signoff/CPU_TOP.lef for cell CPU_TOP:
Diagnostic:  Write LEF header for cell CPU_TOP
Diagnostic:  Writing LEF output for cell CPU_TOP
Diagnostic:  Scale value is 0.005000
[INFO]: LEF Write Complete
