Tue Jun 03 11:26:31 +0000 2025 - Executing "{openroad -exit -no_init -python /openlane/scripts/odbpy/lefutil.py get_metal_layers -o /openlane/designs/alu_and_register/runs/RUN_2025.06.03_11.26.31/tmp/layers.list /home/kagan/.volare/sky130A/libs.ref/sky130_fd_sc_hd/techlef/sky130_fd_sc_hd__nom.tlef}"

Tue Jun 03 11:26:31 +0000 2025 - Executing "{/openlane/scripts/mergeLef.py -o /openlane/designs/alu_and_register/runs/RUN_2025.06.03_11.26.31/tmp/merged.nom.lef -i /home/kagan/.volare/sky130A/libs.ref/sky130_fd_sc_hd/techlef/sky130_fd_sc_hd__nom.tlef {/home/kagan/.volare/sky130A/libs.ref/sky130_fd_sc_hd/lef/sky130_fd_sc_hd.lef /home/kagan/.volare/sky130A/libs.ref/sky130_fd_sc_hd/lef/sky130_ef_sc_hd.lef} |& tee /dev/null}"

Tue Jun 03 11:26:31 +0000 2025 - Executing "{/openlane/scripts/mergeLef.py -o /openlane/designs/alu_and_register/runs/RUN_2025.06.03_11.26.31/tmp/merged.min.lef -i /home/kagan/.volare/sky130A/libs.ref/sky130_fd_sc_hd/techlef/sky130_fd_sc_hd__min.tlef {/home/kagan/.volare/sky130A/libs.ref/sky130_fd_sc_hd/lef/sky130_fd_sc_hd.lef /home/kagan/.volare/sky130A/libs.ref/sky130_fd_sc_hd/lef/sky130_ef_sc_hd.lef} |& tee /dev/null}"

Tue Jun 03 11:26:31 +0000 2025 - Executing "{/openlane/scripts/mergeLef.py -o /openlane/designs/alu_and_register/runs/RUN_2025.06.03_11.26.31/tmp/merged.max.lef -i /home/kagan/.volare/sky130A/libs.ref/sky130_fd_sc_hd/techlef/sky130_fd_sc_hd__max.tlef {/home/kagan/.volare/sky130A/libs.ref/sky130_fd_sc_hd/lef/sky130_fd_sc_hd.lef /home/kagan/.volare/sky130A/libs.ref/sky130_fd_sc_hd/lef/sky130_ef_sc_hd.lef} |& tee /dev/null}"

Tue Jun 03 11:26:32 +0000 2025 - Executing "{python3 /openlane/scripts/mergeLib.py --output /openlane/designs/alu_and_register/runs/RUN_2025.06.03_11.26.31/tmp/synthesis/merged.lib --name sky130A_merged /home/kagan/.volare/sky130A/libs.ref/sky130_fd_sc_hd/lib/sky130_fd_sc_hd__tt_025C_1v80.lib}"

Tue Jun 03 11:26:32 +0000 2025 - Executing "{python3 /openlane/scripts/libtrim.py --cell-file /openlane/designs/alu_and_register/runs/RUN_2025.06.03_11.26.31/tmp/synthesis/trimmed.lib.exclude.list --output /openlane/designs/alu_and_register/runs/RUN_2025.06.03_11.26.31/tmp/synthesis/trimmed.lib /openlane/designs/alu_and_register/runs/RUN_2025.06.03_11.26.31/tmp/synthesis/merged.lib}"

Tue Jun 03 11:26:32 +0000 2025 - Executing "{python3 /openlane/scripts/libtrim.py --cell-file /openlane/designs/alu_and_register/runs/RUN_2025.06.03_11.26.31/tmp/cts/cts.lib.exclude.list --output /openlane/designs/alu_and_register/runs/RUN_2025.06.03_11.26.31/tmp/cts/cts.lib /home/kagan/.volare/sky130A/libs.ref/sky130_fd_sc_hd/lib/sky130_fd_sc_hd__tt_025C_1v80.lib}"

Tue Jun 03 11:26:32 +0000 2025 - Executing "{python3 /openlane/scripts/libtrim.py --cell-file /openlane/designs/alu_and_register/runs/RUN_2025.06.03_11.26.31/tmp/cts/cts-fastest.lib.exclude.list --output /openlane/designs/alu_and_register/runs/RUN_2025.06.03_11.26.31/tmp/cts/cts-fastest.lib /home/kagan/.volare/sky130A/libs.ref/sky130_fd_sc_hd/lib/sky130_fd_sc_hd__ff_n40C_1v95.lib}"

Tue Jun 03 11:26:32 +0000 2025 - Executing "{python3 /openlane/scripts/libtrim.py --cell-file /openlane/designs/alu_and_register/runs/RUN_2025.06.03_11.26.31/tmp/cts/cts-slowest.lib.exclude.list --output /openlane/designs/alu_and_register/runs/RUN_2025.06.03_11.26.31/tmp/cts/cts-slowest.lib /home/kagan/.volare/sky130A/libs.ref/sky130_fd_sc_hd/lib/sky130_fd_sc_hd__ss_100C_1v60.lib}"

Tue Jun 03 11:26:32 +0000 2025 - Executing "{python3 /openlane/scripts/new_tracks.py -i /home/kagan/.volare/sky130A/libs.tech/openlane/sky130_fd_sc_hd/tracks.info -o /openlane/designs/alu_and_register/runs/RUN_2025.06.03_11.26.31/tmp/routing/config.tracks}"

Tue Jun 03 11:26:33 +0000 2025 - Executing "{echo {OpenLane e73fb3c57e687a0023fcd4dcfd1566ecd478362a} > /openlane/designs/alu_and_register/runs/RUN_2025.06.03_11.26.31/OPENLANE_COMMIT}"

Tue Jun 03 11:26:33 +0000 2025 - Executing "{yosys -c /openlane/scripts/yosys/blackbox.tcl}"

Tue Jun 03 11:26:33 +0000 2025 - Executing "{verilator -Wall --lint-only --Wno-DECLFILENAME --top-module TopModule /openlane/designs/alu_and_register/runs/RUN_2025.06.03_11.26.31/tmp/synthesis/blackbox/sky130_fd_sc_hd__blackbox.v /openlane/designs/alu_and_register/src/register_file.v /openlane/designs/alu_and_register/src/alu.v /openlane/designs/alu_and_register/src/TopModule.v -Wno-fatal --relative-includes |& tee /openlane/designs/alu_and_register/runs/RUN_2025.06.03_11.26.31/logs/synthesis/linter.log /dev/null}"

Tue Jun 03 11:26:33 +0000 2025 - Executing "{sed -E {s/^([[:space:]]+)pg_pin(.*)/\1pin\2\n\1    direction : "inout";/g} /home/kagan/.volare/sky130A/libs.ref/sky130_fd_sc_hd/lib/sky130_fd_sc_hd__tt_025C_1v80.lib > /openlane/designs/alu_and_register/runs/RUN_2025.06.03_11.26.31/tmp/synthesis/1-sky130_fd_sc_hd__tt_025C_1v80.no_pg.lib}"

Tue Jun 03 11:26:33 +0000 2025 - Executing "{sed -E {s/^([[:space:]]+)pg_pin(.*)/\1pin\2\n\1    direction : "inout";/g} /openlane/designs/alu_and_register/runs/RUN_2025.06.03_11.26.31/tmp/synthesis/trimmed.lib > /openlane/designs/alu_and_register/runs/RUN_2025.06.03_11.26.31/tmp/synthesis/1-trimmed.no_pg.lib}"

Tue Jun 03 11:26:33 +0000 2025 - Executing "yosys -c /openlane/scripts/yosys/synth.tcl |& tee /dev/null /openlane/designs/alu_and_register/runs/RUN_2025.06.03_11.26.31/logs/synthesis/1-synthesis.log"

Tue Jun 03 11:26:33 +0000 2025 - Executing "{yosys -c /openlane/scripts/yosys/synth.tcl |& tee /dev/null /openlane/designs/alu_and_register/runs/RUN_2025.06.03_11.26.31/logs/synthesis/1-synthesis.log}"

Tue Jun 03 11:26:39 +0000 2025 - Executing "{sed -i.bak -e {s/\(set ::env(CURRENT_NETLIST)\).*/\1 \/openlane\/designs\/alu_and_register\/runs\/RUN_2025.06.03_11.26.31\/results\/synthesis\/TopModule.v/} /openlane/designs/alu_and_register/runs/RUN_2025.06.03_11.26.31/config.tcl}"

Tue Jun 03 11:26:39 +0000 2025 - Executing "{sed -i.bak /defparam/d /openlane/designs/alu_and_register/runs/RUN_2025.06.03_11.26.31/results/synthesis/TopModule.v}"

Tue Jun 03 11:26:39 +0000 2025 - Executing "sta -exit -no_init /openlane/scripts/openroad/sta/multi_corner.tcl |& tee /dev/null /openlane/designs/alu_and_register/runs/RUN_2025.06.03_11.26.31/logs/synthesis/2-sta.log"

Tue Jun 03 11:26:39 +0000 2025 - Executing "{sta -exit -no_init /openlane/scripts/openroad/sta/multi_corner.tcl |& tee /dev/null /openlane/designs/alu_and_register/runs/RUN_2025.06.03_11.26.31/logs/synthesis/2-sta.log}"

Tue Jun 03 11:26:40 +0000 2025 - Executing "openroad -exit /openlane/scripts/openroad/floorplan.tcl |& tee /dev/null /openlane/designs/alu_and_register/runs/RUN_2025.06.03_11.26.31/logs/floorplan/3-initial_fp.log"

Tue Jun 03 11:26:40 +0000 2025 - Executing "{openroad -exit /openlane/scripts/openroad/floorplan.tcl |& tee /dev/null /openlane/designs/alu_and_register/runs/RUN_2025.06.03_11.26.31/logs/floorplan/3-initial_fp.log}"

Tue Jun 03 11:26:41 +0000 2025 - Executing "{openroad -exit -no_init -python /openlane/scripts/odbpy/defutil.py extract_core_dims --output-data /openlane/designs/alu_and_register/runs/RUN_2025.06.03_11.26.31/tmp/dimensions.txt --input-lef /openlane/designs/alu_and_register/runs/RUN_2025.06.03_11.26.31/tmp/merged.nom.lef /openlane/designs/alu_and_register/runs/RUN_2025.06.03_11.26.31/tmp/floorplan/3-initial_fp.def}"

Tue Jun 03 11:26:41 +0000 2025 - Executing "{openroad -exit -no_init -python /openlane/scripts/odbpy/io_place.py --config /openlane/designs/alu_and_register/pin_order.cfg --hor-layer met3 --ver-layer met2 --ver-width-mult 2 --hor-width-mult 2 --hor-extension 0 --ver-extension 0 --length 4 --unmatched-error --input-lef /openlane/designs/alu_and_register/runs/RUN_2025.06.03_11.26.31/tmp/merged.nom.lef --output-def /openlane/designs/alu_and_register/runs/RUN_2025.06.03_11.26.31/tmp/floorplan/4-io.def --output /openlane/designs/alu_and_register/runs/RUN_2025.06.03_11.26.31/tmp/floorplan/4-io.odb /openlane/designs/alu_and_register/runs/RUN_2025.06.03_11.26.31/tmp/floorplan/3-initial_fp.odb |& tee /dev/null /openlane/designs/alu_and_register/runs/RUN_2025.06.03_11.26.31/logs/floorplan/4-place_io.log}"

Tue Jun 03 11:26:41 +0000 2025 - Executing "openroad -exit /openlane/scripts/openroad/tapcell.tcl |& tee /dev/null /openlane/designs/alu_and_register/runs/RUN_2025.06.03_11.26.31/logs/floorplan/5-tap.log"

Tue Jun 03 11:26:41 +0000 2025 - Executing "{openroad -exit /openlane/scripts/openroad/tapcell.tcl |& tee /dev/null /openlane/designs/alu_and_register/runs/RUN_2025.06.03_11.26.31/logs/floorplan/5-tap.log}"

Tue Jun 03 11:26:43 +0000 2025 - Executing "openroad -exit /openlane/scripts/openroad/pdn.tcl |& tee /dev/null /openlane/designs/alu_and_register/runs/RUN_2025.06.03_11.26.31/logs/floorplan/6-pdn.log"

Tue Jun 03 11:26:43 +0000 2025 - Executing "{openroad -exit /openlane/scripts/openroad/pdn.tcl |& tee /dev/null /openlane/designs/alu_and_register/runs/RUN_2025.06.03_11.26.31/logs/floorplan/6-pdn.log}"

Tue Jun 03 11:27:01 +0000 2025 - Executing "{openroad -exit -no_init -python /openlane/scripts/odbpy/random_place.py --input-lef /openlane/designs/alu_and_register/runs/RUN_2025.06.03_11.26.31/tmp/merged.nom.lef --output-def /openlane/designs/alu_and_register/runs/RUN_2025.06.03_11.26.31/tmp/placement/7-global.def --output /openlane/designs/alu_and_register/runs/RUN_2025.06.03_11.26.31/tmp/placement/7-global.odb /openlane/designs/alu_and_register/runs/RUN_2025.06.03_11.26.31/results/floorplan/TopModule.odb |& tee /dev/null /openlane/designs/alu_and_register/runs/RUN_2025.06.03_11.26.31/logs/placement/7-global.log}"

Tue Jun 03 11:27:03 +0000 2025 - Executing "openroad -exit /openlane/scripts/openroad/resizer.tcl |& tee /dev/null /openlane/designs/alu_and_register/runs/RUN_2025.06.03_11.26.31/logs/placement/8-resizer.log"

Tue Jun 03 11:27:03 +0000 2025 - Executing "{openroad -exit /openlane/scripts/openroad/resizer.tcl |& tee /dev/null /openlane/designs/alu_and_register/runs/RUN_2025.06.03_11.26.31/logs/placement/8-resizer.log}"

Tue Jun 03 11:27:11 +0000 2025 - Executing "{sed -i.bak -e {s/\(set ::env(CURRENT_NETLIST)\).*/\1 \/openlane\/designs\/alu_and_register\/runs\/RUN_2025.06.03_11.26.31\/tmp\/placement\/8-resizer.nl.v/} /openlane/designs/alu_and_register/runs/RUN_2025.06.03_11.26.31/config.tcl}"

Tue Jun 03 11:27:11 +0000 2025 - Executing "openroad -exit /openlane/scripts/openroad/dpl.tcl |& tee /dev/null /openlane/designs/alu_and_register/runs/RUN_2025.06.03_11.26.31/logs/placement/9-detailed.log"

Tue Jun 03 11:27:11 +0000 2025 - Executing "{openroad -exit /openlane/scripts/openroad/dpl.tcl |& tee /dev/null /openlane/designs/alu_and_register/runs/RUN_2025.06.03_11.26.31/logs/placement/9-detailed.log}"

Tue Jun 03 11:27:14 +0000 2025 - Executing "{sed -i.bak -e {s/\(set ::env(CURRENT_NETLIST)\).*/\1 \/openlane\/designs\/alu_and_register\/runs\/RUN_2025.06.03_11.26.31\/results\/placement\/TopModule.nl.v/} /openlane/designs/alu_and_register/runs/RUN_2025.06.03_11.26.31/config.tcl}"

Tue Jun 03 11:27:14 +0000 2025 - Executing "openroad -exit /openlane/scripts/openroad/sta/multi_corner.tcl |& tee /dev/null /openlane/designs/alu_and_register/runs/RUN_2025.06.03_11.26.31/logs/placement/10-dpl_sta.log"

Tue Jun 03 11:27:14 +0000 2025 - Executing "{openroad -exit /openlane/scripts/openroad/sta/multi_corner.tcl |& tee /dev/null /openlane/designs/alu_and_register/runs/RUN_2025.06.03_11.26.31/logs/placement/10-dpl_sta.log}"

Tue Jun 03 11:27:17 +0000 2025 - Executing "openroad -exit /openlane/scripts/openroad/cts.tcl |& tee /dev/null /openlane/designs/alu_and_register/runs/RUN_2025.06.03_11.26.31/logs/cts/11-cts.log"

Tue Jun 03 11:27:17 +0000 2025 - Executing "{openroad -exit /openlane/scripts/openroad/cts.tcl |& tee /dev/null /openlane/designs/alu_and_register/runs/RUN_2025.06.03_11.26.31/logs/cts/11-cts.log}"

Tue Jun 03 11:27:31 +0000 2025 - Executing "openroad -exit /openlane/scripts/openroad/sta/multi_corner.tcl |& tee /dev/null /openlane/designs/alu_and_register/runs/RUN_2025.06.03_11.26.31/logs/cts/12-cts_sta.log"

Tue Jun 03 11:27:31 +0000 2025 - Executing "{openroad -exit /openlane/scripts/openroad/sta/multi_corner.tcl |& tee /dev/null /openlane/designs/alu_and_register/runs/RUN_2025.06.03_11.26.31/logs/cts/12-cts_sta.log}"

Tue Jun 03 11:27:36 +0000 2025 - Executing "openroad -exit /openlane/scripts/openroad/resizer_timing.tcl |& tee /dev/null /openlane/designs/alu_and_register/runs/RUN_2025.06.03_11.26.31/logs/cts/13-resizer.log"

Tue Jun 03 11:27:36 +0000 2025 - Executing "{openroad -exit /openlane/scripts/openroad/resizer_timing.tcl |& tee /dev/null /openlane/designs/alu_and_register/runs/RUN_2025.06.03_11.26.31/logs/cts/13-resizer.log}"

Tue Jun 03 11:27:42 +0000 2025 - Executing "{sed -i.bak -e {s/\(set ::env(CURRENT_NETLIST)\).*/\1 \/openlane\/designs\/alu_and_register\/runs\/RUN_2025.06.03_11.26.31\/tmp\/cts\/13-TopModule.resized.nl.v/} /openlane/designs/alu_and_register/runs/RUN_2025.06.03_11.26.31/config.tcl}"

Tue Jun 03 11:27:42 +0000 2025 - Executing "openroad -exit /openlane/scripts/openroad/resizer_routing_design.tcl |& tee /dev/null /openlane/designs/alu_and_register/runs/RUN_2025.06.03_11.26.31/logs/routing/14-resizer_design.log"

Tue Jun 03 11:27:42 +0000 2025 - Executing "{openroad -exit /openlane/scripts/openroad/resizer_routing_design.tcl |& tee /dev/null /openlane/designs/alu_and_register/runs/RUN_2025.06.03_11.26.31/logs/routing/14-resizer_design.log}"

Tue Jun 03 11:28:01 +0000 2025 - Executing "{sed -i.bak -e {s/\(set ::env(CURRENT_NETLIST)\).*/\1 \/openlane\/designs\/alu_and_register\/runs\/RUN_2025.06.03_11.26.31\/tmp\/14-TopModule.nl.v/} /openlane/designs/alu_and_register/runs/RUN_2025.06.03_11.26.31/config.tcl}"

Tue Jun 03 11:28:01 +0000 2025 - Executing "openroad -exit /openlane/scripts/openroad/sta/multi_corner.tcl |& tee /dev/null /openlane/designs/alu_and_register/runs/RUN_2025.06.03_11.26.31/logs/routing/15-rsz_design_sta.log"

Tue Jun 03 11:28:01 +0000 2025 - Executing "{openroad -exit /openlane/scripts/openroad/sta/multi_corner.tcl |& tee /dev/null /openlane/designs/alu_and_register/runs/RUN_2025.06.03_11.26.31/logs/routing/15-rsz_design_sta.log}"

Tue Jun 03 11:28:07 +0000 2025 - Executing "openroad -exit /openlane/scripts/openroad/resizer_routing_timing.tcl |& tee /dev/null /openlane/designs/alu_and_register/runs/RUN_2025.06.03_11.26.31/logs/routing/16-resizer_timing.log"

Tue Jun 03 11:28:07 +0000 2025 - Executing "{openroad -exit /openlane/scripts/openroad/resizer_routing_timing.tcl |& tee /dev/null /openlane/designs/alu_and_register/runs/RUN_2025.06.03_11.26.31/logs/routing/16-resizer_timing.log}"

Tue Jun 03 11:28:23 +0000 2025 - Executing "{sed -i.bak -e {s/\(set ::env(CURRENT_NETLIST)\).*/\1 \/openlane\/designs\/alu_and_register\/runs\/RUN_2025.06.03_11.26.31\/tmp\/16-TopModule.nl.v/} /openlane/designs/alu_and_register/runs/RUN_2025.06.03_11.26.31/config.tcl}"

Tue Jun 03 11:28:23 +0000 2025 - Executing "openroad -exit /openlane/scripts/openroad/sta/multi_corner.tcl |& tee /dev/null /openlane/designs/alu_and_register/runs/RUN_2025.06.03_11.26.31/logs/routing/17-rsz_timing_sta.log"

Tue Jun 03 11:28:23 +0000 2025 - Executing "{openroad -exit /openlane/scripts/openroad/sta/multi_corner.tcl |& tee /dev/null /openlane/designs/alu_and_register/runs/RUN_2025.06.03_11.26.31/logs/routing/17-rsz_timing_sta.log}"

Tue Jun 03 11:28:31 +0000 2025 - Executing "openroad -exit /openlane/scripts/openroad/repair_antennas.tcl |& tee /dev/null /openlane/designs/alu_and_register/runs/RUN_2025.06.03_11.26.31/logs/routing/18-global.log"

Tue Jun 03 11:28:31 +0000 2025 - Executing "{openroad -exit /openlane/scripts/openroad/repair_antennas.tcl |& tee /dev/null /openlane/designs/alu_and_register/runs/RUN_2025.06.03_11.26.31/logs/routing/18-global.log}"

Tue Jun 03 11:31:54 +0000 2025 - Executing "{openroad -exit -no_init -python /openlane/scripts/odbpy/defutil.py replace_instance_prefixes --original-prefix ANTENNA --new-prefix INSDIODE1 --input-lef /openlane/designs/alu_and_register/runs/RUN_2025.06.03_11.26.31/tmp/merged.nom.lef --output-def /openlane/designs/alu_and_register/runs/RUN_2025.06.03_11.26.31/tmp/routing/18-global.def --output /openlane/designs/alu_and_register/runs/RUN_2025.06.03_11.26.31/tmp/routing/18-global.odb /openlane/designs/alu_and_register/runs/RUN_2025.06.03_11.26.31/tmp/routing/18-global.odb |& tee /dev/null /openlane/designs/alu_and_register/runs/RUN_2025.06.03_11.26.31/logs/routing/18-antenna_diodes_1.log}"

Tue Jun 03 11:31:56 +0000 2025 - Executing "openroad -exit /openlane/scripts/openroad/repair_antennas.tcl |& tee /dev/null /openlane/designs/alu_and_register/runs/RUN_2025.06.03_11.26.31/logs/routing/18-antenna_route_1.log"

Tue Jun 03 11:31:56 +0000 2025 - Executing "{openroad -exit /openlane/scripts/openroad/repair_antennas.tcl |& tee /dev/null /openlane/designs/alu_and_register/runs/RUN_2025.06.03_11.26.31/logs/routing/18-antenna_route_1.log}"

Tue Jun 03 11:33:02 +0000 2025 - Executing "openroad -exit /openlane/scripts/openroad/write_views.tcl |& tee /dev/null /openlane/designs/alu_and_register/runs/RUN_2025.06.03_11.26.31/logs/routing/18-global_write_netlist.log"

Tue Jun 03 11:33:02 +0000 2025 - Executing "{openroad -exit /openlane/scripts/openroad/write_views.tcl |& tee /dev/null /openlane/designs/alu_and_register/runs/RUN_2025.06.03_11.26.31/logs/routing/18-global_write_netlist.log}"

Tue Jun 03 11:33:04 +0000 2025 - Executing "{sed -i.bak -e {s/\(set ::env(CURRENT_NETLIST)\).*/\1 \/openlane\/designs\/alu_and_register\/runs\/RUN_2025.06.03_11.26.31\/tmp\/routing\/global.nl.v/} /openlane/designs/alu_and_register/runs/RUN_2025.06.03_11.26.31/config.tcl}"

Tue Jun 03 11:33:04 +0000 2025 - Executing "openroad -exit /openlane/scripts/openroad/sta/multi_corner.tcl |& tee /dev/null /openlane/designs/alu_and_register/runs/RUN_2025.06.03_11.26.31/logs/routing/20-grt_sta.log"

Tue Jun 03 11:33:04 +0000 2025 - Executing "{openroad -exit /openlane/scripts/openroad/sta/multi_corner.tcl |& tee /dev/null /openlane/designs/alu_and_register/runs/RUN_2025.06.03_11.26.31/logs/routing/20-grt_sta.log}"

Tue Jun 03 11:33:14 +0000 2025 - Executing "openroad -exit /openlane/scripts/openroad/fill.tcl |& tee /dev/null /openlane/designs/alu_and_register/runs/RUN_2025.06.03_11.26.31/logs/routing/21-fill.log"

Tue Jun 03 11:33:14 +0000 2025 - Executing "{openroad -exit /openlane/scripts/openroad/fill.tcl |& tee /dev/null /openlane/designs/alu_and_register/runs/RUN_2025.06.03_11.26.31/logs/routing/21-fill.log}"

Tue Jun 03 11:33:32 +0000 2025 - Executing "{sed -i.bak -e {s/\(set ::env(CURRENT_NETLIST)\).*/\1 \/openlane\/designs\/alu_and_register\/runs\/RUN_2025.06.03_11.26.31\/tmp\/routing\/21-fill.nl.v/} /openlane/designs/alu_and_register/runs/RUN_2025.06.03_11.26.31/config.tcl}"

Tue Jun 03 11:33:32 +0000 2025 - Executing "openroad -exit -metrics /openlane/designs/alu_and_register/runs/RUN_2025.06.03_11.26.31/reports/routing/22-drt_metrics.json /openlane/scripts/openroad/droute.tcl |& tee /dev/null /openlane/designs/alu_and_register/runs/RUN_2025.06.03_11.26.31/logs/routing/22-detailed.log"

Tue Jun 03 11:33:32 +0000 2025 - Executing "{openroad -exit -metrics /openlane/designs/alu_and_register/runs/RUN_2025.06.03_11.26.31/reports/routing/22-drt_metrics.json /openlane/scripts/openroad/droute.tcl |& tee /dev/null /openlane/designs/alu_and_register/runs/RUN_2025.06.03_11.26.31/logs/routing/22-detailed.log}"

Tue Jun 03 11:56:04 +0000 2025 - Executing "{sed -i.bak -e {s/\(set ::env(CURRENT_NETLIST)\).*/\1 \/openlane\/designs\/alu_and_register\/runs\/RUN_2025.06.03_11.26.31\/results\/routing\/TopModule.nl.v/} /openlane/designs/alu_and_register/runs/RUN_2025.06.03_11.26.31/config.tcl}"

Tue Jun 03 11:56:04 +0000 2025 - Executing "{python3 /openlane/scripts/drc_rosetta.py tr to_klayout -o /openlane/designs/alu_and_register/runs/RUN_2025.06.03_11.26.31/reports/routing/drt.klayout.xml --design-name TopModule /openlane/designs/alu_and_register/runs/RUN_2025.06.03_11.26.31/reports/routing/drt.drc}"

Tue Jun 03 11:56:04 +0000 2025 - Executing "{openroad -exit -no_init -python /openlane/scripts/odbpy/wire_lengths.py --report-out /openlane/designs/alu_and_register/runs/RUN_2025.06.03_11.26.31/reports/routing/23-wire_lengths.csv --input-lef /openlane/designs/alu_and_register/runs/RUN_2025.06.03_11.26.31/tmp/merged.nom.lef --output-def /openlane/designs/alu_and_register/runs/RUN_2025.06.03_11.26.31/results/routing/TopModule.def --output /openlane/designs/alu_and_register/runs/RUN_2025.06.03_11.26.31/results/routing/TopModule.odb /openlane/designs/alu_and_register/runs/RUN_2025.06.03_11.26.31/results/routing/TopModule.odb |& tee /dev/null /openlane/designs/alu_and_register/runs/RUN_2025.06.03_11.26.31/logs/routing/23-wire_lengths.log}"

Tue Jun 03 11:56:15 +0000 2025 - Executing "openroad -exit /openlane/scripts/openroad/rcx.tcl |& tee /dev/null /openlane/designs/alu_and_register/runs/RUN_2025.06.03_11.26.31/logs/signoff/24-parasitics_extraction.min.log"

Tue Jun 03 11:56:15 +0000 2025 - Executing "{openroad -exit /openlane/scripts/openroad/rcx.tcl |& tee /dev/null /openlane/designs/alu_and_register/runs/RUN_2025.06.03_11.26.31/logs/signoff/24-parasitics_extraction.min.log}"

Tue Jun 03 11:56:50 +0000 2025 - Executing "sta -exit -no_init /openlane/scripts/openroad/sta/multi_corner.tcl |& tee /dev/null /openlane/designs/alu_and_register/runs/RUN_2025.06.03_11.26.31/logs/signoff/25-rcx_mcsta.min.log"

Tue Jun 03 11:56:50 +0000 2025 - Executing "{sta -exit -no_init /openlane/scripts/openroad/sta/multi_corner.tcl |& tee /dev/null /openlane/designs/alu_and_register/runs/RUN_2025.06.03_11.26.31/logs/signoff/25-rcx_mcsta.min.log}"

Tue Jun 03 11:58:43 +0000 2025 - Executing "openroad -exit /openlane/scripts/openroad/rcx.tcl |& tee /dev/null /openlane/designs/alu_and_register/runs/RUN_2025.06.03_11.26.31/logs/signoff/26-parasitics_extraction.max.log"

Tue Jun 03 11:58:43 +0000 2025 - Executing "{openroad -exit /openlane/scripts/openroad/rcx.tcl |& tee /dev/null /openlane/designs/alu_and_register/runs/RUN_2025.06.03_11.26.31/logs/signoff/26-parasitics_extraction.max.log}"

Tue Jun 03 11:59:17 +0000 2025 - Executing "sta -exit -no_init /openlane/scripts/openroad/sta/multi_corner.tcl |& tee /dev/null /openlane/designs/alu_and_register/runs/RUN_2025.06.03_11.26.31/logs/signoff/27-rcx_mcsta.max.log"

Tue Jun 03 11:59:17 +0000 2025 - Executing "{sta -exit -no_init /openlane/scripts/openroad/sta/multi_corner.tcl |& tee /dev/null /openlane/designs/alu_and_register/runs/RUN_2025.06.03_11.26.31/logs/signoff/27-rcx_mcsta.max.log}"

Tue Jun 03 12:01:15 +0000 2025 - Executing "openroad -exit /openlane/scripts/openroad/rcx.tcl |& tee /dev/null /openlane/designs/alu_and_register/runs/RUN_2025.06.03_11.26.31/logs/signoff/28-parasitics_extraction.nom.log"

Tue Jun 03 12:01:15 +0000 2025 - Executing "{openroad -exit /openlane/scripts/openroad/rcx.tcl |& tee /dev/null /openlane/designs/alu_and_register/runs/RUN_2025.06.03_11.26.31/logs/signoff/28-parasitics_extraction.nom.log}"

Tue Jun 03 12:01:49 +0000 2025 - Executing "sta -exit -no_init /openlane/scripts/openroad/sta/multi_corner.tcl |& tee /dev/null /openlane/designs/alu_and_register/runs/RUN_2025.06.03_11.26.31/logs/signoff/29-rcx_mcsta.nom.log"

Tue Jun 03 12:01:49 +0000 2025 - Executing "{sta -exit -no_init /openlane/scripts/openroad/sta/multi_corner.tcl |& tee /dev/null /openlane/designs/alu_and_register/runs/RUN_2025.06.03_11.26.31/logs/signoff/29-rcx_mcsta.nom.log}"

Tue Jun 03 12:03:43 +0000 2025 - Executing "openroad -exit /openlane/scripts/openroad/irdrop.tcl |& tee /dev/null /openlane/designs/alu_and_register/runs/RUN_2025.06.03_11.26.31/logs/signoff/30-irdrop.log"

Tue Jun 03 12:03:43 +0000 2025 - Executing "{openroad -exit /openlane/scripts/openroad/irdrop.tcl |& tee /dev/null /openlane/designs/alu_and_register/runs/RUN_2025.06.03_11.26.31/logs/signoff/30-irdrop.log}"

Tue Jun 03 12:05:52 +0000 2025 - Executing "magic -noconsole -dnull -rcfile /home/kagan/.volare/sky130A/libs.tech/magic/sky130A.magicrc < /openlane/scripts/magic/wrapper.tcl |& tee /dev/null /openlane/designs/alu_and_register/runs/RUN_2025.06.03_11.26.31/logs/signoff/31-gdsii.log"

Tue Jun 03 12:05:52 +0000 2025 - Executing "{magic -noconsole -dnull -rcfile /home/kagan/.volare/sky130A/libs.tech/magic/sky130A.magicrc < /openlane/scripts/magic/wrapper.tcl |& tee /dev/null /openlane/designs/alu_and_register/runs/RUN_2025.06.03_11.26.31/logs/signoff/31-gdsii.log}"

Tue Jun 03 12:24:15 +0000 2025 - Executing "magic -noconsole -dnull -rcfile /home/kagan/.volare/sky130A/libs.tech/magic/sky130A.magicrc < /openlane/scripts/magic/wrapper.tcl |& tee /dev/null /openlane/designs/alu_and_register/runs/RUN_2025.06.03_11.26.31/logs/signoff/31-gds_ptrs.log"

Tue Jun 03 12:24:15 +0000 2025 - Executing "{magic -noconsole -dnull -rcfile /home/kagan/.volare/sky130A/libs.tech/magic/sky130A.magicrc < /openlane/scripts/magic/wrapper.tcl |& tee /dev/null /openlane/designs/alu_and_register/runs/RUN_2025.06.03_11.26.31/logs/signoff/31-gds_ptrs.log}"

Tue Jun 03 12:38:12 +0000 2025 - Executing "{sed -i.bak -n {/^<< properties >>/,/^<< end >>/p} /openlane/designs/alu_and_register/runs/RUN_2025.06.03_11.26.31/tmp/signoff/gds_ptrs.mag}"

Tue Jun 03 12:38:13 +0000 2025 - Executing "magic -noconsole -dnull -rcfile /home/kagan/.volare/sky130A/libs.tech/magic/sky130A.magicrc < /openlane/scripts/magic/wrapper.tcl |& tee /dev/null /openlane/designs/alu_and_register/runs/RUN_2025.06.03_11.26.31/logs/signoff/31-lef.log"

Tue Jun 03 12:38:13 +0000 2025 - Executing "{magic -noconsole -dnull -rcfile /home/kagan/.volare/sky130A/libs.tech/magic/sky130A.magicrc < /openlane/scripts/magic/wrapper.tcl |& tee /dev/null /openlane/designs/alu_and_register/runs/RUN_2025.06.03_11.26.31/logs/signoff/31-lef.log}"

Tue Jun 03 12:51:17 +0000 2025 - Executing "magic -noconsole -dnull -rcfile /home/kagan/.volare/sky130A/libs.tech/magic/sky130A.magicrc < /openlane/scripts/magic/wrapper.tcl |& tee /dev/null /openlane/designs/alu_and_register/runs/RUN_2025.06.03_11.26.31/logs/signoff/31-maglef.log"

Tue Jun 03 12:51:17 +0000 2025 - Executing "{magic -noconsole -dnull -rcfile /home/kagan/.volare/sky130A/libs.tech/magic/sky130A.magicrc < /openlane/scripts/magic/wrapper.tcl |& tee /dev/null /openlane/designs/alu_and_register/runs/RUN_2025.06.03_11.26.31/logs/signoff/31-maglef.log}"

Tue Jun 03 12:51:17 +0000 2025 - Executing "{python3 /openlane/scripts/klayout/stream_out.py --output /openlane/designs/alu_and_register/runs/RUN_2025.06.03_11.26.31/results/signoff/TopModule.klayout.gds --lyt /home/kagan/.volare/sky130A/libs.tech/klayout/tech/sky130A.lyt --lym /home/kagan/.volare/sky130A/libs.tech/klayout/tech/sky130A.map --lyp /home/kagan/.volare/sky130A/libs.tech/klayout/tech/sky130A.lyp --top TopModule --with-gds-file /home/kagan/.volare/sky130A/libs.ref/sky130_fd_sc_hd/gds/sky130_fd_sc_hd.gds --input-lef /openlane/designs/alu_and_register/runs/RUN_2025.06.03_11.26.31/tmp/merged.nom.lef /openlane/designs/alu_and_register/runs/RUN_2025.06.03_11.26.31/results/routing/TopModule.def |& tee /dev/null /openlane/designs/alu_and_register/runs/RUN_2025.06.03_11.26.31/logs/signoff/32-gdsii-klayout.log}"

Tue Jun 03 12:51:40 +0000 2025 - Executing "{klayout -b -r /openlane/scripts/klayout/xor.drc -rd a=/openlane/designs/alu_and_register/runs/RUN_2025.06.03_11.26.31/results/signoff/TopModule.gds -rd b=/openlane/designs/alu_and_register/runs/RUN_2025.06.03_11.26.31/results/signoff/TopModule.klayout.gds -rd jobs=1 -rd rdb_out=/openlane/designs/alu_and_register/runs/RUN_2025.06.03_11.26.31/reports/signoff/33-xor.xml -rd ignore=81/14 -rd rpt_out=/openlane/designs/alu_and_register/runs/RUN_2025.06.03_11.26.31/reports/signoff/33-xor.rpt |& tee /dev/null /openlane/designs/alu_and_register/runs/RUN_2025.06.03_11.26.31/logs/signoff/33-xor.log}"

Tue Jun 03 12:57:34 +0000 2025 - Executing "magic -noconsole -dnull -rcfile /home/kagan/.volare/sky130A/libs.tech/magic/sky130A.magicrc < /openlane/scripts/magic/wrapper.tcl |& tee /dev/null /openlane/designs/alu_and_register/runs/RUN_2025.06.03_11.26.31/logs/signoff/34-spice.log"

Tue Jun 03 12:57:34 +0000 2025 - Executing "{magic -noconsole -dnull -rcfile /home/kagan/.volare/sky130A/libs.tech/magic/sky130A.magicrc < /openlane/scripts/magic/wrapper.tcl |& tee /dev/null /openlane/designs/alu_and_register/runs/RUN_2025.06.03_11.26.31/logs/signoff/34-spice.log}"

Tue Jun 03 13:08:01 +0000 2025 - Executing "{openroad -exit -no_init -python /openlane/scripts/odbpy/power_utils.py write_powered_def --output /openlane/designs/alu_and_register/runs/RUN_2025.06.03_11.26.31/tmp/signoff/34-TopModule.p.def --input-lef /openlane/designs/alu_and_register/runs/RUN_2025.06.03_11.26.31/tmp/merged.nom.lef --power-port VPWR --ground-port VGND --powered-netlist {} /openlane/designs/alu_and_register/runs/RUN_2025.06.03_11.26.31/results/routing/TopModule.def |& tee /dev/null /openlane/designs/alu_and_register/runs/RUN_2025.06.03_11.26.31/logs/signoff/35-write_powered_def.log}"

Tue Jun 03 13:08:21 +0000 2025 - Executing "openroad -exit /openlane/scripts/openroad/write_views.tcl |& tee /dev/null /openlane/designs/alu_and_register/runs/RUN_2025.06.03_11.26.31/logs/signoff/35-write_powered_verilog.log"

Tue Jun 03 13:08:21 +0000 2025 - Executing "{openroad -exit /openlane/scripts/openroad/write_views.tcl |& tee /dev/null /openlane/designs/alu_and_register/runs/RUN_2025.06.03_11.26.31/logs/signoff/35-write_powered_verilog.log}"

Tue Jun 03 13:08:34 +0000 2025 - Executing "{sed -i.bak -e {s/\(set ::env(CURRENT_NETLIST)\).*/\1 \/openlane\/designs\/alu_and_register\/runs\/RUN_2025.06.03_11.26.31\/tmp\/signoff\/34-TopModule.nl.v/} /openlane/designs/alu_and_register/runs/RUN_2025.06.03_11.26.31/config.tcl}"

Tue Jun 03 13:08:34 +0000 2025 - Executing "{netgen -batch source /openlane/designs/alu_and_register/runs/RUN_2025.06.03_11.26.31/tmp/signoff/37-setup_file.lef.lvs |& tee /dev/null /openlane/designs/alu_and_register/runs/RUN_2025.06.03_11.26.31/logs/signoff/37-lvs.lef.log}"

Tue Jun 03 13:15:53 +0000 2025 - Executing "magic -noconsole -dnull -rcfile /home/kagan/.volare/sky130A/libs.tech/magic/sky130A.magicrc < /openlane/scripts/magic/wrapper.tcl |& tee /dev/null /openlane/designs/alu_and_register/runs/RUN_2025.06.03_11.26.31/logs/signoff/38-drc.log"

Tue Jun 03 13:15:53 +0000 2025 - Executing "{magic -noconsole -dnull -rcfile /home/kagan/.volare/sky130A/libs.tech/magic/sky130A.magicrc < /openlane/scripts/magic/wrapper.tcl |& tee /dev/null /openlane/designs/alu_and_register/runs/RUN_2025.06.03_11.26.31/logs/signoff/38-drc.log}"

Tue Jun 03 14:06:04 +0000 2025 - Executing "{python3 /openlane/scripts/drc_rosetta.py magic to_tcl -o /openlane/designs/alu_and_register/runs/RUN_2025.06.03_11.26.31/reports/signoff/drc.tcl /openlane/designs/alu_and_register/runs/RUN_2025.06.03_11.26.31/reports/signoff/drc.rpt}"

Tue Jun 03 14:06:04 +0000 2025 - Executing "{python3 /openlane/scripts/drc_rosetta.py magic to_tr -o /openlane/designs/alu_and_register/runs/RUN_2025.06.03_11.26.31/reports/signoff/drc.tr /openlane/designs/alu_and_register/runs/RUN_2025.06.03_11.26.31/reports/signoff/drc.rpt}"

Tue Jun 03 14:06:04 +0000 2025 - Executing "{python3 /openlane/scripts/drc_rosetta.py tr to_klayout -o /openlane/designs/alu_and_register/runs/RUN_2025.06.03_11.26.31/reports/signoff/drc.klayout.xml --design-name TopModule /openlane/designs/alu_and_register/runs/RUN_2025.06.03_11.26.31/reports/signoff/drc.tr}"

Tue Jun 03 14:06:04 +0000 2025 - Executing "{python3 /openlane/scripts/drc_rosetta.py magic to_rdb -o /openlane/designs/alu_and_register/runs/RUN_2025.06.03_11.26.31/reports/signoff/drc.rdb /openlane/designs/alu_and_register/runs/RUN_2025.06.03_11.26.31/reports/signoff/drc.rpt}"

Tue Jun 03 14:06:04 +0000 2025 - Executing "{klayout -b -zz -r /home/kagan/.volare/sky130A/libs.tech/klayout/drc/sky130A_mr.drc -rd topcell=TopModule -rd input=/openlane/designs/alu_and_register/runs/RUN_2025.06.03_11.26.31/results/signoff/TopModule.gds -rd report=/openlane/designs/alu_and_register/runs/RUN_2025.06.03_11.26.31/reports/signoff/violations.xml -rd feol=true -rd beol=true -rd floating_metal=false -rd seal=true -rd thread=1 |& tee /dev/null /openlane/designs/alu_and_register/runs/RUN_2025.06.03_11.26.31/logs/signoff/39-drc-klayout.log}"

Tue Jun 03 14:38:36 +0000 2025 - Executing "{python3 /openlane/scripts/klayout/xml_drc_report_to_json.py --xml-file /openlane/designs/alu_and_register/runs/RUN_2025.06.03_11.26.31/reports/signoff/violations.xml --json-file /openlane/designs/alu_and_register/runs/RUN_2025.06.03_11.26.31/reports/signoff/violations.json}"

Tue Jun 03 14:38:36 +0000 2025 - Executing "openroad -exit /openlane/scripts/openroad/antenna_check.tcl |& tee /dev/null /openlane/designs/alu_and_register/runs/RUN_2025.06.03_11.26.31/logs/signoff/40-arc.log"

Tue Jun 03 14:38:36 +0000 2025 - Executing "{openroad -exit /openlane/scripts/openroad/antenna_check.tcl |& tee /dev/null /openlane/designs/alu_and_register/runs/RUN_2025.06.03_11.26.31/logs/signoff/40-arc.log}"

Tue Jun 03 14:39:03 +0000 2025 - Executing "{python3 /openlane/scripts/extract_antenna_violators.py --output /openlane/designs/alu_and_register/runs/RUN_2025.06.03_11.26.31/reports/signoff/40-antenna_violators.rpt --plain-out /openlane/designs/alu_and_register/runs/RUN_2025.06.03_11.26.31/reports/signoff/40-antenna_violators_pins.txt /openlane/designs/alu_and_register/runs/RUN_2025.06.03_11.26.31/logs/signoff/40-arc.log}"

Tue Jun 03 14:39:10 +0000 2025 - Executing "{python3 /openlane/scripts/write_runtime.py --conclude --seconds --time-in 1748961550 {flow completed}}"

Tue Jun 03 14:39:10 +0000 2025 - Executing "{python3 /openlane/scripts/generate_reports.py -d /openlane/designs/alu_and_register --design_name TopModule --tag RUN_2025.06.03_11.26.31 --output_file /openlane/designs/alu_and_register/runs/RUN_2025.06.03_11.26.31/reports/metrics.csv --man_report /openlane/designs/alu_and_register/runs/RUN_2025.06.03_11.26.31/reports/manufacturability.rpt --run_path /openlane/designs/alu_and_register/runs/RUN_2025.06.03_11.26.31}"

