
===========================================================================
 report_power
============================================================================
======================= Fastest Corner ===================================

Group                  Internal  Switching    Leakage      Total
                          Power      Power      Power      Power (Watts)
----------------------------------------------------------------
Sequential             6.91e-03   2.20e-02   2.49e-08   2.89e-02   9.3%
Combinational          2.75e-02   2.41e-01   4.28e-07   2.69e-01  86.8%
Clock                  2.92e-03   9.14e-03   7.33e-07   1.21e-02   3.9%
Macro                  0.00e+00   0.00e+00   0.00e+00   0.00e+00   0.0%
Pad                    0.00e+00   0.00e+00   0.00e+00   0.00e+00   0.0%
----------------------------------------------------------------
Total                  3.73e-02   2.72e-01   1.19e-06   3.10e-01 100.0%
                          12.1%      87.9%       0.0%

======================= Slowest Corner ===================================

Group                  Internal  Switching    Leakage      Total
                          Power      Power      Power      Power (Watts)
----------------------------------------------------------------
Sequential             4.42e-03   1.48e-02   1.67e-05   1.93e-02   9.3%
Combinational          1.72e-02   1.64e-01   1.23e-04   1.81e-01  86.9%
Clock                  2.01e-03   6.10e-03   4.10e-06   8.12e-03   3.9%
Macro                  0.00e+00   0.00e+00   0.00e+00   0.00e+00   0.0%
Pad                    0.00e+00   0.00e+00   0.00e+00   0.00e+00   0.0%
----------------------------------------------------------------
Total                  2.36e-02   1.85e-01   1.43e-04   2.08e-01 100.0%
                          11.3%      88.6%       0.1%

======================= Typical Corner ===================================

Group                  Internal  Switching    Leakage      Total
                          Power      Power      Power      Power (Watts)
----------------------------------------------------------------
Sequential             5.69e-03   1.88e-02   8.98e-09   2.45e-02   9.3%
Combinational          2.19e-02   2.06e-01   7.89e-08   2.28e-01  86.8%
Clock                  2.51e-03   7.76e-03   7.26e-07   1.03e-02   3.9%
Macro                  0.00e+00   0.00e+00   0.00e+00   0.00e+00   0.0%
Pad                    0.00e+00   0.00e+00   0.00e+00   0.00e+00   0.0%
----------------------------------------------------------------
Total                  3.01e-02   2.33e-01   8.14e-07   2.63e-01 100.0%
                          11.4%      88.6%       0.0%

