OpenROAD b16bda7e82721d10566ff7e2b68f1ff0be9f9e38 
Features included (+) or not (-): +Charts +GPU +GUI +Python
This program is licensed under the BSD-3 license. See the LICENSE file for details.
Components of this program may be licensed under more restrictive licenses which must be honored.
Top-level design name: TopModule
Block boundaries: 0 0 100000 100000
Horizontal Tracks Origin: 340, Count: 147, Step: 680
Vertical Tracks Origin: 230, Count: 217, Step: 460
Placement details for the #E side
Virtual pin count:  0
Actual pin count:  15
Total pin count:  15
Tracks count:  74
Tracks per pin:  4
Used tracks count:  57
Unused track count:  17
Starting track index:  8
Placement Map:
[340, 1700, 3060, 4420, 5780, 7140, 8500, 9860, [91m11220[0m, 12580, 13940, 15300, [91m16660[0m, 18020, 19380, 20740, [91m22100[0m, 23460, 24820, 26180, [91m27540[0m, 28900, 30260, 31620, [91m32980[0m, 34340, 35700, 37060, [91m38420[0m, 39780, 41140, 42500, [91m43860[0m, 45220, 46580, 47940, [91m49300[0m, 50660, 52020, 53380, [91m54740[0m, 56100, 57460, 58820, [91m60180[0m, 61540, 62900, 64260, [91m65620[0m, 66980, 68340, 69700, [91m71060[0m, 72420, 73780, 75140, [91m76500[0m, 77860, 79220, 80580, [91m81940[0m, 83300, 84660, 86020, [91m87380[0m, 88740, 90100, 91460, 92820, 94180, 95540, 96900, 98260, 99620, ]
Indices of used tracks: [8, 12, 16, 20, 24, 28, 32, 36, 40, 44, 48, 52, 56, 60, 64]
---
Placement details for the #W side
Virtual pin count:  0
Actual pin count:  2
Total pin count:  2
Tracks count:  74
Tracks per pin:  37
Used tracks count:  38
Unused track count:  36
Starting track index:  18
Placement Map:
[340, 1700, 3060, 4420, 5780, 7140, 8500, 9860, 11220, 12580, 13940, 15300, 16660, 18020, 19380, 20740, 22100, 23460, [91m24820[0m, 26180, 27540, 28900, 30260, 31620, 32980, 34340, 35700, 37060, 38420, 39780, 41140, 42500, 43860, 45220, 46580, 47940, 49300, 50660, 52020, 53380, 54740, 56100, 57460, 58820, 60180, 61540, 62900, 64260, 65620, 66980, 68340, 69700, 71060, 72420, 73780, [91m75140[0m, 76500, 77860, 79220, 80580, 81940, 83300, 84660, 86020, 87380, 88740, 90100, 91460, 92820, 94180, 95540, 96900, 98260, 99620, ]
Indices of used tracks: [18, 55]
---
