
===========================================================================
 report_power
============================================================================
======================= Fastest Corner ===================================

Group                  Internal  Switching    Leakage      Total
                          Power      Power      Power      Power (Watts)
----------------------------------------------------------------
Sequential             6.01e-03   8.23e-04   1.49e-08   6.83e-03  43.7%
Combinational          2.78e-03   2.28e-03   2.34e-08   5.06e-03  32.4%
Clock                  1.72e-03   2.00e-03   1.44e-08   3.73e-03  23.9%
Macro                  0.00e+00   0.00e+00   0.00e+00   0.00e+00   0.0%
Pad                    0.00e+00   0.00e+00   0.00e+00   0.00e+00   0.0%
----------------------------------------------------------------
Total                  1.05e-02   5.11e-03   5.27e-08   1.56e-02 100.0%
                          67.3%      32.7%       0.0%

======================= Slowest Corner ===================================

Group                  Internal  Switching    Leakage      Total
                          Power      Power      Power      Power (Watts)
----------------------------------------------------------------
Sequential             4.07e-03   5.25e-04   1.48e-05   4.61e-03  43.3%
Combinational          1.97e-03   1.50e-03   3.09e-05   3.50e-03  32.9%
Clock                  1.24e-03   1.29e-03   1.95e-06   2.53e-03  23.8%
Macro                  0.00e+00   0.00e+00   0.00e+00   0.00e+00   0.0%
Pad                    0.00e+00   0.00e+00   0.00e+00   0.00e+00   0.0%
----------------------------------------------------------------
Total                  7.28e-03   3.31e-03   4.76e-05   1.06e-02 100.0%
                          68.4%      31.1%       0.4%

======================= Typical Corner ===================================

Group                  Internal  Switching    Leakage      Total
                          Power      Power      Power      Power (Watts)
----------------------------------------------------------------
Sequential             5.20e-03   6.81e-04   8.57e-09   5.88e-03  43.6%
Combinational          2.49e-03   1.92e-03   1.99e-08   4.41e-03  32.7%
Clock                  1.51e-03   1.68e-03   9.71e-09   3.19e-03  23.7%
Macro                  0.00e+00   0.00e+00   0.00e+00   0.00e+00   0.0%
Pad                    0.00e+00   0.00e+00   0.00e+00   0.00e+00   0.0%
----------------------------------------------------------------
Total                  9.20e-03   4.28e-03   3.82e-08   1.35e-02 100.0%
                          68.2%      31.8%       0.0%

