
===========================================================================
report_checks -unconstrained
===========================================================================
======================= Typical Corner ===================================

Startpoint: _8618_ (rising edge-triggered flip-flop clocked by core_clock)
Endpoint: _8618_ (rising edge-triggered flip-flop clocked by core_clock)
Path Group: core_clock
Path Type: max

Fanout     Cap    Slew   Delay    Time   Description
-----------------------------------------------------------------------------
                          0.00    0.00   clock core_clock (rise edge)
                          0.00    0.00   clock source latency
     1    0.28    0.00    0.00    0.00 ^ CLK (in)
                                         CLK (net)
                  0.00    0.00    0.00 ^ clkbuf_0_CLK/A (sky130_fd_sc_hd__clkbuf_16)
     2    0.07    0.08    0.14    0.14 ^ clkbuf_0_CLK/X (sky130_fd_sc_hd__clkbuf_16)
                                         clknet_0_CLK (net)
                  0.08    0.00    0.15 ^ clkbuf_1_0_0_CLK/A (sky130_fd_sc_hd__clkbuf_8)
     1    0.00    0.03    0.12    0.27 ^ clkbuf_1_0_0_CLK/X (sky130_fd_sc_hd__clkbuf_8)
                                         clknet_1_0_0_CLK (net)
                  0.03    0.00    0.27 ^ clkbuf_1_0_1_CLK/A (sky130_fd_sc_hd__clkbuf_8)
     2    0.01    0.03    0.11    0.38 ^ clkbuf_1_0_1_CLK/X (sky130_fd_sc_hd__clkbuf_8)
                                         clknet_1_0_1_CLK (net)
                  0.03    0.00    0.38 ^ clkbuf_2_1_0_CLK/A (sky130_fd_sc_hd__clkbuf_8)
     1    0.04    0.07    0.15    0.52 ^ clkbuf_2_1_0_CLK/X (sky130_fd_sc_hd__clkbuf_8)
                                         clknet_2_1_0_CLK (net)
                  0.07    0.00    0.52 ^ clkbuf_2_1_1_CLK/A (sky130_fd_sc_hd__clkbuf_8)
     2    0.07    0.13    0.20    0.73 ^ clkbuf_2_1_1_CLK/X (sky130_fd_sc_hd__clkbuf_8)
                                         clknet_2_1_1_CLK (net)
                  0.13    0.00    0.73 ^ clkbuf_3_3_0_CLK/A (sky130_fd_sc_hd__clkbuf_8)
     2    0.03    0.07    0.18    0.90 ^ clkbuf_3_3_0_CLK/X (sky130_fd_sc_hd__clkbuf_8)
                                         clknet_3_3_0_CLK (net)
                  0.07    0.00    0.90 ^ clkbuf_4_6_0_CLK/A (sky130_fd_sc_hd__clkbuf_8)
     4    0.04    0.09    0.17    1.07 ^ clkbuf_4_6_0_CLK/X (sky130_fd_sc_hd__clkbuf_8)
                                         clknet_4_6_0_CLK (net)
                  0.09    0.00    1.07 ^ clkbuf_6_27_0_CLK/A (sky130_fd_sc_hd__clkbuf_8)
    13    0.07    0.14    0.21    1.28 ^ clkbuf_6_27_0_CLK/X (sky130_fd_sc_hd__clkbuf_8)
                                         clknet_6_27_0_CLK (net)
                  0.14    0.01    1.29 ^ _8618_/CLK (sky130_fd_sc_hd__dfxtp_4)
     2    0.18    0.21    0.48    1.77 v _8618_/Q (sky130_fd_sc_hd__dfxtp_4)
                                         rf.registers[11][25] (net)
                  0.21    0.00    1.77 v wire3998/A (sky130_fd_sc_hd__buf_12)
     2    0.23    0.07    0.23    2.00 v wire3998/X (sky130_fd_sc_hd__buf_12)
                                         net3998 (net)
                  0.44    0.21    2.22 v _6449_/A0 (sky130_fd_sc_hd__mux2_4)
     1    0.03    0.09    0.48    2.69 v _6449_/X (sky130_fd_sc_hd__mux2_4)
                                         _3084_ (net)
                  0.09    0.01    2.70 v wire1952/A (sky130_fd_sc_hd__buf_12)
     1    0.24    0.06    0.17    2.87 v wire1952/X (sky130_fd_sc_hd__buf_12)
                                         net1952 (net)
                  0.51    0.25    3.13 v wire1951/A (sky130_fd_sc_hd__clkbuf_16)
     1    0.24    0.09    0.38    3.51 v wire1951/X (sky130_fd_sc_hd__clkbuf_16)
                                         net1951 (net)
                  0.55    0.27    3.78 v _6450_/A (sky130_fd_sc_hd__buf_12)
     1    0.28    0.07    0.36    4.14 v _6450_/X (sky130_fd_sc_hd__buf_12)
                                         _0730_ (net)
                  0.67    0.33    4.47 v _8618_/D (sky130_fd_sc_hd__dfxtp_4)
                                  4.47   data arrival time

                         10.00   10.00   clock core_clock (rise edge)
                          0.00   10.00   clock source latency
     1    0.28    0.00    0.00   10.00 ^ CLK (in)
                                         CLK (net)
                  0.00    0.00   10.00 ^ clkbuf_0_CLK/A (sky130_fd_sc_hd__clkbuf_16)
     2    0.07    0.08    0.14   10.14 ^ clkbuf_0_CLK/X (sky130_fd_sc_hd__clkbuf_16)
                                         clknet_0_CLK (net)
                  0.08    0.00   10.15 ^ clkbuf_1_0_0_CLK/A (sky130_fd_sc_hd__clkbuf_8)
     1    0.00    0.03    0.12   10.27 ^ clkbuf_1_0_0_CLK/X (sky130_fd_sc_hd__clkbuf_8)
                                         clknet_1_0_0_CLK (net)
                  0.03    0.00   10.27 ^ clkbuf_1_0_1_CLK/A (sky130_fd_sc_hd__clkbuf_8)
     2    0.01    0.03    0.11   10.38 ^ clkbuf_1_0_1_CLK/X (sky130_fd_sc_hd__clkbuf_8)
                                         clknet_1_0_1_CLK (net)
                  0.03    0.00   10.38 ^ clkbuf_2_1_0_CLK/A (sky130_fd_sc_hd__clkbuf_8)
     1    0.04    0.07    0.15   10.52 ^ clkbuf_2_1_0_CLK/X (sky130_fd_sc_hd__clkbuf_8)
                                         clknet_2_1_0_CLK (net)
                  0.07    0.00   10.52 ^ clkbuf_2_1_1_CLK/A (sky130_fd_sc_hd__clkbuf_8)
     2    0.07    0.13    0.20   10.73 ^ clkbuf_2_1_1_CLK/X (sky130_fd_sc_hd__clkbuf_8)
                                         clknet_2_1_1_CLK (net)
                  0.13    0.00   10.73 ^ clkbuf_3_3_0_CLK/A (sky130_fd_sc_hd__clkbuf_8)
     2    0.03    0.07    0.18   10.90 ^ clkbuf_3_3_0_CLK/X (sky130_fd_sc_hd__clkbuf_8)
                                         clknet_3_3_0_CLK (net)
                  0.07    0.00   10.90 ^ clkbuf_4_6_0_CLK/A (sky130_fd_sc_hd__clkbuf_8)
     4    0.04    0.09    0.17   11.07 ^ clkbuf_4_6_0_CLK/X (sky130_fd_sc_hd__clkbuf_8)
                                         clknet_4_6_0_CLK (net)
                  0.09    0.00   11.07 ^ clkbuf_6_27_0_CLK/A (sky130_fd_sc_hd__clkbuf_8)
    13    0.07    0.14    0.21   11.28 ^ clkbuf_6_27_0_CLK/X (sky130_fd_sc_hd__clkbuf_8)
                                         clknet_6_27_0_CLK (net)
                  0.14    0.01   11.29 ^ _8618_/CLK (sky130_fd_sc_hd__dfxtp_4)
                          0.00   11.29   clock reconvergence pessimism
                         -0.34   10.95   library setup time
                                 10.95   data required time
-----------------------------------------------------------------------------
                                 10.95   data required time
                                 -4.47   data arrival time
-----------------------------------------------------------------------------
                                  6.48   slack (MET)




===========================================================================
report_checks --slack_max -0.01
============================================================================
======================= Typical Corner ===================================

No paths found.


===========================================================================
 report_check_types -max_slew -max_cap -max_fanout -violators
============================================================================
======================= Typical Corner ===================================


max slew violations count Typical: 0
max fanout violations count Typical: 0
max cap violations count Typical: 0

===========================================================================
report_parasitic_annotation -report_unannotated
============================================================================
Found 96 unannotated drivers.
 clkload0/Y
 clkload1/Y
 clkload10/Y
 clkload11/Y
 clkload12/Y
 clkload13/Y
 clkload14/Y
 clkload15/Y
 clkload16/X
 clkload17/X
 clkload18/X
 clkload19/Y
 clkload2/Y
 clkload20/Y
 clkload21/Y
 clkload22/Y
 clkload23/Y
 clkload24/Y
 clkload25/X
 clkload26/Y
 clkload27/Y
 clkload28/Y
 clkload29/Y
 clkload3/Y
 clkload30/Y
 clkload31/X
 clkload32/Y
 clkload33/Y
 clkload34/Y
 clkload35/Y
 clkload36/Y
 clkload37/X
 clkload38/Y
 clkload39/Y
 clkload4/Y
 clkload40/Y
 clkload41/Y
 clkload42/Y
 clkload43/X
 clkload44/Y
 clkload45/Y
 clkload46/Y
 clkload47/Y
 clkload48/X
 clkload49/X
 clkload5/Y
 clkload50/X
 clkload51/X
 clkload52/X
 clkload53/X
 clkload54/X
 clkload55/X
 clkload56/X
 clkload57/X
 clkload58/X
 clkload59/X
 clkload6/Y
 clkload60/Y
 clkload61/Y
 clkload62/Y
 clkload63/X
 clkload64/X
 clkload65/X
 clkload66/X
 clkload67/X
 clkload68/X
 clkload69/X
 clkload7/Y
 clkload70/X
 clkload71/X
 clkload72/X
 clkload73/X
 clkload74/X
 clkload75/X
 clkload76/X
 clkload77/X
 clkload78/X
 clkload79/X
 clkload8/Y
 clkload80/X
 clkload81/X
 clkload82/X
 clkload83/X
 clkload84/X
 clkload85/X
 clkload86/X
 clkload87/X
 clkload88/X
 clkload89/X
 clkload9/Y
 clkload90/X
 clkload91/X
 clkload92/X
 clkload93/X
 clkload94/X
 clkload95/X
Found 5553 partially unannotated drivers.
 A2[0]
 A2[1]
 CLK
 WD3[20]
 WD3[24]
 WD3[28]
 WD3[30]
 WE3
 alu_opcode[0]
 _4229_/X
 _4230_/Y
 _4231_/X
 _4232_/X
 _4235_/Y
 _4236_/X
 _4239_/X
 _4240_/X
 _4241_/X
 _4242_/X
 _4248_/X
 _4250_/X
 _4252_/X
 _4253_/Y
 _4258_/Y
 _4261_/X
 _4262_/X
 _4263_/X
 _4266_/Y
 _4267_/X
 _4268_/X
 _4274_/X
 _4275_/Y
 _4277_/X
 _4279_/Y
 _4280_/X
 _4283_/X
 _4284_/X
 _4285_/X
 _4287_/X
 _4290_/X
 _4292_/X
 _4293_/Y
 _4298_/X
 _4299_/X
 _4302_/X
 _4303_/Y
 _4304_/X
 _4314_/X
 _4323_/X
 _4324_/X
 _4325_/Y
 _4326_/X
 _4327_/X
 _4328_/X
 _4330_/X
 _4332_/X
 _4334_/X
 _4335_/X
 _4336_/X
 _4337_/X
 _4339_/X
 _4341_/X
 _4343_/X
 _4344_/X
 _4347_/X
 _4349_/X
 _4351_/X
 _4352_/X
 _4353_/X
 _4355_/X
 _4356_/X
 _4358_/X
 _4359_/X
 _4360_/X
 _4361_/X
 _4366_/X
 _4368_/Y
 _4369_/X
 _4370_/X
 _4371_/X
 _4373_/X
 _4375_/X
 _4381_/X
 _4382_/X
 _4383_/X
 _4384_/X
 _4387_/X
 _4388_/X
 _4390_/Y
 _4392_/X
 _4394_/X
 _4396_/X
 _4397_/X
 _4402_/X
 _4408_/X
 _4409_/X
 _4410_/X
 _4412_/X
 _4414_/X
 _4417_/Y
 _4418_/X
 _4419_/X
 _4420_/X
 _4421_/X
 _4422_/X
 _4423_/X
 _4424_/X
 _4425_/X
 _4426_/X
 _4428_/Y
 _4430_/X
 _4431_/X
 _4436_/X
 _4439_/X
 _4440_/X
 _4441_/X
 _4443_/X
 _4444_/X
 _4446_/X
 _4451_/X
 _4452_/X
 _4454_/X
 _4457_/X
 _4458_/X
 _4463_/X
 _4465_/X
 _4466_/X
 _4468_/X
 _4471_/X
 _4472_/X
 _4473_/X
 _4474_/X
 _4476_/X
 _4477_/X
 _4480_/X
 _4481_/X
 _4483_/X
 _4484_/X
 _4485_/X
 _4487_/X
 _4488_/X
 _4489_/X
 _4490_/X
 _4493_/X
 _4494_/X
 _4497_/X
 _4498_/X
 _4500_/X
 _4501_/X
 _4502_/X
 _4503_/X
 _4508_/X
 _4509_/X
 _4510_/X
 _4511_/X
 _4517_/Y
 _4522_/X
 _4523_/X
 _4526_/X
 _4527_/Y
 _4529_/X
 _4530_/X
 _4531_/X
 _4532_/X
 _4533_/X
 _4535_/X
 _4537_/X
 _4539_/X
 _4540_/X
 _4541_/X
 _4543_/X
 _4544_/X
 _4546_/Y
 _4548_/X
 _4549_/X
 _4550_/X
 _4553_/X
 _4555_/X
 _4556_/X
 _4564_/Y
 _4565_/X
 _4566_/X
 _4568_/X
 _4572_/X
 _4575_/X
 _4577_/Y
 _4581_/X
 _4587_/Y
 _4590_/X
 _4592_/X
 _4594_/X
 _4597_/Y
 _4598_/X
 _4599_/X
 _4600_/X
 _4603_/X
 _4604_/X
 _4605_/X
 _4606_/X
 _4612_/X
 _4613_/X
 _4616_/X
 _4617_/X
 _4624_/X
 _4627_/X
 _4629_/X
 _4631_/Y
 _4633_/X
 _4635_/X
 _4637_/Y
 _4638_/X
 _4640_/X
 _4642_/X
 _4643_/X
 _4644_/X
 _4654_/Y
 _4655_/X
 _4657_/X
 _4658_/X
 _4659_/X
 _4660_/X
 _4661_/X
 _4662_/X
 _4663_/X
 _4664_/X
 _4674_/X
 _4678_/X
 _4681_/X
 _4684_/X
 _4688_/X
 _4690_/X
 _4691_/X
 _4692_/X
 _4693_/X
 _4699_/X
 _4703_/X
 _4704_/X
 _4706_/X
 _4708_/X
 _4710_/X
 _4713_/X
 _4714_/X
 _4716_/X
 _4718_/X
 _4719_/Y
 _4720_/X
 _4722_/X
 _4723_/X
 _4728_/X
 _4729_/X
 _4731_/X
 _4735_/X
 _4736_/Y
 _4737_/X
 _4738_/Y
 _4741_/X
 _4743_/X
 _4746_/X
 _4749_/X
 _4752_/X
 _4753_/X
 _4755_/X
 _4756_/X
 _4759_/X
 _4765_/X
 _4767_/X
 _4768_/X
 _4769_/X
 _4770_/X
 _4771_/X
 _4773_/X
 _4774_/X
 _4775_/X
 _4776_/X
 _4777_/X
 _4778_/X
 _4782_/X
 _4783_/X
 _4784_/X
 _4787_/X
 _4790_/X
 _4794_/X
 _4795_/X
 _4796_/X
 _4799_/X
 _4800_/X
 _4803_/Y
 _4805_/X
 _4806_/X
 _4809_/X
 _4811_/X
 _4812_/X
 _4813_/X
 _4815_/X
 _4816_/X
 _4817_/X
 _4818_/X
 _4821_/X
 _4831_/X
 _4833_/Y
 _4834_/X
 _4835_/Y
 _4836_/X
 _4837_/X
 _4838_/X
 _4841_/X
 _4843_/X
 _4845_/X
 _4847_/X
 _4848_/X
 _4849_/X
 _4850_/Y
 _4851_/X
 _4852_/Y
 _4853_/Y
 _4854_/X
 _4855_/X
 _4856_/X
 _4857_/X
 _4861_/X
 _4862_/X
 _4865_/X
 _4867_/X
 _4868_/X
 _4869_/X
 _4872_/X
 _4873_/X
 _4874_/X
 _4875_/X
 _4876_/X
 _4877_/X
 _4881_/Y
 _4882_/X
 _4884_/X
 _4886_/X
 _4887_/X
 _4890_/X
 _4891_/X
 _4893_/X
 _4894_/X
 _4895_/X
 _4896_/X
 _4897_/Y
 _4898_/X
 _4899_/X
 _4900_/X
 _4901_/X
 _4906_/X
 _4907_/X
 _4911_/X
 _4916_/X
 _4919_/X
 _4923_/X
 _4924_/X
 _4925_/X
 _4926_/X
 _4927_/X
 _4928_/X
 _4931_/X
 _4932_/X
 _4933_/X
 _4934_/X
 _4935_/X
 _4936_/X
 _4937_/X
 _4940_/X
 _4943_/X
 _4945_/X
 _4946_/X
 _4949_/X
 _4950_/X
 _4955_/X
 _4957_/X
 _4959_/X
 _4961_/X
 _4962_/X
 _4968_/X
 _4970_/X
 _4971_/X
 _4972_/X
 _4973_/X
 _4976_/X
 _4977_/X
 _4978_/X
 _4979_/X
 _4983_/X
 _4986_/X
 _4987_/X
 _4990_/X
 _4991_/X
 _4992_/X
 _4995_/X
 _4996_/X
 _4997_/X
 _5000_/Y
 _5003_/X
 _5005_/X
 _5006_/X
 _5007_/X
 _5009_/X
 _5011_/X
 _5012_/X
 _5013_/Y
 _5014_/X
 _5015_/X
 _5017_/X
 _5018_/X
 _5019_/X
 _5022_/Y
 _5024_/X
 _5025_/X
 _5026_/X
 _5027_/X
 _5028_/X
 _5030_/X
 _5031_/X
 _5032_/X
 _5033_/Y
 _5038_/X
 _5041_/X
 _5042_/X
 _5043_/X
 _5044_/X
 _5045_/X
 _5046_/X
 _5047_/X
 _5049_/X
 _5054_/X
 _5056_/Y
 _5060_/X
 _5061_/X
 _5062_/X
 _5063_/X
 _5064_/X
 _5065_/X
 _5067_/X
 _5068_/X
 _5070_/X
 _5071_/X
 _5073_/Y
 _5074_/X
 _5077_/X
 _5078_/X
 _5079_/X
 _5080_/X
 _5081_/X
 _5083_/X
 _5086_/X
 _5088_/Y
 _5089_/X
 _5090_/Y
 _5093_/X
 _5098_/X
 _5099_/Y
 _5100_/X
 _5101_/X
 _5104_/X
 _5105_/Y
 _5106_/X
 _5108_/X
 _5109_/X
 _5110_/X
 _5111_/X
 _5112_/X
 _5113_/X
 _5121_/Y
 _5124_/X
 _5130_/X
 _5131_/X
 _5132_/X
 _5134_/X
 _5135_/X
 _5141_/X
 _5143_/X
 _5144_/X
 _5147_/X
 _5148_/X
 _5149_/X
 _5151_/X
 _5154_/Y
 _5157_/X
 _5158_/X
 _5163_/X
 _5166_/X
 _5167_/X
 _5168_/X
 _5171_/X
 _5173_/X
 _5176_/X
 _5183_/X
 _5184_/X
 _5185_/X
 _5189_/X
 _5193_/Y
 _5197_/X
 _5199_/X
 _5200_/X
 _5203_/X
 _5204_/X
 _5205_/X
 _5206_/X
 _5208_/X
 _5209_/X
 _5211_/Y
 _5212_/X
 _5213_/X
 _5214_/X
 _5215_/X
 _5217_/X
 _5219_/Y
 _5221_/Y
 _5223_/X
 _5224_/X
 _5225_/X
 _5227_/X
 _5228_/X
 _5229_/X
 _5231_/X
 _5232_/Y
 _5235_/X
 _5237_/X
 _5238_/Y
 _5240_/X
 _5241_/X
 _5243_/X
 _5245_/X
 _5246_/X
 _5247_/X
 _5249_/X
 _5255_/Y
 _5256_/X
 _5262_/X
 _5263_/X
 _5264_/X
 _5265_/X
 _5266_/X
 _5268_/X
 _5269_/X
 _5270_/X
 _5271_/X
 _5274_/Y
 _5275_/X
 _5277_/X
 _5280_/X
 _5281_/X
 _5286_/X
 _5287_/X
 _5290_/X
 _5291_/Y
 _5294_/X
 _5298_/X
 _5300_/Y
 _5303_/X
 _5304_/Y
 _5305_/X
 _5306_/Y
 _5307_/X
 _5309_/X
 _5310_/X
 _5311_/X
 _5312_/X
 _5315_/X
 _5316_/X
 _5318_/X
 _5319_/X
 _5326_/X
 _5327_/X
 _5328_/X
 _5331_/X
 _5332_/X
 _5333_/X
 _5334_/X
 _5335_/X
 _5338_/X
 _5339_/X
 _5341_/X
 _5342_/X
 _5343_/X
 _5344_/Y
 _5346_/Y
 _5348_/X
 _5349_/X
 _5350_/X
 _5352_/X
 _5353_/X
 _5354_/X
 _5356_/X
 _5358_/X
 _5359_/X
 _5360_/X
 _5361_/X
 _5362_/Y
 _5363_/Y
 _5364_/X
 _5365_/X
 _5366_/X
 _5368_/X
 _5369_/X
 _5372_/X
 _5375_/X
 _5376_/X
 _5377_/X
 _5378_/X
 _5380_/X
 _5382_/Y
 _5383_/Y
 _5385_/X
 _5388_/X
 _5391_/X
 _5392_/X
 _5394_/X
 _5397_/X
 _5398_/X
 _5399_/X
 _5400_/X
 _5402_/X
 _5404_/X
 _5405_/X
 _5408_/X
 _5413_/Y
 _5415_/Y
 _5417_/X
 _5418_/X
 _5419_/X
 _5420_/X
 _5425_/X
 _5426_/Y
 _5427_/X
 _5428_/X
 _5429_/X
 _5430_/Y
 _5431_/X
 _5432_/Y
 _5436_/X
 _5438_/X
 _5439_/X
 _5440_/X
 _5444_/X
 _5445_/X
 _5447_/Y
 _5451_/X
 _5455_/X
 _5457_/X
 _5458_/X
 _5459_/X
 _5460_/X
 _5462_/Y
 _5463_/X
 _5464_/X
 _5465_/X
 _5468_/Y
 _5469_/X
 _5475_/X
 _5476_/X
 _5477_/X
 _5478_/X
 _5480_/X
 _5481_/X
 _5483_/Y
 _5487_/X
 _5488_/X
 _5490_/Y
 _5492_/X
 _5494_/Y
 _5497_/Y
 _5498_/X
 _5501_/Y
 _5503_/X
 _5504_/X
 _5505_/X
 _5507_/X
 _5509_/X
 _5510_/X
 _5512_/X
 _5514_/Y
 _5516_/X
 _5517_/X
 _5519_/X
 _5520_/X
 _5521_/X
 _5522_/Y
 _5523_/X
 _5524_/X
 _5525_/X
 _5526_/X
 _5528_/X
 _5530_/X
 _5532_/X
 _5534_/Y
 _5535_/Y
 _5536_/X
 _5540_/X
 _5541_/Y
 _5544_/X
 _5548_/Y
 _5549_/X
 _5551_/Y
 _5553_/X
 _5554_/Y
 _5555_/X
 _5556_/Y
 _5557_/Y
 _5563_/Y
 _5564_/X
 _5567_/X
 _5569_/Y
 _5570_/Y
 _5571_/Y
 _5572_/Y
 _5574_/X
 _5578_/Y
 _5579_/Y
 _5580_/Y
 _5581_/Y
 _5586_/Y
 _5587_/X
 _5588_/X
 _5589_/X
 _5590_/Y
 _5592_/X
 _5593_/Y
 _5594_/X
 _5596_/X
 _5597_/Y
 _5601_/X
 _5603_/X
 _5604_/X
 _5606_/Y
 _5610_/X
 _5612_/Y
 _5618_/X
 _5619_/X
 _5620_/Y
 _5622_/Y
 _5626_/Y
 _5628_/X
 _5629_/X
 _5632_/Y
 _5634_/Y
 _5637_/X
 _5644_/Y
 _5645_/X
 _5647_/X
 _5648_/X
 _5649_/Y
 _5650_/Y
 _5651_/X
 _5653_/X
 _5654_/X
 _5655_/X
 _5656_/X
 _5657_/X
 _5660_/X
 _5662_/Y
 _5668_/X
 _5671_/Y
 _5672_/Y
 _5676_/X
 _5680_/X
 _5683_/X
 _5684_/X
 _5685_/Y
 _5686_/X
 _5687_/X
 _5689_/X
 _5690_/X
 _5692_/X
 _5693_/X
 _5694_/X
 _5695_/Y
 _5696_/Y
 _5699_/X
 _5700_/X
 _5701_/X
 _5703_/X
 _5707_/X
 _5708_/Y
 _5709_/X
 _5710_/X
 _5712_/X
 _5713_/X
 _5716_/X
 _5726_/Y
 _5727_/X
 _5728_/X
 _5729_/Y
 _5730_/Y
 _5731_/Y
 _5732_/Y
 _5733_/X
 _5735_/Y
 _5736_/Y
 _5740_/X
 _5742_/X
 _5743_/X
 _5745_/X
 _5753_/X
 _5754_/X
 _5759_/Y
 _5760_/X
 _5763_/Y
 _5764_/Y
 _5766_/X
 _5767_/Y
 _5768_/Y
 _5772_/X
 _5774_/Y
 _5777_/Y
 _5779_/Y
 _5782_/X
 _5784_/X
 _5785_/X
 _5786_/X
 _5787_/X
 _5789_/Y
 _5790_/X
 _5794_/X
 _5795_/X
 _5796_/Y
 _5798_/X
 _5799_/X
 _5801_/X
 _5804_/X
 _5806_/Y
 _5807_/X
 _5810_/Y
 _5815_/Y
 _5820_/X
 _5823_/Y
 _5826_/X
 _5827_/X
 _5828_/Y
 _5829_/X
 _5830_/X
 _5831_/X
 _5833_/X
 _5834_/X
 _5835_/Y
 _5839_/Y
 _5840_/X
 _5841_/Y
 _5843_/X
 _5844_/Y
 _5847_/X
 _5848_/X
 _5851_/X
 _5855_/X
 _5857_/X
 _5867_/Y
 _5868_/Y
 _5869_/X
 _5875_/X
 _5878_/X
 _5879_/Y
 _5880_/X
 _5881_/Y
 _5882_/Y
 _5885_/X
 _5886_/X
 _5887_/Y
 _5890_/X
 _5891_/Y
 _5894_/Y
 _5895_/X
 _5903_/Y
 _5906_/Y
 _5908_/X
 _5910_/X
 _5912_/Y
 _5913_/X
 _5914_/Y
 _5915_/X
 _5918_/X
 _5919_/Y
 _5920_/X
 _5921_/X
 _5922_/Y
 _5924_/X
 _5926_/Y
 _5927_/X
 _5932_/Y
 _5934_/X
 _5936_/X
 _5940_/Y
 _5941_/Y
 _5944_/X
 _5945_/X
 _5947_/X
 _5950_/Y
 _5952_/Y
 _5954_/Y
 _5956_/Y
 _5960_/X
 _5964_/Y
 _5965_/X
 _5967_/X
 _5970_/Y
 _5979_/X
 _5980_/X
 _5982_/X
 _5985_/Y
 _5986_/X
 _5987_/X
 _5988_/Y
 _5992_/X
 _5994_/X
 _5999_/X
 _6001_/Y
 _6004_/X
 _6005_/X
 _6006_/X
 _6009_/Y
 _6011_/X
 _6014_/X
 _6016_/Y
 _6020_/Y
 _6024_/Y
 _6027_/X
 _6030_/Y
 _6032_/X
 _6033_/Y
 _6034_/X
 _6035_/Y
 _6036_/X
 _6037_/X
 _6038_/X
 _6046_/X
 _6049_/X
 _6050_/X
 _6051_/Y
 _6052_/X
 _6053_/X
 _6054_/X
 _6055_/X
 _6056_/Y
 _6057_/Y
 _6066_/X
 _6067_/X
 _6068_/Y
 _6069_/X
 _6070_/X
 _6076_/Y
 _6084_/X
 _6085_/X
 _6086_/X
 _6087_/X
 _6089_/Y
 _6090_/X
 _6092_/X
 _6093_/X
 _6094_/Y
 _6096_/X
 _6101_/Y
 _6102_/Y
 _6103_/Y
 _6104_/X
 _6105_/X
 _6106_/Y
 _6107_/Y
 _6108_/Y
 _6111_/X
 _6113_/Y
 _6121_/X
 _6123_/X
 _6127_/X
 _6128_/X
 _6131_/Y
 _6132_/X
 _6133_/X
 _6135_/X
 _6136_/X
 _6137_/X
 _6139_/X
 _6146_/Y
 _6149_/X
 _6152_/X
 _6153_/X
 _6156_/Y
 _6159_/X
 _6160_/X
 _6164_/X
 _6170_/Y
 _6171_/Y
 _6181_/X
 _6182_/Y
 _6186_/Y
 _6189_/Y
 _6190_/X
 _6195_/X
 _6197_/X
 _6200_/X
 _6203_/Y
 _6207_/Y
 _6211_/X
 _6212_/X
 _6213_/Y
 _6214_/X
 _6215_/X
 _6216_/Y
 _6221_/X
 _6223_/X
 _6225_/X
 _6227_/Y
 _6229_/X
 _6230_/X
 _6231_/Y
 _6232_/Y
 _6234_/X
 _6235_/X
 _6236_/Y
 _6237_/X
 _6240_/Y
 _6242_/Y
 _6245_/X
 _6246_/Y
 _6251_/Y
 _6252_/Y
 _6253_/X
 _6254_/Y
 _6256_/Y
 _6264_/X
 _6269_/X
 _6272_/X
 _6273_/X
 _6274_/X
 _6276_/X
 _6277_/X
 _6279_/X
 _6284_/X
 _6286_/X
 _6287_/X
 _6289_/X
 _6291_/Y
 _6292_/X
 _6293_/X
 _6295_/X
 _6296_/X
 _6298_/X
 _6300_/X
 _6303_/X
 _6304_/X
 _6305_/X
 _6308_/X
 _6309_/X
 _6310_/X
 _6311_/X
 _6312_/X
 _6314_/X
 _6317_/X
 _6318_/X
 _6319_/X
 _6321_/X
 _6322_/X
 _6323_/X
 _6324_/X
 _6326_/X
 _6328_/X
 _6329_/X
 _6330_/X
 _6331_/X
 _6333_/X
 _6334_/X
 _6336_/X
 _6338_/X
 _6341_/X
 _6342_/X
 _6343_/X
 _6346_/X
 _6347_/X
 _6348_/X
 _6349_/X
 _6350_/X
 _6352_/X
 _6356_/X
 _6357_/X
 _6360_/X
 _6365_/X
 _6366_/X
 _6367_/X
 _6368_/X
 _6369_/X
 _6370_/X
 _6377_/X
 _6378_/X
 _6379_/X
 _6382_/X
 _6383_/X
 _6384_/X
 _6385_/X
 _6386_/X
 _6390_/X
 _6391_/X
 _6397_/X
 _6398_/X
 _6400_/X
 _6401_/X
 _6405_/X
 _6406_/X
 _6408_/X
 _6410_/X
 _6415_/X
 _6416_/X
 _6417_/X
 _6419_/X
 _6420_/X
 _6421_/X
 _6427_/X
 _6428_/X
 _6429_/X
 _6432_/X
 _6437_/X
 _6441_/X
 _6443_/X
 _6448_/X
 _6451_/X
 _6452_/X
 _6453_/X
 _6457_/X
 _6458_/X
 _6462_/X
 _6464_/X
 _6465_/Y
 _6467_/X
 _6469_/X
 _6470_/X
 _6471_/X
 _6474_/X
 _6475_/X
 _6476_/X
 _6478_/X
 _6480_/X
 _6481_/X
 _6483_/X
 _6485_/X
 _6488_/X
 _6489_/X
 _6494_/X
 _6495_/X
 _6496_/X
 _6497_/X
 _6499_/X
 _6500_/X
 _6502_/X
 _6503_/X
 _6505_/X
 _6506_/X
 _6507_/X
 _6508_/X
 _6509_/X
 _6510_/X
 _6512_/X
 _6517_/X
 _6518_/X
 _6521_/X
 _6522_/X
 _6523_/X
 _6524_/X
 _6525_/X
 _6526_/X
 _6527_/X
 _6528_/X
 _6530_/X
 _6531_/X
 _6535_/X
 _6536_/X
 _6538_/X
 _6540_/X
 _6543_/X
 _6544_/X
 _6545_/X
 _6547_/X
 _6548_/X
 _6550_/X
 _6552_/X
 _6555_/X
 _6556_/X
 _6558_/X
 _6559_/X
 _6560_/X
 _6562_/X
 _6563_/X
 _6564_/X
 _6567_/X
 _6570_/X
 _6571_/X
 _6572_/X
 _6573_/X
 _6575_/X
 _6576_/X
 _6577_/X
 _6578_/X
 _6579_/X
 _6580_/X
 _6583_/X
 _6585_/X
 _6586_/X
 _6587_/X
 _6590_/X
 _6591_/X
 _6592_/X
 _6593_/X
 _6594_/X
 _6595_/X
 _6596_/X
 _6599_/X
 _6600_/X
 _6606_/X
 _6609_/X
 _6625_/X
 _6628_/X
 _6629_/X
 _6632_/X
 _6633_/X
 _6634_/X
 _6642_/X
 _6643_/X
 _6644_/X
 _6645_/X
 _6646_/X
 _6648_/X
 _6649_/X
 _6650_/X
 _6651_/X
 _6655_/X
 _6656_/X
 _6657_/X
 _6658_/X
 _6659_/X
 _6660_/X
 _6661_/X
 _6663_/X
 _6670_/X
 _6672_/Y
 _6675_/X
 _6677_/X
 _6679_/X
 _6680_/X
 _6685_/X
 _6686_/X
 _6687_/X
 _6688_/X
 _6689_/X
 _6690_/X
 _6692_/X
 _6693_/X
 _6695_/X
 _6697_/X
 _6698_/X
 _6701_/X
 _6702_/X
 _6704_/X
 _6705_/X
 _6706_/X
 _6707_/X
 _6708_/X
 _6709_/X
 _6710_/X
 _6713_/X
 _6715_/X
 _6716_/X
 _6721_/X
 _6722_/X
 _6724_/X
 _6725_/X
 _6727_/X
 _6728_/X
 _6729_/X
 _6733_/X
 _6736_/X
 _6737_/X
 _6738_/X
 _6739_/X
 _6740_/Y
 _6742_/X
 _6744_/X
 _6745_/X
 _6746_/X
 _6747_/X
 _6748_/X
 _6750_/X
 _6752_/X
 _6753_/X
 _6754_/X
 _6756_/X
 _6757_/X
 _6758_/X
 _6760_/X
 _6761_/X
 _6762_/X
 _6767_/X
 _6768_/X
 _6769_/X
 _6771_/X
 _6773_/X
 _6774_/X
 _6776_/X
 _6777_/X
 _6779_/X
 _6780_/X
 _6784_/X
 _6785_/X
 _6786_/X
 _6789_/X
 _6790_/X
 _6792_/X
 _6794_/X
 _6795_/X
 _6803_/X
 _6804_/X
 _6805_/X
 _6808_/X
 _6815_/X
 _6816_/X
 _6819_/X
 _6824_/X
 _6825_/X
 _6826_/X
 _6827_/X
 _6828_/X
 _6831_/X
 _6833_/X
 _6834_/X
 _6836_/X
 _6837_/X
 _6839_/X
 _6840_/X
 _6842_/X
 _6843_/X
 _6844_/X
 _6847_/X
 _6849_/X
 _6850_/X
 _6851_/X
 _6853_/X
 _6856_/X
 _6858_/X
 _6859_/X
 _6864_/X
 _6865_/X
 _6868_/X
 _6869_/X
 _6871_/X
 _6872_/X
 _6873_/X
 _6874_/X
 _6875_/X
 _6876_/X
 _6878_/X
 _6879_/X
 _6880_/X
 _6881_/X
 _6882_/X
 _6883_/X
 _6885_/X
 _6886_/X
 _6887_/X
 _6888_/X
 _6889_/X
 _6892_/X
 _6893_/X
 _6894_/X
 _6895_/X
 _6896_/X
 _6897_/X
 _6898_/X
 _6899_/X
 _6901_/X
 _6904_/X
 _6906_/X
 _6911_/X
 _6913_/X
 _6914_/X
 _6916_/X
 _6918_/X
 _6919_/X
 _6920_/X
 _6922_/X
 _6930_/X
 _6931_/X
 _6932_/X
 _6936_/X
 _6945_/X
 _6949_/X
 _6953_/X
 _6954_/X
 _6955_/X
 _6958_/X
 _6960_/X
 _6961_/X
 _6964_/X
 _6967_/X
 _6968_/X
 _6969_/X
 _6970_/X
 _6973_/X
 _6974_/X
 _6975_/X
 _6976_/X
 _6977_/X
 _6978_/X
 _6979_/X
 _6980_/X
 _6981_/X
 _6982_/X
 _6986_/X
 _6987_/X
 _6991_/X
 _6993_/X
 _6994_/X
 _6995_/X
 _6997_/X
 _6999_/X
 _7001_/X
 _7005_/X
 _7006_/X
 _7009_/X
 _7010_/X
 _7013_/X
 _7015_/X
 _7020_/X
 _7021_/X
 _7023_/X
 _7024_/X
 _7025_/X
 _7027_/X
 _7028_/X
 _7029_/X
 _7031_/X
 _7032_/X
 _7033_/X
 _7034_/X
 _7035_/X
 _7037_/X
 _7039_/X
 _7040_/X
 _7041_/X
 _7042_/X
 _7043_/X
 _7045_/X
 _7048_/X
 _7050_/X
 _7053_/X
 _7056_/X
 _7061_/X
 _7062_/X
 _7063_/X
 _7064_/X
 _7065_/X
 _7066_/X
 _7068_/X
 _7070_/X
 _7071_/Y
 _7072_/X
 _7073_/X
 _7075_/X
 _7076_/X
 _7081_/X
 _7084_/X
 _7085_/X
 _7086_/X
 _7088_/X
 _7089_/X
 _7090_/X
 _7091_/X
 _7092_/X
 _7093_/X
 _7095_/X
 _7096_/X
 _7097_/X
 _7098_/X
 _7099_/X
 _7100_/X
 _7101_/X
 _7103_/X
 _7105_/X
 _7106_/X
 _7108_/X
 _7110_/X
 _7112_/X
 _7113_/X
 _7118_/X
 _7119_/X
 _7120_/X
 _7121_/X
 _7122_/X
 _7123_/X
 _7124_/X
 _7126_/X
 _7128_/X
 _7129_/X
 _7133_/X
 _7136_/X
 _7137_/X
 _7139_/Y
 _7141_/X
 _7143_/X
 _7145_/X
 _7148_/X
 _7152_/X
 _7155_/X
 _7157_/X
 _7158_/X
 _7159_/X
 _7160_/X
 _7161_/X
 _7165_/X
 _7168_/X
 _7170_/X
 _7173_/X
 _7175_/X
 _7176_/X
 _7179_/X
 _7182_/X
 _7183_/X
 _7184_/X
 _7186_/X
 _7187_/X
 _7188_/X
 _7189_/X
 _7190_/X
 _7197_/X
 _7200_/X
 _7202_/X
 _7203_/X
 _7206_/X
 _7208_/X
 _7209_/X
 _7212_/X
 _7213_/X
 _7216_/X
 _7218_/X
 _7220_/X
 _7221_/X
 _7223_/X
 _7227_/X
 _7230_/X
 _7231_/X
 _7232_/X
 _7235_/X
 _7236_/X
 _7238_/X
 _7239_/X
 _7242_/X
 _7244_/X
 _7247_/X
 _7250_/X
 _7251_/X
 _7253_/X
 _7254_/X
 _7256_/X
 _7258_/X
 _7259_/X
 _7261_/X
 _7262_/X
 _7263_/X
 _7264_/X
 _7265_/X
 _7267_/X
 _7272_/X
 _7275_/Y
 _7276_/X
 _7277_/X
 _7279_/X
 _7282_/X
 _7283_/X
 _7284_/X
 _7285_/X
 _7287_/X
 _7289_/X
 _7291_/X
 _7292_/X
 _7294_/X
 _7296_/X
 _7297_/X
 _7299_/X
 _7302_/X
 _7303_/X
 _7306_/X
 _7307_/X
 _7308_/X
 _7309_/X
 _7311_/X
 _7314_/X
 _7315_/X
 _7317_/X
 _7319_/X
 _7320_/X
 _7324_/X
 _7325_/X
 _7326_/X
 _7329_/X
 _7330_/X
 _7332_/X
 _7333_/X
 _7335_/X
 _7337_/X
 _7338_/X
 _7339_/X
 _7341_/X
 _7342_/X
 _7346_/X
 _7347_/X
 _7348_/X
 _7350_/X
 _7353_/X
 _7355_/X
 _7356_/X
 _7358_/X
 _7361_/X
 _7362_/X
 _7364_/X
 _7365_/X
 _7368_/X
 _7369_/X
 _7370_/X
 _7371_/X
 _7372_/X
 _7374_/X
 _7376_/X
 _7377_/X
 _7378_/X
 _7379_/X
 _7380_/X
 _7383_/X
 _7384_/X
 _7385_/X
 _7386_/X
 _7387_/X
 _7389_/X
 _7390_/X
 _7397_/X
 _7398_/X
 _7404_/X
 _7409_/X
 _7410_/X
 _7411_/X
 _7412_/Y
 _7413_/X
 _7414_/X
 _7415_/X
 _7417_/X
 _7419_/X
 _7421_/X
 _7422_/X
 _7425_/X
 _7430_/X
 _7431_/X
 _7432_/X
 _7433_/X
 _7435_/X
 _7436_/X
 _7437_/X
 _7438_/X
 _7440_/X
 _7441_/X
 _7444_/X
 _7446_/X
 _7448_/X
 _7449_/X
 _7451_/X
 _7452_/X
 _7453_/X
 _7454_/X
 _7457_/X
 _7458_/X
 _7459_/X
 _7462_/X
 _7463_/X
 _7464_/X
 _7465_/X
 _7467_/X
 _7469_/X
 _7470_/X
 _7472_/X
 _7473_/X
 _7474_/X
 _7476_/X
 _7479_/X
 _7480_/Y
 _7481_/X
 _7485_/X
 _7486_/X
 _7488_/X
 _7489_/X
 _7491_/X
 _7492_/X
 _7493_/X
 _7494_/X
 _7499_/X
 _7500_/X
 _7502_/X
 _7503_/X
 _7505_/X
 _7506_/X
 _7507_/X
 _7508_/X
 _7509_/X
 _7514_/X
 _7515_/X
 _7516_/X
 _7517_/X
 _7518_/X
 _7521_/X
 _7522_/X
 _7526_/X
 _7527_/X
 _7528_/X
 _7530_/X
 _7531_/X
 _7533_/X
 _7534_/X
 _7536_/X
 _7537_/X
 _7538_/X
 _7539_/X
 _7541_/X
 _7542_/X
 _7543_/X
 _7544_/X
 _7547_/X
 _7548_/Y
 _7549_/X
 _7550_/X
 _7554_/X
 _7557_/X
 _7560_/X
 _7561_/X
 _7562_/X
 _7564_/X
 _7565_/X
 _7566_/X
 _7569_/X
 _7571_/X
 _7575_/X
 _7576_/X
 _7578_/X
 _7579_/X
 _7581_/X
 _7584_/X
 _7585_/X
 _7586_/X
 _7587_/X
 _7589_/X
 _7591_/X
 _7594_/X
 _7596_/X
 _7597_/X
 _7598_/X
 _7599_/X
 _7600_/X
 _7601_/X
 _7608_/X
 _7613_/X
 _7614_/X
 _7617_/X
 _7619_/X
 _7620_/X
 _7622_/X
 _7623_/X
 _7624_/X
 _7625_/X
 _7627_/X
 _7631_/X
 _7635_/X
 _7637_/X
 _7639_/X
 _7640_/X
 _7641_/X
 _7642_/X
 _7643_/X
 _7645_/X
 _7646_/X
 _7647_/X
 _7648_/X
 _7649_/X
 _7650_/X
 _7651_/X
 _7653_/X
 _7656_/X
 _7658_/X
 _7662_/X
 _7663_/X
 _7666_/X
 _7668_/X
 _7670_/X
 _7671_/X
 _7672_/X
 _7675_/X
 _7676_/X
 _7677_/X
 _7679_/X
 _7681_/X
 _7682_/X
 _7684_/X
 _7685_/Y
 _7689_/X
 _7690_/X
 _7691_/X
 _7695_/X
 _7697_/X
 _7698_/X
 _7699_/X
 _7701_/X
 _7703_/X
 _7704_/X
 _7709_/X
 _7710_/X
 _7712_/X
 _7714_/X
 _7715_/X
 _7716_/X
 _7719_/X
 _7721_/X
 _7722_/X
 _7724_/X
 _7725_/X
 _7727_/X
 _7728_/X
 _7729_/X
 _7730_/X
 _7734_/X
 _7736_/X
 _7738_/X
 _7739_/X
 _7740_/X
 _7743_/X
 _7744_/X
 _7746_/X
 _7747_/X
 _7749_/X
 _7751_/X
 _7753_/Y
 _7754_/X
 _7755_/X
 _7756_/X
 _7758_/X
 _7763_/X
 _7769_/X
 _7771_/X
 _7772_/X
 _7773_/X
 _7774_/X
 _7775_/X
 _7777_/X
 _7778_/X
 _7780_/X
 _7782_/X
 _7783_/X
 _7785_/X
 _7786_/X
 _7787_/X
 _7789_/X
 _7793_/X
 _7794_/X
 _7795_/X
 _7796_/X
 _7797_/X
 _7798_/X
 _7800_/X
 _7802_/X
 _7803_/X
 _7806_/X
 _7807_/X
 _7808_/X
 _7809_/X
 _7811_/X
 _7814_/X
 _7815_/X
 _7816_/X
 _7817_/X
 _7818_/X
 _7821_/Y
 _7822_/X
 _7823_/X
 _7827_/X
 _7828_/X
 _7833_/X
 _7834_/X
 _7835_/X
 _7836_/X
 _7837_/X
 _7840_/X
 _7841_/X
 _7842_/X
 _7843_/X
 _7846_/X
 _7847_/X
 _7848_/X
 _7849_/X
 _7851_/X
 _7853_/X
 _7854_/X
 _7855_/X
 _7856_/X
 _7859_/X
 _7863_/X
 _7864_/X
 _7865_/X
 _7866_/X
 _7867_/X
 _7873_/X
 _7876_/X
 _7879_/X
 _7882_/X
 _7889_/X
 _7890_/Y
 _7891_/X
 _7894_/X
 _7897_/X
 _7899_/X
 _7900_/X
 _7902_/X
 _7904_/X
 _7907_/X
 _7909_/X
 _7910_/X
 _7913_/X
 _7914_/X
 _7917_/X
 _7918_/X
 _7920_/X
 _7921_/X
 _7924_/X
 _7925_/X
 _7926_/X
 _7928_/X
 _7930_/X
 _7931_/X
 _7932_/X
 _7933_/X
 _7934_/X
 _7935_/X
 _7938_/X
 _7941_/X
 _7945_/X
 _7948_/X
 _7950_/X
 _7952_/X
 _7953_/X
 _7954_/X
 _7955_/X
 _7958_/Y
 _7959_/X
 _7961_/X
 _7963_/X
 _7964_/X
 _7969_/X
 _7973_/X
 _7974_/X
 _7976_/X
 _7979_/X
 _7980_/X
 _7982_/X
 _7985_/X
 _7986_/X
 _7987_/X
 _7988_/X
 _7989_/X
 _7991_/X
 _7992_/X
 _7993_/X
 _7995_/X
 _7996_/X
 _7998_/X
 _8000_/X
 _8002_/X
 _8005_/X
 _8008_/X
 _8009_/X
 _8010_/X
 _8012_/X
 _8013_/X
 _8020_/X
 _8024_/X
 _8025_/X
 _8027_/X
 _8028_/X
 _8030_/X
 _8031_/X
 _8033_/X
 _8034_/X
 _8035_/X
 _8038_/X
 _8039_/X
 _8041_/X
 _8045_/X
 _8046_/X
 _8047_/X
 _8048_/X
 _8049_/X
 _8050_/X
 _8052_/X
 _8054_/X
 _8057_/X
 _8058_/X
 _8060_/X
 _8064_/X
 _8065_/X
 _8066_/X
 _8067_/X
 _8068_/X
 _8069_/X
 _8070_/X
 _8071_/X
 _8073_/X
 _8074_/X
 _8076_/X
 _8077_/X
 _8079_/X
 _8083_/X
 _8085_/X
 _8086_/X
 _8087_/X
 _8088_/X
 _8091_/X
 _8092_/X
 _8093_/X
 _8095_/X
 _8096_/X
 _8097_/X
 _8100_/X
 _8101_/X
 _8105_/X
 _8106_/X
 _8107_/X
 _8109_/X
 _8110_/X
 _8111_/X
 _8113_/X
 _8114_/X
 _8115_/X
 _8117_/X
 _8120_/X
 _8121_/X
 _8122_/X
 _8125_/X
 _8127_/X
 _8128_/X
 _8130_/X
 _8131_/X
 _8132_/X
 _8134_/X
 _8135_/X
 _8136_/X
 _8138_/X
 _8140_/X
 _8141_/X
 _8142_/X
 _8144_/X
 _8145_/X
 _8146_/X
 _8147_/X
 _8148_/X
 _8149_/X
 _8152_/X
 _8156_/X
 _8157_/X
 _8158_/X
 _8160_/X
 _8165_/X
 _8166_/X
 _8168_/X
 _8169_/X
 _8173_/X
 _8175_/X
 _8176_/X
 _8178_/X
 _8180_/X
 _8181_/X
 _8185_/X
 _8186_/X
 _8187_/X
 _8191_/X
 _8195_/X
 _8196_/X
 _8201_/X
 _8202_/X
 _8205_/X
 _8206_/X
 _8210_/X
 _8211_/X
 _8214_/X
 _8216_/X
 _8219_/X
 _8224_/X
 _8227_/X
 _8228_/X
 _8230_/Y
 _8231_/X
 _8234_/X
 _8235_/X
 _8238_/X
 _8239_/X
 _8243_/X
 _8245_/X
 _8246_/X
 _8247_/X
 _8248_/X
 _8250_/X
 _8251_/X
 _8252_/X
 _8254_/X
 _8256_/X
 _8261_/X
 _8262_/X
 _8267_/X
 _8273_/X
 _8274_/X
 _8278_/X
 _8279_/X
 _8281_/X
 _8282_/X
 _8283_/X
 _8284_/X
 _8285_/X
 _8286_/X
 _8288_/X
 _8292_/X
 _8296_/X
 _8305_/X
 _8309_/X
 _8313_/X
 _8316_/X
 _8320_/X
 _8321_/X
 _8324_/X
 _8327_/X
 _8328_/X
 _8332_/X
 _8334_/X
 _8335_/X
 _8340_/X
 _8345_/X
 _8346_/X
 _8347_/X
 _8350_/X
 _8352_/X
 _8353_/X
 _8354_/X
 _8356_/X
 _8359_/X
 _8360_/X
 _8362_/X
 _8363_/X
 _8364_/X
 _8366_/Y
 _8367_/X
 _8369_/X
 _8376_/X
 _8377_/X
 _8378_/X
 _8379_/X
 _8382_/X
 _8383_/X
 _8391_/X
 _8392_/X
 _8393_/X
 _8396_/X
 _8398_/X
 _8399_/X
 _8400_/X
 _8405_/X
 _8406_/X
 _8407_/X
 _8409_/X
 _8411_/X
 _8412_/X
 _8415_/X
 _8418_/X
 _8421_/X
 _8422_/X
 _8423_/X
 _8424_/X
 _8426_/X
 _8431_/X
 _8432_/X
 _8433_/X
 _8434_/Y
 _8435_/X
 _8436_/X
 _8438_/X
 _8440_/X
 _8441_/X
 _8444_/X
 _8450_/X
 _8451_/X
 _8456_/X
 _8457_/X
 _8458_/X
 _8459_/X
 _8462_/X
 _8464_/X
 _8465_/X
 _8466_/X
 _8467_/X
 _8469_/X
 _8470_/X
 _8471_/X
 _8473_/X
 _8475_/X
 _8477_/X
 _8478_/X
 _8479_/X
 _8480_/X
 _8481_/X
 _8484_/X
 _8485_/X
 _8488_/X
 _8490_/X
 _8493_/X
 _8498_/X
 _8499_/X
 _8500_/X
 _8501_/X
 _8503_/X
 _8508_/X
 _8509_/X
 _8510_/X
 _8512_/X
 _8513_/X
 _8515_/X
 _8516_/X
 _8517_/X
 _8521_/X
 _8523_/X
 _8526_/X
 _8529_/X
 _8530_/X
 _8531_/X
 _8532_/X
 _8533_/X
 _8534_/X
 _8535_/X
 _8538_/X
 _8539_/X
 _8542_/X
 _8545_/X
 _8546_/X
 _8549_/X
 _8552_/X
 _8553_/X
 _8555_/Q
 _8556_/Q
 _8558_/Q
 _8559_/Q
 _8562_/Q
 _8563_/Q
 _8564_/Q
 _8565_/Q
 _8566_/Q
 _8567_/Q
 _8569_/Q
 _8570_/Q
 _8571_/Q
 _8576_/Q
 _8577_/Q
 _8580_/Q
 _8582_/Q
 _8583_/Q
 _8588_/Q
 _8591_/Q
 _8598_/Q
 _8599_/Q
 _8600_/Q
 _8604_/Q
 _8605_/Q
 _8609_/Q
 _8610_/Q
 _8611_/Q
 _8612_/Q
 _8617_/Q
 _8619_/Q
 _8620_/Q
 _8622_/Q
 _8624_/Q
 _8625_/Q
 _8626_/Q
 _8633_/Q
 _8634_/Q
 _8635_/Q
 _8636_/Q
 _8638_/Q
 _8640_/Q
 _8645_/Q
 _8646_/Q
 _8650_/Q
 _8653_/Q
 _8654_/Q
 _8655_/Q
 _8657_/Q
 _8658_/Q
 _8659_/Q
 _8660_/Q
 _8661_/Q
 _8662_/Q
 _8663_/Q
 _8667_/Q
 _8669_/Q
 _8670_/Q
 _8671_/Q
 _8672_/Q
 _8674_/Q
 _8677_/Q
 _8678_/Q
 _8680_/Q
 _8681_/Q
 _8683_/Q
 _8684_/Q
 _8688_/Q
 _8690_/Q
 _8691_/Q
 _8693_/Q
 _8696_/Q
 _8697_/Q
 _8698_/Q
 _8699_/Q
 _8701_/Q
 _8703_/Q
 _8704_/Q
 _8705_/Q
 _8712_/Q
 _8713_/Q
 _8714_/Q
 _8718_/Q
 _8719_/Q
 _8721_/Q
 _8722_/Q
 _8724_/Q
 _8727_/Q
 _8729_/Q
 _8732_/Q
 _8734_/Q
 _8736_/Q
 _8738_/Q
 _8744_/Q
 _8746_/Q
 _8748_/Q
 _8750_/Q
 _8752_/Q
 _8754_/Q
 _8755_/Q
 _8758_/Q
 _8759_/Q
 _8760_/Q
 _8761_/Q
 _8762_/Q
 _8764_/Q
 _8767_/Q
 _8771_/Q
 _8772_/Q
 _8775_/Q
 _8776_/Q
 _8777_/Q
 _8779_/Q
 _8785_/Q
 _8787_/Q
 _8790_/Q
 _8792_/Q
 _8794_/Q
 _8799_/Q
 _8807_/Q
 _8809_/Q
 _8811_/Q
 _8813_/Q
 _8814_/Q
 _8815_/Q
 _8817_/Q
 _8818_/Q
 _8819_/Q
 _8820_/Q
 _8821_/Q
 _8825_/Q
 _8827_/Q
 _8828_/Q
 _8831_/Q
 _8836_/Q
 _8838_/Q
 _8839_/Q
 _8841_/Q
 _8842_/Q
 _8843_/Q
 _8844_/Q
 _8845_/Q
 _8846_/Q
 _8849_/Q
 _8853_/Q
 _8856_/Q
 _8861_/Q
 _8862_/Q
 _8863_/Q
 _8864_/Q
 _8866_/Q
 _8867_/Q
 _8871_/Q
 _8877_/Q
 _8878_/Q
 _8879_/Q
 _8880_/Q
 _8881_/Q
 _8886_/Q
 _8887_/Q
 _8889_/Q
 _8890_/Q
 _8891_/Q
 _8893_/Q
 _8897_/Q
 _8898_/Q
 _8901_/Q
 _8904_/Q
 _8905_/Q
 _8906_/Q
 _8907_/Q
 _8909_/Q
 _8911_/Q
 _8912_/Q
 _8915_/Q
 _8918_/Q
 _8922_/Q
 _8923_/Q
 _8925_/Q
 _8927_/Q
 _8928_/Q
 _8931_/Q
 _8933_/Q
 _8934_/Q
 _8936_/Q
 _8937_/Q
 _8938_/Q
 _8940_/Q
 _8941_/Q
 _8942_/Q
 _8947_/Q
 _8948_/Q
 _8949_/Q
 _8954_/Q
 _8955_/Q
 _8956_/Q
 _8957_/Q
 _8959_/Q
 _8964_/Q
 _8965_/Q
 _8969_/Q
 _8973_/Q
 _8974_/Q
 _8975_/Q
 _8977_/Q
 _8978_/Q
 _8979_/Q
 _8980_/Q
 _8981_/Q
 _8982_/Q
 _8987_/Q
 _8988_/Q
 _8992_/Q
 _8997_/Q
 _9000_/Q
 _9001_/Q
 _9002_/Q
 _9006_/Q
 _9007_/Q
 _9010_/Q
 _9014_/Q
 _9015_/Q
 _9021_/Q
 _9025_/Q
 _9027_/Q
 _9030_/Q
 _9033_/Q
 _9035_/Q
 _9040_/Q
 _9049_/Q
 _9050_/Q
 _9051_/Q
 _9053_/Q
 _9054_/Q
 _9056_/Q
 _9058_/Q
 _9059_/Q
 _9060_/Q
 _9062_/Q
 _9068_/Q
 _9070_/Q
 _9071_/Q
 _9072_/Q
 _9073_/Q
 _9078_/Q
 _9081_/Q
 _9090_/Q
 _9092_/Q
 _9096_/Q
 _9097_/Q
 _9102_/Q
 _9103_/Q
 _9104_/Q
 _9106_/Q
 _9108_/Q
 _9109_/Q
 _9110_/Q
 _9112_/Q
 _9113_/Q
 _9114_/Q
 _9115_/Q
 _9121_/Q
 _9122_/Q
 _9128_/Q
 _9129_/Q
 _9131_/Q
 _9134_/Q
 _9135_/Q
 _9139_/Q
 _9141_/Q
 _9149_/Q
 _9154_/Q
 _9155_/Q
 _9159_/Q
 _9162_/Q
 _9164_/Q
 _9165_/Q
 _9166_/Q
 _9167_/Q
 _9171_/Q
 _9172_/Q
 _9174_/Q
 _9175_/Q
 _9176_/Q
 _9177_/Q
 _9178_/Q
 _9179_/Q
 _9185_/Q
 _9186_/Q
 _9189_/Q
 _9190_/Q
 _9191_/Q
 _9196_/Q
 _9198_/Q
 _9201_/Q
 _9202_/Q
 _9207_/Q
 _9211_/Q
 _9212_/Q
 _9213_/Q
 _9214_/Q
 _9219_/Q
 _9224_/Q
 _9225_/Q
 _9226_/Q
 _9227_/Q
 _9228_/Q
 _9233_/Q
 _9238_/Q
 _9239_/Q
 _9240_/Q
 _9241_/Q
 _9242_/Q
 _9244_/Q
 _9245_/Q
 _9246_/Q
 _9248_/Q
 _9249_/Q
 _9251_/Q
 _9252_/Q
 _9253_/Q
 _9255_/Q
 _9256_/Q
 _9261_/Q
 _9262_/Q
 _9263_/Q
 _9264_/Q
 _9265_/Q
 _9267_/Q
 _9269_/Q
 _9271_/Q
 _9273_/Q
 _9274_/Q
 _9276_/Q
 _9278_/Q
 _9279_/Q
 _9280_/Q
 _9281_/Q
 _9283_/Q
 _9284_/Q
 _9285_/Q
 _9289_/Q
 _9290_/Q
 _9291_/Q
 _9292_/Q
 _9293_/Q
 _9294_/Q
 _9296_/Q
 _9297_/Q
 _9298_/Q
 _9299_/Q
 _9301_/Q
 _9307_/Q
 _9309_/Q
 _9312_/Q
 _9313_/Q
 _9318_/Q
 _9319_/Q
 _9320_/Q
 _9321_/Q
 _9323_/Q
 _9324_/Q
 _9325_/Q
 _9327_/Q
 _9328_/Q
 _9329_/Q
 _9330_/Q
 _9332_/Q
 _9339_/Q
 _9343_/Q
 _9344_/Q
 _9346_/Q
 _9347_/Q
 _9350_/Q
 _9352_/Q
 _9353_/Q
 _9354_/Q
 _9355_/Q
 _9356_/Q
 _9357_/Q
 _9358_/Q
 _9359_/Q
 _9361_/Q
 _9362_/Q
 _9365_/Q
 _9366_/Q
 _9368_/Q
 _9369_/Q
 _9370_/Q
 _9371_/Q
 _9374_/Q
 _9379_/Q
 _9383_/Q
 _9385_/Q
 _9388_/Q
 _9389_/Q
 _9390_/Q
 _9392_/Q
 _9396_/Q
 _9397_/Q
 _9398_/Q
 _9399_/Q
 _9401_/Q
 _9402_/Q
 _9403_/Q
 _9409_/Q
 _9411_/Q
 _9412_/Q
 _9415_/Q
 _9420_/Q
 _9424_/Q
 _9425_/Q
 _9426_/Q
 _9430_/Q
 _9432_/Q
 _9434_/Q
 _9436_/Q
 _9438_/Q
 _9439_/Q
 _9440_/Q
 _9443_/Q
 _9444_/Q
 _9445_/Q
 _9446_/Q
 _9450_/Q
 _9451_/Q
 _9452_/Q
 _9454_/Q
 _9457_/Q
 _9461_/Q
 _9470_/Q
 _9471_/Q
 _9473_/Q
 _9476_/Q
 _9477_/Q
 _9480_/Q
 _9481_/Q
 _9482_/Q
 _9484_/Q
 _9485_/Q
 _9487_/Q
 _9489_/Q
 _9490_/Q
 _9494_/Q
 _9496_/Q
 _9499_/Q
 _9500_/Q
 _9501_/Q
 _9503_/Q
 _9504_/Q
 _9508_/Q
 _9512_/Q
 _9514_/Q
 _9515_/Q
 _9518_/Q
 _9522_/Q
 _9523_/Q
 _9524_/Q
 _9527_/Q
 _9528_/Q
 _9529_/Q
 _9530_/Q
 _9531_/Q
 _9533_/Q
 _9537_/Q
 _9539_/Q
 _9540_/Q
 _9542_/Q
 _9545_/Q
 _9548_/Q
 _9549_/Q
 _9550_/Q
 _9551_/Q
 _9552_/Q
 _9555_/Q
 _9556_/Q
 _9557_/Q
 _9559_/Q
 _9560_/Q
 _9561_/Q
 _9563_/Q
 _9566_/Q
 _9568_/Q
 _9569_/Q
 _9570_/Q
 _9573_/Q
 _9574_/Q
 _9575_/Q
 _9577_/Q
 clkbuf_0_CLK/X
 clkbuf_1_0_0_CLK/X
 clkbuf_1_0_1_CLK/X
 clkbuf_1_1_0_CLK/X
 clkbuf_1_1_1_CLK/X
 clkbuf_2_0_0_CLK/X
 clkbuf_2_0_1_CLK/X
 clkbuf_2_1_0_CLK/X
 clkbuf_2_1_1_CLK/X
 clkbuf_2_2_0_CLK/X
 clkbuf_2_2_1_CLK/X
 clkbuf_2_3_0_CLK/X
 clkbuf_2_3_1_CLK/X
 clkbuf_3_0_0_CLK/X
 clkbuf_3_1_0_CLK/X
 clkbuf_3_2_0_CLK/X
 clkbuf_3_3_0_CLK/X
 clkbuf_3_4_0_CLK/X
 clkbuf_3_5_0_CLK/X
 clkbuf_3_6_0_CLK/X
 clkbuf_3_7_0_CLK/X
 clkbuf_4_0_0_CLK/X
 clkbuf_4_10_0_CLK/X
 clkbuf_4_11_0_CLK/X
 clkbuf_4_12_0_CLK/X
 clkbuf_4_13_0_CLK/X
 clkbuf_4_14_0_CLK/X
 clkbuf_4_15_0_CLK/X
 clkbuf_4_1_0_CLK/X
 clkbuf_4_2_0_CLK/X
 clkbuf_4_3_0_CLK/X
 clkbuf_4_4_0_CLK/X
 clkbuf_4_5_0_CLK/X
 clkbuf_4_6_0_CLK/X
 clkbuf_4_7_0_CLK/X
 clkbuf_4_8_0_CLK/X
 clkbuf_4_9_0_CLK/X
 clkbuf_6_0_0_CLK/X
 clkbuf_6_10_0_CLK/X
 clkbuf_6_11_0_CLK/X
 clkbuf_6_12_0_CLK/X
 clkbuf_6_13_0_CLK/X
 clkbuf_6_14_0_CLK/X
 clkbuf_6_15_0_CLK/X
 clkbuf_6_16_0_CLK/X
 clkbuf_6_17_0_CLK/X
 clkbuf_6_18_0_CLK/X
 clkbuf_6_19_0_CLK/X
 clkbuf_6_1_0_CLK/X
 clkbuf_6_20_0_CLK/X
 clkbuf_6_21_0_CLK/X
 clkbuf_6_22_0_CLK/X
 clkbuf_6_23_0_CLK/X
 clkbuf_6_24_0_CLK/X
 clkbuf_6_25_0_CLK/X
 clkbuf_6_26_0_CLK/X
 clkbuf_6_27_0_CLK/X
 clkbuf_6_28_0_CLK/X
 clkbuf_6_29_0_CLK/X
 clkbuf_6_2_0_CLK/X
 clkbuf_6_30_0_CLK/X
 clkbuf_6_31_0_CLK/X
 clkbuf_6_32_0_CLK/X
 clkbuf_6_33_0_CLK/X
 clkbuf_6_34_0_CLK/X
 clkbuf_6_35_0_CLK/X
 clkbuf_6_36_0_CLK/X
 clkbuf_6_37_0_CLK/X
 clkbuf_6_38_0_CLK/X
 clkbuf_6_39_0_CLK/X
 clkbuf_6_3_0_CLK/X
 clkbuf_6_40_0_CLK/X
 clkbuf_6_41_0_CLK/X
 clkbuf_6_42_0_CLK/X
 clkbuf_6_43_0_CLK/X
 clkbuf_6_44_0_CLK/X
 clkbuf_6_45_0_CLK/X
 clkbuf_6_46_0_CLK/X
 clkbuf_6_47_0_CLK/X
 clkbuf_6_48_0_CLK/X
 clkbuf_6_49_0_CLK/X
 clkbuf_6_4_0_CLK/X
 clkbuf_6_50_0_CLK/X
 clkbuf_6_51_0_CLK/X
 clkbuf_6_52_0_CLK/X
 clkbuf_6_53_0_CLK/X
 clkbuf_6_54_0_CLK/X
 clkbuf_6_55_0_CLK/X
 clkbuf_6_56_0_CLK/X
 clkbuf_6_57_0_CLK/X
 clkbuf_6_58_0_CLK/X
 clkbuf_6_59_0_CLK/X
 clkbuf_6_5_0_CLK/X
 clkbuf_6_60_0_CLK/X
 clkbuf_6_61_0_CLK/X
 clkbuf_6_62_0_CLK/X
 clkbuf_6_63_0_CLK/X
 clkbuf_6_6_0_CLK/X
 clkbuf_6_8_0_CLK/X
 clkbuf_6_9_0_CLK/X
 clkbuf_leaf_115_CLK/X
 clkbuf_leaf_129_CLK/X
 clkbuf_leaf_173_CLK/X
 clkbuf_leaf_175_CLK/X
 clkbuf_leaf_194_CLK/X
 clkbuf_leaf_235_CLK/X
 clkbuf_leaf_246_CLK/X
 clkbuf_leaf_24_CLK/X
 clkbuf_leaf_250_CLK/X
 clkbuf_leaf_263_CLK/X
 clkbuf_leaf_268_CLK/X
 clkbuf_leaf_310_CLK/X
 clkbuf_leaf_326_CLK/X
 clkbuf_leaf_345_CLK/X
 clkbuf_leaf_358_CLK/X
 clkbuf_leaf_35_CLK/X
 clkbuf_leaf_396_CLK/X
 clkbuf_leaf_447_CLK/X
 clkbuf_leaf_449_CLK/X
 clkbuf_leaf_489_CLK/X
 clkbuf_leaf_515_CLK/X
 clkbuf_leaf_520_CLK/X
 clkbuf_leaf_522_CLK/X
 clkbuf_leaf_594_CLK/X
 clkbuf_leaf_598_CLK/X
 clkbuf_leaf_601_CLK/X
 clkbuf_leaf_613_CLK/X
 clkbuf_leaf_638_CLK/X
 clkbuf_leaf_651_CLK/X
 clkbuf_leaf_683_CLK/X
 clkbuf_leaf_696_CLK/X
 clkbuf_leaf_752_CLK/X
 clkbuf_leaf_794_CLK/X
 clkbuf_leaf_80_CLK/X
 clkbuf_leaf_811_CLK/X
 clkbuf_leaf_832_CLK/X
 clkbuf_leaf_879_CLK/X
 clkbuf_leaf_87_CLK/X
 clkbuf_leaf_90_CLK/X
 input1/X
 input11/X
 input12/X
 input13/X
 input14/X
 input15/X
 input18/X
 input2/X
 input21/X
 input22/X
 input23/X
 input24/X
 input25/X
 input28/X
 input3/X
 input30/X
 input32/X
 input36/X
 input37/X
 input39/X
 input4/X
 input41/X
 input42/X
 input43/X
 input44/X
 input46/X
 input5/X
 input6/X
 input7/X
 input8/X
 input9/X
 load_slew1010/X
 load_slew1028/X
 load_slew1029/X
 load_slew1047/X
 load_slew1054/X
 load_slew1061/X
 load_slew1062/X
 load_slew1088/X
 load_slew1091/X
 load_slew1101/X
 load_slew1106/X
 load_slew1107/X
 load_slew1110/X
 load_slew1114/X
 load_slew1125/X
 load_slew1127/X
 load_slew1129/X
 load_slew1132/X
 load_slew1133/X
 load_slew1134/X
 load_slew1139/X
 load_slew1141/X
 load_slew1145/X
 load_slew1149/X
 load_slew1151/X
 load_slew1152/X
 load_slew1174/X
 load_slew1182/X
 load_slew1187/X
 load_slew1214/X
 load_slew1220/X
 load_slew1221/X
 load_slew1223/X
 load_slew1225/X
 load_slew1227/X
 load_slew1231/X
 load_slew1236/X
 load_slew1238/X
 load_slew1246/X
 load_slew1349/X
 load_slew1360/X
 load_slew1362/X
 load_slew1363/X
 load_slew1394/X
 load_slew1395/X
 load_slew1396/X
 load_slew1399/X
 load_slew1401/X
 load_slew1423/X
 load_slew1435/X
 load_slew1436/X
 load_slew1437/X
 load_slew1443/X
 load_slew1483/X
 load_slew1499/X
 load_slew1527/X
 load_slew1528/X
 load_slew1542/X
 load_slew1608/X
 load_slew1624/X
 load_slew1628/X
 load_slew1639/X
 load_slew1645/X
 load_slew1646/X
 load_slew1651/X
 load_slew1660/X
 load_slew1719/X
 load_slew1720/X
 load_slew1721/X
 load_slew1728/X
 load_slew1732/X
 load_slew1735/X
 load_slew1737/X
 load_slew1758/X
 load_slew1760/X
 load_slew1769/X
 load_slew1798/X
 load_slew1810/X
 load_slew1812/X
 load_slew1817/X
 load_slew1821/X
 load_slew1823/X
 load_slew1827/X
 load_slew1828/X
 load_slew1830/X
 load_slew1845/X
 load_slew1848/X
 load_slew1851/X
 load_slew1852/X
 load_slew1855/X
 load_slew1856/X
 load_slew1858/X
 load_slew1859/X
 load_slew1877/X
 load_slew1883/X
 load_slew1884/X
 load_slew1885/X
 load_slew1897/X
 load_slew1898/X
 load_slew1903/X
 load_slew1904/X
 load_slew1907/X
 load_slew1909/X
 load_slew1911/X
 load_slew1915/X
 load_slew1922/X
 load_slew1923/X
 load_slew1924/X
 load_slew1931/X
 load_slew1934/X
 load_slew1942/X
 load_slew1943/X
 load_slew1947/X
 load_slew1950/X
 load_slew1956/X
 load_slew1958/X
 load_slew1960/X
 load_slew1962/X
 load_slew1963/X
 load_slew1964/X
 load_slew1982/X
 load_slew1987/X
 load_slew1988/X
 load_slew1990/X
 load_slew1991/X
 load_slew1994/X
 load_slew1995/X
 load_slew1996/X
 load_slew2048/X
 load_slew2049/X
 load_slew2051/X
 load_slew2053/X
 load_slew2099/X
 load_slew2103/X
 load_slew2106/X
 load_slew2107/X
 load_slew2109/X
 load_slew2111/X
 load_slew2112/X
 load_slew2129/X
 load_slew2134/X
 load_slew2136/X
 load_slew2138/X
 load_slew2143/X
 load_slew2155/X
 load_slew2158/X
 load_slew2159/X
 load_slew2162/X
 load_slew2170/X
 load_slew2173/X
 load_slew2175/X
 load_slew2178/X
 load_slew2187/X
 load_slew2191/X
 load_slew2194/X
 load_slew2197/X
 load_slew2198/X
 load_slew2211/X
 load_slew2215/X
 load_slew2221/X
 load_slew2226/X
 load_slew2227/X
 load_slew2229/X
 load_slew2232/X
 load_slew2235/X
 load_slew2238/X
 load_slew2240/X
 load_slew2248/X
 load_slew2250/X
 load_slew2253/X
 load_slew2256/X
 load_slew2262/X
 load_slew2265/X
 load_slew2266/X
 load_slew2271/X
 load_slew2272/X
 load_slew2274/X
 load_slew2276/X
 load_slew2282/X
 load_slew2283/X
 load_slew2284/X
 load_slew2288/X
 load_slew2291/X
 load_slew2306/X
 load_slew2311/X
 load_slew2313/X
 load_slew2314/X
 load_slew2318/X
 load_slew2321/X
 load_slew2324/X
 load_slew2342/X
 load_slew2351/X
 load_slew2354/X
 load_slew2359/X
 load_slew2362/X
 load_slew2386/X
 load_slew2387/X
 load_slew2395/X
 load_slew2398/X
 load_slew2405/X
 load_slew2407/X
 load_slew2408/X
 load_slew2421/X
 load_slew2422/X
 load_slew2423/X
 load_slew2430/X
 load_slew2432/X
 load_slew2435/X
 load_slew2436/X
 load_slew2438/X
 load_slew2446/X
 load_slew2471/X
 load_slew2488/X
 load_slew2491/X
 load_slew2495/X
 load_slew2498/X
 load_slew2501/X
 load_slew2507/X
 load_slew2511/X
 load_slew2516/X
 load_slew2522/X
 load_slew2524/X
 load_slew2527/X
 load_slew2529/X
 load_slew2530/X
 load_slew2542/X
 load_slew2549/X
 load_slew2550/X
 load_slew2554/X
 load_slew2567/X
 load_slew2568/X
 load_slew2578/X
 load_slew2584/X
 load_slew2586/X
 load_slew2588/X
 load_slew2590/X
 load_slew2597/X
 load_slew2601/X
 load_slew2602/X
 load_slew2605/X
 load_slew2606/X
 load_slew2607/X
 load_slew2612/X
 load_slew2613/X
 load_slew2615/X
 load_slew2616/X
 load_slew2620/X
 load_slew2621/X
 load_slew2623/X
 load_slew2645/X
 load_slew2646/X
 load_slew2659/X
 load_slew2671/X
 load_slew2673/X
 load_slew2675/X
 load_slew2684/X
 load_slew2690/X
 load_slew2691/X
 load_slew2692/X
 load_slew2693/X
 load_slew2696/X
 load_slew2722/X
 load_slew2727/X
 load_slew2749/X
 load_slew2755/X
 load_slew2778/X
 load_slew2781/X
 load_slew2790/X
 load_slew280/X
 load_slew2805/X
 load_slew2814/X
 load_slew2824/X
 load_slew2828/X
 load_slew2832/X
 load_slew2833/X
 load_slew2839/X
 load_slew284/X
 load_slew2840/X
 load_slew2846/X
 load_slew2851/X
 load_slew2853/X
 load_slew2857/X
 load_slew2861/X
 load_slew2869/X
 load_slew2897/X
 load_slew2899/X
 load_slew2900/X
 load_slew2907/X
 load_slew2922/X
 load_slew2933/X
 load_slew2940/X
 load_slew2945/X
 load_slew2956/X
 load_slew2962/X
 load_slew2981/X
 load_slew2983/X
 load_slew2985/X
 load_slew2992/X
 load_slew3000/X
 load_slew301/X
 load_slew3011/X
 load_slew3020/X
 load_slew3043/X
 load_slew3049/X
 load_slew3052/X
 load_slew3058/X
 load_slew3065/X
 load_slew3077/X
 load_slew3082/X
 load_slew3090/X
 load_slew3091/X
 load_slew3095/X
 load_slew3099/X
 load_slew3124/X
 load_slew3139/X
 load_slew3146/X
 load_slew3148/X
 load_slew3152/X
 load_slew3154/X
 load_slew3158/X
 load_slew3171/X
 load_slew3183/X
 load_slew3187/X
 load_slew3189/X
 load_slew3225/X
 load_slew3229/X
 load_slew3236/X
 load_slew3242/X
 load_slew3258/X
 load_slew3264/X
 load_slew3275/X
 load_slew3293/X
 load_slew3298/X
 load_slew3320/X
 load_slew3332/X
 load_slew3339/X
 load_slew3350/X
 load_slew3351/X
 load_slew3356/X
 load_slew3360/X
 load_slew3364/X
 load_slew3365/X
 load_slew3378/X
 load_slew3407/X
 load_slew341/X
 load_slew3410/X
 load_slew3429/X
 load_slew3439/X
 load_slew344/X
 load_slew3447/X
 load_slew3476/X
 load_slew3479/X
 load_slew3489/X
 load_slew3492/X
 load_slew3494/X
 load_slew3519/X
 load_slew3521/X
 load_slew3550/X
 load_slew3556/X
 load_slew3558/X
 load_slew3563/X
 load_slew3573/X
 load_slew3582/X
 load_slew3600/X
 load_slew3609/X
 load_slew3623/X
 load_slew3633/X
 load_slew3643/X
 load_slew3644/X
 load_slew3645/X
 load_slew3650/X
 load_slew3660/X
 load_slew3662/X
 load_slew3686/X
 load_slew3687/X
 load_slew3690/X
 load_slew3695/X
 load_slew3699/X
 load_slew3713/X
 load_slew3716/X
 load_slew3722/X
 load_slew373/X
 load_slew3735/X
 load_slew3739/X
 load_slew374/X
 load_slew3747/X
 load_slew3761/X
 load_slew3766/X
 load_slew3771/X
 load_slew3772/X
 load_slew3787/X
 load_slew3788/X
 load_slew3799/X
 load_slew3810/X
 load_slew3819/X
 load_slew384/X
 load_slew3847/X
 load_slew3866/X
 load_slew3873/X
 load_slew3877/X
 load_slew3879/X
 load_slew3881/X
 load_slew3885/X
 load_slew3890/X
 load_slew3891/X
 load_slew3892/X
 load_slew3901/X
 load_slew3906/X
 load_slew3912/X
 load_slew3925/X
 load_slew3932/X
 load_slew3936/X
 load_slew3938/X
 load_slew3947/X
 load_slew3977/X
 load_slew3991/X
 load_slew3992/X
 load_slew3995/X
 load_slew4011/X
 load_slew4040/X
 load_slew4046/X
 load_slew4048/X
 load_slew4053/X
 load_slew4054/X
 load_slew4067/X
 load_slew4077/X
 load_slew4088/X
 load_slew4095/X
 load_slew4098/X
 load_slew410/X
 load_slew4104/X
 load_slew4111/X
 load_slew4112/X
 load_slew4119/X
 load_slew4126/X
 load_slew4129/X
 load_slew4130/X
 load_slew4132/X
 load_slew4134/X
 load_slew4136/X
 load_slew4137/X
 load_slew4138/X
 load_slew4141/X
 load_slew4142/X
 load_slew4146/X
 load_slew4153/X
 load_slew4157/X
 load_slew4158/X
 load_slew4162/X
 load_slew4163/X
 load_slew4168/X
 load_slew4169/X
 load_slew417/X
 load_slew4172/X
 load_slew4177/X
 load_slew4179/X
 load_slew4183/X
 load_slew4188/X
 load_slew4190/X
 load_slew4192/X
 load_slew4195/X
 load_slew4198/X
 load_slew4203/X
 load_slew4205/X
 load_slew4206/X
 load_slew4207/X
 load_slew4212/X
 load_slew4213/X
 load_slew4217/X
 load_slew4220/X
 load_slew4223/X
 load_slew4226/X
 load_slew4229/X
 load_slew4230/X
 load_slew4233/X
 load_slew4234/X
 load_slew4243/X
 load_slew4251/X
 load_slew4252/X
 load_slew4253/X
 load_slew4254/X
 load_slew4257/X
 load_slew4259/X
 load_slew4261/X
 load_slew4266/X
 load_slew4268/X
 load_slew4271/X
 load_slew4274/X
 load_slew4275/X
 load_slew4276/X
 load_slew4277/X
 load_slew4278/X
 load_slew4279/X
 load_slew4280/X
 load_slew4284/X
 load_slew4287/X
 load_slew429/X
 load_slew4292/X
 load_slew4295/X
 load_slew4302/X
 load_slew4303/X
 load_slew4306/X
 load_slew4309/X
 load_slew4314/X
 load_slew4318/X
 load_slew4319/X
 load_slew4324/X
 load_slew4325/X
 load_slew4328/X
 load_slew4332/X
 load_slew4335/X
 load_slew4337/X
 load_slew4346/X
 load_slew4359/X
 load_slew4360/X
 load_slew4361/X
 load_slew4363/X
 load_slew4365/X
 load_slew437/X
 load_slew4373/X
 load_slew4374/X
 load_slew4378/X
 load_slew4384/X
 load_slew4385/X
 load_slew4386/X
 load_slew4387/X
 load_slew4388/X
 load_slew4389/X
 load_slew4392/X
 load_slew4398/X
 load_slew4400/X
 load_slew4401/X
 load_slew4402/X
 load_slew4404/X
 load_slew4405/X
 load_slew4413/X
 load_slew4416/X
 load_slew4418/X
 load_slew4424/X
 load_slew4429/X
 load_slew4430/X
 load_slew4433/X
 load_slew4439/X
 load_slew4445/X
 load_slew4449/X
 load_slew4454/X
 load_slew4458/X
 load_slew4461/X
 load_slew4471/X
 load_slew4474/X
 load_slew4479/X
 load_slew451/X
 load_slew479/X
 load_slew484/X
 load_slew509/X
 load_slew519/X
 load_slew536/X
 load_slew542/X
 load_slew559/X
 load_slew586/X
 load_slew614/X
 load_slew672/X
 load_slew685/X
 load_slew698/X
 load_slew699/X
 load_slew707/X
 load_slew708/X
 load_slew711/X
 load_slew714/X
 load_slew778/X
 load_slew798/X
 load_slew837/X
 load_slew845/X
 load_slew867/X
 load_slew889/X
 load_slew901/X
 load_slew907/X
 load_slew917/X
 load_slew918/X
 load_slew923/X
 load_slew925/X
 load_slew930/X
 load_slew931/X
 load_slew935/X
 load_slew937/X
 load_slew968/X
 load_slew970/X
 load_slew979/X
 max_cap1013/X
 max_cap1014/X
 max_cap1016/X
 max_cap1035/X
 max_cap1177/X
 max_cap1200/X
 max_cap1213/X
 max_cap1310/X
 max_cap1485/X
 max_cap1490/X
 max_cap1796/X
 max_cap2205/X
 max_cap2241/X
 max_cap2298/X
 max_cap2335/X
 max_cap2543/X
 max_cap2556/X
 max_cap2571/X
 max_cap2743/X
 max_cap2941/X
 max_cap3057/X
 max_cap3071/X
 max_cap3079/X
 max_cap3216/X
 max_cap3234/X
 max_cap3311/X
 max_cap3345/X
 max_cap3543/X
 max_cap3546/X
 max_cap3574/X
 max_cap3612/X
 max_cap3625/X
 max_cap3700/X
 max_cap3784/X
 max_cap3851/X
 max_cap3918/X
 max_cap3919/X
 max_cap3921/X
 max_cap3955/X
 max_cap4069/X
 max_cap423/X
 max_cap443/X
 max_cap491/X
 max_cap492/X
 max_cap498/X
 max_cap499/X
 max_cap568/X
 max_cap579/X
 max_cap593/X
 max_cap616/X
 max_cap618/X
 max_cap652/X
 max_cap687/X
 max_cap691/X
 max_cap722/X
 max_cap744/X
 max_cap755/X
 max_cap791/X
 max_cap811/X
 max_cap816/X
 max_cap829/X
 max_cap856/X
 max_cap858/X
 max_cap875/X
 max_cap881/X
 max_cap882/X
 max_cap898/X
 max_cap932/X
 max_cap959/X
 max_cap990/X
 max_length1031/X
 max_length1032/X
 max_length1057/X
 max_length1116/X
 max_length1216/X
 max_length1217/X
 max_length1230/X
 max_length1235/X
 max_length1237/X
 max_length1248/X
 max_length1366/X
 max_length1369/X
 max_length1433/X
 max_length1441/X
 max_length1644/X
 max_length1658/X
 max_length1722/X
 max_length1724/X
 max_length1734/X
 max_length1801/X
 max_length1811/X
 max_length1819/X
 max_length1844/X
 max_length1874/X
 max_length1879/X
 max_length1928/X
 max_length1938/X
 max_length1978/X
 max_length1986/X
 max_length1992/X
 max_length2046/X
 max_length2091/X
 max_length2092/X
 max_length2093/X
 max_length2102/X
 max_length2104/X
 max_length2113/X
 max_length2114/X
 max_length2115/X
 max_length2118/X
 max_length2147/X
 max_length2168/X
 max_length2196/X
 max_length2199/X
 max_length2201/X
 max_length2207/X
 max_length2214/X
 max_length2216/X
 max_length2219/X
 max_length2220/X
 max_length2223/X
 max_length2224/X
 max_length2228/X
 max_length2230/X
 max_length2246/X
 max_length2247/X
 max_length2249/X
 max_length2255/X
 max_length2257/X
 max_length2263/X
 max_length2268/X
 max_length2285/X
 max_length2286/X
 max_length2294/X
 max_length2344/X
 max_length2352/X
 max_length2406/X
 max_length2410/X
 max_length2428/X
 max_length2437/X
 max_length2452/X
 max_length2467/X
 max_length2487/X
 max_length2504/X
 max_length2505/X
 max_length2509/X
 max_length2510/X
 max_length2521/X
 max_length2573/X
 max_length2640/X
 max_length2641/X
 max_length2643/X
 max_length2644/X
 max_length2687/X
 max_length2697/X
 max_length2698/X
 max_length2720/X
 max_length2723/X
 max_length4091/X
 max_length4100/X
 max_length4101/X
 max_length4102/X
 max_length4108/X
 max_length4113/X
 max_length4122/X
 max_length4139/X
 max_length4144/X
 max_length4165/X
 max_length4180/X
 max_length4181/X
 max_length4184/X
 max_length4209/X
 max_length4211/X
 max_length4225/X
 max_length4255/X
 max_length4263/X
 max_length4272/X
 max_length4321/X
 max_length4331/X
 max_length4334/X
 max_length4338/X
 max_length4348/X
 max_length4407/X
 max_length4412/X
 max_length4414/X
 max_length4483/X
 max_length846/X
 max_length895/X
 wire1002/X
 wire1007/X
 wire1009/X
 wire1012/X
 wire1015/X
 wire1017/X
 wire1018/X
 wire1019/X
 wire1021/X
 wire1033/X
 wire1040/X
 wire1048/X
 wire1049/X
 wire1050/X
 wire1052/X
 wire1053/X
 wire1056/X
 wire1058/X
 wire1059/X
 wire1063/X
 wire1064/X
 wire1075/X
 wire1076/X
 wire1077/X
 wire1081/X
 wire1083/X
 wire1084/X
 wire1085/X
 wire1086/X
 wire1087/X
 wire1089/X
 wire1092/X
 wire1096/X
 wire1097/X
 wire1098/X
 wire1102/X
 wire1109/X
 wire1111/X
 wire1112/X
 wire1113/X
 wire1115/X
 wire1120/X
 wire1121/X
 wire1122/X
 wire1123/X
 wire1124/X
 wire1126/X
 wire1128/X
 wire1131/X
 wire1137/X
 wire1138/X
 wire1140/X
 wire1143/X
 wire1144/X
 wire1148/X
 wire1156/X
 wire1157/X
 wire1162/X
 wire1164/X
 wire1165/X
 wire1166/X
 wire1170/X
 wire1172/X
 wire1173/X
 wire1176/X
 wire1183/X
 wire1184/X
 wire1186/X
 wire1188/X
 wire1190/X
 wire1191/X
 wire1196/X
 wire1197/X
 wire1198/X
 wire1204/X
 wire1208/X
 wire1209/X
 wire1211/X
 wire1218/X
 wire1224/X
 wire1226/X
 wire1228/X
 wire1232/X
 wire1242/X
 wire1244/X
 wire1245/X
 wire1247/X
 wire1251/X
 wire1253/X
 wire1256/X
 wire1264/X
 wire1265/X
 wire1268/X
 wire1271/X
 wire1272/X
 wire1274/X
 wire1275/X
 wire1276/X
 wire1279/X
 wire1280/X
 wire1283/X
 wire1284/X
 wire1288/X
 wire1289/X
 wire1290/X
 wire1291/X
 wire1295/X
 wire1300/X
 wire1306/X
 wire1307/X
 wire1308/X
 wire1312/X
 wire1314/X
 wire1315/X
 wire1316/X
 wire1317/X
 wire1319/X
 wire1321/X
 wire1323/X
 wire1333/X
 wire1334/X
 wire1335/X
 wire1336/X
 wire1340/X
 wire1341/X
 wire1354/X
 wire1364/X
 wire1367/X
 wire1371/X
 wire1375/X
 wire1376/X
 wire1378/X
 wire1380/X
 wire1381/X
 wire1382/X
 wire1383/X
 wire1384/X
 wire1385/X
 wire1387/X
 wire1388/X
 wire1390/X
 wire1391/X
 wire1392/X
 wire1397/X
 wire1398/X
 wire1403/X
 wire1404/X
 wire1408/X
 wire1409/X
 wire1410/X
 wire1411/X
 wire1412/X
 wire1413/X
 wire1415/X
 wire1416/X
 wire1417/X
 wire1422/X
 wire1425/X
 wire1426/X
 wire1428/X
 wire1429/X
 wire1430/X
 wire1431/X
 wire1432/X
 wire1434/X
 wire1438/X
 wire1439/X
 wire1440/X
 wire1442/X
 wire1444/X
 wire1445/X
 wire1446/X
 wire1447/X
 wire1448/X
 wire1450/X
 wire1451/X
 wire1456/X
 wire1457/X
 wire1466/X
 wire1467/X
 wire1468/X
 wire1470/X
 wire1474/X
 wire1475/X
 wire148/X
 wire1481/X
 wire1482/X
 wire1487/X
 wire1489/X
 wire149/X
 wire1491/X
 wire150/X
 wire1500/X
 wire1501/X
 wire1503/X
 wire1506/X
 wire1508/X
 wire1509/X
 wire151/X
 wire1510/X
 wire1511/X
 wire1514/X
 wire1515/X
 wire1519/X
 wire1520/X
 wire1521/X
 wire1524/X
 wire1525/X
 wire1526/X
 wire1533/X
 wire1535/X
 wire1536/X
 wire1537/X
 wire1538/X
 wire1539/X
 wire1540/X
 wire1541/X
 wire1543/X
 wire1546/X
 wire1547/X
 wire1548/X
 wire155/X
 wire1550/X
 wire1553/X
 wire1554/X
 wire1555/X
 wire1556/X
 wire1557/X
 wire1558/X
 wire1561/X
 wire1563/X
 wire1564/X
 wire1565/X
 wire1566/X
 wire1569/X
 wire1570/X
 wire1571/X
 wire1572/X
 wire1573/X
 wire1574/X
 wire1578/X
 wire1579/X
 wire1580/X
 wire1584/X
 wire1588/X
 wire1589/X
 wire1591/X
 wire1594/X
 wire1595/X
 wire1596/X
 wire1597/X
 wire1598/X
 wire1599/X
 wire1602/X
 wire1603/X
 wire1605/X
 wire1606/X
 wire1607/X
 wire1609/X
 wire1610/X
 wire1611/X
 wire1613/X
 wire1614/X
 wire162/X
 wire1622/X
 wire1623/X
 wire1625/X
 wire1626/X
 wire1627/X
 wire163/X
 wire1631/X
 wire1632/X
 wire1635/X
 wire1638/X
 wire1640/X
 wire1641/X
 wire1642/X
 wire1643/X
 wire1652/X
 wire1653/X
 wire1654/X
 wire1656/X
 wire1659/X
 wire1662/X
 wire1666/X
 wire1667/X
 wire1668/X
 wire1669/X
 wire167/X
 wire1671/X
 wire1681/X
 wire1682/X
 wire1687/X
 wire1688/X
 wire1691/X
 wire1697/X
 wire1698/X
 wire1699/X
 wire1700/X
 wire1702/X
 wire1703/X
 wire1709/X
 wire1710/X
 wire1711/X
 wire1715/X
 wire1716/X
 wire1717/X
 wire172/X
 wire1723/X
 wire1725/X
 wire1726/X
 wire1727/X
 wire173/X
 wire1739/X
 wire174/X
 wire1740/X
 wire1741/X
 wire1742/X
 wire1743/X
 wire1744/X
 wire1746/X
 wire175/X
 wire1751/X
 wire1752/X
 wire1753/X
 wire1754/X
 wire1755/X
 wire1759/X
 wire176/X
 wire1764/X
 wire1765/X
 wire1766/X
 wire1767/X
 wire177/X
 wire1770/X
 wire1771/X
 wire1777/X
 wire1779/X
 wire178/X
 wire1780/X
 wire1784/X
 wire1785/X
 wire1786/X
 wire1788/X
 wire1789/X
 wire179/X
 wire1790/X
 wire1793/X
 wire180/X
 wire1800/X
 wire1805/X
 wire1806/X
 wire1807/X
 wire1809/X
 wire181/X
 wire1813/X
 wire1815/X
 wire182/X
 wire1820/X
 wire1822/X
 wire1825/X
 wire1829/X
 wire183/X
 wire1832/X
 wire1834/X
 wire1836/X
 wire1838/X
 wire1839/X
 wire1841/X
 wire1843/X
 wire1847/X
 wire1849/X
 wire185/X
 wire1850/X
 wire1853/X
 wire1857/X
 wire186/X
 wire1860/X
 wire1861/X
 wire1862/X
 wire1864/X
 wire1867/X
 wire1868/X
 wire1869/X
 wire187/X
 wire1870/X
 wire1871/X
 wire1873/X
 wire1875/X
 wire1876/X
 wire1878/X
 wire1880/X
 wire1881/X
 wire1887/X
 wire1889/X
 wire189/X
 wire1892/X
 wire1893/X
 wire1895/X
 wire1899/X
 wire190/X
 wire1900/X
 wire1901/X
 wire1902/X
 wire1905/X
 wire1906/X
 wire1908/X
 wire191/X
 wire1912/X
 wire1913/X
 wire1914/X
 wire192/X
 wire1926/X
 wire1927/X
 wire1932/X
 wire1933/X
 wire1935/X
 wire1937/X
 wire1939/X
 wire194/X
 wire1941/X
 wire1944/X
 wire1949/X
 wire1957/X
 wire1959/X
 wire196/X
 wire1961/X
 wire1965/X
 wire1967/X
 wire197/X
 wire1970/X
 wire1972/X
 wire1973/X
 wire1979/X
 wire1984/X
 wire1985/X
 wire1993/X
 wire1997/X
 wire1998/X
 wire1999/X
 wire200/X
 wire2000/X
 wire2001/X
 wire2003/X
 wire2004/X
 wire2005/X
 wire2006/X
 wire201/X
 wire2010/X
 wire2011/X
 wire2015/X
 wire2018/X
 wire2019/X
 wire2021/X
 wire2022/X
 wire2023/X
 wire2024/X
 wire2025/X
 wire2026/X
 wire2028/X
 wire2029/X
 wire203/X
 wire2030/X
 wire2031/X
 wire2032/X
 wire2033/X
 wire2034/X
 wire2035/X
 wire2036/X
 wire2037/X
 wire2038/X
 wire2040/X
 wire2044/X
 wire2045/X
 wire2047/X
 wire2056/X
 wire2057/X
 wire2058/X
 wire2060/X
 wire2062/X
 wire2069/X
 wire2074/X
 wire2075/X
 wire2077/X
 wire2078/X
 wire208/X
 wire2084/X
 wire2085/X
 wire2086/X
 wire2087/X
 wire2089/X
 wire209/X
 wire2090/X
 wire2095/X
 wire2108/X
 wire2110/X
 wire2116/X
 wire2119/X
 wire2120/X
 wire2121/X
 wire2122/X
 wire2123/X
 wire2124/X
 wire2125/X
 wire2126/X
 wire2127/X
 wire2128/X
 wire2132/X
 wire2133/X
 wire2135/X
 wire2137/X
 wire2139/X
 wire2141/X
 wire2144/X
 wire2145/X
 wire2149/X
 wire2153/X
 wire2154/X
 wire2157/X
 wire216/X
 wire2160/X
 wire2161/X
 wire2163/X
 wire2164/X
 wire2167/X
 wire217/X
 wire2171/X
 wire2172/X
 wire218/X
 wire2184/X
 wire2185/X
 wire2186/X
 wire2189/X
 wire2190/X
 wire2192/X
 wire2193/X
 wire2202/X
 wire2204/X
 wire2206/X
 wire2208/X
 wire2209/X
 wire221/X
 wire2210/X
 wire2212/X
 wire2213/X
 wire222/X
 wire2231/X
 wire2233/X
 wire2234/X
 wire2236/X
 wire2237/X
 wire2239/X
 wire2243/X
 wire2245/X
 wire2251/X
 wire2252/X
 wire2258/X
 wire2259/X
 wire2260/X
 wire2261/X
 wire2269/X
 wire2270/X
 wire2273/X
 wire2277/X
 wire2278/X
 wire2279/X
 wire228/X
 wire2280/X
 wire2289/X
 wire229/X
 wire2292/X
 wire2293/X
 wire2295/X
 wire230/X
 wire2300/X
 wire2302/X
 wire2304/X
 wire2305/X
 wire2307/X
 wire2308/X
 wire2309/X
 wire231/X
 wire2310/X
 wire2312/X
 wire2317/X
 wire2320/X
 wire2322/X
 wire2323/X
 wire2325/X
 wire2326/X
 wire2327/X
 wire233/X
 wire2330/X
 wire2337/X
 wire2338/X
 wire2339/X
 wire234/X
 wire2340/X
 wire2341/X
 wire2346/X
 wire2349/X
 wire235/X
 wire2350/X
 wire2353/X
 wire2355/X
 wire2356/X
 wire2361/X
 wire2363/X
 wire2364/X
 wire2368/X
 wire2369/X
 wire238/X
 wire2381/X
 wire2382/X
 wire2383/X
 wire2384/X
 wire2388/X
 wire239/X
 wire2393/X
 wire2394/X
 wire240/X
 wire2400/X
 wire2401/X
 wire2402/X
 wire2404/X
 wire241/X
 wire2411/X
 wire2412/X
 wire2414/X
 wire2416/X
 wire2417/X
 wire2419/X
 wire242/X
 wire2427/X
 wire2429/X
 wire2433/X
 wire2434/X
 wire244/X
 wire2442/X
 wire2443/X
 wire2445/X
 wire2447/X
 wire2448/X
 wire2449/X
 wire245/X
 wire2453/X
 wire2454/X
 wire2458/X
 wire2459/X
 wire246/X
 wire2460/X
 wire2461/X
 wire2463/X
 wire2464/X
 wire2466/X
 wire2469/X
 wire247/X
 wire2470/X
 wire2472/X
 wire2473/X
 wire2474/X
 wire2476/X
 wire2477/X
 wire2480/X
 wire2490/X
 wire2493/X
 wire2494/X
 wire2496/X
 wire2500/X
 wire2503/X
 wire2506/X
 wire2508/X
 wire251/X
 wire2513/X
 wire2514/X
 wire2515/X
 wire2517/X
 wire2518/X
 wire2519/X
 wire2525/X
 wire2528/X
 wire2531/X
 wire2532/X
 wire2536/X
 wire2537/X
 wire2539/X
 wire2541/X
 wire2545/X
 wire2547/X
 wire2548/X
 wire2551/X
 wire2553/X
 wire2555/X
 wire256/X
 wire2560/X
 wire2563/X
 wire2565/X
 wire2566/X
 wire257/X
 wire2570/X
 wire2575/X
 wire2577/X
 wire2579/X
 wire2581/X
 wire2582/X
 wire2583/X
 wire2585/X
 wire2587/X
 wire2589/X
 wire259/X
 wire2591/X
 wire2592/X
 wire2598/X
 wire2603/X
 wire2604/X
 wire2609/X
 wire261/X
 wire2614/X
 wire2617/X
 wire2618/X
 wire2619/X
 wire2633/X
 wire2634/X
 wire2635/X
 wire2636/X
 wire2637/X
 wire2642/X
 wire2647/X
 wire2649/X
 wire2650/X
 wire2651/X
 wire2653/X
 wire2656/X
 wire2657/X
 wire2658/X
 wire266/X
 wire2661/X
 wire2662/X
 wire2663/X
 wire2665/X
 wire2666/X
 wire2669/X
 wire2676/X
 wire2677/X
 wire2678/X
 wire2679/X
 wire2681/X
 wire2685/X
 wire2686/X
 wire2689/X
 wire269/X
 wire2694/X
 wire2695/X
 wire2701/X
 wire2706/X
 wire2709/X
 wire2710/X
 wire2712/X
 wire2716/X
 wire2718/X
 wire2719/X
 wire2721/X
 wire2724/X
 wire2725/X
 wire273/X
 wire2732/X
 wire2735/X
 wire2742/X
 wire2744/X
 wire2745/X
 wire2747/X
 wire2748/X
 wire2750/X
 wire2751/X
 wire2753/X
 wire2754/X
 wire2756/X
 wire2758/X
 wire2759/X
 wire2760/X
 wire2761/X
 wire2765/X
 wire2771/X
 wire2772/X
 wire2773/X
 wire2774/X
 wire2775/X
 wire2776/X
 wire2780/X
 wire2784/X
 wire2785/X
 wire2788/X
 wire279/X
 wire2793/X
 wire2794/X
 wire2795/X
 wire2796/X
 wire2797/X
 wire2798/X
 wire2799/X
 wire2800/X
 wire2801/X
 wire2802/X
 wire2804/X
 wire2808/X
 wire2810/X
 wire2818/X
 wire282/X
 wire2825/X
 wire2827/X
 wire283/X
 wire2834/X
 wire2835/X
 wire2836/X
 wire2838/X
 wire2841/X
 wire2845/X
 wire285/X
 wire2852/X
 wire2855/X
 wire2858/X
 wire2859/X
 wire2864/X
 wire2865/X
 wire2866/X
 wire2867/X
 wire2868/X
 wire287/X
 wire2870/X
 wire2872/X
 wire2874/X
 wire2875/X
 wire2877/X
 wire2880/X
 wire2883/X
 wire2886/X
 wire2887/X
 wire2888/X
 wire289/X
 wire2890/X
 wire2891/X
 wire2892/X
 wire2893/X
 wire2896/X
 wire2898/X
 wire2902/X
 wire2905/X
 wire2912/X
 wire2913/X
 wire2916/X
 wire2917/X
 wire2918/X
 wire2919/X
 wire2920/X
 wire2921/X
 wire2923/X
 wire2926/X
 wire2927/X
 wire2928/X
 wire2929/X
 wire2930/X
 wire2936/X
 wire2938/X
 wire2939/X
 wire2942/X
 wire2943/X
 wire2944/X
 wire2948/X
 wire2949/X
 wire295/X
 wire2951/X
 wire2952/X
 wire2953/X
 wire2958/X
 wire2959/X
 wire2961/X
 wire2964/X
 wire2965/X
 wire2966/X
 wire2967/X
 wire2969/X
 wire2972/X
 wire2973/X
 wire2974/X
 wire2975/X
 wire2977/X
 wire2978/X
 wire2979/X
 wire2982/X
 wire2986/X
 wire2989/X
 wire299/X
 wire2990/X
 wire2991/X
 wire2993/X
 wire2994/X
 wire2995/X
 wire2996/X
 wire2998/X
 wire300/X
 wire3003/X
 wire3005/X
 wire3006/X
 wire3008/X
 wire3009/X
 wire3010/X
 wire3012/X
 wire3016/X
 wire3018/X
 wire3019/X
 wire3021/X
 wire3023/X
 wire3024/X
 wire3025/X
 wire3026/X
 wire3028/X
 wire3029/X
 wire3030/X
 wire3031/X
 wire3032/X
 wire3033/X
 wire3035/X
 wire3038/X
 wire3040/X
 wire3041/X
 wire3045/X
 wire3048/X
 wire3053/X
 wire3054/X
 wire306/X
 wire3060/X
 wire3061/X
 wire3062/X
 wire3063/X
 wire3066/X
 wire3072/X
 wire3074/X
 wire3075/X
 wire308/X
 wire3080/X
 wire3083/X
 wire3085/X
 wire3086/X
 wire3087/X
 wire3088/X
 wire3089/X
 wire309/X
 wire3096/X
 wire310/X
 wire3102/X
 wire3103/X
 wire3106/X
 wire3107/X
 wire3108/X
 wire3111/X
 wire3112/X
 wire3114/X
 wire3115/X
 wire3116/X
 wire3120/X
 wire3121/X
 wire3123/X
 wire3125/X
 wire3126/X
 wire3127/X
 wire3128/X
 wire3130/X
 wire3132/X
 wire3133/X
 wire3138/X
 wire3141/X
 wire3142/X
 wire3147/X
 wire3150/X
 wire3151/X
 wire3155/X
 wire3156/X
 wire3157/X
 wire3160/X
 wire3161/X
 wire3163/X
 wire3167/X
 wire3172/X
 wire3173/X
 wire3175/X
 wire3177/X
 wire318/X
 wire3180/X
 wire3181/X
 wire3184/X
 wire3185/X
 wire3186/X
 wire3188/X
 wire319/X
 wire3190/X
 wire3191/X
 wire3192/X
 wire3193/X
 wire3194/X
 wire3198/X
 wire3199/X
 wire320/X
 wire3200/X
 wire3202/X
 wire3204/X
 wire3205/X
 wire3207/X
 wire3208/X
 wire3209/X
 wire321/X
 wire3210/X
 wire3211/X
 wire3212/X
 wire3213/X
 wire3214/X
 wire3218/X
 wire3219/X
 wire3221/X
 wire3226/X
 wire3228/X
 wire3231/X
 wire3237/X
 wire3239/X
 wire324/X
 wire3246/X
 wire3248/X
 wire3249/X
 wire325/X
 wire3250/X
 wire3252/X
 wire3254/X
 wire3255/X
 wire3259/X
 wire326/X
 wire3267/X
 wire3269/X
 wire327/X
 wire3271/X
 wire3272/X
 wire3273/X
 wire3274/X
 wire3277/X
 wire3278/X
 wire328/X
 wire3280/X
 wire3282/X
 wire3284/X
 wire3285/X
 wire3286/X
 wire3287/X
 wire3289/X
 wire3290/X
 wire3291/X
 wire3292/X
 wire3297/X
 wire3299/X
 wire330/X
 wire3301/X
 wire3302/X
 wire3303/X
 wire3304/X
 wire3305/X
 wire3308/X
 wire3309/X
 wire3312/X
 wire3313/X
 wire3314/X
 wire3315/X
 wire3316/X
 wire3317/X
 wire3319/X
 wire332/X
 wire3321/X
 wire3323/X
 wire3324/X
 wire3326/X
 wire3328/X
 wire333/X
 wire3330/X
 wire3335/X
 wire3336/X
 wire3337/X
 wire3338/X
 wire334/X
 wire3340/X
 wire3341/X
 wire3342/X
 wire3343/X
 wire3344/X
 wire3348/X
 wire3349/X
 wire3354/X
 wire3357/X
 wire3358/X
 wire3361/X
 wire3363/X
 wire3367/X
 wire3369/X
 wire337/X
 wire3373/X
 wire3374/X
 wire3375/X
 wire3379/X
 wire338/X
 wire3380/X
 wire3384/X
 wire3385/X
 wire3387/X
 wire3389/X
 wire339/X
 wire3391/X
 wire3393/X
 wire3394/X
 wire3396/X
 wire3398/X
 wire340/X
 wire3401/X
 wire3403/X
 wire3405/X
 wire3406/X
 wire3408/X
 wire3412/X
 wire3414/X
 wire3415/X
 wire3416/X
 wire3419/X
 wire342/X
 wire3422/X
 wire3425/X
 wire3427/X
 wire3432/X
 wire3435/X
 wire3436/X
 wire3437/X
 wire3438/X
 wire3440/X
 wire3446/X
 wire3448/X
 wire3449/X
 wire345/X
 wire3450/X
 wire3454/X
 wire3455/X
 wire3456/X
 wire3457/X
 wire3458/X
 wire3463/X
 wire3466/X
 wire3467/X
 wire3469/X
 wire3471/X
 wire3472/X
 wire3477/X
 wire348/X
 wire3480/X
 wire3482/X
 wire3483/X
 wire3484/X
 wire3485/X
 wire3486/X
 wire3487/X
 wire349/X
 wire3490/X
 wire3491/X
 wire3495/X
 wire3496/X
 wire3499/X
 wire350/X
 wire3504/X
 wire3506/X
 wire3508/X
 wire3509/X
 wire351/X
 wire3514/X
 wire3517/X
 wire3518/X
 wire352/X
 wire3523/X
 wire3524/X
 wire3525/X
 wire3526/X
 wire3527/X
 wire3528/X
 wire3530/X
 wire3533/X
 wire3534/X
 wire3535/X
 wire3538/X
 wire3539/X
 wire3540/X
 wire3541/X
 wire3545/X
 wire355/X
 wire3555/X
 wire3560/X
 wire3562/X
 wire3566/X
 wire3569/X
 wire3570/X
 wire3576/X
 wire3578/X
 wire358/X
 wire3580/X
 wire3581/X
 wire3583/X
 wire3584/X
 wire3585/X
 wire3586/X
 wire3587/X
 wire3588/X
 wire3589/X
 wire359/X
 wire3592/X
 wire3593/X
 wire3595/X
 wire3596/X
 wire3597/X
 wire3601/X
 wire3615/X
 wire3616/X
 wire3617/X
 wire3618/X
 wire3621/X
 wire3624/X
 wire3626/X
 wire3627/X
 wire3628/X
 wire3629/X
 wire363/X
 wire3634/X
 wire3639/X
 wire364/X
 wire3640/X
 wire3642/X
 wire3647/X
 wire3649/X
 wire3654/X
 wire3656/X
 wire3658/X
 wire3659/X
 wire3663/X
 wire3665/X
 wire3666/X
 wire3667/X
 wire3669/X
 wire3671/X
 wire3672/X
 wire3673/X
 wire3675/X
 wire3678/X
 wire3681/X
 wire3683/X
 wire3684/X
 wire3685/X
 wire3688/X
 wire3689/X
 wire369/X
 wire3691/X
 wire3692/X
 wire3698/X
 wire370/X
 wire3701/X
 wire3704/X
 wire3706/X
 wire3707/X
 wire3708/X
 wire371/X
 wire3710/X
 wire3711/X
 wire3715/X
 wire3718/X
 wire3720/X
 wire3723/X
 wire3724/X
 wire3725/X
 wire3727/X
 wire3728/X
 wire3731/X
 wire3732/X
 wire3733/X
 wire3734/X
 wire3736/X
 wire3737/X
 wire3738/X
 wire3741/X
 wire3742/X
 wire3743/X
 wire3744/X
 wire3745/X
 wire375/X
 wire3750/X
 wire3751/X
 wire3752/X
 wire3754/X
 wire3755/X
 wire3756/X
 wire3759/X
 wire3760/X
 wire3763/X
 wire3764/X
 wire3765/X
 wire3767/X
 wire3768/X
 wire3769/X
 wire377/X
 wire3775/X
 wire3776/X
 wire3779/X
 wire3782/X
 wire3783/X
 wire3786/X
 wire3789/X
 wire3791/X
 wire3792/X
 wire3794/X
 wire3795/X
 wire3796/X
 wire3798/X
 wire3802/X
 wire3803/X
 wire3809/X
 wire381/X
 wire3811/X
 wire3812/X
 wire3813/X
 wire3815/X
 wire3821/X
 wire3822/X
 wire3824/X
 wire3825/X
 wire3826/X
 wire3828/X
 wire3830/X
 wire3833/X
 wire3834/X
 wire3836/X
 wire3837/X
 wire3838/X
 wire3839/X
 wire3841/X
 wire3842/X
 wire3843/X
 wire3849/X
 wire3852/X
 wire3854/X
 wire3855/X
 wire3857/X
 wire3858/X
 wire386/X
 wire3862/X
 wire3863/X
 wire3864/X
 wire3865/X
 wire3869/X
 wire387/X
 wire3870/X
 wire3871/X
 wire3872/X
 wire3874/X
 wire3875/X
 wire3876/X
 wire388/X
 wire3880/X
 wire3884/X
 wire3886/X
 wire3887/X
 wire3894/X
 wire3895/X
 wire3896/X
 wire3897/X
 wire3899/X
 wire3902/X
 wire3904/X
 wire3907/X
 wire3908/X
 wire3915/X
 wire3922/X
 wire3924/X
 wire3928/X
 wire393/X
 wire3931/X
 wire3939/X
 wire3940/X
 wire3941/X
 wire3942/X
 wire3943/X
 wire3944/X
 wire3945/X
 wire3946/X
 wire395/X
 wire3950/X
 wire3951/X
 wire3953/X
 wire3954/X
 wire3956/X
 wire3959/X
 wire3961/X
 wire3962/X
 wire3964/X
 wire3968/X
 wire3969/X
 wire397/X
 wire3970/X
 wire3972/X
 wire3978/X
 wire3984/X
 wire3985/X
 wire3989/X
 wire399/X
 wire3994/X
 wire3997/X
 wire400/X
 wire4000/X
 wire4002/X
 wire4003/X
 wire4004/X
 wire4006/X
 wire4008/X
 wire4009/X
 wire401/X
 wire4012/X
 wire4014/X
 wire4015/X
 wire4016/X
 wire4018/X
 wire4021/X
 wire4024/X
 wire4025/X
 wire4026/X
 wire4027/X
 wire4028/X
 wire4029/X
 wire4030/X
 wire4032/X
 wire4033/X
 wire4034/X
 wire4035/X
 wire4037/X
 wire4043/X
 wire4047/X
 wire4049/X
 wire4050/X
 wire4051/X
 wire4052/X
 wire4056/X
 wire406/X
 wire4061/X
 wire4063/X
 wire4064/X
 wire4066/X
 wire4068/X
 wire407/X
 wire4070/X
 wire4071/X
 wire4074/X
 wire4076/X
 wire4078/X
 wire4079/X
 wire408/X
 wire4081/X
 wire4084/X
 wire4085/X
 wire4089/X
 wire409/X
 wire4090/X
 wire4093/X
 wire4094/X
 wire4096/X
 wire4099/X
 wire4105/X
 wire4106/X
 wire4110/X
 wire4115/X
 wire4116/X
 wire4118/X
 wire412/X
 wire4120/X
 wire4121/X
 wire4123/X
 wire4125/X
 wire4128/X
 wire413/X
 wire4131/X
 wire4133/X
 wire414/X
 wire4143/X
 wire4145/X
 wire4148/X
 wire415/X
 wire4152/X
 wire4154/X
 wire4156/X
 wire4159/X
 wire416/X
 wire4166/X
 wire4167/X
 wire4170/X
 wire4173/X
 wire4175/X
 wire4176/X
 wire418/X
 wire4185/X
 wire4186/X
 wire419/X
 wire4191/X
 wire4194/X
 wire4196/X
 wire420/X
 wire4200/X
 wire4202/X
 wire4204/X
 wire421/X
 wire4216/X
 wire4218/X
 wire4219/X
 wire422/X
 wire4221/X
 wire4224/X
 wire4227/X
 wire4228/X
 wire4232/X
 wire4236/X
 wire4238/X
 wire4239/X
 wire424/X
 wire4241/X
 wire4244/X
 wire4247/X
 wire4248/X
 wire4250/X
 wire4256/X
 wire4258/X
 wire426/X
 wire4260/X
 wire4262/X
 wire4264/X
 wire4265/X
 wire4273/X
 wire428/X
 wire4281/X
 wire4283/X
 wire4285/X
 wire4286/X
 wire4288/X
 wire4289/X
 wire4290/X
 wire4291/X
 wire4298/X
 wire4299/X
 wire430/X
 wire4300/X
 wire4301/X
 wire4305/X
 wire4307/X
 wire4308/X
 wire4311/X
 wire4312/X
 wire4313/X
 wire4315/X
 wire4316/X
 wire4323/X
 wire4326/X
 wire4327/X
 wire4329/X
 wire4330/X
 wire4336/X
 wire4340/X
 wire4341/X
 wire4343/X
 wire4345/X
 wire4349/X
 wire4351/X
 wire4352/X
 wire4354/X
 wire4355/X
 wire4358/X
 wire436/X
 wire4362/X
 wire4364/X
 wire4366/X
 wire4367/X
 wire4368/X
 wire4370/X
 wire4371/X
 wire4376/X
 wire4377/X
 wire438/X
 wire4380/X
 wire4381/X
 wire4382/X
 wire4383/X
 wire439/X
 wire4393/X
 wire4394/X
 wire4396/X
 wire4397/X
 wire4399/X
 wire440/X
 wire4403/X
 wire4406/X
 wire4408/X
 wire4411/X
 wire4415/X
 wire4417/X
 wire4420/X
 wire4421/X
 wire4422/X
 wire4423/X
 wire4426/X
 wire4431/X
 wire4432/X
 wire4435/X
 wire4437/X
 wire444/X
 wire4440/X
 wire4441/X
 wire4442/X
 wire4443/X
 wire4444/X
 wire4447/X
 wire4448/X
 wire4452/X
 wire4453/X
 wire4455/X
 wire446/X
 wire4464/X
 wire4466/X
 wire4467/X
 wire4468/X
 wire4469/X
 wire447/X
 wire4470/X
 wire4472/X
 wire4473/X
 wire4475/X
 wire4476/X
 wire4477/X
 wire4478/X
 wire448/X
 wire4480/X
 wire4482/X
 wire4485/X
 wire4486/X
 wire4487/X
 wire4488/X
 wire4489/X
 wire4490/X
 wire4491/X
 wire4492/X
 wire454/X
 wire457/X
 wire458/X
 wire459/X
 wire460/X
 wire461/X
 wire463/X
 wire464/X
 wire465/X
 wire466/X
 wire467/X
 wire468/X
 wire469/X
 wire474/X
 wire475/X
 wire476/X
 wire478/X
 wire483/X
 wire485/X
 wire489/X
 wire490/X
 wire493/X
 wire494/X
 wire495/X
 wire496/X
 wire497/X
 wire500/X
 wire503/X
 wire505/X
 wire511/X
 wire512/X
 wire516/X
 wire520/X
 wire521/X
 wire522/X
 wire523/X
 wire525/X
 wire530/X
 wire535/X
 wire537/X
 wire541/X
 wire549/X
 wire550/X
 wire552/X
 wire553/X
 wire558/X
 wire560/X
 wire561/X
 wire565/X
 wire566/X
 wire567/X
 wire569/X
 wire572/X
 wire574/X
 wire575/X
 wire576/X
 wire577/X
 wire578/X
 wire582/X
 wire583/X
 wire584/X
 wire585/X
 wire587/X
 wire588/X
 wire591/X
 wire598/X
 wire599/X
 wire609/X
 wire610/X
 wire611/X
 wire613/X
 wire615/X
 wire619/X
 wire621/X
 wire622/X
 wire623/X
 wire625/X
 wire626/X
 wire628/X
 wire629/X
 wire630/X
 wire631/X
 wire634/X
 wire635/X
 wire636/X
 wire637/X
 wire639/X
 wire640/X
 wire641/X
 wire644/X
 wire647/X
 wire649/X
 wire653/X
 wire654/X
 wire656/X
 wire657/X
 wire658/X
 wire659/X
 wire663/X
 wire665/X
 wire666/X
 wire667/X
 wire668/X
 wire671/X
 wire678/X
 wire681/X
 wire682/X
 wire684/X
 wire686/X
 wire689/X
 wire690/X
 wire692/X
 wire693/X
 wire694/X
 wire697/X
 wire700/X
 wire701/X
 wire703/X
 wire704/X
 wire706/X
 wire709/X
 wire713/X
 wire718/X
 wire721/X
 wire727/X
 wire728/X
 wire742/X
 wire743/X
 wire747/X
 wire748/X
 wire749/X
 wire750/X
 wire751/X
 wire753/X
 wire754/X
 wire757/X
 wire758/X
 wire759/X
 wire765/X
 wire766/X
 wire775/X
 wire777/X
 wire779/X
 wire781/X
 wire786/X
 wire787/X
 wire788/X
 wire789/X
 wire790/X
 wire793/X
 wire794/X
 wire796/X
 wire800/X
 wire809/X
 wire810/X
 wire814/X
 wire815/X
 wire820/X
 wire821/X
 wire822/X
 wire825/X
 wire826/X
 wire833/X
 wire839/X
 wire840/X
 wire842/X
 wire843/X
 wire844/X
 wire849/X
 wire851/X
 wire852/X
 wire854/X
 wire855/X
 wire857/X
 wire860/X
 wire863/X
 wire864/X
 wire865/X
 wire868/X
 wire872/X
 wire878/X
 wire879/X
 wire883/X
 wire885/X
 wire886/X
 wire890/X
 wire892/X
 wire893/X
 wire894/X
 wire899/X
 wire900/X
 wire903/X
 wire905/X
 wire906/X
 wire910/X
 wire912/X
 wire921/X
 wire922/X
 wire924/X
 wire927/X
 wire929/X
 wire933/X
 wire936/X
 wire938/X
 wire947/X
 wire948/X
 wire949/X
 wire950/X
 wire952/X
 wire957/X
 wire960/X
 wire961/X
 wire962/X
 wire963/X
 wire967/X
 wire969/X
 wire971/X
 wire972/X
 wire974/X
 wire975/X
 wire977/X
 wire980/X
 wire984/X
 wire985/X
 wire986/X
 wire994/X
 wire995/X
 wire998/X

===========================================================================
max slew violation count 0
max fanout violation count 0
max cap violation count 0
============================================================================

===========================================================================
check_setup -verbose -unconstrained_endpoints -multiple_clock -no_clock -no_input_delay -loops -generated_clocks
===========================================================================
Warning: There are 50 input ports missing set_input_delay.
  A1[0]
  A1[1]
  A1[2]
  A1[3]
  A1[4]
  A2[0]
  A2[1]
  A2[2]
  A2[3]
  A2[4]
  A3[0]
  A3[1]
  A3[2]
  A3[3]
  A3[4]
  WD3[0]
  WD3[10]
  WD3[11]
  WD3[12]
  WD3[13]
  WD3[14]
  WD3[15]
  WD3[16]
  WD3[17]
  WD3[18]
  WD3[19]
  WD3[1]
  WD3[20]
  WD3[21]
  WD3[22]
  WD3[23]
  WD3[24]
  WD3[25]
  WD3[26]
  WD3[27]
  WD3[28]
  WD3[29]
  WD3[2]
  WD3[30]
  WD3[31]
  WD3[3]
  WD3[4]
  WD3[5]
  WD3[6]
  WD3[7]
  WD3[8]
  WD3[9]
  WE3
  alu_opcode[0]
  alu_opcode[1]
Warning: There are 96 unconstrained endpoints.
  RD1[0]
  RD1[10]
  RD1[11]
  RD1[12]
  RD1[13]
  RD1[14]
  RD1[15]
  RD1[16]
  RD1[17]
  RD1[18]
  RD1[19]
  RD1[1]
  RD1[20]
  RD1[21]
  RD1[22]
  RD1[23]
  RD1[24]
  RD1[25]
  RD1[26]
  RD1[27]
  RD1[28]
  RD1[29]
  RD1[2]
  RD1[30]
  RD1[31]
  RD1[3]
  RD1[4]
  RD1[5]
  RD1[6]
  RD1[7]
  RD1[8]
  RD1[9]
  RD2[0]
  RD2[10]
  RD2[11]
  RD2[12]
  RD2[13]
  RD2[14]
  RD2[15]
  RD2[16]
  RD2[17]
  RD2[18]
  RD2[19]
  RD2[1]
  RD2[20]
  RD2[21]
  RD2[22]
  RD2[23]
  RD2[24]
  RD2[25]
  RD2[26]
  RD2[27]
  RD2[28]
  RD2[29]
  RD2[2]
  RD2[30]
  RD2[31]
  RD2[3]
  RD2[4]
  RD2[5]
  RD2[6]
  RD2[7]
  RD2[8]
  RD2[9]
  alu_result[0]
  alu_result[10]
  alu_result[11]
  alu_result[12]
  alu_result[13]
  alu_result[14]
  alu_result[15]
  alu_result[16]
  alu_result[17]
  alu_result[18]
  alu_result[19]
  alu_result[1]
  alu_result[20]
  alu_result[21]
  alu_result[22]
  alu_result[23]
  alu_result[24]
  alu_result[25]
  alu_result[26]
  alu_result[27]
  alu_result[28]
  alu_result[29]
  alu_result[2]
  alu_result[30]
  alu_result[31]
  alu_result[3]
  alu_result[4]
  alu_result[5]
  alu_result[6]
  alu_result[7]
  alu_result[8]
  alu_result[9]
