
===========================================================================
 report_power
============================================================================
======================= Fastest Corner ===================================

Group                  Internal  Switching    Leakage      Total
                          Power      Power      Power      Power (Watts)
----------------------------------------------------------------
Sequential             6.00e-03   7.85e-04   1.49e-08   6.79e-03  44.2%
Combinational          2.78e-03   2.15e-03   2.34e-08   4.93e-03  32.1%
Clock                  1.72e-03   1.93e-03   1.44e-08   3.65e-03  23.8%
Macro                  0.00e+00   0.00e+00   0.00e+00   0.00e+00   0.0%
Pad                    0.00e+00   0.00e+00   0.00e+00   0.00e+00   0.0%
----------------------------------------------------------------
Total                  1.05e-02   4.86e-03   5.27e-08   1.54e-02 100.0%
                          68.3%      31.7%       0.0%

======================= Slowest Corner ===================================

Group                  Internal  Switching    Leakage      Total
                          Power      Power      Power      Power (Watts)
----------------------------------------------------------------
Sequential             4.07e-03   4.99e-04   1.48e-05   4.59e-03  43.8%
Combinational          1.97e-03   1.41e-03   3.09e-05   3.41e-03  32.6%
Clock                  1.24e-03   1.24e-03   1.95e-06   2.48e-03  23.6%
Macro                  0.00e+00   0.00e+00   0.00e+00   0.00e+00   0.0%
Pad                    0.00e+00   0.00e+00   0.00e+00   0.00e+00   0.0%
----------------------------------------------------------------
Total                  7.28e-03   3.15e-03   4.76e-05   1.05e-02 100.0%
                          69.5%      30.0%       0.5%

======================= Typical Corner ===================================

Group                  Internal  Switching    Leakage      Total
                          Power      Power      Power      Power (Watts)
----------------------------------------------------------------
Sequential             5.20e-03   6.49e-04   8.57e-09   5.85e-03  44.1%
Combinational          2.49e-03   1.81e-03   1.99e-08   4.30e-03  32.4%
Clock                  1.51e-03   1.62e-03   9.71e-09   3.13e-03  23.6%
Macro                  0.00e+00   0.00e+00   0.00e+00   0.00e+00   0.0%
Pad                    0.00e+00   0.00e+00   0.00e+00   0.00e+00   0.0%
----------------------------------------------------------------
Total                  9.20e-03   4.08e-03   3.82e-08   1.33e-02 100.0%
                          69.3%      30.7%       0.0%

