OpenROAD b16bda7e82721d10566ff7e2b68f1ff0be9f9e38 
Features included (+) or not (-): +Charts +GPU +GUI +Python
This program is licensed under the BSD-3 license. See the LICENSE file for details.
Components of this program may be licensed under more restrictive licenses which must be honored.
Top-level design name: CPU_TOP
Block boundaries: 0 0 400000 400000
Horizontal Tracks Origin: 340, Count: 588, Step: 680
Vertical Tracks Origin: 230, Count: 869, Step: 460
Placement details for the #E side
Virtual pin count:  0
Actual pin count:  11
Total pin count:  11
Tracks count:  294
Tracks per pin:  26
Used tracks count:  261
Unused track count:  33
Starting track index:  16
Placement Map:
[340, 1700, 3060, 4420, 5780, 7140, 8500, 9860, 11220, 12580, 13940, 15300, 16660, 18020, 19380, 20740, [91m22100[0m, 23460, 24820, 26180, 27540, 28900, 30260, 31620, 32980, 34340, 35700, 37060, 38420, 39780, 41140, 42500, 43860, 45220, 46580, 47940, 49300, 50660, 52020, 53380, 54740, 56100, [91m57460[0m, 58820, 60180, 61540, 62900, 64260, 65620, 66980, 68340, 69700, 71060, 72420, 73780, 75140, 76500, 77860, 79220, 80580, 81940, 83300, 84660, 86020, 87380, 88740, 90100, 91460, [91m92820[0m, 94180, 95540, 96900, 98260, 99620, 100980, 102340, 103700, 105060, 106420, 107780, 109140, 110500, 111860, 113220, 114580, 115940, 117300, 118660, 120020, 121380, 122740, 124100, 125460, 126820, [91m128180[0m, 129540, 130900, 132260, 133620, 134980, 136340, 137700, 139060, 140420, 141780, 143140, 144500, 145860, 147220, 148580, 149940, 151300, 152660, 154020, 155380, 156740, 158100, 159460, 160820, 162180, [91m163540[0m, 164900, 166260, 167620, 168980, 170340, 171700, 173060, 174420, 175780, 177140, 178500, 179860, 181220, 182580, 183940, 185300, 186660, 188020, 189380, 190740, 192100, 193460, 194820, 196180, 197540, [91m198900[0m, 200260, 201620, 202980, 204340, 205700, 207060, 208420, 209780, 211140, 212500, 213860, 215220, 216580, 217940, 219300, 220660, 222020, 223380, 224740, 226100, 227460, 228820, 230180, 231540, 232900, [91m234260[0m, 235620, 236980, 238340, 239700, 241060, 242420, 243780, 245140, 246500, 247860, 249220, 250580, 251940, 253300, 254660, 256020, 257380, 258740, 260100, 261460, 262820, 264180, 265540, 266900, 268260, [91m269620[0m, 270980, 272340, 273700, 275060, 276420, 277780, 279140, 280500, 281860, 283220, 284580, 285940, 287300, 288660, 290020, 291380, 292740, 294100, 295460, 296820, 298180, 299540, 300900, 302260, 303620, [91m304980[0m, 306340, 307700, 309060, 310420, 311780, 313140, 314500, 315860, 317220, 318580, 319940, 321300, 322660, 324020, 325380, 326740, 328100, 329460, 330820, 332180, 333540, 334900, 336260, 337620, 338980, [91m340340[0m, 341700, 343060, 344420, 345780, 347140, 348500, 349860, 351220, 352580, 353940, 355300, 356660, 358020, 359380, 360740, 362100, 363460, 364820, 366180, 367540, 368900, 370260, 371620, 372980, 374340, [91m375700[0m, 377060, 378420, 379780, 381140, 382500, 383860, 385220, 386580, 387940, 389300, 390660, 392020, 393380, 394740, 396100, 397460, 398820, ]
Indices of used tracks: [16, 42, 68, 94, 120, 146, 172, 198, 224, 250, 276]
---
Placement details for the #W side
Virtual pin count:  0
Actual pin count:  3
Total pin count:  3
Tracks count:  294
Tracks per pin:  98
Used tracks count:  197
Unused track count:  97
Starting track index:  48
Placement Map:
[340, 1700, 3060, 4420, 5780, 7140, 8500, 9860, 11220, 12580, 13940, 15300, 16660, 18020, 19380, 20740, 22100, 23460, 24820, 26180, 27540, 28900, 30260, 31620, 32980, 34340, 35700, 37060, 38420, 39780, 41140, 42500, 43860, 45220, 46580, 47940, 49300, 50660, 52020, 53380, 54740, 56100, 57460, 58820, 60180, 61540, 62900, 64260, [91m65620[0m, 66980, 68340, 69700, 71060, 72420, 73780, 75140, 76500, 77860, 79220, 80580, 81940, 83300, 84660, 86020, 87380, 88740, 90100, 91460, 92820, 94180, 95540, 96900, 98260, 99620, 100980, 102340, 103700, 105060, 106420, 107780, 109140, 110500, 111860, 113220, 114580, 115940, 117300, 118660, 120020, 121380, 122740, 124100, 125460, 126820, 128180, 129540, 130900, 132260, 133620, 134980, 136340, 137700, 139060, 140420, 141780, 143140, 144500, 145860, 147220, 148580, 149940, 151300, 152660, 154020, 155380, 156740, 158100, 159460, 160820, 162180, 163540, 164900, 166260, 167620, 168980, 170340, 171700, 173060, 174420, 175780, 177140, 178500, 179860, 181220, 182580, 183940, 185300, 186660, 188020, 189380, 190740, 192100, 193460, 194820, 196180, 197540, [91m198900[0m, 200260, 201620, 202980, 204340, 205700, 207060, 208420, 209780, 211140, 212500, 213860, 215220, 216580, 217940, 219300, 220660, 222020, 223380, 224740, 226100, 227460, 228820, 230180, 231540, 232900, 234260, 235620, 236980, 238340, 239700, 241060, 242420, 243780, 245140, 246500, 247860, 249220, 250580, 251940, 253300, 254660, 256020, 257380, 258740, 260100, 261460, 262820, 264180, 265540, 266900, 268260, 269620, 270980, 272340, 273700, 275060, 276420, 277780, 279140, 280500, 281860, 283220, 284580, 285940, 287300, 288660, 290020, 291380, 292740, 294100, 295460, 296820, 298180, 299540, 300900, 302260, 303620, 304980, 306340, 307700, 309060, 310420, 311780, 313140, 314500, 315860, 317220, 318580, 319940, 321300, 322660, 324020, 325380, 326740, 328100, 329460, 330820, [91m332180[0m, 333540, 334900, 336260, 337620, 338980, 340340, 341700, 343060, 344420, 345780, 347140, 348500, 349860, 351220, 352580, 353940, 355300, 356660, 358020, 359380, 360740, 362100, 363460, 364820, 366180, 367540, 368900, 370260, 371620, 372980, 374340, 375700, 377060, 378420, 379780, 381140, 382500, 383860, 385220, 386580, 387940, 389300, 390660, 392020, 393380, 394740, 396100, 397460, 398820, ]
Indices of used tracks: [48, 146, 244]
---
