OpenROAD b16bda7e82721d10566ff7e2b68f1ff0be9f9e38 
Features included (+) or not (-): +Charts +GPU +GUI +Python
This program is licensed under the BSD-3 license. See the LICENSE file for details.
Components of this program may be licensed under more restrictive licenses which must be honored.
[INFO ODB-0227] LEF file: /openlane/designs/alu_and_register/runs/RUN_2025.06.01_20.33.51/tmp/merged.max.lef, created 13 layers, 25 vias, 441 library cells
[INFO ODB-0127] Reading DEF file: /openlane/designs/alu_and_register/runs/RUN_2025.06.01_20.33.51/results/routing/TopModule.def
[INFO ODB-0128] Design: TopModule
[INFO ODB-0094] 		Created 100000 Insts
[INFO ODB-0094] 		Created 200000 Insts
[INFO ODB-0094] 		Created 300000 Insts
[INFO ODB-0094] 		Created 400000 Insts
[INFO ODB-0094] 		Created 500000 Insts
[INFO ODB-0094] 		Created 600000 Insts
[INFO ODB-0094] 		Created 700000 Insts
[INFO ODB-0094] 		Created 800000 Insts
[INFO ODB-0094] 		Created 900000 Insts
[INFO ODB-0094] 		Created 1000000 Insts
[INFO ODB-0094] 		Created 1100000 Insts
[INFO ODB-0094] 		Created 1200000 Insts
[INFO ODB-0130]     Created 140 pins.
[INFO ODB-0131]     Created 1250293 components and 4690587 component-terminals.
[INFO ODB-0132]     Created 2 special nets and 4655572 connections.
[INFO ODB-0133]     Created 2968 nets and 35007 connections.
[INFO ODB-0134] Finished DEF file: /openlane/designs/alu_and_register/runs/RUN_2025.06.01_20.33.51/results/routing/TopModule.def
define_corners Typical
read_liberty -corner Typical /home/kagan/.volare/sky130A/libs.ref/sky130_fd_sc_hd/lib/sky130_fd_sc_hd__tt_025C_1v80.lib
Using 1e-12 for capacitance...
Using 1e+03 for resistance...
Using 1e-09 for time...
Using 1e+00 for voltage...
Using 1e-03 for current...
Using 1e-09 for power...
Using 1e-06 for distance...
Using RCX ruleset '/home/kagan/.volare/sky130A/libs.tech/openlane/rules.openrcx.sky130A.max.calibre'...
[INFO RCX-0431] Defined process_corner X with ext_model_index 0
[INFO RCX-0029] Defined extraction corner X
[INFO RCX-0008] extracting parasitics of TopModule ...
[INFO RCX-0435] Reading extraction model file /home/kagan/.volare/sky130A/libs.tech/openlane/rules.openrcx.sky130A.max.calibre ...
[INFO RCX-0436] RC segment generation TopModule (max_merge_res 50.0) ...
[INFO RCX-0040] Final 78320 rc segments
[INFO RCX-0439] Coupling Cap extraction TopModule ...
[INFO RCX-0440] Coupling threshhold is 0.1000 fF, coupling capacitance less than 0.1000 fF will be grounded.
[INFO RCX-0043] 278314 wires to be extracted
[INFO RCX-0442] 12% completion -- 33891 wires have been extracted
[INFO RCX-0442] 24% completion -- 68193 wires have been extracted
[INFO RCX-0442] 36% completion -- 101817 wires have been extracted
[INFO RCX-0442] 48% completion -- 135068 wires have been extracted
[INFO RCX-0442] 60% completion -- 168009 wires have been extracted
[INFO RCX-0442] 71% completion -- 200247 wires have been extracted
[INFO RCX-0442] 90% completion -- 251722 wires have been extracted
[INFO RCX-0442] 95% completion -- 264880 wires have been extracted
[INFO RCX-0442] 100% completion -- 278314 wires have been extracted
[INFO RCX-0045] Extract 2968 nets, 81281 rsegs, 81281 caps, 44479 ccs
[INFO RCX-0015] Finished extracting TopModule.
Writing result to /openlane/designs/alu_and_register/runs/RUN_2025.06.01_20.33.51/results/routing/mca/process_corner_max/TopModule.spef...
Setting global connections for newly added cells…
[WARNING] Did not save OpenROAD database!
Writing extracted parasitics to '/openlane/designs/alu_and_register/runs/RUN_2025.06.01_20.33.51/results/routing/mca/process_corner_max/TopModule.spef'…
[INFO RCX-0016] Writing SPEF ...
[INFO RCX-0443] 2968 nets finished
[INFO RCX-0017] Finished writing SPEF ...
