Reading /openlane/designs/alu_and_register/runs/RUN_2025.06.01_20.33.51/results/signoff/TopModule.gds ..
Reading /openlane/designs/alu_and_register/runs/RUN_2025.06.01_20.33.51/results/signoff/TopModule.klayout.gds ..
--- Running XOR for layer 122/16 ---
"input" in: xor.drc:94
    Polygons (raw): 1077824 (flat)  128 (hierarchical)
    Elapsed: 0.000s  Memory: 2152.00M
"input" in: xor.drc:94
    Polygons (raw): 1077824 (flat)  128 (hierarchical)
    Elapsed: 0.000s  Memory: 2152.00M
"^" in: xor.drc:94
    Polygons (raw): 0 (flat)  0 (hierarchical)
    Elapsed: 7.050s  Memory: 2156.00M
XOR differences: 0
"output" in: xor.drc:69
    Polygons (raw): 0 (flat)  0 (hierarchical)
    Elapsed: 0.000s  Memory: 2156.00M
--- Running XOR for layer 235/4 ---
"input" in: xor.drc:94
    Polygons (raw): 1 (flat)  1 (hierarchical)
    Elapsed: 0.000s  Memory: 2156.00M
"input" in: xor.drc:94
    Polygons (raw): 1 (flat)  1 (hierarchical)
    Elapsed: 0.000s  Memory: 2156.00M
"^" in: xor.drc:94
    Polygons (raw): 0 (flat)  0 (hierarchical)
    Elapsed: 0.540s  Memory: 2156.00M
XOR differences: 0
"output" in: xor.drc:69
    Polygons (raw): 0 (flat)  0 (hierarchical)
    Elapsed: 0.000s  Memory: 2156.00M
--- Running XOR for layer 236/0 ---
"input" in: xor.drc:94
    Polygons (raw): 892980 (flat)  121 (hierarchical)
    Elapsed: 0.010s  Memory: 2156.00M
"input" in: xor.drc:94
    Polygons (raw): 892980 (flat)  121 (hierarchical)
    Elapsed: 0.000s  Memory: 2156.00M
"^" in: xor.drc:94
    Polygons (raw): 0 (flat)  0 (hierarchical)
    Elapsed: 6.080s  Memory: 2237.00M
XOR differences: 0
"output" in: xor.drc:69
    Polygons (raw): 0 (flat)  0 (hierarchical)
    Elapsed: 0.000s  Memory: 2237.00M
--- Running XOR for layer 64/16 ---
"input" in: xor.drc:94
    Polygons (raw): 1077823 (flat)  127 (hierarchical)
    Elapsed: 0.000s  Memory: 2237.00M
"input" in: xor.drc:94
    Polygons (raw): 1077823 (flat)  127 (hierarchical)
    Elapsed: 0.000s  Memory: 2237.00M
"^" in: xor.drc:94
    Polygons (raw): 0 (flat)  0 (hierarchical)
    Elapsed: 6.470s  Memory: 2237.00M
XOR differences: 0
"output" in: xor.drc:69
    Polygons (raw): 0 (flat)  0 (hierarchical)
    Elapsed: 0.010s  Memory: 2237.00M
--- Running XOR for layer 64/20 ---
"input" in: xor.drc:94
    Polygons (raw): 1250293 (flat)  124 (hierarchical)
    Elapsed: 0.000s  Memory: 2237.00M
"input" in: xor.drc:94
    Polygons (raw): 1250293 (flat)  124 (hierarchical)
    Elapsed: 0.010s  Memory: 2237.00M
"^" in: xor.drc:94
    Polygons (raw): 0 (flat)  0 (hierarchical)
    Elapsed: 11.870s  Memory: 2369.00M
XOR differences: 0
"output" in: xor.drc:69
    Polygons (raw): 0 (flat)  0 (hierarchical)
    Elapsed: 0.000s  Memory: 2369.00M
--- Running XOR for layer 64/5 ---
"input" in: xor.drc:94
    Polygons (raw): 0 (flat)  0 (hierarchical)
    Elapsed: 0.000s  Memory: 2369.00M
"input" in: xor.drc:94
    Polygons (raw): 0 (flat)  0 (hierarchical)
    Elapsed: 0.000s  Memory: 2369.00M
"^" in: xor.drc:94
    Polygons (raw): 0 (flat)  0 (hierarchical)
    Elapsed: 1.710s  Memory: 2369.00M
XOR differences: 0
"output" in: xor.drc:69
    Polygons (raw): 0 (flat)  0 (hierarchical)
    Elapsed: 0.010s  Memory: 2369.00M
--- Running XOR for layer 64/59 ---
"input" in: xor.drc:94
    Polygons (raw): 0 (flat)  0 (hierarchical)
    Elapsed: 0.000s  Memory: 2369.00M
"input" in: xor.drc:94
    Polygons (raw): 0 (flat)  0 (hierarchical)
    Elapsed: 0.000s  Memory: 2369.00M
"^" in: xor.drc:94
    Polygons (raw): 0 (flat)  0 (hierarchical)
    Elapsed: 1.730s  Memory: 2369.00M
XOR differences: 0
"output" in: xor.drc:69
    Polygons (raw): 0 (flat)  0 (hierarchical)
    Elapsed: 0.010s  Memory: 2369.00M
--- Running XOR for layer 65/20 ---
"input" in: xor.drc:94
    Polygons (raw): 1760476 (flat)  359 (hierarchical)
    Elapsed: 0.000s  Memory: 2369.00M
"input" in: xor.drc:94
    Polygons (raw): 1760476 (flat)  359 (hierarchical)
    Elapsed: 0.000s  Memory: 2369.00M
"^" in: xor.drc:94
    Polygons (raw): 0 (flat)  0 (hierarchical)
    Elapsed: 8.430s  Memory: 2160.00M
XOR differences: 0
"output" in: xor.drc:69
    Polygons (raw): 0 (flat)  0 (hierarchical)
    Elapsed: 0.000s  Memory: 2160.00M
--- Running XOR for layer 65/44 ---
"input" in: xor.drc:94
    Polygons (raw): 345600 (flat)  2 (hierarchical)
    Elapsed: 0.000s  Memory: 2160.00M
"input" in: xor.drc:94
    Polygons (raw): 345600 (flat)  2 (hierarchical)
    Elapsed: 0.000s  Memory: 2160.00M
"^" in: xor.drc:94
    Polygons (raw): 0 (flat)  0 (hierarchical)
    Elapsed: 1.830s  Memory: 2160.00M
XOR differences: 0
"output" in: xor.drc:69
    Polygons (raw): 0 (flat)  0 (hierarchical)
    Elapsed: 0.010s  Memory: 2160.00M
--- Running XOR for layer 66/20 ---
"input" in: xor.drc:94
    Polygons (raw): 1738194 (flat)  576 (hierarchical)
    Elapsed: 0.000s  Memory: 2160.00M
"input" in: xor.drc:94
    Polygons (raw): 1738194 (flat)  576 (hierarchical)
    Elapsed: 0.000s  Memory: 2160.00M
"^" in: xor.drc:94
    Polygons (raw): 0 (flat)  0 (hierarchical)
    Elapsed: 11.610s  Memory: 2133.00M
XOR differences: 0
"output" in: xor.drc:69
    Polygons (raw): 0 (flat)  0 (hierarchical)
    Elapsed: 0.000s  Memory: 2133.00M
--- Running XOR for layer 66/44 ---
"input" in: xor.drc:94
    Polygons (raw): 6703982 (flat)  4610 (hierarchical)
    Elapsed: 0.000s  Memory: 2133.00M
"input" in: xor.drc:94
    Polygons (raw): 6703982 (flat)  4610 (hierarchical)
    Elapsed: 0.000s  Memory: 2133.00M
"^" in: xor.drc:94
    Polygons (raw): 0 (flat)  0 (hierarchical)
    Elapsed: 26.900s  Memory: 2175.00M
XOR differences: 0
"output" in: xor.drc:69
    Polygons (raw): 0 (flat)  0 (hierarchical)
    Elapsed: 0.000s  Memory: 2175.00M
--- Running XOR for layer 67/16 ---
"input" in: xor.drc:94
    Polygons (raw): 347229 (flat)  851 (hierarchical)
    Elapsed: 0.000s  Memory: 2175.00M
"input" in: xor.drc:94
    Polygons (raw): 347229 (flat)  851 (hierarchical)
    Elapsed: 0.000s  Memory: 2175.00M
"^" in: xor.drc:94
    Polygons (raw): 0 (flat)  0 (hierarchical)
    Elapsed: 1.610s  Memory: 2175.00M
XOR differences: 0
"output" in: xor.drc:69
    Polygons (raw): 0 (flat)  0 (hierarchical)
    Elapsed: 0.010s  Memory: 2175.00M
--- Running XOR for layer 67/20 ---
"input" in: xor.drc:94
    Polygons (raw): 5632633 (flat)  35499 (hierarchical)
    Elapsed: 0.000s  Memory: 2175.00M
"input" in: xor.drc:94
    Polygons (raw): 5632633 (flat)  1026 (hierarchical)
    Elapsed: 0.000s  Memory: 2175.00M
"^" in: xor.drc:94
    Polygons (raw): 0 (flat)  0 (hierarchical)
    Elapsed: 34.440s  Memory: 2881.00M
XOR differences: 0
"output" in: xor.drc:69
    Polygons (raw): 0 (flat)  0 (hierarchical)
    Elapsed: 0.000s  Memory: 2881.00M
--- Running XOR for layer 67/44 ---
"input" in: xor.drc:94
    Polygons (raw): 19422535 (flat)  37110 (hierarchical)
    Elapsed: 0.000s  Memory: 2881.00M
"input" in: xor.drc:94
    Polygons (raw): 19422535 (flat)  2637 (hierarchical)
    Elapsed: 0.000s  Memory: 2881.00M
"^" in: xor.drc:94
    Polygons (raw): 0 (flat)  0 (hierarchical)
    Elapsed: 79.620s  Memory: 2881.00M
XOR differences: 0
"output" in: xor.drc:69
    Polygons (raw): 0 (flat)  0 (hierarchical)
    Elapsed: 0.010s  Memory: 2881.00M
--- Running XOR for layer 67/5 ---
"input" in: xor.drc:94
    Polygons (raw): 0 (flat)  0 (hierarchical)
    Elapsed: 0.000s  Memory: 2881.00M
"input" in: xor.drc:94
    Polygons (raw): 0 (flat)  0 (hierarchical)
    Elapsed: 0.000s  Memory: 2881.00M
"^" in: xor.drc:94
    Polygons (raw): 0 (flat)  0 (hierarchical)
    Elapsed: 0.510s  Memory: 2881.00M
XOR differences: 0
"output" in: xor.drc:69
    Polygons (raw): 0 (flat)  0 (hierarchical)
    Elapsed: 0.000s  Memory: 2881.00M
--- Running XOR for layer 68/16 ---
"input" in: xor.drc:94
    Polygons (raw): 2501036 (flat)  254 (hierarchical)
    Elapsed: 0.000s  Memory: 2881.00M
"input" in: xor.drc:94
    Polygons (raw): 2501036 (flat)  254 (hierarchical)
    Elapsed: 0.000s  Memory: 2881.00M
"^" in: xor.drc:94
    Polygons (raw): 0 (flat)  0 (hierarchical)
    Elapsed: 12.060s  Memory: 2881.00M
XOR differences: 0
"output" in: xor.drc:69
    Polygons (raw): 0 (flat)  0 (hierarchical)
    Elapsed: 0.010s  Memory: 2881.00M
--- Running XOR for layer 68/20 ---
"input" in: xor.drc:94
    Polygons (raw): 2604736 (flat)  102982 (hierarchical)
    Elapsed: 0.000s  Memory: 2881.00M
"input" in: xor.drc:94
    Polygons (raw): 2707085 (flat)  32187 (hierarchical)
    Elapsed: 0.000s  Memory: 2881.00M
"^" in: xor.drc:94
    Polygons (raw): 0 (flat)  0 (hierarchical)
    Elapsed: 18.680s  Memory: 3130.00M
XOR differences: 0
"output" in: xor.drc:69
    Polygons (raw): 0 (flat)  0 (hierarchical)
    Elapsed: 0.010s  Memory: 3130.00M
--- Running XOR for layer 68/44 ---
"input" in: xor.drc:94
    Polygons (raw): 583766 (flat)  583766 (hierarchical)
    Elapsed: 0.000s  Memory: 3130.00M
"input" in: xor.drc:94
    Polygons (raw): 583766 (flat)  7 (hierarchical)
    Elapsed: 0.000s  Memory: 3130.00M
"^" in: xor.drc:94
    Polygons (raw): 0 (flat)  0 (hierarchical)
    Elapsed: 2.280s  Memory: 3130.00M
XOR differences: 0
"output" in: xor.drc:69
    Polygons (raw): 0 (flat)  0 (hierarchical)
    Elapsed: 0.010s  Memory: 3130.00M
--- Running XOR for layer 68/5 ---
"input" in: xor.drc:94
    Polygons (raw): 0 (flat)  0 (hierarchical)
    Elapsed: 0.000s  Memory: 3130.00M
"input" in: xor.drc:94
    Polygons (raw): 0 (flat)  0 (hierarchical)
    Elapsed: 0.000s  Memory: 3130.00M
"^" in: xor.drc:94
    Polygons (raw): 0 (flat)  0 (hierarchical)
    Elapsed: 1.960s  Memory: 3130.00M
XOR differences: 0
"output" in: xor.drc:69
    Polygons (raw): 0 (flat)  0 (hierarchical)
    Elapsed: 0.010s  Memory: 3130.00M
--- Running XOR for layer 69/16 ---
"input" in: xor.drc:94
    Polygons (raw): 38 (flat)  38 (hierarchical)
    Elapsed: 0.000s  Memory: 3130.00M
"input" in: xor.drc:94
    Polygons (raw): 38 (flat)  38 (hierarchical)
    Elapsed: 0.000s  Memory: 3130.00M
"^" in: xor.drc:94
    Polygons (raw): 0 (flat)  0 (hierarchical)
    Elapsed: 0.510s  Memory: 3130.00M
XOR differences: 0
"output" in: xor.drc:69
    Polygons (raw): 0 (flat)  0 (hierarchical)
    Elapsed: 0.000s  Memory: 3130.00M
--- Running XOR for layer 69/20 ---
"input" in: xor.drc:94
    Polygons (raw): 161127 (flat)  161127 (hierarchical)
    Elapsed: 0.000s  Memory: 3130.00M
"input" in: xor.drc:94
    Polygons (raw): 383139 (flat)  132991 (hierarchical)
    Elapsed: 0.000s  Memory: 3130.00M
"^" in: xor.drc:94
    Polygons (raw): 0 (flat)  0 (hierarchical)
    Elapsed: 2.760s  Memory: 3130.00M
XOR differences: 0
"output" in: xor.drc:69
    Polygons (raw): 0 (flat)  0 (hierarchical)
    Elapsed: 0.010s  Memory: 3130.00M
--- Running XOR for layer 69/44 ---
"input" in: xor.drc:94
    Polygons (raw): 445298 (flat)  445298 (hierarchical)
    Elapsed: 0.000s  Memory: 3130.00M
"input" in: xor.drc:94
    Polygons (raw): 445298 (flat)  5 (hierarchical)
    Elapsed: 0.000s  Memory: 3130.00M
"^" in: xor.drc:94
    Polygons (raw): 0 (flat)  0 (hierarchical)
    Elapsed: 1.810s  Memory: 3130.00M
XOR differences: 0
"output" in: xor.drc:69
    Polygons (raw): 0 (flat)  0 (hierarchical)
    Elapsed: 0.010s  Memory: 3130.00M
--- Running XOR for layer 69/5 ---
"input" in: xor.drc:94
    Polygons (raw): 0 (flat)  0 (hierarchical)
    Elapsed: 0.000s  Memory: 3130.00M
"input" in: xor.drc:94
    Polygons (raw): 0 (flat)  0 (hierarchical)
    Elapsed: 0.000s  Memory: 3130.00M
"^" in: xor.drc:94
    Polygons (raw): 0 (flat)  0 (hierarchical)
    Elapsed: 0.440s  Memory: 3130.00M
XOR differences: 0
"output" in: xor.drc:69
    Polygons (raw): 0 (flat)  0 (hierarchical)
    Elapsed: 0.010s  Memory: 3130.00M
--- Running XOR for layer 70/16 ---
"input" in: xor.drc:94
    Polygons (raw): 100 (flat)  100 (hierarchical)
    Elapsed: 0.000s  Memory: 3130.00M
"input" in: xor.drc:94
    Polygons (raw): 100 (flat)  100 (hierarchical)
    Elapsed: 0.000s  Memory: 3130.00M
"^" in: xor.drc:94
    Polygons (raw): 0 (flat)  0 (hierarchical)
    Elapsed: 0.490s  Memory: 3130.00M
XOR differences: 0
"output" in: xor.drc:69
    Polygons (raw): 0 (flat)  0 (hierarchical)
    Elapsed: 0.010s  Memory: 3130.00M
--- Running XOR for layer 70/20 ---
"input" in: xor.drc:94
    Polygons (raw): 112211 (flat)  112211 (hierarchical)
    Elapsed: 0.000s  Memory: 3130.00M
"input" in: xor.drc:94
    Polygons (raw): 334473 (flat)  111660 (hierarchical)
    Elapsed: 0.000s  Memory: 3130.00M
"^" in: xor.drc:94
    Polygons (raw): 0 (flat)  0 (hierarchical)
    Elapsed: 1.750s  Memory: 3130.00M
XOR differences: 0
"output" in: xor.drc:69
    Polygons (raw): 0 (flat)  0 (hierarchical)
    Elapsed: 0.000s  Memory: 3130.00M
--- Running XOR for layer 70/44 ---
"input" in: xor.drc:94
    Polygons (raw): 445157 (flat)  445157 (hierarchical)
    Elapsed: 0.000s  Memory: 3130.00M
"input" in: xor.drc:94
    Polygons (raw): 445157 (flat)  5 (hierarchical)
    Elapsed: 0.000s  Memory: 3130.00M
"^" in: xor.drc:94
    Polygons (raw): 0 (flat)  0 (hierarchical)
    Elapsed: 1.820s  Memory: 3130.00M
XOR differences: 0
"output" in: xor.drc:69
    Polygons (raw): 0 (flat)  0 (hierarchical)
    Elapsed: 0.010s  Memory: 3130.00M
--- Running XOR for layer 70/5 ---
"input" in: xor.drc:94
    Polygons (raw): 0 (flat)  0 (hierarchical)
    Elapsed: 0.000s  Memory: 3130.00M
"input" in: xor.drc:94
    Polygons (raw): 0 (flat)  0 (hierarchical)
    Elapsed: 0.000s  Memory: 3130.00M
"^" in: xor.drc:94
    Polygons (raw): 0 (flat)  0 (hierarchical)
    Elapsed: 0.450s  Memory: 3130.00M
XOR differences: 0
"output" in: xor.drc:69
    Polygons (raw): 0 (flat)  0 (hierarchical)
    Elapsed: 0.010s  Memory: 3130.00M
--- Running XOR for layer 71/16 ---
"input" in: xor.drc:94
    Polygons (raw): 174 (flat)  174 (hierarchical)
    Elapsed: 0.000s  Memory: 3130.00M
"input" in: xor.drc:94
    Polygons (raw): 174 (flat)  174 (hierarchical)
    Elapsed: 0.000s  Memory: 3130.00M
"^" in: xor.drc:94
    Polygons (raw): 0 (flat)  0 (hierarchical)
    Elapsed: 0.500s  Memory: 3130.00M
XOR differences: 0
"output" in: xor.drc:69
    Polygons (raw): 0 (flat)  0 (hierarchical)
    Elapsed: 0.000s  Memory: 3130.00M
--- Running XOR for layer 71/20 ---
"input" in: xor.drc:94
    Polygons (raw): 285 (flat)  285 (hierarchical)
    Elapsed: 0.000s  Memory: 3130.00M
"input" in: xor.drc:94
    Polygons (raw): 126870 (flat)  397 (hierarchical)
    Elapsed: 0.000s  Memory: 3130.00M
"^" in: xor.drc:94
    Polygons (raw): 0 (flat)  0 (hierarchical)
    Elapsed: 2.260s  Memory: 3130.00M
XOR differences: 0
"output" in: xor.drc:69
    Polygons (raw): 0 (flat)  0 (hierarchical)
    Elapsed: 0.010s  Memory: 3130.00M
--- Running XOR for layer 71/44 ---
"input" in: xor.drc:94
    Polygons (raw): 15138 (flat)  15138 (hierarchical)
    Elapsed: 0.000s  Memory: 3130.00M
"input" in: xor.drc:94
    Polygons (raw): 15138 (flat)  1 (hierarchical)
    Elapsed: 0.000s  Memory: 3130.00M
"^" in: xor.drc:94
    Polygons (raw): 0 (flat)  0 (hierarchical)
    Elapsed: 0.550s  Memory: 3130.00M
XOR differences: 0
"output" in: xor.drc:69
    Polygons (raw): 0 (flat)  0 (hierarchical)
    Elapsed: 0.010s  Memory: 3130.00M
--- Running XOR for layer 71/5 ---
"input" in: xor.drc:94
    Polygons (raw): 0 (flat)  0 (hierarchical)
    Elapsed: 0.000s  Memory: 3130.00M
"input" in: xor.drc:94
    Polygons (raw): 0 (flat)  0 (hierarchical)
    Elapsed: 0.000s  Memory: 3130.00M
"^" in: xor.drc:94
    Polygons (raw): 0 (flat)  0 (hierarchical)
    Elapsed: 0.450s  Memory: 3130.00M
XOR differences: 0
"output" in: xor.drc:69
    Polygons (raw): 0 (flat)  0 (hierarchical)
    Elapsed: 0.000s  Memory: 3130.00M
--- Running XOR for layer 72/16 ---
"input" in: xor.drc:94
    Polygons (raw): 174 (flat)  174 (hierarchical)
    Elapsed: 0.000s  Memory: 3130.00M
"input" in: xor.drc:94
    Polygons (raw): 174 (flat)  174 (hierarchical)
    Elapsed: 0.000s  Memory: 3130.00M
"^" in: xor.drc:94
    Polygons (raw): 0 (flat)  0 (hierarchical)
    Elapsed: 0.510s  Memory: 3130.00M
XOR differences: 0
"output" in: xor.drc:69
    Polygons (raw): 0 (flat)  0 (hierarchical)
    Elapsed: 0.000s  Memory: 3130.00M
--- Running XOR for layer 72/20 ---
"input" in: xor.drc:94
    Polygons (raw): 174 (flat)  174 (hierarchical)
    Elapsed: 0.000s  Memory: 3130.00M
"input" in: xor.drc:94
    Polygons (raw): 15486 (flat)  349 (hierarchical)
    Elapsed: 0.000s  Memory: 3130.00M
"^" in: xor.drc:94
    Polygons (raw): 0 (flat)  0 (hierarchical)
    Elapsed: 0.540s  Memory: 3130.00M
XOR differences: 0
"output" in: xor.drc:69
    Polygons (raw): 0 (flat)  0 (hierarchical)
    Elapsed: 0.010s  Memory: 3130.00M
--- Running XOR for layer 72/5 ---
"input" in: xor.drc:94
    Polygons (raw): 0 (flat)  0 (hierarchical)
    Elapsed: 0.000s  Memory: 3130.00M
"input" in: xor.drc:94
    Polygons (raw): 0 (flat)  0 (hierarchical)
    Elapsed: 0.000s  Memory: 3130.00M
"^" in: xor.drc:94
    Polygons (raw): 0 (flat)  0 (hierarchical)
    Elapsed: 0.450s  Memory: 3130.00M
XOR differences: 0
"output" in: xor.drc:69
    Polygons (raw): 0 (flat)  0 (hierarchical)
    Elapsed: 0.000s  Memory: 3130.00M
--- Running XOR for layer 78/44 ---
"input" in: xor.drc:94
    Polygons (raw): 1250297 (flat)  126 (hierarchical)
    Elapsed: 0.000s  Memory: 3130.00M
"input" in: xor.drc:94
    Polygons (raw): 1250297 (flat)  126 (hierarchical)
    Elapsed: 0.000s  Memory: 3130.00M
"^" in: xor.drc:94
    Polygons (raw): 0 (flat)  0 (hierarchical)
    Elapsed: 7.390s  Memory: 3130.00M
XOR differences: 0
"output" in: xor.drc:69
    Polygons (raw): 0 (flat)  0 (hierarchical)
    Elapsed: 0.000s  Memory: 3130.00M
Warning: Skipping 81/14
--- Running XOR for layer 81/23 ---
"input" in: xor.drc:94
    Polygons (raw): 27073 (flat)  1 (hierarchical)
    Elapsed: 0.000s  Memory: 3130.00M
"input" in: xor.drc:94
    Polygons (raw): 27073 (flat)  1 (hierarchical)
    Elapsed: 0.000s  Memory: 3130.00M
"^" in: xor.drc:94
    Polygons (raw): 0 (flat)  0 (hierarchical)
    Elapsed: 0.590s  Memory: 3130.00M
XOR differences: 0
"output" in: xor.drc:69
    Polygons (raw): 0 (flat)  0 (hierarchical)
    Elapsed: 0.010s  Memory: 3130.00M
--- Running XOR for layer 81/4 ---
"input" in: xor.drc:94
    Polygons (raw): 1250293 (flat)  124 (hierarchical)
    Elapsed: 0.000s  Memory: 3130.00M
"input" in: xor.drc:94
    Polygons (raw): 1250293 (flat)  124 (hierarchical)
    Elapsed: 0.000s  Memory: 3130.00M
"^" in: xor.drc:94
    Polygons (raw): 0 (flat)  0 (hierarchical)
    Elapsed: 7.760s  Memory: 3130.00M
XOR differences: 0
"output" in: xor.drc:69
    Polygons (raw): 0 (flat)  0 (hierarchical)
    Elapsed: 0.000s  Memory: 3130.00M
--- Running XOR for layer 83/44 ---
"input" in: xor.drc:94
    Polygons (raw): 0 (flat)  0 (hierarchical)
    Elapsed: 0.000s  Memory: 3130.00M
"input" in: xor.drc:94
    Polygons (raw): 0 (flat)  0 (hierarchical)
    Elapsed: 0.000s  Memory: 3130.00M
"^" in: xor.drc:94
    Polygons (raw): 0 (flat)  0 (hierarchical)
    Elapsed: 1.860s  Memory: 3130.00M
XOR differences: 0
"output" in: xor.drc:69
    Polygons (raw): 0 (flat)  0 (hierarchical)
    Elapsed: 0.000s  Memory: 3130.00M
--- Running XOR for layer 93/44 ---
"input" in: xor.drc:94
    Polygons (raw): 1423093 (flat)  125 (hierarchical)
    Elapsed: 0.000s  Memory: 3130.00M
"input" in: xor.drc:94
    Polygons (raw): 1423093 (flat)  125 (hierarchical)
    Elapsed: 0.000s  Memory: 3130.00M
"^" in: xor.drc:94
    Polygons (raw): 0 (flat)  0 (hierarchical)
    Elapsed: 9.360s  Memory: 3130.00M
XOR differences: 0
"output" in: xor.drc:69
    Polygons (raw): 0 (flat)  0 (hierarchical)
    Elapsed: 0.000s  Memory: 3130.00M
--- Running XOR for layer 94/20 ---
"input" in: xor.drc:94
    Polygons (raw): 1423093 (flat)  125 (hierarchical)
    Elapsed: 0.000s  Memory: 3130.00M
"input" in: xor.drc:94
    Polygons (raw): 1423093 (flat)  125 (hierarchical)
    Elapsed: 0.000s  Memory: 3130.00M
"^" in: xor.drc:94
    Polygons (raw): 0 (flat)  0 (hierarchical)
    Elapsed: 9.170s  Memory: 3130.00M
XOR differences: 0
"output" in: xor.drc:69
    Polygons (raw): 0 (flat)  0 (hierarchical)
    Elapsed: 0.010s  Memory: 3130.00M
--- Running XOR for layer 95/20 ---
"input" in: xor.drc:94
    Polygons (raw): 865916 (flat)  128 (hierarchical)
    Elapsed: 0.000s  Memory: 3130.00M
"input" in: xor.drc:94
    Polygons (raw): 865916 (flat)  128 (hierarchical)
    Elapsed: 0.000s  Memory: 3130.00M
"^" in: xor.drc:94
    Polygons (raw): 0 (flat)  0 (hierarchical)
    Elapsed: 5.630s  Memory: 3130.00M
XOR differences: 0
"output" in: xor.drc:69
    Polygons (raw): 0 (flat)  0 (hierarchical)
    Elapsed: 0.000s  Memory: 3130.00M
---
Total XOR differences: 0
Writing report database: /openlane/designs/alu_and_register/runs/RUN_2025.06.01_20.33.51/reports/signoff/33-xor.xml ..
Total elapsed: 308.720s  Memory: 3130.00M
