
===========================================================================
report_checks -unconstrained
===========================================================================
======================= Typical Corner ===================================

Startpoint: _9321_ (rising edge-triggered flip-flop clocked by core_clock)
Endpoint: _9321_ (rising edge-triggered flip-flop clocked by core_clock)
Path Group: core_clock
Path Type: max

Fanout     Cap    Slew   Delay    Time   Description
-----------------------------------------------------------------------------
                          0.00    0.00   clock core_clock (rise edge)
                          0.00    0.00   clock source latency
     1    0.03    0.00    0.00    0.00 ^ CLK (in)
                                         CLK (net)
                  0.00    0.00    0.00 ^ clkbuf_0_CLK/A (sky130_fd_sc_hd__clkbuf_16)
     8    0.06    0.08    0.14    0.14 ^ clkbuf_0_CLK/X (sky130_fd_sc_hd__clkbuf_16)
                                         clknet_0_CLK (net)
                  0.08    0.00    0.14 ^ clkbuf_3_2__f_CLK/A (sky130_fd_sc_hd__clkbuf_16)
    12    0.06    0.08    0.17    0.32 ^ clkbuf_3_2__f_CLK/X (sky130_fd_sc_hd__clkbuf_16)
                                         clknet_3_2__leaf_CLK (net)
                  0.08    0.00    0.32 ^ clkbuf_leaf_84_CLK/A (sky130_fd_sc_hd__clkbuf_8)
    16    0.04    0.08    0.17    0.49 ^ clkbuf_leaf_84_CLK/X (sky130_fd_sc_hd__clkbuf_8)
                                         clknet_leaf_84_CLK (net)
                  0.08    0.00    0.49 ^ _9321_/CLK (sky130_fd_sc_hd__dfxtp_1)
     3    0.01    0.05    0.33    0.82 v _9321_/Q (sky130_fd_sc_hd__dfxtp_1)
                                         rf.registers[22][24] (net)
                  0.05    0.00    0.82 v _8010_/A1 (sky130_fd_sc_hd__mux2_1)
     1    0.00    0.06    0.30    1.12 v _8010_/X (sky130_fd_sc_hd__mux2_1)
                                         _3942_ (net)
                  0.06    0.00    1.12 v _8011_/A (sky130_fd_sc_hd__clkbuf_1)
     1    0.00    0.03    0.10    1.22 v _8011_/X (sky130_fd_sc_hd__clkbuf_1)
                                         _0409_ (net)
                  0.03    0.00    1.22 v _9321_/D (sky130_fd_sc_hd__dfxtp_1)
                                  1.22   data arrival time

                         10.00   10.00   clock core_clock (rise edge)
                          0.00   10.00   clock source latency
     1    0.03    0.00    0.00   10.00 ^ CLK (in)
                                         CLK (net)
                  0.00    0.00   10.00 ^ clkbuf_0_CLK/A (sky130_fd_sc_hd__clkbuf_16)
     8    0.06    0.08    0.14   10.14 ^ clkbuf_0_CLK/X (sky130_fd_sc_hd__clkbuf_16)
                                         clknet_0_CLK (net)
                  0.08    0.00   10.14 ^ clkbuf_3_2__f_CLK/A (sky130_fd_sc_hd__clkbuf_16)
    12    0.06    0.08    0.17   10.32 ^ clkbuf_3_2__f_CLK/X (sky130_fd_sc_hd__clkbuf_16)
                                         clknet_3_2__leaf_CLK (net)
                  0.08    0.00   10.32 ^ clkbuf_leaf_84_CLK/A (sky130_fd_sc_hd__clkbuf_8)
    16    0.04    0.08    0.17   10.49 ^ clkbuf_leaf_84_CLK/X (sky130_fd_sc_hd__clkbuf_8)
                                         clknet_leaf_84_CLK (net)
                  0.08    0.00   10.49 ^ _9321_/CLK (sky130_fd_sc_hd__dfxtp_1)
                          0.00   10.49   clock reconvergence pessimism
                         -0.10   10.40   library setup time
                                 10.40   data required time
-----------------------------------------------------------------------------
                                 10.40   data required time
                                 -1.22   data arrival time
-----------------------------------------------------------------------------
                                  9.18   slack (MET)




===========================================================================
report_checks --slack_max -0.01
============================================================================
======================= Typical Corner ===================================

No paths found.


===========================================================================
 report_check_types -max_slew -max_cap -max_fanout -violators
============================================================================
======================= Typical Corner ===================================


max slew violations count Typical: 0
max fanout violations count Typical: 0
max cap violations count Typical: 0

===========================================================================
report_parasitic_annotation -report_unannotated
============================================================================
Found 91 unannotated drivers.
 clkload0/Y
 clkload1/X
 clkload10/Y
 clkload11/Y
 clkload12/Y
 clkload13/Y
 clkload14/Y
 clkload15/Y
 clkload16/Y
 clkload17/X
 clkload18/Y
 clkload19/Y
 clkload2/Y
 clkload20/Y
 clkload21/Y
 clkload22/Y
 clkload23/Y
 clkload24/Y
 clkload25/Y
 clkload26/Y
 clkload27/Y
 clkload28/Y
 clkload29/Y
 clkload3/Y
 clkload30/X
 clkload31/Y
 clkload32/Y
 clkload33/Y
 clkload34/Y
 clkload35/X
 clkload36/Y
 clkload37/Y
 clkload38/X
 clkload39/Y
 clkload4/Y
 clkload40/Y
 clkload41/Y
 clkload42/Y
 clkload43/Y
 clkload44/Y
 clkload45/Y
 clkload46/Y
 clkload47/Y
 clkload48/Y
 clkload49/Y
 clkload5/Y
 clkload50/Y
 clkload51/Y
 clkload52/Y
 clkload53/Y
 clkload54/Y
 clkload55/Y
 clkload56/Y
 clkload57/Y
 clkload58/Y
 clkload59/Y
 clkload6/Y
 clkload60/Y
 clkload61/Y
 clkload62/X
 clkload63/Y
 clkload64/Y
 clkload65/Y
 clkload66/Y
 clkload67/Y
 clkload68/Y
 clkload69/Y
 clkload7/Y
 clkload70/Y
 clkload71/Y
 clkload72/Y
 clkload73/Y
 clkload74/Y
 clkload75/Y
 clkload76/Y
 clkload77/Y
 clkload78/Y
 clkload79/Y
 clkload8/Y
 clkload80/Y
 clkload81/Y
 clkload82/Y
 clkload83/Y
 clkload84/Y
 clkload85/X
 clkload86/Y
 clkload87/Y
 clkload88/Y
 clkload89/Y
 clkload9/Y
 clkload90/Y
Found 865 partially unannotated drivers.
 A2[0]
 CLK
 WD3[13]
 WD3[1]
 WD3[20]
 WD3[27]
 WD3[6]
 alu_opcode[0]
 _4229_/X
 _4230_/Y
 _4231_/X
 _4232_/X
 _4235_/Y
 _4236_/X
 _4237_/X
 _4239_/X
 _4240_/X
 _4241_/X
 _4244_/X
 _4246_/X
 _4247_/X
 _4248_/X
 _4249_/X
 _4257_/X
 _4259_/X
 _4261_/X
 _4262_/X
 _4265_/X
 _4267_/X
 _4274_/X
 _4280_/X
 _4281_/Y
 _4282_/X
 _4284_/X
 _4285_/X
 _4288_/X
 _4293_/Y
 _4302_/X
 _4304_/X
 _4307_/X
 _4309_/X
 _4321_/X
 _4322_/Y
 _4323_/X
 _4324_/X
 _4325_/Y
 _4326_/X
 _4327_/X
 _4328_/X
 _4329_/X
 _4330_/X
 _4331_/X
 _4332_/X
 _4334_/X
 _4335_/X
 _4336_/X
 _4337_/X
 _4338_/X
 _4341_/X
 _4342_/X
 _4343_/X
 _4344_/X
 _4346_/X
 _4348_/X
 _4349_/X
 _4352_/X
 _4353_/X
 _4354_/X
 _4355_/X
 _4356_/X
 _4357_/X
 _4358_/X
 _4363_/X
 _4365_/X
 _4367_/Y
 _4368_/Y
 _4369_/X
 _4370_/X
 _4374_/X
 _4378_/X
 _4382_/X
 _4383_/X
 _4390_/Y
 _4392_/X
 _4394_/X
 _4401_/X
 _4403_/X
 _4408_/X
 _4409_/X
 _4410_/X
 _4414_/X
 _4416_/X
 _4430_/X
 _4433_/X
 _4435_/X
 _4437_/X
 _4449_/X
 _4466_/X
 _4473_/X
 _4482_/X
 _4483_/X
 _4484_/X
 _4486_/X
 _4488_/X
 _4497_/X
 _4498_/X
 _4499_/X
 _4500_/X
 _4501_/X
 _4503_/X
 _4508_/X
 _4509_/X
 _4510_/X
 _4511_/X
 _4512_/X
 _4515_/X
 _4516_/X
 _4518_/X
 _4519_/X
 _4520_/X
 _4523_/X
 _4524_/X
 _4526_/X
 _4530_/X
 _4535_/X
 _4538_/X
 _4539_/X
 _4544_/X
 _4548_/X
 _4549_/X
 _4551_/X
 _4553_/X
 _4554_/X
 _4557_/X
 _4563_/X
 _4569_/X
 _4578_/X
 _4593_/X
 _4596_/X
 _4600_/X
 _4603_/X
 _4604_/X
 _4605_/X
 _4614_/X
 _4616_/X
 _4617_/X
 _4620_/X
 _4627_/X
 _4632_/X
 _4633_/X
 _4634_/X
 _4638_/X
 _4642_/X
 _4643_/X
 _4645_/X
 _4656_/X
 _4668_/X
 _4698_/X
 _4703_/X
 _4708_/X
 _4720_/X
 _4738_/Y
 _4744_/X
 _4753_/X
 _4770_/X
 _4775_/X
 _4783_/X
 _4784_/X
 _4786_/X
 _4802_/X
 _4814_/X
 _4817_/X
 _4822_/X
 _4825_/X
 _4832_/X
 _4847_/X
 _4853_/Y
 _4854_/X
 _4858_/Y
 _4861_/X
 _4862_/X
 _4865_/X
 _4866_/X
 _4867_/X
 _4868_/X
 _4869_/X
 _4872_/X
 _4878_/Y
 _4880_/Y
 _4888_/X
 _4889_/X
 _4890_/X
 _4891_/X
 _4893_/X
 _4894_/X
 _4896_/X
 _4898_/X
 _4901_/X
 _4904_/X
 _4908_/X
 _4912_/X
 _4916_/X
 _4921_/Y
 _4923_/X
 _4924_/X
 _4925_/X
 _4928_/X
 _4931_/X
 _4932_/X
 _4933_/X
 _4934_/X
 _4935_/X
 _4938_/X
 _4939_/X
 _4940_/X
 _4943_/X
 _4944_/X
 _4946_/X
 _4947_/X
 _4949_/X
 _4951_/Y
 _4964_/X
 _4968_/X
 _4970_/X
 _4971_/X
 _4972_/X
 _4973_/X
 _4974_/X
 _4976_/X
 _4977_/X
 _4978_/X
 _4979_/X
 _4983_/X
 _4984_/X
 _4986_/X
 _4989_/X
 _4991_/X
 _4992_/X
 _4997_/X
 _4999_/Y
 _5007_/X
 _5008_/X
 _5009_/X
 _5011_/X
 _5014_/X
 _5015_/X
 _5016_/X
 _5021_/X
 _5026_/X
 _5031_/X
 _5038_/X
 _5040_/X
 _5042_/X
 _5044_/X
 _5055_/Y
 _5061_/X
 _5062_/X
 _5063_/X
 _5070_/X
 _5071_/X
 _5072_/Y
 _5080_/X
 _5083_/X
 _5085_/X
 _5089_/X
 _5092_/X
 _5095_/X
 _5104_/X
 _5112_/X
 _5121_/Y
 _5129_/X
 _5132_/X
 _5138_/X
 _5141_/X
 _5144_/X
 _5147_/X
 _5148_/X
 _5153_/Y
 _5160_/X
 _5161_/X
 _5163_/X
 _5169_/X
 _5170_/X
 _5171_/X
 _5172_/X
 _5173_/X
 _5175_/X
 _5176_/X
 _5180_/X
 _5182_/X
 _5183_/X
 _5192_/Y
 _5194_/X
 _5196_/X
 _5197_/X
 _5200_/X
 _5202_/X
 _5204_/X
 _5205_/X
 _5206_/X
 _5208_/X
 _5209_/X
 _5212_/X
 _5213_/X
 _5214_/X
 _5217_/X
 _5218_/X
 _5220_/X
 _5231_/X
 _5235_/X
 _5237_/X
 _5254_/Y
 _5256_/X
 _5257_/X
 _5265_/X
 _5266_/X
 _5267_/X
 _5271_/X
 _5273_/Y
 _5285_/Y
 _5290_/X
 _5303_/X
 _5305_/X
 _5306_/Y
 _5322_/Y
 _5323_/Y
 _5331_/X
 _5332_/X
 _5335_/X
 _5342_/X
 _5345_/X
 _5346_/Y
 _5348_/X
 _5349_/X
 _5363_/Y
 _5373_/X
 _5382_/Y
 _5385_/X
 _5397_/X
 _5398_/X
 _5406_/X
 _5414_/X
 _5431_/X
 _5435_/X
 _5445_/X
 _5446_/Y
 _5447_/Y
 _5455_/X
 _5457_/X
 _5458_/X
 _5461_/Y
 _5474_/Y
 _5475_/X
 _5477_/X
 _5478_/X
 _5480_/X
 _5482_/Y
 _5483_/Y
 _5485_/X
 _5487_/X
 _5491_/Y
 _5492_/X
 _5493_/Y
 _5495_/X
 _5496_/Y
 _5497_/Y
 _5498_/X
 _5499_/Y
 _5502_/X
 _5503_/X
 _5504_/X
 _5505_/X
 _5506_/X
 _5509_/X
 _5510_/X
 _5511_/X
 _5515_/X
 _5516_/X
 _5518_/X
 _5519_/X
 _5521_/X
 _5523_/X
 _5526_/X
 _5527_/X
 _5528_/X
 _5530_/X
 _5531_/Y
 _5532_/X
 _5533_/Y
 _5534_/Y
 _5535_/Y
 _5544_/X
 _5549_/X
 _5551_/Y
 _5555_/X
 _5556_/Y
 _5558_/X
 _5560_/Y
 _5562_/X
 _5565_/X
 _5569_/Y
 _5572_/Y
 _5577_/Y
 _5578_/Y
 _5581_/Y
 _5587_/X
 _5590_/Y
 _5591_/X
 _5593_/Y
 _5594_/X
 _5595_/Y
 _5600_/Y
 _5601_/X
 _5602_/X
 _5605_/Y
 _5607_/X
 _5608_/Y
 _5614_/X
 _5617_/Y
 _5622_/Y
 _5625_/Y
 _5626_/Y
 _5627_/X
 _5628_/X
 _5639_/Y
 _5641_/Y
 _5643_/X
 _5652_/Y
 _5653_/X
 _5655_/X
 _5661_/Y
 _5662_/Y
 _5667_/Y
 _5668_/X
 _5669_/X
 _5670_/X
 _5672_/Y
 _5675_/X
 _5676_/X
 _5678_/X
 _5680_/X
 _5684_/X
 _5688_/X
 _5692_/X
 _5693_/X
 _5699_/X
 _5700_/X
 _5708_/Y
 _5712_/X
 _5715_/X
 _5717_/X
 _5718_/X
 _5721_/X
 _5724_/Y
 _5729_/Y
 _5732_/Y
 _5735_/Y
 _5736_/Y
 _5737_/X
 _5740_/X
 _5741_/X
 _5751_/X
 _5752_/X
 _5753_/X
 _5763_/Y
 _5770_/X
 _5773_/X
 _5774_/Y
 _5777_/Y
 _5778_/Y
 _5780_/X
 _5783_/X
 _5786_/X
 _5788_/Y
 _5797_/Y
 _5798_/X
 _5799_/X
 _5800_/X
 _5808_/Y
 _5815_/Y
 _5816_/X
 _5825_/Y
 _5826_/X
 _5828_/Y
 _5831_/X
 _5834_/X
 _5835_/Y
 _5836_/X
 _5837_/X
 _5840_/X
 _5848_/X
 _5863_/Y
 _5864_/X
 _5866_/X
 _5870_/Y
 _5871_/X
 _5880_/X
 _5883_/X
 _5897_/X
 _5899_/X
 _5901_/Y
 _5904_/X
 _5906_/Y
 _5908_/X
 _5913_/X
 _5917_/Y
 _5923_/X
 _5929_/Y
 _5934_/X
 _5943_/Y
 _5951_/Y
 _5956_/Y
 _5958_/Y
 _5964_/Y
 _5966_/X
 _5967_/X
 _5974_/Y
 _5979_/X
 _5985_/Y
 _5993_/X
 _5994_/X
 _5996_/Y
 _6000_/X
 _6001_/Y
 _6002_/Y
 _6004_/X
 _6005_/X
 _6012_/X
 _6014_/X
 _6018_/Y
 _6025_/Y
 _6026_/X
 _6028_/Y
 _6032_/X
 _6033_/Y
 _6035_/Y
 _6046_/X
 _6051_/Y
 _6059_/X
 _6064_/Y
 _6065_/Y
 _6067_/X
 _6070_/X
 _6080_/Y
 _6092_/X
 _6094_/Y
 _6097_/X
 _6100_/X
 _6108_/Y
 _6112_/Y
 _6120_/X
 _6121_/X
 _6123_/X
 _6130_/Y
 _6131_/Y
 _6140_/X
 _6143_/X
 _6145_/Y
 _6149_/X
 _6153_/X
 _6155_/Y
 _6156_/Y
 _6161_/Y
 _6163_/Y
 _6164_/X
 _6176_/Y
 _6177_/X
 _6179_/Y
 _6193_/X
 _6197_/X
 _6198_/X
 _6216_/Y
 _6219_/Y
 _6232_/Y
 _6242_/Y
 _6249_/Y
 _6255_/Y
 _6256_/Y
 _6259_/X
 _6263_/X
 _6267_/Y
 _6268_/Y
 _6269_/X
 _6276_/X
 _6278_/X
 _6280_/X
 _6290_/X
 _6293_/X
 _6295_/X
 _6298_/X
 _6301_/X
 _6307_/X
 _6310_/X
 _6313_/X
 _6326_/X
 _6329_/X
 _6338_/X
 _6347_/X
 _6350_/X
 _6356_/X
 _6357_/X
 _6363_/X
 _6366_/X
 _6372_/X
 _6378_/X
 _6381_/X
 _6384_/X
 _6387_/X
 _6390_/X
 _6394_/Y
 _6396_/X
 _6405_/X
 _6406_/X
 _6417_/X
 _6435_/X
 _6438_/X
 _6445_/X
 _6465_/Y
 _6466_/X
 _6481_/X
 _6487_/X
 _6492_/X
 _6496_/X
 _6508_/X
 _6535_/X
 _6556_/X
 _6577_/X
 _6579_/X
 _6603_/Y
 _6604_/X
 _6625_/X
 _6632_/X
 _6646_/X
 _6672_/Y
 _6673_/X
 _6694_/X
 _6703_/X
 _6715_/X
 _6722_/X
 _6740_/Y
 _6741_/X
 _6762_/X
 _6783_/X
 _6809_/Y
 _6810_/X
 _6813_/X
 _6816_/X
 _6819_/X
 _6825_/X
 _6828_/X
 _6837_/X
 _6840_/X
 _6841_/X
 _6844_/X
 _6860_/X
 _6862_/X
 _6871_/X
 _6872_/X
 _6880_/X
 _6887_/X
 _6890_/X
 _6908_/X
 _6910_/Y
 _6911_/X
 _6914_/X
 _6920_/X
 _6923_/X
 _6926_/X
 _6929_/X
 _6932_/X
 _6942_/X
 _6948_/X
 _6963_/X
 _6966_/X
 _6972_/X
 _6973_/X
 _6979_/X
 _6985_/X
 _7003_/Y
 _7004_/X
 _7025_/X
 _7046_/X
 _7093_/X
 _7112_/X
 _7114_/X
 _7139_/Y
 _7140_/X
 _7161_/X
 _7182_/X
 _7207_/Y
 _7208_/X
 _7229_/X
 _7250_/X
 _7307_/X
 _7318_/X
 _7338_/X
 _7344_/X
 _7365_/X
 _7382_/X
 _7386_/X
 _7412_/Y
 _7413_/X
 _7428_/X
 _7429_/X
 _7434_/X
 _7448_/X
 _7455_/X
 _7480_/Y
 _7481_/X
 _7502_/X
 _7503_/X
 _7511_/X
 _7523_/X
 _7548_/Y
 _7549_/X
 _7570_/X
 _7575_/X
 _7591_/X
 _7616_/Y
 _7617_/X
 _7621_/X
 _7638_/X
 _7659_/X
 _7685_/Y
 _7686_/X
 _7707_/X
 _7728_/X
 _7753_/Y
 _7754_/X
 _7763_/X
 _7796_/X
 _7821_/Y
 _7822_/X
 _7828_/X
 _7843_/X
 _7864_/X
 _7890_/Y
 _7891_/X
 _7912_/X
 _7933_/X
 _7958_/Y
 _7959_/X
 _7963_/X
 _7980_/X
 _7983_/X
 _8001_/X
 _8022_/X
 _8026_/Y
 _8027_/X
 _8042_/X
 _8048_/X
 _8060_/X
 _8069_/X
 _8094_/Y
 _8095_/X
 _8123_/X
 _8137_/X
 _8151_/X
 _8162_/Y
 _8163_/X
 _8184_/X
 _8196_/X
 _8199_/X
 _8205_/X
 _8230_/Y
 _8231_/X
 _8252_/X
 _8273_/X
 _8298_/Y
 _8299_/X
 _8320_/X
 _8325_/X
 _8327_/X
 _8341_/X
 _8366_/Y
 _8367_/X
 _8388_/X
 _8409_/X
 _8434_/Y
 _8456_/X
 _8467_/X
 _8477_/X
 _8496_/X
 _8504_/X
 _8508_/X
 _8529_/X
 _8650_/Q
 _8674_/Q
 _8682_/Q
 _8738_/Q
 _8823_/Q
 _8831_/Q
 _8866_/Q
 _8975_/Q
 _9026_/Q
 _9072_/Q
 _9084_/Q
 _9104_/Q
 _9117_/Q
 _9151_/Q
 _9195_/Q
 _9218_/Q
 _9278_/Q
 _9285_/Q
 _9296_/Q
 _9374_/Q
 _9387_/Q
 _9407_/Q
 _9482_/Q
 _9536_/Q
 clkbuf_0_CLK/X
 clkbuf_3_0__f_CLK/X
 clkbuf_3_1__f_CLK/X
 clkbuf_3_2__f_CLK/X
 clkbuf_3_3__f_CLK/X
 clkbuf_3_4__f_CLK/X
 clkbuf_3_5__f_CLK/X
 clkbuf_3_6__f_CLK/X
 clkbuf_3_7__f_CLK/X
 clkbuf_leaf_16_CLK/X
 clkbuf_leaf_17_CLK/X
 clkbuf_leaf_21_CLK/X
 clkbuf_leaf_26_CLK/X
 clkbuf_leaf_27_CLK/X
 clkbuf_leaf_31_CLK/X
 clkbuf_leaf_3_CLK/X
 clkbuf_leaf_45_CLK/X
 clkbuf_leaf_49_CLK/X
 clkbuf_leaf_52_CLK/X
 clkbuf_leaf_55_CLK/X
 clkbuf_leaf_57_CLK/X
 clkbuf_leaf_61_CLK/X
 clkbuf_leaf_68_CLK/X
 clkbuf_leaf_71_CLK/X
 clkbuf_leaf_75_CLK/X
 clkbuf_leaf_83_CLK/X
 input1/X
 input12/X
 input14/X
 input18/X
 input2/X
 input20/X
 input25/X
 input26/X
 input27/X
 input28/X
 input3/X
 input31/X
 input32/X
 input33/X
 input37/X
 input38/X
 input39/X
 input4/X
 input40/X
 input41/X
 input42/X
 input43/X
 input44/X
 input45/X
 input46/X
 input5/X
 input6/X
 input7/X
 input8/X

===========================================================================
max slew violation count 0
max fanout violation count 0
max cap violation count 0
============================================================================

===========================================================================
check_setup -verbose -unconstrained_endpoints -multiple_clock -no_clock -no_input_delay -loops -generated_clocks
===========================================================================
Warning: There are 50 input ports missing set_input_delay.
  A1[0]
  A1[1]
  A1[2]
  A1[3]
  A1[4]
  A2[0]
  A2[1]
  A2[2]
  A2[3]
  A2[4]
  A3[0]
  A3[1]
  A3[2]
  A3[3]
  A3[4]
  WD3[0]
  WD3[10]
  WD3[11]
  WD3[12]
  WD3[13]
  WD3[14]
  WD3[15]
  WD3[16]
  WD3[17]
  WD3[18]
  WD3[19]
  WD3[1]
  WD3[20]
  WD3[21]
  WD3[22]
  WD3[23]
  WD3[24]
  WD3[25]
  WD3[26]
  WD3[27]
  WD3[28]
  WD3[29]
  WD3[2]
  WD3[30]
  WD3[31]
  WD3[3]
  WD3[4]
  WD3[5]
  WD3[6]
  WD3[7]
  WD3[8]
  WD3[9]
  WE3
  alu_opcode[0]
  alu_opcode[1]
Warning: There are 96 unconstrained endpoints.
  RD1[0]
  RD1[10]
  RD1[11]
  RD1[12]
  RD1[13]
  RD1[14]
  RD1[15]
  RD1[16]
  RD1[17]
  RD1[18]
  RD1[19]
  RD1[1]
  RD1[20]
  RD1[21]
  RD1[22]
  RD1[23]
  RD1[24]
  RD1[25]
  RD1[26]
  RD1[27]
  RD1[28]
  RD1[29]
  RD1[2]
  RD1[30]
  RD1[31]
  RD1[3]
  RD1[4]
  RD1[5]
  RD1[6]
  RD1[7]
  RD1[8]
  RD1[9]
  RD2[0]
  RD2[10]
  RD2[11]
  RD2[12]
  RD2[13]
  RD2[14]
  RD2[15]
  RD2[16]
  RD2[17]
  RD2[18]
  RD2[19]
  RD2[1]
  RD2[20]
  RD2[21]
  RD2[22]
  RD2[23]
  RD2[24]
  RD2[25]
  RD2[26]
  RD2[27]
  RD2[28]
  RD2[29]
  RD2[2]
  RD2[30]
  RD2[31]
  RD2[3]
  RD2[4]
  RD2[5]
  RD2[6]
  RD2[7]
  RD2[8]
  RD2[9]
  alu_result[0]
  alu_result[10]
  alu_result[11]
  alu_result[12]
  alu_result[13]
  alu_result[14]
  alu_result[15]
  alu_result[16]
  alu_result[17]
  alu_result[18]
  alu_result[19]
  alu_result[1]
  alu_result[20]
  alu_result[21]
  alu_result[22]
  alu_result[23]
  alu_result[24]
  alu_result[25]
  alu_result[26]
  alu_result[27]
  alu_result[28]
  alu_result[29]
  alu_result[2]
  alu_result[30]
  alu_result[31]
  alu_result[3]
  alu_result[4]
  alu_result[5]
  alu_result[6]
  alu_result[7]
  alu_result[8]
  alu_result[9]
