
===========================================================================
report_checks -unconstrained
===========================================================================
======================= Fastest Corner ===================================

Startpoint: _1301_ (rising edge-triggered flip-flop clocked by core_clock)
Endpoint: _1330_ (rising edge-triggered flip-flop clocked by core_clock)
Path Group: core_clock
Path Type: max
Corner: Fastest

Fanout     Cap    Slew   Delay    Time   Description
-----------------------------------------------------------------------------
                          0.00    0.00   clock core_clock (rise edge)
                          0.00    0.00   clock source latency
     1    0.07    0.00    0.00    0.00 ^ clk (in)
                                         clk (net)
                  0.00    0.00    0.00 ^ clkbuf_0_clk/A (sky130_fd_sc_hd__clkbuf_16)
     9    0.22    0.18    0.18    0.19 ^ clkbuf_0_clk/X (sky130_fd_sc_hd__clkbuf_16)
                                         clknet_0_clk (net)
                  0.18    0.01    0.19 ^ clkbuf_3_0__f_clk/A (sky130_fd_sc_hd__clkbuf_16)
    16    0.11    0.10    0.17    0.36 ^ clkbuf_3_0__f_clk/X (sky130_fd_sc_hd__clkbuf_16)
                                         clknet_3_0__leaf_clk (net)
                  0.10    0.00    0.36 ^ _1301_/CLK (sky130_fd_sc_hd__dfrtp_4)
    10    0.30    0.62    0.65    1.01 ^ _1301_/Q (sky130_fd_sc_hd__dfrtp_4)
                                         imem_inst.address[2] (net)
                  0.64    0.08    1.09 ^ _0891_/C (sky130_fd_sc_hd__and3_4)
     4    0.09    0.20    0.27    1.36 ^ _0891_/X (sky130_fd_sc_hd__and3_4)
                                         _0132_ (net)
                  0.20    0.01    1.37 ^ _0892_/B (sky130_fd_sc_hd__and2_4)
     5    0.19    0.41    0.36    1.73 ^ _0892_/X (sky130_fd_sc_hd__and2_4)
                                         _0133_ (net)
                  0.42    0.03    1.77 ^ _0893_/C (sky130_fd_sc_hd__and3_4)
     3    0.16    0.35    0.35    2.11 ^ _0893_/X (sky130_fd_sc_hd__and3_4)
                                         _0134_ (net)
                  0.35    0.02    2.14 ^ _0894_/B (sky130_fd_sc_hd__and2_4)
     4    0.18    0.39    0.35    2.48 ^ _0894_/X (sky130_fd_sc_hd__and2_4)
                                         _0135_ (net)
                  0.39    0.03    2.51 ^ _0895_/A (sky130_fd_sc_hd__and3_4)
     4    0.11    0.25    0.29    2.80 ^ _0895_/X (sky130_fd_sc_hd__and3_4)
                                         _0136_ (net)
                  0.27    0.05    2.85 ^ _0896_/B (sky130_fd_sc_hd__and2_4)
     4    0.12    0.26    0.27    3.12 ^ _0896_/X (sky130_fd_sc_hd__and2_4)
                                         _0137_ (net)
                  0.27    0.03    3.15 ^ _0897_/C (sky130_fd_sc_hd__and3_4)
     4    0.11    0.25    0.29    3.44 ^ _0897_/X (sky130_fd_sc_hd__and3_4)
                                         _0138_ (net)
                  0.25    0.01    3.45 ^ _0898_/B (sky130_fd_sc_hd__and2_4)
     5    0.17    0.36    0.33    3.77 ^ _0898_/X (sky130_fd_sc_hd__and2_4)
                                         _0139_ (net)
                  0.36    0.03    3.80 ^ _0899_/C (sky130_fd_sc_hd__and3_4)
     3    0.12    0.27    0.31    4.11 ^ _0899_/X (sky130_fd_sc_hd__and3_4)
                                         _0140_ (net)
                  0.27    0.01    4.13 ^ _0900_/B (sky130_fd_sc_hd__and2_4)
     4    0.14    0.31    0.30    4.43 ^ _0900_/X (sky130_fd_sc_hd__and2_4)
                                         _0141_ (net)
                  0.31    0.03    4.46 ^ _0901_/C (sky130_fd_sc_hd__and3_4)
     4    0.11    0.24    0.27    4.73 ^ _0901_/X (sky130_fd_sc_hd__and3_4)
                                         _0142_ (net)
                  0.25    0.03    4.76 ^ _0902_/B (sky130_fd_sc_hd__and2_4)
     5    0.17    0.36    0.34    5.10 ^ _0902_/X (sky130_fd_sc_hd__and2_4)
                                         _0143_ (net)
                  0.36    0.02    5.12 ^ _0903_/C (sky130_fd_sc_hd__and3_4)
     4    0.14    0.30    0.33    5.45 ^ _0903_/X (sky130_fd_sc_hd__and3_4)
                                         _0144_ (net)
                  0.30    0.01    5.46 ^ _0904_/B (sky130_fd_sc_hd__and2_4)
     4    0.11    0.23    0.26    5.72 ^ _0904_/X (sky130_fd_sc_hd__and2_4)
                                         _0145_ (net)
                  0.24    0.02    5.74 ^ _0905_/C (sky130_fd_sc_hd__and3_2)
     3    0.06    0.22    0.27    6.01 ^ _0905_/X (sky130_fd_sc_hd__and3_2)
                                         _0146_ (net)
                  0.22    0.01    6.01 ^ _0906_/B (sky130_fd_sc_hd__and2_4)
     4    0.14    0.30    0.29    6.31 ^ _0906_/X (sky130_fd_sc_hd__and2_4)
                                         _0147_ (net)
                  0.30    0.02    6.33 ^ _0907_/C (sky130_fd_sc_hd__and3_4)
     4    0.12    0.26    0.30    6.63 ^ _0907_/X (sky130_fd_sc_hd__and3_4)
                                         _0148_ (net)
                  0.26    0.00    6.64 ^ _0908_/B (sky130_fd_sc_hd__and2_4)
     5    0.16    0.35    0.32    6.95 ^ _0908_/X (sky130_fd_sc_hd__and2_4)
                                         _0149_ (net)
                  0.36    0.05    7.00 ^ _0909_/C (sky130_fd_sc_hd__and3_4)
     2    0.13    0.29    0.31    7.31 ^ _0909_/X (sky130_fd_sc_hd__and3_4)
                                         _0150_ (net)
                  0.30    0.03    7.35 ^ _0910_/B (sky130_fd_sc_hd__xor2_4)
     2    0.07    0.40    0.31    7.66 ^ _0910_/X (sky130_fd_sc_hd__xor2_4)
                                         _0079_ (net)
                  0.40    0.02    7.68 ^ _1330_/D (sky130_fd_sc_hd__dfrtp_4)
                                  7.68   data arrival time

                         15.00   15.00   clock core_clock (rise edge)
                          0.00   15.00   clock source latency
     1    0.07    0.00    0.00   15.00 ^ clk (in)
                                         clk (net)
                  0.00    0.00   15.00 ^ clkbuf_0_clk/A (sky130_fd_sc_hd__clkbuf_16)
     9    0.22    0.18    0.18   15.19 ^ clkbuf_0_clk/X (sky130_fd_sc_hd__clkbuf_16)
                                         clknet_0_clk (net)
                  0.18    0.01   15.19 ^ clkbuf_3_3__f_clk/A (sky130_fd_sc_hd__clkbuf_16)
    10    0.11    0.09    0.16   15.36 ^ clkbuf_3_3__f_clk/X (sky130_fd_sc_hd__clkbuf_16)
                                         clknet_3_3__leaf_clk (net)
                  0.09    0.00   15.36 ^ _1330_/CLK (sky130_fd_sc_hd__dfrtp_4)
                          0.00   15.36   clock reconvergence pessimism
                         -0.07   15.29   library setup time
                                 15.29   data required time
-----------------------------------------------------------------------------
                                 15.29   data required time
                                 -7.68   data arrival time
-----------------------------------------------------------------------------
                                  7.61   slack (MET)



======================= Slowest Corner ===================================

Startpoint: _1301_ (rising edge-triggered flip-flop clocked by core_clock)
Endpoint: _1330_ (rising edge-triggered flip-flop clocked by core_clock)
Path Group: core_clock
Path Type: max
Corner: Slowest

Fanout     Cap    Slew   Delay    Time   Description
-----------------------------------------------------------------------------
                          0.00    0.00   clock core_clock (rise edge)
                          0.00    0.00   clock source latency
     1    0.07    0.00    0.00    0.00 ^ clk (in)
                                         clk (net)
                  0.00    0.00    0.00 ^ clkbuf_0_clk/A (sky130_fd_sc_hd__clkbuf_16)
     9    0.22    0.35    0.41    0.42 ^ clkbuf_0_clk/X (sky130_fd_sc_hd__clkbuf_16)
                                         clknet_0_clk (net)
                  0.35    0.01    0.42 ^ clkbuf_3_0__f_clk/A (sky130_fd_sc_hd__clkbuf_16)
    16    0.11    0.19    0.44    0.87 ^ clkbuf_3_0__f_clk/X (sky130_fd_sc_hd__clkbuf_16)
                                         clknet_3_0__leaf_clk (net)
                  0.19    0.00    0.87 ^ _1301_/CLK (sky130_fd_sc_hd__dfrtp_4)
    10    0.30    1.29    1.76    2.63 ^ _1301_/Q (sky130_fd_sc_hd__dfrtp_4)
                                         imem_inst.address[2] (net)
                  1.30    0.08    2.71 ^ _0891_/C (sky130_fd_sc_hd__and3_4)
     4    0.09    0.44    1.06    3.77 ^ _0891_/X (sky130_fd_sc_hd__and3_4)
                                         _0132_ (net)
                  0.44    0.01    3.78 ^ _0892_/B (sky130_fd_sc_hd__and2_4)
     5    0.19    0.87    1.00    4.79 ^ _0892_/X (sky130_fd_sc_hd__and2_4)
                                         _0133_ (net)
                  0.87    0.03    4.82 ^ _0893_/C (sky130_fd_sc_hd__and3_4)
     3    0.16    0.75    1.15    5.98 ^ _0893_/X (sky130_fd_sc_hd__and3_4)
                                         _0134_ (net)
                  0.75    0.02    6.00 ^ _0894_/B (sky130_fd_sc_hd__and2_4)
     4    0.18    0.81    1.06    7.06 ^ _0894_/X (sky130_fd_sc_hd__and2_4)
                                         _0135_ (net)
                  0.82    0.03    7.09 ^ _0895_/A (sky130_fd_sc_hd__and3_4)
     4    0.11    0.54    1.03    8.12 ^ _0895_/X (sky130_fd_sc_hd__and3_4)
                                         _0136_ (net)
                  0.55    0.05    8.16 ^ _0896_/B (sky130_fd_sc_hd__and2_4)
     4    0.12    0.55    0.83    8.99 ^ _0896_/X (sky130_fd_sc_hd__and2_4)
                                         _0137_ (net)
                  0.55    0.03    9.02 ^ _0897_/C (sky130_fd_sc_hd__and3_4)
     4    0.11    0.53    0.93    9.95 ^ _0897_/X (sky130_fd_sc_hd__and3_4)
                                         _0138_ (net)
                  0.53    0.01    9.96 ^ _0898_/B (sky130_fd_sc_hd__and2_4)
     5    0.17    0.75    0.95   10.91 ^ _0898_/X (sky130_fd_sc_hd__and2_4)
                                         _0139_ (net)
                  0.75    0.03   10.94 ^ _0899_/C (sky130_fd_sc_hd__and3_4)
     3    0.12    0.58    1.03   11.97 ^ _0899_/X (sky130_fd_sc_hd__and3_4)
                                         _0140_ (net)
                  0.59    0.01   11.98 ^ _0900_/B (sky130_fd_sc_hd__and2_4)
     4    0.14    0.65    0.90   12.89 ^ _0900_/X (sky130_fd_sc_hd__and2_4)
                                         _0141_ (net)
                  0.65    0.03   12.92 ^ _0901_/C (sky130_fd_sc_hd__and3_4)
     4    0.11    0.52    0.94   13.86 ^ _0901_/X (sky130_fd_sc_hd__and3_4)
                                         _0142_ (net)
                  0.52    0.03   13.89 ^ _0902_/B (sky130_fd_sc_hd__and2_4)
     5    0.17    0.76    0.97   14.85 ^ _0902_/X (sky130_fd_sc_hd__and2_4)
                                         _0143_ (net)
                  0.76    0.02   14.87 ^ _0903_/C (sky130_fd_sc_hd__and3_4)
     4    0.14    0.65    1.08   15.95 ^ _0903_/X (sky130_fd_sc_hd__and3_4)
                                         _0144_ (net)
                  0.65    0.01   15.96 ^ _0904_/B (sky130_fd_sc_hd__and2_4)
     4    0.11    0.49    0.83   16.79 ^ _0904_/X (sky130_fd_sc_hd__and2_4)
                                         _0145_ (net)
                  0.49    0.02   16.80 ^ _0905_/C (sky130_fd_sc_hd__and3_2)
     3    0.06    0.47    0.83   17.63 ^ _0905_/X (sky130_fd_sc_hd__and3_2)
                                         _0146_ (net)
                  0.47    0.01   17.64 ^ _0906_/B (sky130_fd_sc_hd__and2_4)
     4    0.14    0.63    0.85   18.49 ^ _0906_/X (sky130_fd_sc_hd__and2_4)
                                         _0147_ (net)
                  0.63    0.02   18.51 ^ _0907_/C (sky130_fd_sc_hd__and3_4)
     4    0.12    0.56    0.98   19.50 ^ _0907_/X (sky130_fd_sc_hd__and3_4)
                                         _0148_ (net)
                  0.56    0.00   19.50 ^ _0908_/B (sky130_fd_sc_hd__and2_4)
     5    0.16    0.74    0.95   20.45 ^ _0908_/X (sky130_fd_sc_hd__and2_4)
                                         _0149_ (net)
                  0.75    0.05   20.50 ^ _0909_/C (sky130_fd_sc_hd__and3_4)
     2    0.13    0.62    1.04   21.54 ^ _0909_/X (sky130_fd_sc_hd__and3_4)
                                         _0150_ (net)
                  0.62    0.03   21.57 ^ _0910_/B (sky130_fd_sc_hd__xor2_4)
     2    0.07    0.81    0.87   22.44 ^ _0910_/X (sky130_fd_sc_hd__xor2_4)
                                         _0079_ (net)
                  0.81    0.02   22.46 ^ _1330_/D (sky130_fd_sc_hd__dfrtp_4)
                                 22.46   data arrival time

                         15.00   15.00   clock core_clock (rise edge)
                          0.00   15.00   clock source latency
     1    0.07    0.00    0.00   15.00 ^ clk (in)
                                         clk (net)
                  0.00    0.00   15.00 ^ clkbuf_0_clk/A (sky130_fd_sc_hd__clkbuf_16)
     9    0.22    0.35    0.41   15.42 ^ clkbuf_0_clk/X (sky130_fd_sc_hd__clkbuf_16)
                                         clknet_0_clk (net)
                  0.35    0.01   15.42 ^ clkbuf_3_3__f_clk/A (sky130_fd_sc_hd__clkbuf_16)
    10    0.10    0.18    0.44   15.86 ^ clkbuf_3_3__f_clk/X (sky130_fd_sc_hd__clkbuf_16)
                                         clknet_3_3__leaf_clk (net)
                  0.18    0.00   15.87 ^ _1330_/CLK (sky130_fd_sc_hd__dfrtp_4)
                          0.00   15.87   clock reconvergence pessimism
                         -0.30   15.56   library setup time
                                 15.56   data required time
-----------------------------------------------------------------------------
                                 15.56   data required time
                                -22.46   data arrival time
-----------------------------------------------------------------------------
                                 -6.90   slack (VIOLATED)



======================= Typical Corner ===================================

Startpoint: _1301_ (rising edge-triggered flip-flop clocked by core_clock)
Endpoint: _1330_ (rising edge-triggered flip-flop clocked by core_clock)
Path Group: core_clock
Path Type: max
Corner: Typical

Fanout     Cap    Slew   Delay    Time   Description
-----------------------------------------------------------------------------
                          0.00    0.00   clock core_clock (rise edge)
                          0.00    0.00   clock source latency
     1    0.07    0.00    0.00    0.00 ^ clk (in)
                                         clk (net)
                  0.00    0.00    0.00 ^ clkbuf_0_clk/A (sky130_fd_sc_hd__clkbuf_16)
     9    0.22    0.23    0.25    0.25 ^ clkbuf_0_clk/X (sky130_fd_sc_hd__clkbuf_16)
                                         clknet_0_clk (net)
                  0.23    0.01    0.26 ^ clkbuf_3_0__f_clk/A (sky130_fd_sc_hd__clkbuf_16)
    16    0.11    0.12    0.25    0.52 ^ clkbuf_3_0__f_clk/X (sky130_fd_sc_hd__clkbuf_16)
                                         clknet_3_0__leaf_clk (net)
                  0.12    0.00    0.52 ^ _1301_/CLK (sky130_fd_sc_hd__dfrtp_4)
    10    0.30    0.82    0.96    1.48 ^ _1301_/Q (sky130_fd_sc_hd__dfrtp_4)
                                         imem_inst.address[2] (net)
                  0.83    0.08    1.56 ^ _0891_/C (sky130_fd_sc_hd__and3_4)
     4    0.09    0.27    0.48    2.04 ^ _0891_/X (sky130_fd_sc_hd__and3_4)
                                         _0132_ (net)
                  0.27    0.01    2.06 ^ _0892_/B (sky130_fd_sc_hd__and2_4)
     5    0.19    0.55    0.54    2.60 ^ _0892_/X (sky130_fd_sc_hd__and2_4)
                                         _0133_ (net)
                  0.55    0.03    2.63 ^ _0893_/C (sky130_fd_sc_hd__and3_4)
     3    0.16    0.47    0.57    3.21 ^ _0893_/X (sky130_fd_sc_hd__and3_4)
                                         _0134_ (net)
                  0.47    0.02    3.23 ^ _0894_/B (sky130_fd_sc_hd__and2_4)
     4    0.18    0.51    0.55    3.78 ^ _0894_/X (sky130_fd_sc_hd__and2_4)
                                         _0135_ (net)
                  0.51    0.03    3.81 ^ _0895_/A (sky130_fd_sc_hd__and3_4)
     4    0.11    0.34    0.50    4.31 ^ _0895_/X (sky130_fd_sc_hd__and3_4)
                                         _0136_ (net)
                  0.35    0.05    4.35 ^ _0896_/B (sky130_fd_sc_hd__and2_4)
     4    0.12    0.35    0.43    4.78 ^ _0896_/X (sky130_fd_sc_hd__and2_4)
                                         _0137_ (net)
                  0.35    0.03    4.81 ^ _0897_/C (sky130_fd_sc_hd__and3_4)
     4    0.11    0.33    0.46    5.27 ^ _0897_/X (sky130_fd_sc_hd__and3_4)
                                         _0138_ (net)
                  0.33    0.01    5.28 ^ _0898_/B (sky130_fd_sc_hd__and2_4)
     5    0.17    0.47    0.50    5.78 ^ _0898_/X (sky130_fd_sc_hd__and2_4)
                                         _0139_ (net)
                  0.47    0.03    5.81 ^ _0899_/C (sky130_fd_sc_hd__and3_4)
     3    0.12    0.37    0.51    6.31 ^ _0899_/X (sky130_fd_sc_hd__and3_4)
                                         _0140_ (net)
                  0.37    0.01    6.33 ^ _0900_/B (sky130_fd_sc_hd__and2_4)
     4    0.14    0.41    0.47    6.79 ^ _0900_/X (sky130_fd_sc_hd__and2_4)
                                         _0141_ (net)
                  0.41    0.03    6.83 ^ _0901_/C (sky130_fd_sc_hd__and3_4)
     4    0.11    0.32    0.45    7.28 ^ _0901_/X (sky130_fd_sc_hd__and3_4)
                                         _0142_ (net)
                  0.33    0.03    7.30 ^ _0902_/B (sky130_fd_sc_hd__and2_4)
     5    0.17    0.48    0.52    7.82 ^ _0902_/X (sky130_fd_sc_hd__and2_4)
                                         _0143_ (net)
                  0.48    0.02    7.84 ^ _0903_/C (sky130_fd_sc_hd__and3_4)
     4    0.14    0.40    0.54    8.38 ^ _0903_/X (sky130_fd_sc_hd__and3_4)
                                         _0144_ (net)
                  0.40    0.01    8.39 ^ _0904_/B (sky130_fd_sc_hd__and2_4)
     4    0.11    0.31    0.42    8.81 ^ _0904_/X (sky130_fd_sc_hd__and2_4)
                                         _0145_ (net)
                  0.31    0.02    8.82 ^ _0905_/C (sky130_fd_sc_hd__and3_2)
     3    0.06    0.29    0.42    9.24 ^ _0905_/X (sky130_fd_sc_hd__and3_2)
                                         _0146_ (net)
                  0.29    0.01    9.25 ^ _0906_/B (sky130_fd_sc_hd__and2_4)
     4    0.14    0.40    0.45    9.70 ^ _0906_/X (sky130_fd_sc_hd__and2_4)
                                         _0147_ (net)
                  0.40    0.02    9.73 ^ _0907_/C (sky130_fd_sc_hd__and3_4)
     4    0.12    0.35    0.48   10.21 ^ _0907_/X (sky130_fd_sc_hd__and3_4)
                                         _0148_ (net)
                  0.35    0.00   10.21 ^ _0908_/B (sky130_fd_sc_hd__and2_4)
     5    0.16    0.47    0.49   10.71 ^ _0908_/X (sky130_fd_sc_hd__and2_4)
                                         _0149_ (net)
                  0.47    0.05   10.76 ^ _0909_/C (sky130_fd_sc_hd__and3_4)
     2    0.13    0.39    0.51   11.27 ^ _0909_/X (sky130_fd_sc_hd__and3_4)
                                         _0150_ (net)
                  0.39    0.03   11.30 ^ _0910_/B (sky130_fd_sc_hd__xor2_4)
     2    0.07    0.53    0.48   11.78 ^ _0910_/X (sky130_fd_sc_hd__xor2_4)
                                         _0079_ (net)
                  0.53    0.02   11.79 ^ _1330_/D (sky130_fd_sc_hd__dfrtp_4)
                                 11.79   data arrival time

                         15.00   15.00   clock core_clock (rise edge)
                          0.00   15.00   clock source latency
     1    0.07    0.00    0.00   15.00 ^ clk (in)
                                         clk (net)
                  0.00    0.00   15.00 ^ clkbuf_0_clk/A (sky130_fd_sc_hd__clkbuf_16)
     9    0.22    0.23    0.25   15.25 ^ clkbuf_0_clk/X (sky130_fd_sc_hd__clkbuf_16)
                                         clknet_0_clk (net)
                  0.23    0.01   15.26 ^ clkbuf_3_3__f_clk/A (sky130_fd_sc_hd__clkbuf_16)
    10    0.10    0.12    0.25   15.51 ^ clkbuf_3_3__f_clk/X (sky130_fd_sc_hd__clkbuf_16)
                                         clknet_3_3__leaf_clk (net)
                  0.12    0.00   15.51 ^ _1330_/CLK (sky130_fd_sc_hd__dfrtp_4)
                          0.00   15.51   clock reconvergence pessimism
                         -0.16   15.36   library setup time
                                 15.36   data required time
-----------------------------------------------------------------------------
                                 15.36   data required time
                                -11.79   data arrival time
-----------------------------------------------------------------------------
                                  3.56   slack (MET)




===========================================================================
report_checks --slack_max -0.01
============================================================================
======================= Fastest Corner ===================================

No paths found.

======================= Slowest Corner ===================================

Startpoint: _1301_ (rising edge-triggered flip-flop clocked by core_clock)
Endpoint: _1330_ (rising edge-triggered flip-flop clocked by core_clock)
Path Group: core_clock
Path Type: max
Corner: Slowest

Fanout     Cap    Slew   Delay    Time   Description
-----------------------------------------------------------------------------
                          0.00    0.00   clock core_clock (rise edge)
                          0.00    0.00   clock source latency
     1    0.07    0.00    0.00    0.00 ^ clk (in)
                                         clk (net)
                  0.00    0.00    0.00 ^ clkbuf_0_clk/A (sky130_fd_sc_hd__clkbuf_16)
     9    0.22    0.35    0.41    0.42 ^ clkbuf_0_clk/X (sky130_fd_sc_hd__clkbuf_16)
                                         clknet_0_clk (net)
                  0.35    0.01    0.42 ^ clkbuf_3_0__f_clk/A (sky130_fd_sc_hd__clkbuf_16)
    16    0.11    0.19    0.44    0.87 ^ clkbuf_3_0__f_clk/X (sky130_fd_sc_hd__clkbuf_16)
                                         clknet_3_0__leaf_clk (net)
                  0.19    0.00    0.87 ^ _1301_/CLK (sky130_fd_sc_hd__dfrtp_4)
    10    0.30    1.29    1.76    2.63 ^ _1301_/Q (sky130_fd_sc_hd__dfrtp_4)
                                         imem_inst.address[2] (net)
                  1.30    0.08    2.71 ^ _0891_/C (sky130_fd_sc_hd__and3_4)
     4    0.09    0.44    1.06    3.77 ^ _0891_/X (sky130_fd_sc_hd__and3_4)
                                         _0132_ (net)
                  0.44    0.01    3.78 ^ _0892_/B (sky130_fd_sc_hd__and2_4)
     5    0.19    0.87    1.00    4.79 ^ _0892_/X (sky130_fd_sc_hd__and2_4)
                                         _0133_ (net)
                  0.87    0.03    4.82 ^ _0893_/C (sky130_fd_sc_hd__and3_4)
     3    0.16    0.75    1.15    5.98 ^ _0893_/X (sky130_fd_sc_hd__and3_4)
                                         _0134_ (net)
                  0.75    0.02    6.00 ^ _0894_/B (sky130_fd_sc_hd__and2_4)
     4    0.18    0.81    1.06    7.06 ^ _0894_/X (sky130_fd_sc_hd__and2_4)
                                         _0135_ (net)
                  0.82    0.03    7.09 ^ _0895_/A (sky130_fd_sc_hd__and3_4)
     4    0.11    0.54    1.03    8.12 ^ _0895_/X (sky130_fd_sc_hd__and3_4)
                                         _0136_ (net)
                  0.55    0.05    8.16 ^ _0896_/B (sky130_fd_sc_hd__and2_4)
     4    0.12    0.55    0.83    8.99 ^ _0896_/X (sky130_fd_sc_hd__and2_4)
                                         _0137_ (net)
                  0.55    0.03    9.02 ^ _0897_/C (sky130_fd_sc_hd__and3_4)
     4    0.11    0.53    0.93    9.95 ^ _0897_/X (sky130_fd_sc_hd__and3_4)
                                         _0138_ (net)
                  0.53    0.01    9.96 ^ _0898_/B (sky130_fd_sc_hd__and2_4)
     5    0.17    0.75    0.95   10.91 ^ _0898_/X (sky130_fd_sc_hd__and2_4)
                                         _0139_ (net)
                  0.75    0.03   10.94 ^ _0899_/C (sky130_fd_sc_hd__and3_4)
     3    0.12    0.58    1.03   11.97 ^ _0899_/X (sky130_fd_sc_hd__and3_4)
                                         _0140_ (net)
                  0.59    0.01   11.98 ^ _0900_/B (sky130_fd_sc_hd__and2_4)
     4    0.14    0.65    0.90   12.89 ^ _0900_/X (sky130_fd_sc_hd__and2_4)
                                         _0141_ (net)
                  0.65    0.03   12.92 ^ _0901_/C (sky130_fd_sc_hd__and3_4)
     4    0.11    0.52    0.94   13.86 ^ _0901_/X (sky130_fd_sc_hd__and3_4)
                                         _0142_ (net)
                  0.52    0.03   13.89 ^ _0902_/B (sky130_fd_sc_hd__and2_4)
     5    0.17    0.76    0.97   14.85 ^ _0902_/X (sky130_fd_sc_hd__and2_4)
                                         _0143_ (net)
                  0.76    0.02   14.87 ^ _0903_/C (sky130_fd_sc_hd__and3_4)
     4    0.14    0.65    1.08   15.95 ^ _0903_/X (sky130_fd_sc_hd__and3_4)
                                         _0144_ (net)
                  0.65    0.01   15.96 ^ _0904_/B (sky130_fd_sc_hd__and2_4)
     4    0.11    0.49    0.83   16.79 ^ _0904_/X (sky130_fd_sc_hd__and2_4)
                                         _0145_ (net)
                  0.49    0.02   16.80 ^ _0905_/C (sky130_fd_sc_hd__and3_2)
     3    0.06    0.47    0.83   17.63 ^ _0905_/X (sky130_fd_sc_hd__and3_2)
                                         _0146_ (net)
                  0.47    0.01   17.64 ^ _0906_/B (sky130_fd_sc_hd__and2_4)
     4    0.14    0.63    0.85   18.49 ^ _0906_/X (sky130_fd_sc_hd__and2_4)
                                         _0147_ (net)
                  0.63    0.02   18.51 ^ _0907_/C (sky130_fd_sc_hd__and3_4)
     4    0.12    0.56    0.98   19.50 ^ _0907_/X (sky130_fd_sc_hd__and3_4)
                                         _0148_ (net)
                  0.56    0.00   19.50 ^ _0908_/B (sky130_fd_sc_hd__and2_4)
     5    0.16    0.74    0.95   20.45 ^ _0908_/X (sky130_fd_sc_hd__and2_4)
                                         _0149_ (net)
                  0.75    0.05   20.50 ^ _0909_/C (sky130_fd_sc_hd__and3_4)
     2    0.13    0.62    1.04   21.54 ^ _0909_/X (sky130_fd_sc_hd__and3_4)
                                         _0150_ (net)
                  0.62    0.03   21.57 ^ _0910_/B (sky130_fd_sc_hd__xor2_4)
     2    0.07    0.81    0.87   22.44 ^ _0910_/X (sky130_fd_sc_hd__xor2_4)
                                         _0079_ (net)
                  0.81    0.02   22.46 ^ _1330_/D (sky130_fd_sc_hd__dfrtp_4)
                                 22.46   data arrival time

                         15.00   15.00   clock core_clock (rise edge)
                          0.00   15.00   clock source latency
     1    0.07    0.00    0.00   15.00 ^ clk (in)
                                         clk (net)
                  0.00    0.00   15.00 ^ clkbuf_0_clk/A (sky130_fd_sc_hd__clkbuf_16)
     9    0.22    0.35    0.41   15.42 ^ clkbuf_0_clk/X (sky130_fd_sc_hd__clkbuf_16)
                                         clknet_0_clk (net)
                  0.35    0.01   15.42 ^ clkbuf_3_3__f_clk/A (sky130_fd_sc_hd__clkbuf_16)
    10    0.10    0.18    0.44   15.86 ^ clkbuf_3_3__f_clk/X (sky130_fd_sc_hd__clkbuf_16)
                                         clknet_3_3__leaf_clk (net)
                  0.18    0.00   15.87 ^ _1330_/CLK (sky130_fd_sc_hd__dfrtp_4)
                          0.00   15.87   clock reconvergence pessimism
                         -0.30   15.56   library setup time
                                 15.56   data required time
-----------------------------------------------------------------------------
                                 15.56   data required time
                                -22.46   data arrival time
-----------------------------------------------------------------------------
                                 -6.90   slack (VIOLATED)



======================= Typical Corner ===================================

No paths found.


===========================================================================
 report_check_types -max_slew -max_cap -max_fanout -violators
============================================================================
======================= Fastest Corner ===================================


max slew violations count Fastest: 0
max fanout violations count Fastest: 0
max cap violations count Fastest: 0
======================= Slowest Corner ===================================

max slew

Pin                                    Limit    Slew   Slack
------------------------------------------------------------
_1222_/Y                                1.49    2.07   -0.58 (VIOLATED)
INSDIODE1_194/DIODE                     1.50    2.07   -0.57 (VIOLATED)
_1224_/B                                1.50    2.07   -0.57 (VIOLATED)
_1223_/A                                1.50    2.07   -0.57 (VIOLATED)
_1187_/Y                                1.49    1.99   -0.50 (VIOLATED)
_1188_/B                                1.50    1.99   -0.49 (VIOLATED)
_1222_/A1                               1.50    1.99   -0.49 (VIOLATED)
_1189_/B                                1.50    1.99   -0.49 (VIOLATED)
INSDIODE1_415/DIODE                     1.50    1.72   -0.22 (VIOLATED)
output11/A                              1.50    1.72   -0.22 (VIOLATED)
INSDIODE1_316/DIODE                     1.50    1.72   -0.22 (VIOLATED)
INSDIODE1_317/DIODE                     1.50    1.72   -0.22 (VIOLATED)
INSDIODE1_410/DIODE                     1.50    1.72   -0.22 (VIOLATED)
INSDIODE1_411/DIODE                     1.50    1.72   -0.22 (VIOLATED)
INSDIODE1_412/DIODE                     1.50    1.72   -0.22 (VIOLATED)
INSDIODE1_413/DIODE                     1.50    1.72   -0.22 (VIOLATED)
INSDIODE1_414/DIODE                     1.50    1.72   -0.22 (VIOLATED)
INSDIODE1_314/DIODE                     1.50    1.72   -0.22 (VIOLATED)
INSDIODE1_315/DIODE                     1.50    1.72   -0.22 (VIOLATED)
_0682_/Y                                1.52    1.72   -0.20 (VIOLATED)
_0651_/Y                                1.50    1.69   -0.19 (VIOLATED)
_0668_/A                                1.50    1.69   -0.19 (VIOLATED)
_0666_/A1                               1.50    1.69   -0.19 (VIOLATED)
_0659_/B1                               1.50    1.69   -0.19 (VIOLATED)
_0671_/A                                1.50    1.69   -0.19 (VIOLATED)
_0681_/A                                1.50    1.69   -0.19 (VIOLATED)
_1201_/Y                                1.50    1.67   -0.17 (VIOLATED)
_1084_/Y                                1.50    1.67   -0.17 (VIOLATED)
_0669_/A                                1.50    1.67   -0.17 (VIOLATED)
INSDIODE1_188/DIODE                     1.50    1.67   -0.17 (VIOLATED)
_0672_/A1                               1.50    1.67   -0.17 (VIOLATED)
_1210_/A                                1.50    1.67   -0.17 (VIOLATED)
_0683_/A1                               1.50    1.67   -0.17 (VIOLATED)
_0677_/A1                               1.50    1.67   -0.17 (VIOLATED)
_1242_/A1                               1.50    1.67   -0.17 (VIOLATED)
INSDIODE1_151/DIODE                     1.50    1.67   -0.17 (VIOLATED)
_1092_/A2                               1.50    1.67   -0.17 (VIOLATED)
_1237_/Y                                1.50    1.66   -0.16 (VIOLATED)
_1239_/A2                               1.50    1.66   -0.16 (VIOLATED)
_0660_/A2                               1.50    1.66   -0.16 (VIOLATED)
output12/A                              1.50    1.66   -0.16 (VIOLATED)
_0975_/Y                                1.50    1.64   -0.15 (VIOLATED)
_1016_/A3                               1.50    1.65   -0.15 (VIOLATED)
_1000_/B                                1.50    1.65   -0.15 (VIOLATED)
_1133_/C                                1.50    1.64   -0.14 (VIOLATED)
_0976_/C                                1.50    1.64   -0.14 (VIOLATED)
_1003_/A                                1.50    1.64   -0.14 (VIOLATED)
_0684_/Y                                1.52    1.66   -0.14 (VIOLATED)
_1166_/A                                1.50    1.61   -0.11 (VIOLATED)
_1087_/A                                1.50    1.61   -0.11 (VIOLATED)
INSDIODE1_152/DIODE                     1.50    1.61   -0.11 (VIOLATED)
_1167_/B1                               1.50    1.61   -0.11 (VIOLATED)
_1088_/A                                1.50    1.61   -0.11 (VIOLATED)
_1197_/A2                               1.50    1.61   -0.11 (VIOLATED)
_1029_/A                                1.50    1.61   -0.11 (VIOLATED)
_1106_/A                                1.50    1.61   -0.11 (VIOLATED)
INSDIODE1_352/DIODE                     1.50    1.61   -0.11 (VIOLATED)
_1214_/A                                1.50    1.61   -0.11 (VIOLATED)
_1167_/A1                               1.50    1.61   -0.11 (VIOLATED)
_1091_/A                                1.50    1.61   -0.11 (VIOLATED)
_1090_/A1                               1.50    1.61   -0.11 (VIOLATED)
_1063_/A                                1.50    1.61   -0.11 (VIOLATED)
_1144_/A                                1.50    1.61   -0.11 (VIOLATED)
_0926_/Y                                1.50    1.58   -0.08 (VIOLATED)
_0927_/B                                1.50    1.58   -0.08 (VIOLATED)
_1238_/Y                                1.50    1.57   -0.07 (VIOLATED)
_1239_/B1                               1.50    1.57   -0.07 (VIOLATED)
_0660_/B1                               1.50    1.57   -0.07 (VIOLATED)
_0815_/A1                               1.50    1.57   -0.07 (VIOLATED)
_1149_/Y                                1.49    1.50   -0.01 (VIOLATED)

max capacitance

Pin                                    Limit     Cap   Slack
------------------------------------------------------------
_1187_/Y                                0.13    0.18   -0.05 (VIOLATED)
_1222_/Y                                0.09    0.13   -0.04 (VIOLATED)
_0651_/Y                                0.14    0.16   -0.02 (VIOLATED)
_1201_/Y                                0.14    0.16   -0.02 (VIOLATED)
_1084_/Y                                0.14    0.16   -0.02 (VIOLATED)
_0682_/Y                                0.09    0.11   -0.02 (VIOLATED)
_0975_/Y                                0.14    0.15   -0.02 (VIOLATED)
_1237_/Y                                0.14    0.15   -0.02 (VIOLATED)
_0684_/Y                                0.09    0.10   -0.01 (VIOLATED)
_0926_/Y                                0.14    0.15   -0.01 (VIOLATED)
_1238_/Y                                0.14    0.15   -0.01 (VIOLATED)
_1149_/Y                                0.13    0.14   -0.00 (VIOLATED)


max slew violations count Slowest: 70
max fanout violations count Slowest: 0
max cap violations count Slowest: 12
======================= Typical Corner ===================================


max slew violations count Typical: 0
max fanout violations count Typical: 0
max cap violations count Typical: 0

===========================================================================
report_parasitic_annotation -report_unannotated
============================================================================
Found 7 unannotated drivers.
 clkload0/X
 clkload1/Y
 clkload2/Y
 clkload3/Y
 clkload4/Y
 clkload5/Y
 clkload6/Y
Found 0 partially unannotated drivers.

===========================================================================
max slew violation count 70
max fanout violation count 0
max cap violation count 12
============================================================================

===========================================================================
check_setup -verbose -unconstrained_endpoints -multiple_clock -no_clock -no_input_delay -loops -generated_clocks
===========================================================================
Warning: There are 2 input ports missing set_input_delay.
  control
  reset
Warning: There are 11 unconstrained endpoints.
  an[0]
  an[1]
  an[2]
  an[3]
  seg[0]
  seg[1]
  seg[2]
  seg[3]
  seg[4]
  seg[5]
  seg[6]
