
===========================================================================
 report_power
============================================================================
======================= Fastest Corner ===================================

Group                  Internal  Switching    Leakage      Total
                          Power      Power      Power      Power (Watts)
----------------------------------------------------------------
Sequential             3.68e-04   3.80e-04   2.39e-08   7.48e-04   9.1%
Combinational          1.23e-03   5.80e-03   1.40e-08   7.04e-03  86.1%
Clock                  1.32e-04   2.58e-04   1.39e-08   3.90e-04   4.8%
Macro                  0.00e+00   0.00e+00   0.00e+00   0.00e+00   0.0%
Pad                    0.00e+00   0.00e+00   0.00e+00   0.00e+00   0.0%
----------------------------------------------------------------
Total                  1.73e-03   6.44e-03   5.17e-08   8.18e-03 100.0%
                          21.2%      78.8%       0.0%

======================= Slowest Corner ===================================

Group                  Internal  Switching    Leakage      Total
                          Power      Power      Power      Power (Watts)
----------------------------------------------------------------
Sequential             2.48e-04   2.56e-04   1.74e-06   5.06e-04   9.2%
Combinational          8.30e-04   3.91e-03   5.34e-06   4.74e-03  86.0%
Clock                  9.37e-05   1.70e-04   2.03e-07   2.64e-04   4.8%
Macro                  0.00e+00   0.00e+00   0.00e+00   0.00e+00   0.0%
Pad                    0.00e+00   0.00e+00   0.00e+00   0.00e+00   0.0%
----------------------------------------------------------------
Total                  1.17e-03   4.33e-03   7.29e-06   5.51e-03 100.0%
                          21.2%      78.6%       0.1%

======================= Typical Corner ===================================

Group                  Internal  Switching    Leakage      Total
                          Power      Power      Power      Power (Watts)
----------------------------------------------------------------
Sequential             3.17e-04   3.24e-04   2.17e-08   6.41e-04   9.2%
Combinational          1.08e-03   4.95e-03   4.28e-09   6.03e-03  86.1%
Clock                  1.16e-04   2.18e-04   1.33e-08   3.33e-04   4.8%
Macro                  0.00e+00   0.00e+00   0.00e+00   0.00e+00   0.0%
Pad                    0.00e+00   0.00e+00   0.00e+00   0.00e+00   0.0%
----------------------------------------------------------------
Total                  1.52e-03   5.49e-03   3.94e-08   7.00e-03 100.0%
                          21.7%      78.3%       0.0%

