
===========================================================================
 report_power
============================================================================
======================= Fastest Corner ===================================

Group                  Internal  Switching    Leakage      Total
                          Power      Power      Power      Power (Watts)
----------------------------------------------------------------
Sequential             3.68e-04   3.46e-04   2.39e-08   7.14e-04   9.4%
Combinational          1.23e-03   5.31e-03   1.40e-08   6.54e-03  85.7%
Clock                  1.32e-04   2.42e-04   1.39e-08   3.73e-04   4.9%
Macro                  0.00e+00   0.00e+00   0.00e+00   0.00e+00   0.0%
Pad                    0.00e+00   0.00e+00   0.00e+00   0.00e+00   0.0%
----------------------------------------------------------------
Total                  1.73e-03   5.89e-03   5.17e-08   7.62e-03 100.0%
                          22.7%      77.3%       0.0%

======================= Slowest Corner ===================================

Group                  Internal  Switching    Leakage      Total
                          Power      Power      Power      Power (Watts)
----------------------------------------------------------------
Sequential             2.48e-04   2.33e-04   1.74e-06   4.83e-04   9.4%
Combinational          8.30e-04   3.57e-03   5.34e-06   4.41e-03  85.7%
Clock                  9.36e-05   1.59e-04   2.03e-07   2.53e-04   4.9%
Macro                  0.00e+00   0.00e+00   0.00e+00   0.00e+00   0.0%
Pad                    0.00e+00   0.00e+00   0.00e+00   0.00e+00   0.0%
----------------------------------------------------------------
Total                  1.17e-03   3.97e-03   7.29e-06   5.14e-03 100.0%
                          22.8%      77.1%       0.1%

======================= Typical Corner ===================================

Group                  Internal  Switching    Leakage      Total
                          Power      Power      Power      Power (Watts)
----------------------------------------------------------------
Sequential             3.18e-04   2.95e-04   2.17e-08   6.12e-04   9.4%
Combinational          1.08e-03   4.52e-03   4.28e-09   5.61e-03  85.8%
Clock                  1.15e-04   2.04e-04   1.33e-08   3.19e-04   4.9%
Macro                  0.00e+00   0.00e+00   0.00e+00   0.00e+00   0.0%
Pad                    0.00e+00   0.00e+00   0.00e+00   0.00e+00   0.0%
----------------------------------------------------------------
Total                  1.52e-03   5.02e-03   3.94e-08   6.54e-03 100.0%
                          23.2%      76.8%       0.0%

