OpenROAD b16bda7e82721d10566ff7e2b68f1ff0be9f9e38 
Features included (+) or not (-): +Charts +GPU +GUI +Python
This program is licensed under the BSD-3 license. See the LICENSE file for details.
Components of this program may be licensed under more restrictive licenses which must be honored.
define_corners Typical
read_liberty -corner Typical /home/kagan/.volare/sky130A/libs.ref/sky130_fd_sc_hd/lib/sky130_fd_sc_hd__tt_025C_1v80.lib
Using 1e-12 for capacitance...
Using 1e+03 for resistance...
Using 1e-09 for time...
Using 1e+00 for voltage...
Using 1e-03 for current...
Using 1e-09 for power...
Using 1e-06 for distance...
[INFO]: Reading ODB at '/openlane/designs/alu_and_register/runs/RUN_2025.06.14_21.48.27/results/floorplan/TopModule.odb'…
Reading design constraints file at '/openlane/designs/alu_and_register/src/TopModule.sdc'…
[INFO]: Setting RC values...
[INFO]: Setting signal min routing layer to: met1 and clock min routing layer to met3. 
[INFO]: Setting signal max routing layer to: met5 and clock max routing layer to met5. 
[INFO GPL-0002] DBU: 1000
[INFO GPL-0003] SiteSize: (  0.460  2.720 ) um
[INFO GPL-0004] CoreBBox: (  5.520 10.880 ) ( 394.220 388.960 ) um
[INFO GPL-0006] NumInstances:              7742
[INFO GPL-0007] NumPlaceInstances:         5349
[INFO GPL-0008] NumFixedInstances:         2393
[INFO GPL-0009] NumDummyInstances:            0
[INFO GPL-0010] NumNets:                   5400
[INFO GPL-0011] NumPins:                  18913
[INFO GPL-0012] DieBBox:  (  0.000  0.000 ) ( 400.000 400.000 ) um
[INFO GPL-0013] CoreBBox: (  5.520 10.880 ) ( 394.220 388.960 ) um
[INFO GPL-0016] CoreArea:            146959.696 um^2
[INFO GPL-0017] NonPlaceInstsArea:     3689.789 um^2
[INFO GPL-0018] PlaceInstsArea:       62834.013 um^2
[INFO GPL-0019] Util:                    43.857 %
[INFO GPL-0020] StdInstsArea:         62834.013 um^2
[INFO GPL-0021] MacroInstsArea:           0.000 um^2
[InitialPlace]  Iter: 1 CG residual: 0.00000005 HPWL: 108039130
[InitialPlace]  Iter: 2 CG residual: 0.00000009 HPWL: 95414668
[InitialPlace]  Iter: 3 CG residual: 0.00000011 HPWL: 95700139
[InitialPlace]  Iter: 4 CG residual: 0.00000011 HPWL: 95722791
[InitialPlace]  Iter: 5 CG residual: 0.00000009 HPWL: 95507054
[INFO GPL-0031] FillerInit:NumGCells:      9940
[INFO GPL-0032] FillerInit:NumGNets:       5400
[INFO GPL-0033] FillerInit:NumGPins:      18913
[INFO GPL-0023] TargetDensity:            0.810
[INFO GPL-0024] AvrgPlaceInstArea:       11.747 um^2
[INFO GPL-0025] IdealBinArea:            14.502 um^2
[INFO GPL-0026] IdealBinCnt:              10133
[INFO GPL-0027] TotalBinArea:        146959.696 um^2
[INFO GPL-0028] BinCnt:        64     64
[INFO GPL-0029] BinSize: (  6.074  5.908 )
[INFO GPL-0030] NumBins: 4096
[NesterovSolve] Iter:    1 overflow: 0.969 HPWL: 63021034
[NesterovSolve] Iter:   10 overflow: 0.885 HPWL: 89034252
[NesterovSolve] Iter:   20 overflow: 0.871 HPWL: 90857029
[NesterovSolve] Iter:   30 overflow: 0.871 HPWL: 92467846
[NesterovSolve] Iter:   40 overflow: 0.869 HPWL: 93209603
[NesterovSolve] Iter:   50 overflow: 0.868 HPWL: 92998030
[NesterovSolve] Iter:   60 overflow: 0.868 HPWL: 92760127
[NesterovSolve] Iter:   70 overflow: 0.868 HPWL: 92962925
[NesterovSolve] Iter:   80 overflow: 0.867 HPWL: 93435392
[NesterovSolve] Iter:   90 overflow: 0.867 HPWL: 93828110
[NesterovSolve] Iter:  100 overflow: 0.867 HPWL: 93944073
[NesterovSolve] Iter:  110 overflow: 0.867 HPWL: 93920694
[NesterovSolve] Iter:  120 overflow: 0.866 HPWL: 93971475
[NesterovSolve] Iter:  130 overflow: 0.865 HPWL: 94168065
[NesterovSolve] Iter:  140 overflow: 0.864 HPWL: 94494913
[NesterovSolve] Iter:  150 overflow: 0.862 HPWL: 94953508
[NesterovSolve] Iter:  160 overflow: 0.859 HPWL: 95684968
[NesterovSolve] Iter:  170 overflow: 0.856 HPWL: 96900809
[NesterovSolve] Iter:  180 overflow: 0.849 HPWL: 98718723
[NesterovSolve] Iter:  190 overflow: 0.840 HPWL: 101159230
[NesterovSolve] Iter:  200 overflow: 0.829 HPWL: 104155090
[NesterovSolve] Iter:  210 overflow: 0.815 HPWL: 107736117
[NesterovSolve] Iter:  220 overflow: 0.797 HPWL: 112098227
[INFO GPL-0100] worst slack 9.22e-09
[INFO GPL-0103] Weighted 537 nets.
[NesterovSolve] Iter:  230 overflow: 0.775 HPWL: 116475872
[NesterovSolve] Iter:  240 overflow: 0.747 HPWL: 121789033
[NesterovSolve] Iter:  250 overflow: 0.713 HPWL: 126697243
[NesterovSolve] Iter:  260 overflow: 0.675 HPWL: 131513495
[NesterovSolve] Iter:  270 overflow: 0.632 HPWL: 134970036
[INFO GPL-0100] worst slack 9.12e-09
[INFO GPL-0103] Weighted 539 nets.
[NesterovSolve] Snapshot saved at iter = 276
[NesterovSolve] Iter:  280 overflow: 0.586 HPWL: 137353014
[NesterovSolve] Iter:  290 overflow: 0.538 HPWL: 139841235
[NesterovSolve] Iter:  300 overflow: 0.488 HPWL: 140362548
[INFO GPL-0100] worst slack 9.18e-09
[INFO GPL-0103] Weighted 539 nets.
[NesterovSolve] Iter:  310 overflow: 0.444 HPWL: 141513703
[NesterovSolve] Iter:  320 overflow: 0.398 HPWL: 142765411
[NesterovSolve] Iter:  330 overflow: 0.357 HPWL: 143961099
[NesterovSolve] Iter:  340 overflow: 0.326 HPWL: 144533053
[NesterovSolve] Iter:  350 overflow: 0.290 HPWL: 145381495
[INFO GPL-0100] worst slack 9.2e-09
[INFO GPL-0103] Weighted 538 nets.
[NesterovSolve] Iter:  360 overflow: 0.263 HPWL: 145803741
[NesterovSolve] Iter:  370 overflow: 0.232 HPWL: 146375028
[INFO GPL-0100] worst slack 9.21e-09
[INFO GPL-0103] Weighted 539 nets.
[NesterovSolve] Iter:  380 overflow: 0.201 HPWL: 146921872
[INFO GPL-0075] Routability numCall: 1 inflationIterCnt: 1 bloatIterCnt: 0
[INFO GPL-0036] TileBBox: (    0    0 ) ( 6900 6900 ) DBU
[INFO GPL-0038] TileCnt:      57   57
[INFO GPL-0039] numRoutingLayers: 6
[INFO GPL-0040] NumTiles: 3249
[INFO GPL-0063] TotalRouteOverflowH2: 4.800000429153442
[INFO GPL-0064] TotalRouteOverflowV2: 19.933334827423096
[INFO GPL-0065] OverflowTileCnt2: 161
[INFO GPL-0066] 0.5%RC: 1.2742
[INFO GPL-0067] 1.0%RC: 1.2215
[INFO GPL-0068] 2.0%RC: 1.1591
[INFO GPL-0069] 5.0%RC: 1.0645
[INFO GPL-0070] 0.5rcK: 1
[INFO GPL-0071] 1.0rcK: 1
[INFO GPL-0072] 2.0rcK: 0
[INFO GPL-0073] 5.0rcK: 0
[INFO GPL-0074] FinalRC: 1.2478
[INFO GPL-0078] FinalRC lower than minRC (1e+30), min RC updated.
[INFO GPL-0045] InflatedAreaDelta:     4369.116 um^2
[INFO GPL-0046] TargetDensity:            0.810
[INFO GPL-0049] WhiteSpaceArea:      143269.907 um^2
[INFO GPL-0050] NesterovInstsArea:    62834.013 um^2
[INFO GPL-0051] TotalFillerArea:      53214.613 um^2
[INFO GPL-0052] TotalGCellsArea:     116048.626 um^2
[INFO GPL-0053] ExpectedGCellsArea:  120417.742 um^2
[INFO GPL-0054] NewTargetDensity:         0.840
[INFO GPL-0055] NewWhiteSpaceArea:   143269.907 um^2
[INFO GPL-0056] MovableArea:         120417.739 um^2
[INFO GPL-0057] NewNesterovInstArea:  67203.129 um^2
[INFO GPL-0058] NewTotalFillerArea:   53214.609 um^2
[INFO GPL-0059] NewTotalGCellsArea:  120417.739 um^2
[NesterovSolve] Revert back to snapshot coordi
[NesterovSolve] Iter:  390 overflow: 0.556 HPWL: 141700604
[NesterovSolve] Iter:  400 overflow: 0.526 HPWL: 141973361
[NesterovSolve] Iter:  410 overflow: 0.487 HPWL: 142269557
[NesterovSolve] Iter:  420 overflow: 0.448 HPWL: 143817756
[NesterovSolve] Iter:  430 overflow: 0.410 HPWL: 144555088
[NesterovSolve] Iter:  440 overflow: 0.381 HPWL: 145387033
[NesterovSolve] Iter:  450 overflow: 0.348 HPWL: 146304036
[NesterovSolve] Iter:  460 overflow: 0.316 HPWL: 147227219
[NesterovSolve] Iter:  470 overflow: 0.282 HPWL: 148254511
[NesterovSolve] Iter:  480 overflow: 0.250 HPWL: 149027924
[NesterovSolve] Iter:  490 overflow: 0.219 HPWL: 149597385
[INFO GPL-0075] Routability numCall: 2 inflationIterCnt: 2 bloatIterCnt: 0
[INFO GPL-0036] TileBBox: (    0    0 ) ( 6900 6900 ) DBU
[INFO GPL-0038] TileCnt:      57   57
[INFO GPL-0039] numRoutingLayers: 6
[INFO GPL-0040] NumTiles: 3249
[INFO GPL-0063] TotalRouteOverflowH2: 5.300000429153442
[INFO GPL-0064] TotalRouteOverflowV2: 14.866668939590454
[INFO GPL-0065] OverflowTileCnt2: 134
[INFO GPL-0066] 0.5%RC: 1.2645
[INFO GPL-0067] 1.0%RC: 1.2022
[INFO GPL-0068] 2.0%RC: 1.1199
[INFO GPL-0069] 5.0%RC: 1.0481
[INFO GPL-0070] 0.5rcK: 1
[INFO GPL-0071] 1.0rcK: 1
[INFO GPL-0072] 2.0rcK: 0
[INFO GPL-0073] 5.0rcK: 0
[INFO GPL-0074] FinalRC: 1.2333
[INFO GPL-0078] FinalRC lower than minRC (1.2478495), min RC updated.
[INFO GPL-0045] InflatedAreaDelta:     4559.408 um^2
[INFO GPL-0046] TargetDensity:            0.840
[INFO GPL-0049] WhiteSpaceArea:      143269.907 um^2
[INFO GPL-0050] NesterovInstsArea:    67203.129 um^2
[INFO GPL-0051] TotalFillerArea:      53214.609 um^2
[INFO GPL-0052] TotalGCellsArea:     120417.739 um^2
[INFO GPL-0053] ExpectedGCellsArea:  124977.146 um^2
[INFO GPL-0054] NewTargetDensity:         0.872
[INFO GPL-0055] NewWhiteSpaceArea:   143269.907 um^2
[INFO GPL-0056] MovableArea:         124977.144 um^2
[INFO GPL-0057] NewNesterovInstArea:  71762.537 um^2
[INFO GPL-0058] NewTotalFillerArea:   53214.607 um^2
[INFO GPL-0059] NewTotalGCellsArea:  124977.144 um^2
[NesterovSolve] Revert back to snapshot coordi
[NesterovSolve] Iter:  500 overflow: 0.602 HPWL: 138335623
[NesterovSolve] Iter:  510 overflow: 0.545 HPWL: 143171792
[NesterovSolve] Iter:  520 overflow: 0.508 HPWL: 143961512
[NesterovSolve] Iter:  530 overflow: 0.469 HPWL: 144607033
[NesterovSolve] Iter:  540 overflow: 0.429 HPWL: 145887609
[NesterovSolve] Iter:  550 overflow: 0.399 HPWL: 147097589
[NesterovSolve] Iter:  560 overflow: 0.367 HPWL: 147699005
[NesterovSolve] Iter:  570 overflow: 0.332 HPWL: 149084119
[NesterovSolve] Iter:  580 overflow: 0.293 HPWL: 149873502
[NesterovSolve] Iter:  590 overflow: 0.262 HPWL: 150763084
[NesterovSolve] Iter:  600 overflow: 0.233 HPWL: 151527083
[NesterovSolve] Iter:  610 overflow: 0.201 HPWL: 152007129
[INFO GPL-0075] Routability numCall: 3 inflationIterCnt: 3 bloatIterCnt: 0
[INFO GPL-0036] TileBBox: (    0    0 ) ( 6900 6900 ) DBU
[INFO GPL-0038] TileCnt:      57   57
[INFO GPL-0039] numRoutingLayers: 6
[INFO GPL-0040] NumTiles: 3249
[INFO GPL-0063] TotalRouteOverflowH2: 2.800000548362732
[INFO GPL-0064] TotalRouteOverflowV2: 12.133334755897522
[INFO GPL-0065] OverflowTileCnt2: 103
[INFO GPL-0066] 0.5%RC: 1.2290
[INFO GPL-0067] 1.0%RC: 1.1742
[INFO GPL-0068] 2.0%RC: 1.0978
[INFO GPL-0069] 5.0%RC: 1.0393
[INFO GPL-0070] 0.5rcK: 1
[INFO GPL-0071] 1.0rcK: 1
[INFO GPL-0072] 2.0rcK: 0
[INFO GPL-0073] 5.0rcK: 0
[INFO GPL-0074] FinalRC: 1.2016
[INFO GPL-0078] FinalRC lower than minRC (1.2333333), min RC updated.
[INFO GPL-0045] InflatedAreaDelta:     3410.297 um^2
[INFO GPL-0046] TargetDensity:            0.872
[INFO GPL-0049] WhiteSpaceArea:      143269.907 um^2
[INFO GPL-0050] NesterovInstsArea:    71762.537 um^2
[INFO GPL-0051] TotalFillerArea:      53214.607 um^2
[INFO GPL-0052] TotalGCellsArea:     124977.144 um^2
[INFO GPL-0053] ExpectedGCellsArea:  128387.441 um^2
[INFO GPL-0054] NewTargetDensity:         0.896
[INFO GPL-0055] NewWhiteSpaceArea:   143269.907 um^2
[INFO GPL-0056] MovableArea:         128387.441 um^2
[INFO GPL-0057] NewNesterovInstArea:  75172.834 um^2
[INFO GPL-0058] NewTotalFillerArea:   53214.606 um^2
[INFO GPL-0059] NewTotalGCellsArea:  128387.441 um^2
[NesterovSolve] Revert back to snapshot coordi
[NesterovSolve] Iter:  620 overflow: 0.541 HPWL: 145469295
[NesterovSolve] Iter:  630 overflow: 0.517 HPWL: 146626357
[NesterovSolve] Iter:  640 overflow: 0.480 HPWL: 145327132
[NesterovSolve] Iter:  650 overflow: 0.437 HPWL: 148105859
[NesterovSolve] Iter:  660 overflow: 0.410 HPWL: 148685642
[NesterovSolve] Iter:  670 overflow: 0.375 HPWL: 149623277
[NesterovSolve] Iter:  680 overflow: 0.337 HPWL: 150710257
[NesterovSolve] Iter:  690 overflow: 0.301 HPWL: 151279577
[NesterovSolve] Iter:  700 overflow: 0.266 HPWL: 152166000
[NesterovSolve] Iter:  710 overflow: 0.237 HPWL: 152987508
[NesterovSolve] Iter:  720 overflow: 0.207 HPWL: 153591464
[INFO GPL-0075] Routability numCall: 4 inflationIterCnt: 4 bloatIterCnt: 0
[INFO GPL-0036] TileBBox: (    0    0 ) ( 6900 6900 ) DBU
[INFO GPL-0038] TileCnt:      57   57
[INFO GPL-0039] numRoutingLayers: 6
[INFO GPL-0040] NumTiles: 3249
[INFO GPL-0063] TotalRouteOverflowH2: 3.450000286102295
[INFO GPL-0064] TotalRouteOverflowV2: 6.366667628288269
[INFO GPL-0065] OverflowTileCnt2: 65
[INFO GPL-0066] 0.5%RC: 1.1710
[INFO GPL-0067] 1.0%RC: 1.1027
[INFO GPL-0068] 2.0%RC: 1.0513
[INFO GPL-0069] 5.0%RC: 1.0206
[INFO GPL-0070] 0.5rcK: 1
[INFO GPL-0071] 1.0rcK: 1
[INFO GPL-0072] 2.0rcK: 0
[INFO GPL-0073] 5.0rcK: 0
[INFO GPL-0074] FinalRC: 1.1368
[INFO GPL-0078] FinalRC lower than minRC (1.201613), min RC updated.
[INFO GPL-0045] InflatedAreaDelta:     3004.135 um^2
[INFO GPL-0046] TargetDensity:            0.896
[INFO GPL-0049] WhiteSpaceArea:      143269.907 um^2
[INFO GPL-0050] NesterovInstsArea:    75172.834 um^2
[INFO GPL-0051] TotalFillerArea:      53214.606 um^2
[INFO GPL-0052] TotalGCellsArea:     128387.441 um^2
[INFO GPL-0053] ExpectedGCellsArea:  131391.575 um^2
[INFO GPL-0054] NewTargetDensity:         0.917
[INFO GPL-0055] NewWhiteSpaceArea:   143269.907 um^2
[INFO GPL-0056] MovableArea:         131391.578 um^2
[INFO GPL-0057] NewNesterovInstArea:  78176.969 um^2
[INFO GPL-0058] NewTotalFillerArea:   53214.609 um^2
[INFO GPL-0059] NewTotalGCellsArea:  131391.578 um^2
[NesterovSolve] Revert back to snapshot coordi
[NesterovSolve] Iter:  730 overflow: 0.524 HPWL: 150190895
[NesterovSolve] Iter:  740 overflow: 0.525 HPWL: 148921609
[NesterovSolve] Iter:  750 overflow: 0.485 HPWL: 146459909
[NesterovSolve] Iter:  760 overflow: 0.450 HPWL: 149740807
[NesterovSolve] Iter:  770 overflow: 0.413 HPWL: 150121370
[NesterovSolve] Iter:  780 overflow: 0.383 HPWL: 150612869
[NesterovSolve] Iter:  790 overflow: 0.345 HPWL: 152237426
[NesterovSolve] Iter:  800 overflow: 0.310 HPWL: 152890588
[NesterovSolve] Iter:  810 overflow: 0.280 HPWL: 153731367
[NesterovSolve] Iter:  820 overflow: 0.245 HPWL: 154512134
[NesterovSolve] Iter:  830 overflow: 0.216 HPWL: 155103974
[INFO GPL-0075] Routability numCall: 5 inflationIterCnt: 0 bloatIterCnt: 1
[INFO GPL-0036] TileBBox: (    0    0 ) ( 6900 6900 ) DBU
[INFO GPL-0038] TileCnt:      57   57
[INFO GPL-0039] numRoutingLayers: 6
[INFO GPL-0040] NumTiles: 3249
[INFO GPL-0063] TotalRouteOverflowH2: 2.300000309944153
[INFO GPL-0064] TotalRouteOverflowV2: 5.166667580604553
[INFO GPL-0065] OverflowTileCnt2: 61
[INFO GPL-0066] 0.5%RC: 1.1387
[INFO GPL-0067] 1.0%RC: 1.0833
[INFO GPL-0068] 2.0%RC: 1.0417
[INFO GPL-0069] 5.0%RC: 1.0167
[INFO GPL-0070] 0.5rcK: 1
[INFO GPL-0071] 1.0rcK: 1
[INFO GPL-0072] 2.0rcK: 0
[INFO GPL-0073] 5.0rcK: 0
[INFO GPL-0074] FinalRC: 1.1110
[INFO GPL-0078] FinalRC lower than minRC (1.136828), min RC updated.
[INFO GPL-0045] InflatedAreaDelta:     2164.262 um^2
[INFO GPL-0046] TargetDensity:            0.917
[INFO GPL-0049] WhiteSpaceArea:      143269.907 um^2
[INFO GPL-0050] NesterovInstsArea:    78176.969 um^2
[INFO GPL-0051] TotalFillerArea:      53214.609 um^2
[INFO GPL-0052] TotalGCellsArea:     131391.578 um^2
[INFO GPL-0053] ExpectedGCellsArea:  133555.840 um^2
[INFO GPL-0054] NewTargetDensity:         0.932
[INFO GPL-0055] NewWhiteSpaceArea:   143269.907 um^2
[INFO GPL-0056] MovableArea:         133555.839 um^2
[INFO GPL-0057] NewNesterovInstArea:  80341.231 um^2
[INFO GPL-0058] NewTotalFillerArea:   53214.608 um^2
[INFO GPL-0059] NewTotalGCellsArea:  133555.839 um^2
[NesterovSolve] Revert back to snapshot coordi
[NesterovSolve] Iter:  840 overflow: 0.526 HPWL: 155668439
[NesterovSolve] Iter:  850 overflow: 0.531 HPWL: 149030502
[NesterovSolve] Iter:  860 overflow: 0.490 HPWL: 148117328
[NesterovSolve] Iter:  870 overflow: 0.455 HPWL: 150034136
[NesterovSolve] Iter:  880 overflow: 0.414 HPWL: 151581979
[NesterovSolve] Iter:  890 overflow: 0.382 HPWL: 151734946
[NesterovSolve] Iter:  900 overflow: 0.347 HPWL: 153743533
[NesterovSolve] Iter:  910 overflow: 0.315 HPWL: 154322391
[NesterovSolve] Iter:  920 overflow: 0.281 HPWL: 155103998
[NesterovSolve] Iter:  930 overflow: 0.247 HPWL: 155826311
[NesterovSolve] Iter:  940 overflow: 0.218 HPWL: 156446677
[INFO GPL-0075] Routability numCall: 6 inflationIterCnt: 1 bloatIterCnt: 1
[INFO GPL-0036] TileBBox: (    0    0 ) ( 6900 6900 ) DBU
[INFO GPL-0038] TileCnt:      57   57
[INFO GPL-0039] numRoutingLayers: 6
[INFO GPL-0040] NumTiles: 3249
[INFO GPL-0063] TotalRouteOverflowH2: 1.6500002145767212
[INFO GPL-0064] TotalRouteOverflowV2: 6.700001120567322
[INFO GPL-0065] OverflowTileCnt2: 55
[INFO GPL-0066] 0.5%RC: 1.1860
[INFO GPL-0067] 1.0%RC: 1.1081
[INFO GPL-0068] 2.0%RC: 1.0540
[INFO GPL-0069] 5.0%RC: 1.0217
[INFO GPL-0070] 0.5rcK: 1
[INFO GPL-0071] 1.0rcK: 1
[INFO GPL-0072] 2.0rcK: 0
[INFO GPL-0073] 5.0rcK: 0
[INFO GPL-0074] FinalRC: 1.1470
[INFO GPL-0079] MinRC (1.1110215) violation occurred, total count: 1.
[INFO GPL-0045] InflatedAreaDelta:     2280.264 um^2
[INFO GPL-0046] TargetDensity:            0.932
[INFO GPL-0049] WhiteSpaceArea:      143269.907 um^2
[INFO GPL-0050] NesterovInstsArea:    80341.231 um^2
[INFO GPL-0051] TotalFillerArea:      53214.608 um^2
[INFO GPL-0052] TotalGCellsArea:     133555.839 um^2
[INFO GPL-0053] ExpectedGCellsArea:  135836.103 um^2
[INFO GPL-0054] NewTargetDensity:         0.948
[INFO GPL-0055] NewWhiteSpaceArea:   143269.907 um^2
[INFO GPL-0056] MovableArea:         135836.107 um^2
[INFO GPL-0057] NewNesterovInstArea:  82621.495 um^2
[INFO GPL-0058] NewTotalFillerArea:   53214.612 um^2
[INFO GPL-0059] NewTotalGCellsArea:  135836.107 um^2
[NesterovSolve] Revert back to snapshot coordi
[NesterovSolve] Iter:  950 overflow: 0.545 HPWL: 155532888
[NesterovSolve] Iter:  960 overflow: 0.531 HPWL: 150166796
[NesterovSolve] Iter:  970 overflow: 0.490 HPWL: 149426580
[NesterovSolve] Iter:  980 overflow: 0.454 HPWL: 150852478
[NesterovSolve] Iter:  990 overflow: 0.416 HPWL: 152823838
[NesterovSolve] Iter: 1000 overflow: 0.388 HPWL: 152523849
[NesterovSolve] Iter: 1010 overflow: 0.353 HPWL: 154088339
[NesterovSolve] Iter: 1020 overflow: 0.314 HPWL: 154548395
[NesterovSolve] Iter: 1030 overflow: 0.279 HPWL: 155302714
[NesterovSolve] Iter: 1040 overflow: 0.244 HPWL: 155796331
[NesterovSolve] Iter: 1050 overflow: 0.219 HPWL: 156251560
[INFO GPL-0075] Routability numCall: 7 inflationIterCnt: 2 bloatIterCnt: 1
[INFO GPL-0036] TileBBox: (    0    0 ) ( 6900 6900 ) DBU
[INFO GPL-0038] TileCnt:      57   57
[INFO GPL-0039] numRoutingLayers: 6
[INFO GPL-0040] NumTiles: 3249
[INFO GPL-0063] TotalRouteOverflowH2: 1.4000003337860107
[INFO GPL-0064] TotalRouteOverflowV2: 4.766667604446411
[INFO GPL-0065] OverflowTileCnt2: 57
[INFO GPL-0066] 0.5%RC: 1.1258
[INFO GPL-0067] 1.0%RC: 1.0769
[INFO GPL-0068] 2.0%RC: 1.0384
[INFO GPL-0069] 5.0%RC: 1.0154
[INFO GPL-0070] 0.5rcK: 1
[INFO GPL-0071] 1.0rcK: 1
[INFO GPL-0072] 2.0rcK: 0
[INFO GPL-0073] 5.0rcK: 0
[INFO GPL-0074] FinalRC: 1.1013
[INFO GPL-0078] FinalRC lower than minRC (1.1110215), min RC updated.
[INFO GPL-0045] InflatedAreaDelta:     1704.901 um^2
[INFO GPL-0046] TargetDensity:            0.948
[INFO GPL-0049] WhiteSpaceArea:      143269.907 um^2
[INFO GPL-0050] NesterovInstsArea:    82621.495 um^2
[INFO GPL-0051] TotalFillerArea:      53214.612 um^2
[INFO GPL-0052] TotalGCellsArea:     135836.107 um^2
[INFO GPL-0053] ExpectedGCellsArea:  137541.008 um^2
[INFO GPL-0054] NewTargetDensity:         0.960
[INFO GPL-0055] NewWhiteSpaceArea:   143269.907 um^2
[INFO GPL-0056] MovableArea:         137541.009 um^2
[INFO GPL-0057] NewNesterovInstArea:  84326.397 um^2
[INFO GPL-0058] NewTotalFillerArea:   53214.613 um^2
[INFO GPL-0059] NewTotalGCellsArea:  137541.009 um^2
[NesterovSolve] Revert back to snapshot coordi
[NesterovSolve] Iter: 1060 overflow: 0.540 HPWL: 157228451
[NesterovSolve] Iter: 1070 overflow: 0.530 HPWL: 151163487
[NesterovSolve] Iter: 1080 overflow: 0.490 HPWL: 150441050
[NesterovSolve] Iter: 1090 overflow: 0.454 HPWL: 151698673
[NesterovSolve] Iter: 1100 overflow: 0.416 HPWL: 153441618
[NesterovSolve] Iter: 1110 overflow: 0.385 HPWL: 153060764
[NesterovSolve] Iter: 1120 overflow: 0.352 HPWL: 154672791
[NesterovSolve] Iter: 1130 overflow: 0.316 HPWL: 155533736
[NesterovSolve] Iter: 1140 overflow: 0.284 HPWL: 156548573
[NesterovSolve] Iter: 1150 overflow: 0.251 HPWL: 156945400
[NesterovSolve] Iter: 1160 overflow: 0.219 HPWL: 157456594
[INFO GPL-0075] Routability numCall: 8 inflationIterCnt: 3 bloatIterCnt: 1
[INFO GPL-0036] TileBBox: (    0    0 ) ( 6900 6900 ) DBU
[INFO GPL-0038] TileCnt:      57   57
[INFO GPL-0039] numRoutingLayers: 6
[INFO GPL-0040] NumTiles: 3249
[INFO GPL-0063] TotalRouteOverflowH2: 2.6000003814697266
[INFO GPL-0064] TotalRouteOverflowV2: 6.43333375453949
[INFO GPL-0065] OverflowTileCnt2: 58
[INFO GPL-0066] 0.5%RC: 1.1839
[INFO GPL-0067] 1.0%RC: 1.1038
[INFO GPL-0068] 2.0%RC: 1.0519
[INFO GPL-0069] 5.0%RC: 1.0208
[INFO GPL-0070] 0.5rcK: 1
[INFO GPL-0071] 1.0rcK: 1
[INFO GPL-0072] 2.0rcK: 0
[INFO GPL-0073] 5.0rcK: 0
[INFO GPL-0074] FinalRC: 1.1438
[INFO GPL-0079] MinRC (1.1013441) violation occurred, total count: 1.
[INFO GPL-0045] InflatedAreaDelta:     2479.955 um^2
[INFO GPL-0046] TargetDensity:            0.960
[INFO GPL-0049] WhiteSpaceArea:      143269.907 um^2
[INFO GPL-0050] NesterovInstsArea:    84326.397 um^2
[INFO GPL-0051] TotalFillerArea:      53214.613 um^2
[INFO GPL-0052] TotalGCellsArea:     137541.009 um^2
[INFO GPL-0053] ExpectedGCellsArea:  140020.964 um^2
[INFO GPL-0054] NewTargetDensity:         0.977
[INFO GPL-0055] NewWhiteSpaceArea:   143269.907 um^2
[INFO GPL-0056] MovableArea:         140020.957 um^2
[INFO GPL-0057] NewNesterovInstArea:  86806.351 um^2
[INFO GPL-0058] NewTotalFillerArea:   53214.606 um^2
[INFO GPL-0059] NewTotalGCellsArea:  140020.957 um^2
[NesterovSolve] Revert back to snapshot coordi
[NesterovSolve] Iter: 1170 overflow: 0.531 HPWL: 159980587
[NesterovSolve] Iter: 1180 overflow: 0.523 HPWL: 152118965
[NesterovSolve] Iter: 1190 overflow: 0.487 HPWL: 150525358
[NesterovSolve] Iter: 1200 overflow: 0.455 HPWL: 152786758
[NesterovSolve] Iter: 1210 overflow: 0.420 HPWL: 154155103
[NesterovSolve] Iter: 1220 overflow: 0.383 HPWL: 152996917
[NesterovSolve] Iter: 1230 overflow: 0.346 HPWL: 155326441
[NesterovSolve] Iter: 1240 overflow: 0.314 HPWL: 156034299
[NesterovSolve] Iter: 1250 overflow: 0.280 HPWL: 156911188
[NesterovSolve] Iter: 1260 overflow: 0.246 HPWL: 157281401
[NesterovSolve] Iter: 1270 overflow: 0.216 HPWL: 157863221
[INFO GPL-0075] Routability numCall: 9 inflationIterCnt: 4 bloatIterCnt: 1
[INFO GPL-0036] TileBBox: (    0    0 ) ( 6900 6900 ) DBU
[INFO GPL-0038] TileCnt:      57   57
[INFO GPL-0039] numRoutingLayers: 6
[INFO GPL-0040] NumTiles: 3249
[INFO GPL-0063] TotalRouteOverflowH2: 3.1000003814697266
[INFO GPL-0064] TotalRouteOverflowV2: 5.600000977516174
[INFO GPL-0065] OverflowTileCnt2: 55
[INFO GPL-0066] 0.5%RC: 1.1656
[INFO GPL-0067] 1.0%RC: 1.0903
[INFO GPL-0068] 2.0%RC: 1.0452
[INFO GPL-0069] 5.0%RC: 1.0181
[INFO GPL-0070] 0.5rcK: 1
[INFO GPL-0071] 1.0rcK: 1
[INFO GPL-0072] 2.0rcK: 0
[INFO GPL-0073] 5.0rcK: 0
[INFO GPL-0074] FinalRC: 1.1280
[INFO GPL-0079] MinRC (1.1013441) violation occurred, total count: 2.
[INFO GPL-0045] InflatedAreaDelta:     3136.805 um^2
[INFO GPL-0046] TargetDensity:            0.977
Revert Routability Procedure. Target density higher than max, or minRC max violations.
[INFO GPL-0080] minRcViolatedCnt: 2
[INFO GPL-0047] SavedMinRC: 1.1013
[INFO GPL-0048] SavedTargetDensity: 0.9481
[NesterovSolve] Revert back to snapshot coordi
[NesterovSolve] Iter: 1280 overflow: 0.540 HPWL: 149079470
[NesterovSolve] Iter: 1290 overflow: 0.516 HPWL: 147733099
[NesterovSolve] Iter: 1300 overflow: 0.476 HPWL: 147412600
[NesterovSolve] Iter: 1310 overflow: 0.442 HPWL: 149035884
[NesterovSolve] Iter: 1320 overflow: 0.404 HPWL: 151687439
[NesterovSolve] Iter: 1330 overflow: 0.374 HPWL: 151516815
[NesterovSolve] Iter: 1340 overflow: 0.340 HPWL: 153251148
[NesterovSolve] Iter: 1350 overflow: 0.308 HPWL: 154129195
[NesterovSolve] Iter: 1360 overflow: 0.273 HPWL: 154899940
[NesterovSolve] Iter: 1370 overflow: 0.243 HPWL: 155545027
[NesterovSolve] Iter: 1380 overflow: 0.209 HPWL: 156107975
[NesterovSolve] Iter: 1390 overflow: 0.185 HPWL: 156688888
[NesterovSolve] Iter: 1400 overflow: 0.161 HPWL: 157284516
[INFO GPL-0100] worst slack 9.22e-09
[INFO GPL-0103] Weighted 539 nets.
[NesterovSolve] Iter: 1410 overflow: 0.136 HPWL: 157669667
[NesterovSolve] Iter: 1420 overflow: 0.114 HPWL: 158014198
[NesterovSolve] Finished with Overflow: 0.098611
Setting global connections for newly added cells…
Writing OpenROAD database to '/openlane/designs/alu_and_register/runs/RUN_2025.06.14_21.48.27/tmp/placement/7-global.odb'…
Writing netlist to '/openlane/designs/alu_and_register/runs/RUN_2025.06.14_21.48.27/tmp/placement/7-global.nl.v'…
Writing powered netlist to '/openlane/designs/alu_and_register/runs/RUN_2025.06.14_21.48.27/tmp/placement/7-global.pnl.v'…
Writing layout to '/openlane/designs/alu_and_register/runs/RUN_2025.06.14_21.48.27/tmp/placement/7-global.def'…
