
===========================================================================
 report_power
============================================================================
======================= Fastest Corner ===================================

Group                  Internal  Switching    Leakage      Total
                          Power      Power      Power      Power (Watts)
----------------------------------------------------------------
Sequential             1.17e-03   1.96e-03   4.55e-09   3.13e-03   5.3%
Combinational          6.98e-03   4.60e-02   1.10e-07   5.30e-02  88.9%
Clock                  5.19e-04   2.95e-03   6.08e-07   3.47e-03   5.8%
Macro                  0.00e+00   0.00e+00   0.00e+00   0.00e+00   0.0%
Pad                    0.00e+00   0.00e+00   0.00e+00   0.00e+00   0.0%
----------------------------------------------------------------
Total                  8.67e-03   5.09e-02   7.23e-07   5.96e-02 100.0%
                          14.6%      85.4%       0.0%

======================= Slowest Corner ===================================

Group                  Internal  Switching    Leakage      Total
                          Power      Power      Power      Power (Watts)
----------------------------------------------------------------
Sequential             7.39e-04   1.32e-03   3.12e-06   2.06e-03   5.1%
Combinational          4.57e-03   3.12e-02   3.56e-05   3.58e-02  89.0%
Clock                  3.67e-04   1.98e-03   1.15e-06   2.35e-03   5.9%
Macro                  0.00e+00   0.00e+00   0.00e+00   0.00e+00   0.0%
Pad                    0.00e+00   0.00e+00   0.00e+00   0.00e+00   0.0%
----------------------------------------------------------------
Total                  5.67e-03   3.45e-02   3.99e-05   4.02e-02 100.0%
                          14.1%      85.8%       0.1%

======================= Typical Corner ===================================

Group                  Internal  Switching    Leakage      Total
                          Power      Power      Power      Power (Watts)
----------------------------------------------------------------
Sequential             9.58e-04   1.67e-03   1.68e-09   2.63e-03   5.2%
Combinational          5.74e-03   3.93e-02   2.37e-08   4.51e-02  88.9%
Clock                  4.57e-04   2.51e-03   6.07e-07   2.97e-03   5.9%
Macro                  0.00e+00   0.00e+00   0.00e+00   0.00e+00   0.0%
Pad                    0.00e+00   0.00e+00   0.00e+00   0.00e+00   0.0%
----------------------------------------------------------------
Total                  7.16e-03   4.35e-02   6.32e-07   5.07e-02 100.0%
                          14.1%      85.9%       0.0%

