
===========================================================================
 report_power
============================================================================
======================= Fastest Corner ===================================

Group                  Internal  Switching    Leakage      Total
                          Power      Power      Power      Power (Watts)
----------------------------------------------------------------
Sequential             1.55e-03   1.05e-05   2.01e-07   1.56e-03  55.2%
Combinational          2.17e-05   3.56e-05   1.35e-08   5.74e-05   2.0%
Clock                  5.40e-04   6.71e-04   1.18e-08   1.21e-03  42.7%
Macro                  0.00e+00   0.00e+00   0.00e+00   0.00e+00   0.0%
Pad                    0.00e+00   0.00e+00   0.00e+00   0.00e+00   0.0%
----------------------------------------------------------------
Total                  2.11e-03   7.17e-04   2.26e-07   2.83e-03 100.0%
                          74.7%      25.3%       0.0%

======================= Slowest Corner ===================================

Group                  Internal  Switching    Leakage      Total
                          Power      Power      Power      Power (Watts)
----------------------------------------------------------------
Sequential             1.03e-03   6.84e-06   6.93e-06   1.05e-03  54.5%
Combinational          1.58e-05   2.35e-05   1.36e-05   5.29e-05   2.8%
Clock                  3.87e-04   4.32e-04   9.59e-07   8.19e-04  42.7%
Macro                  0.00e+00   0.00e+00   0.00e+00   0.00e+00   0.0%
Pad                    0.00e+00   0.00e+00   0.00e+00   0.00e+00   0.0%
----------------------------------------------------------------
Total                  1.44e-03   4.62e-04   2.15e-05   1.92e-03 100.0%
                          74.8%      24.1%       1.1%

======================= Typical Corner ===================================

Group                  Internal  Switching    Leakage      Total
                          Power      Power      Power      Power (Watts)
----------------------------------------------------------------
Sequential             1.34e-03   8.80e-06   1.98e-07   1.35e-03  55.4%
Combinational          1.94e-05   3.00e-05   9.63e-09   4.94e-05   2.0%
Clock                  4.72e-04   5.64e-04   9.53e-09   1.04e-03  42.6%
Macro                  0.00e+00   0.00e+00   0.00e+00   0.00e+00   0.0%
Pad                    0.00e+00   0.00e+00   0.00e+00   0.00e+00   0.0%
----------------------------------------------------------------
Total                  1.83e-03   6.03e-04   2.17e-07   2.43e-03 100.0%
                          75.2%      24.8%       0.0%

