
===========================================================================
report_checks -unconstrained
===========================================================================
======================= Fastest Corner ===================================

Startpoint: _5425_ (rising edge-triggered flip-flop clocked by core_clock)
Endpoint: _5405_ (rising edge-triggered flip-flop clocked by core_clock)
Path Group: core_clock
Path Type: max
Corner: Fastest

Fanout     Cap    Slew   Delay    Time   Description
-----------------------------------------------------------------------------
                          0.00    0.00   clock core_clock (rise edge)
                          0.00    0.00   clock source latency
     1    0.06    0.00    0.00    0.00 ^ clk (in)
                                         clk (net)
                  0.00    0.00    0.00 ^ clkbuf_0_clk/A (sky130_fd_sc_hd__clkbuf_16)
     4    0.09    0.08    0.12    0.12 ^ clkbuf_0_clk/X (sky130_fd_sc_hd__clkbuf_16)
                                         clknet_0_clk (net)
                  0.08    0.00    0.12 ^ clkbuf_2_0__f_clk/A (sky130_fd_sc_hd__clkbuf_16)
     9    0.11    0.10    0.15    0.27 ^ clkbuf_2_0__f_clk/X (sky130_fd_sc_hd__clkbuf_16)
                                         clknet_2_0__leaf_clk (net)
                  0.10    0.00    0.27 ^ clkbuf_leaf_42_clk/A (sky130_fd_sc_hd__clkbuf_8)
    11    0.04    0.06    0.12    0.39 ^ clkbuf_leaf_42_clk/X (sky130_fd_sc_hd__clkbuf_8)
                                         clknet_leaf_42_clk (net)
                  0.06    0.00    0.40 ^ _5425_/CLK (sky130_fd_sc_hd__dfrtp_1)
     4    0.01    0.06    0.26    0.66 v _5425_/Q (sky130_fd_sc_hd__dfrtp_1)
                                         cpu_inst.decoder_inst.current_pc[25] (net)
                  0.06    0.00    0.66 v _2539_/A (sky130_fd_sc_hd__or4_4)
     2    0.01    0.06    0.33    0.99 v _2539_/X (sky130_fd_sc_hd__or4_4)
                                         _0504_ (net)
                  0.06    0.00    0.99 v _2550_/A (sky130_fd_sc_hd__or4_4)
     4    0.02    0.08    0.36    1.35 v _2550_/X (sky130_fd_sc_hd__or4_4)
                                         _0515_ (net)
                  0.08    0.00    1.35 v clone4/A (sky130_fd_sc_hd__buf_2)
     5    0.02    0.05    0.12    1.47 v clone4/X (sky130_fd_sc_hd__buf_2)
                                         net17 (net)
                  0.05    0.00    1.47 v _2562_/A (sky130_fd_sc_hd__or4_4)
     5    0.05    0.11    0.40    1.87 v _2562_/X (sky130_fd_sc_hd__or4_4)
                                         _0527_ (net)
                  0.11    0.00    1.87 v _2563_/B (sky130_fd_sc_hd__nand2_2)
     7    0.03    0.14    0.15    2.02 ^ _2563_/Y (sky130_fd_sc_hd__nand2_2)
                                         _0528_ (net)
                  0.14    0.00    2.02 ^ _2626_/A (sky130_fd_sc_hd__or3_1)
     1    0.00    0.03    0.09    2.11 ^ _2626_/X (sky130_fd_sc_hd__or3_1)
                                         _0591_ (net)
                  0.03    0.00    2.11 ^ _2627_/A (sky130_fd_sc_hd__buf_2)
    10    0.04    0.16    0.16    2.27 ^ _2627_/X (sky130_fd_sc_hd__buf_2)
                                         _0592_ (net)
                  0.16    0.00    2.27 ^ _2649_/B (sky130_fd_sc_hd__or2_2)
     4    0.02    0.10    0.14    2.42 ^ _2649_/X (sky130_fd_sc_hd__or2_2)
                                         _0614_ (net)
                  0.10    0.00    2.42 ^ _2650_/A (sky130_fd_sc_hd__clkbuf_8)
    10    0.13    0.18    0.20    2.62 ^ _2650_/X (sky130_fd_sc_hd__clkbuf_8)
                                         _0615_ (net)
                  0.18    0.01    2.63 ^ _2651_/B (sky130_fd_sc_hd__nor2_1)
     2    0.02    0.08    0.08    2.71 v _2651_/Y (sky130_fd_sc_hd__nor2_1)
                                         _0616_ (net)
                  0.08    0.00    2.71 v _2652_/B (sky130_fd_sc_hd__nor2_2)
     4    0.02    0.19    0.17    2.88 ^ _2652_/Y (sky130_fd_sc_hd__nor2_2)
                                         _0617_ (net)
                  0.19    0.00    2.88 ^ _2894_/A (sky130_fd_sc_hd__buf_4)
    10    0.09    0.20    0.21    3.10 ^ _2894_/X (sky130_fd_sc_hd__buf_4)
                                         _0859_ (net)
                  0.20    0.00    3.10 ^ _2947_/A1 (sky130_fd_sc_hd__a31oi_4)
     9    0.04    0.13    0.13    3.23 v _2947_/Y (sky130_fd_sc_hd__a31oi_4)
                                         _0912_ (net)
                  0.13    0.00    3.23 v _2948_/A3 (sky130_fd_sc_hd__a31o_1)
     1    0.01    0.03    0.18    3.41 v _2948_/X (sky130_fd_sc_hd__a31o_1)
                                         _0913_ (net)
                  0.03    0.00    3.41 v _2949_/B (sky130_fd_sc_hd__xnor2_1)
     2    0.00    0.11    0.11    3.51 ^ _2949_/Y (sky130_fd_sc_hd__xnor2_1)
                                         _0914_ (net)
                  0.11    0.00    3.51 ^ _2951_/A_N (sky130_fd_sc_hd__and2b_1)
     1    0.00    0.03    0.12    3.64 v _2951_/X (sky130_fd_sc_hd__and2b_1)
                                         _0916_ (net)
                  0.03    0.00    3.64 v _2952_/B (sky130_fd_sc_hd__nor2_2)
     2    0.01    0.08    0.08    3.71 ^ _2952_/Y (sky130_fd_sc_hd__nor2_2)
                                         _0917_ (net)
                  0.08    0.00    3.71 ^ _2953_/A1 (sky130_fd_sc_hd__a21o_1)
     2    0.02    0.11    0.13    3.84 ^ _2953_/X (sky130_fd_sc_hd__a21o_1)
                                         _0918_ (net)
                  0.11    0.00    3.84 ^ _2955_/A1 (sky130_fd_sc_hd__a21boi_2)
     3    0.01    0.05    0.06    3.90 v _2955_/Y (sky130_fd_sc_hd__a21boi_2)
                                         _0920_ (net)
                  0.05    0.00    3.90 v _2985_/A1 (sky130_fd_sc_hd__a211o_4)
     5    0.02    0.05    0.23    4.13 v _2985_/X (sky130_fd_sc_hd__a211o_4)
                                         _0950_ (net)
                  0.05    0.00    4.13 v _3054_/A1 (sky130_fd_sc_hd__a2111o_1)
     3    0.01    0.07    0.26    4.39 v _3054_/X (sky130_fd_sc_hd__a2111o_1)
                                         _1019_ (net)
                  0.07    0.00    4.39 v _3407_/A1 (sky130_fd_sc_hd__a2111o_1)
     3    0.01    0.07    0.27    4.66 v _3407_/X (sky130_fd_sc_hd__a2111o_1)
                                         _1346_ (net)
                  0.07    0.00    4.66 v _3594_/A2 (sky130_fd_sc_hd__a2111o_1)
     3    0.01    0.07    0.30    4.96 v _3594_/X (sky130_fd_sc_hd__a2111o_1)
                                         _1529_ (net)
                  0.07    0.00    4.96 v _3643_/A2 (sky130_fd_sc_hd__a211o_1)
     2    0.01    0.04    0.20    5.16 v _3643_/X (sky130_fd_sc_hd__a211o_1)
                                         _1576_ (net)
                  0.04    0.00    5.16 v _3668_/A2 (sky130_fd_sc_hd__a21o_1)
     3    0.01    0.04    0.13    5.29 v _3668_/X (sky130_fd_sc_hd__a21o_1)
                                         _1601_ (net)
                  0.04    0.00    5.29 v _3703_/A1 (sky130_fd_sc_hd__a21oi_1)
     1    0.00    0.10    0.10    5.39 ^ _3703_/Y (sky130_fd_sc_hd__a21oi_1)
                                         _1635_ (net)
                  0.10    0.00    5.39 ^ _3704_/A (sky130_fd_sc_hd__nor2_1)
     2    0.01    0.04    0.05    5.44 v _3704_/Y (sky130_fd_sc_hd__nor2_1)
                                         _1636_ (net)
                  0.04    0.00    5.44 v _3712_/A1 (sky130_fd_sc_hd__a21o_1)
     5    0.03    0.10    0.17    5.60 v _3712_/X (sky130_fd_sc_hd__a21o_1)
                                         _1644_ (net)
                  0.10    0.00    5.60 v _4649_/A (sky130_fd_sc_hd__or4_4)
     1    0.00    0.06    0.33    5.94 v _4649_/X (sky130_fd_sc_hd__or4_4)
                                         _2282_ (net)
                  0.06    0.00    5.94 v _4650_/C (sky130_fd_sc_hd__or3_4)
     1    0.00    0.04    0.19    6.13 v _4650_/X (sky130_fd_sc_hd__or3_4)
                                         _2283_ (net)
                  0.04    0.00    6.13 v _4651_/D (sky130_fd_sc_hd__or4_4)
     8    0.04    0.10    0.31    6.44 v _4651_/X (sky130_fd_sc_hd__or4_4)
                                         _2284_ (net)
                  0.10    0.00    6.44 v _4661_/A (sky130_fd_sc_hd__and3_1)
     3    0.01    0.05    0.14    6.57 v _4661_/X (sky130_fd_sc_hd__and3_1)
                                         _2292_ (net)
                  0.05    0.00    6.57 v _4662_/A (sky130_fd_sc_hd__buf_6)
    10    0.03    0.03    0.09    6.67 v _4662_/X (sky130_fd_sc_hd__buf_6)
                                         _2293_ (net)
                  0.03    0.00    6.67 v _4672_/B2 (sky130_fd_sc_hd__a2bb2o_1)
     1    0.00    0.03    0.14    6.81 v _4672_/X (sky130_fd_sc_hd__a2bb2o_1)
                                         _0325_ (net)
                  0.03    0.00    6.81 v _5405_/D (sky130_fd_sc_hd__dfrtp_2)
                                  6.81   data arrival time

                         15.00   15.00   clock core_clock (rise edge)
                          0.00   15.00   clock source latency
     1    0.06    0.00    0.00   15.00 ^ clk (in)
                                         clk (net)
                  0.00    0.00   15.00 ^ clkbuf_0_clk/A (sky130_fd_sc_hd__clkbuf_16)
     4    0.09    0.08    0.12   15.12 ^ clkbuf_0_clk/X (sky130_fd_sc_hd__clkbuf_16)
                                         clknet_0_clk (net)
                  0.08    0.00   15.12 ^ clkbuf_2_0__f_clk/A (sky130_fd_sc_hd__clkbuf_16)
     9    0.11    0.10    0.15   15.27 ^ clkbuf_2_0__f_clk/X (sky130_fd_sc_hd__clkbuf_16)
                                         clknet_2_0__leaf_clk (net)
                  0.10    0.00   15.27 ^ clkbuf_leaf_0_clk/A (sky130_fd_sc_hd__clkbuf_8)
    12    0.04    0.06    0.12   15.40 ^ clkbuf_leaf_0_clk/X (sky130_fd_sc_hd__clkbuf_8)
                                         clknet_leaf_0_clk (net)
                  0.06    0.00   15.40 ^ _5405_/CLK (sky130_fd_sc_hd__dfrtp_2)
                          0.00   15.40   clock reconvergence pessimism
                         -0.07   15.33   library setup time
                                 15.33   data required time
-----------------------------------------------------------------------------
                                 15.33   data required time
                                 -6.81   data arrival time
-----------------------------------------------------------------------------
                                  8.52   slack (MET)



======================= Slowest Corner ===================================

Startpoint: _5425_ (rising edge-triggered flip-flop clocked by core_clock)
Endpoint: _5405_ (rising edge-triggered flip-flop clocked by core_clock)
Path Group: core_clock
Path Type: max
Corner: Slowest

Fanout     Cap    Slew   Delay    Time   Description
-----------------------------------------------------------------------------
                          0.00    0.00   clock core_clock (rise edge)
                          0.00    0.00   clock source latency
     1    0.06    0.00    0.00    0.00 ^ clk (in)
                                         clk (net)
                  0.00    0.00    0.00 ^ clkbuf_0_clk/A (sky130_fd_sc_hd__clkbuf_16)
     4    0.09    0.16    0.28    0.28 ^ clkbuf_0_clk/X (sky130_fd_sc_hd__clkbuf_16)
                                         clknet_0_clk (net)
                  0.16    0.00    0.28 ^ clkbuf_2_0__f_clk/A (sky130_fd_sc_hd__clkbuf_16)
     9    0.11    0.19    0.37    0.65 ^ clkbuf_2_0__f_clk/X (sky130_fd_sc_hd__clkbuf_16)
                                         clknet_2_0__leaf_clk (net)
                  0.19    0.00    0.65 ^ clkbuf_leaf_42_clk/A (sky130_fd_sc_hd__clkbuf_8)
    11    0.04    0.12    0.33    0.98 ^ clkbuf_leaf_42_clk/X (sky130_fd_sc_hd__clkbuf_8)
                                         clknet_leaf_42_clk (net)
                  0.12    0.00    0.98 ^ _5425_/CLK (sky130_fd_sc_hd__dfrtp_1)
     4    0.01    0.16    0.85    1.83 v _5425_/Q (sky130_fd_sc_hd__dfrtp_1)
                                         cpu_inst.decoder_inst.current_pc[25] (net)
                  0.16    0.00    1.83 v _2539_/A (sky130_fd_sc_hd__or4_4)
     2    0.01    0.16    1.09    2.92 v _2539_/X (sky130_fd_sc_hd__or4_4)
                                         _0504_ (net)
                  0.16    0.00    2.92 v _2550_/A (sky130_fd_sc_hd__or4_4)
     4    0.02    0.21    1.18    4.10 v _2550_/X (sky130_fd_sc_hd__or4_4)
                                         _0515_ (net)
                  0.21    0.00    4.10 v clone4/A (sky130_fd_sc_hd__buf_2)
     5    0.02    0.13    0.38    4.48 v clone4/X (sky130_fd_sc_hd__buf_2)
                                         net17 (net)
                  0.13    0.00    4.48 v _2562_/A (sky130_fd_sc_hd__or4_4)
     5    0.05    0.29    1.28    5.76 v _2562_/X (sky130_fd_sc_hd__or4_4)
                                         _0527_ (net)
                  0.29    0.00    5.76 v _2563_/B (sky130_fd_sc_hd__nand2_2)
     7    0.03    0.29    0.36    6.12 ^ _2563_/Y (sky130_fd_sc_hd__nand2_2)
                                         _0528_ (net)
                  0.29    0.00    6.13 ^ _2626_/A (sky130_fd_sc_hd__or3_1)
     1    0.00    0.07    0.27    6.39 ^ _2626_/X (sky130_fd_sc_hd__or3_1)
                                         _0591_ (net)
                  0.07    0.00    6.39 ^ _2627_/A (sky130_fd_sc_hd__buf_2)
    10    0.04    0.34    0.39    6.79 ^ _2627_/X (sky130_fd_sc_hd__buf_2)
                                         _0592_ (net)
                  0.34    0.00    6.79 ^ _2649_/B (sky130_fd_sc_hd__or2_2)
     4    0.02    0.20    0.41    7.20 ^ _2649_/X (sky130_fd_sc_hd__or2_2)
                                         _0614_ (net)
                  0.20    0.00    7.20 ^ _2650_/A (sky130_fd_sc_hd__clkbuf_8)
    10    0.13    0.35    0.51    7.71 ^ _2650_/X (sky130_fd_sc_hd__clkbuf_8)
                                         _0615_ (net)
                  0.36    0.01    7.71 ^ _2651_/B (sky130_fd_sc_hd__nor2_1)
     2    0.02    0.18    0.29    8.00 v _2651_/Y (sky130_fd_sc_hd__nor2_1)
                                         _0616_ (net)
                  0.18    0.00    8.00 v _2671_/B (sky130_fd_sc_hd__nor2_4)
     7    0.04    0.41    0.41    8.40 ^ _2671_/Y (sky130_fd_sc_hd__nor2_4)
                                         _0636_ (net)
                  0.41    0.00    8.41 ^ _2672_/A (sky130_fd_sc_hd__buf_6)
     5    0.05    0.16    0.38    8.79 ^ _2672_/X (sky130_fd_sc_hd__buf_6)
                                         _0637_ (net)
                  0.16    0.00    8.79 ^ _2679_/A1 (sky130_fd_sc_hd__a31oi_4)
     8    0.04    0.32    0.34    9.13 v _2679_/Y (sky130_fd_sc_hd__a31oi_4)
                                         _0644_ (net)
                  0.32    0.00    9.13 v _2681_/B (sky130_fd_sc_hd__or3_1)
     2    0.01    0.16    0.93   10.06 v _2681_/X (sky130_fd_sc_hd__or3_1)
                                         _0646_ (net)
                  0.16    0.00   10.06 v _2700_/B (sky130_fd_sc_hd__and3_1)
     2    0.01    0.11    0.42   10.48 v _2700_/X (sky130_fd_sc_hd__and3_1)
                                         _0665_ (net)
                  0.11    0.00   10.48 v _2925_/A1 (sky130_fd_sc_hd__o21ai_2)
     2    0.01    0.25    0.31   10.79 ^ _2925_/Y (sky130_fd_sc_hd__o21ai_2)
                                         _0890_ (net)
                  0.25    0.00   10.79 ^ _2937_/A1 (sky130_fd_sc_hd__a21bo_1)
     2    0.01    0.15    0.33   11.13 ^ _2937_/X (sky130_fd_sc_hd__a21bo_1)
                                         _0902_ (net)
                  0.15    0.00   11.13 ^ _2953_/A2 (sky130_fd_sc_hd__a21o_1)
     2    0.02    0.23    0.37   11.50 ^ _2953_/X (sky130_fd_sc_hd__a21o_1)
                                         _0918_ (net)
                  0.23    0.00   11.50 ^ _2955_/A1 (sky130_fd_sc_hd__a21boi_2)
     3    0.01    0.15    0.22   11.72 v _2955_/Y (sky130_fd_sc_hd__a21boi_2)
                                         _0920_ (net)
                  0.15    0.00   11.72 v _2985_/A1 (sky130_fd_sc_hd__a211o_4)
     5    0.02    0.11    0.65   12.38 v _2985_/X (sky130_fd_sc_hd__a211o_4)
                                         _0950_ (net)
                  0.11    0.00   12.38 v _3054_/A1 (sky130_fd_sc_hd__a2111o_1)
     3    0.01    0.20    0.83   13.21 v _3054_/X (sky130_fd_sc_hd__a2111o_1)
                                         _1019_ (net)
                  0.20    0.00   13.21 v _3061_/A2 (sky130_fd_sc_hd__a21o_1)
     3    0.01    0.13    0.44   13.65 v _3061_/X (sky130_fd_sc_hd__a21o_1)
                                         _1026_ (net)
                  0.13    0.00   13.65 v _3084_/A (sky130_fd_sc_hd__or2_4)
     3    0.01    0.09    0.51   14.16 v _3084_/X (sky130_fd_sc_hd__or2_4)
                                         _1049_ (net)
                  0.09    0.00   14.16 v _3110_/A1 (sky130_fd_sc_hd__a32o_2)
     2    0.01    0.09    0.47   14.63 v _3110_/X (sky130_fd_sc_hd__a32o_2)
                                         _1075_ (net)
                  0.09    0.00   14.63 v _4644_/A (sky130_fd_sc_hd__or3_4)
     1    0.01    0.13    0.77   15.40 v _4644_/X (sky130_fd_sc_hd__or3_4)
                                         _2277_ (net)
                  0.13    0.00   15.40 v _4645_/D (sky130_fd_sc_hd__or4_4)
     1    0.00    0.15    0.84   16.24 v _4645_/X (sky130_fd_sc_hd__or4_4)
                                         _2278_ (net)
                  0.15    0.00   16.24 v _4646_/C (sky130_fd_sc_hd__or3_4)
     1    0.01    0.13    0.69   16.93 v _4646_/X (sky130_fd_sc_hd__or3_4)
                                         _2279_ (net)
                  0.13    0.00   16.93 v _4647_/D (sky130_fd_sc_hd__or4_4)
     1    0.00    0.15    0.84   17.77 v _4647_/X (sky130_fd_sc_hd__or4_4)
                                         _2280_ (net)
                  0.15    0.00   17.77 v _4648_/D (sky130_fd_sc_hd__or4_4)
     1    0.01    0.17    0.90   18.66 v _4648_/X (sky130_fd_sc_hd__or4_4)
                                         _2281_ (net)
                  0.17    0.00   18.66 v _4651_/C (sky130_fd_sc_hd__or4_4)
     8    0.04    0.26    1.17   19.83 v _4651_/X (sky130_fd_sc_hd__or4_4)
                                         _2284_ (net)
                  0.26    0.00   19.83 v _4661_/A (sky130_fd_sc_hd__and3_1)
     3    0.01    0.12    0.43   20.27 v _4661_/X (sky130_fd_sc_hd__and3_1)
                                         _2292_ (net)
                  0.12    0.00   20.27 v _4662_/A (sky130_fd_sc_hd__buf_6)
    10    0.03    0.07    0.27   20.53 v _4662_/X (sky130_fd_sc_hd__buf_6)
                                         _2293_ (net)
                  0.07    0.00   20.53 v _4672_/B2 (sky130_fd_sc_hd__a2bb2o_1)
     1    0.00    0.09    0.51   21.05 v _4672_/X (sky130_fd_sc_hd__a2bb2o_1)
                                         _0325_ (net)
                  0.09    0.00   21.05 v _5405_/D (sky130_fd_sc_hd__dfrtp_2)
                                 21.05   data arrival time

                         15.00   15.00   clock core_clock (rise edge)
                          0.00   15.00   clock source latency
     1    0.06    0.00    0.00   15.00 ^ clk (in)
                                         clk (net)
                  0.00    0.00   15.00 ^ clkbuf_0_clk/A (sky130_fd_sc_hd__clkbuf_16)
     4    0.09    0.16    0.28   15.28 ^ clkbuf_0_clk/X (sky130_fd_sc_hd__clkbuf_16)
                                         clknet_0_clk (net)
                  0.16    0.00   15.28 ^ clkbuf_2_0__f_clk/A (sky130_fd_sc_hd__clkbuf_16)
     9    0.11    0.19    0.37   15.65 ^ clkbuf_2_0__f_clk/X (sky130_fd_sc_hd__clkbuf_16)
                                         clknet_2_0__leaf_clk (net)
                  0.19    0.00   15.65 ^ clkbuf_leaf_0_clk/A (sky130_fd_sc_hd__clkbuf_8)
    12    0.04    0.12    0.33   15.98 ^ clkbuf_leaf_0_clk/X (sky130_fd_sc_hd__clkbuf_8)
                                         clknet_leaf_0_clk (net)
                  0.12    0.00   15.98 ^ _5405_/CLK (sky130_fd_sc_hd__dfrtp_2)
                          0.00   15.98   clock reconvergence pessimism
                         -0.27   15.71   library setup time
                                 15.71   data required time
-----------------------------------------------------------------------------
                                 15.71   data required time
                                -21.05   data arrival time
-----------------------------------------------------------------------------
                                 -5.34   slack (VIOLATED)



======================= Typical Corner ===================================

Startpoint: _5425_ (rising edge-triggered flip-flop clocked by core_clock)
Endpoint: _5405_ (rising edge-triggered flip-flop clocked by core_clock)
Path Group: core_clock
Path Type: max
Corner: Typical

Fanout     Cap    Slew   Delay    Time   Description
-----------------------------------------------------------------------------
                          0.00    0.00   clock core_clock (rise edge)
                          0.00    0.00   clock source latency
     1    0.06    0.00    0.00    0.00 ^ clk (in)
                                         clk (net)
                  0.00    0.00    0.00 ^ clkbuf_0_clk/A (sky130_fd_sc_hd__clkbuf_16)
     4    0.09    0.11    0.16    0.17 ^ clkbuf_0_clk/X (sky130_fd_sc_hd__clkbuf_16)
                                         clknet_0_clk (net)
                  0.11    0.00    0.17 ^ clkbuf_2_0__f_clk/A (sky130_fd_sc_hd__clkbuf_16)
     9    0.11    0.12    0.22    0.38 ^ clkbuf_2_0__f_clk/X (sky130_fd_sc_hd__clkbuf_16)
                                         clknet_2_0__leaf_clk (net)
                  0.12    0.00    0.39 ^ clkbuf_leaf_42_clk/A (sky130_fd_sc_hd__clkbuf_8)
    11    0.04    0.08    0.18    0.57 ^ clkbuf_leaf_42_clk/X (sky130_fd_sc_hd__clkbuf_8)
                                         clknet_leaf_42_clk (net)
                  0.08    0.00    0.57 ^ _5425_/CLK (sky130_fd_sc_hd__dfrtp_1)
     4    0.01    0.08    0.41    0.98 v _5425_/Q (sky130_fd_sc_hd__dfrtp_1)
                                         cpu_inst.decoder_inst.current_pc[25] (net)
                  0.08    0.00    0.98 v _2539_/A (sky130_fd_sc_hd__or4_4)
     2    0.01    0.09    0.54    1.53 v _2539_/X (sky130_fd_sc_hd__or4_4)
                                         _0504_ (net)
                  0.09    0.00    1.53 v _2550_/A (sky130_fd_sc_hd__or4_4)
     4    0.02    0.11    0.59    2.12 v _2550_/X (sky130_fd_sc_hd__or4_4)
                                         _0515_ (net)
                  0.11    0.00    2.12 v clone4/A (sky130_fd_sc_hd__buf_2)
     5    0.02    0.07    0.19    2.31 v clone4/X (sky130_fd_sc_hd__buf_2)
                                         net17 (net)
                  0.07    0.00    2.31 v _2562_/A (sky130_fd_sc_hd__or4_4)
     5    0.05    0.16    0.66    2.97 v _2562_/X (sky130_fd_sc_hd__or4_4)
                                         _0527_ (net)
                  0.16    0.00    2.97 v _2563_/B (sky130_fd_sc_hd__nand2_2)
     7    0.03    0.18    0.21    3.18 ^ _2563_/Y (sky130_fd_sc_hd__nand2_2)
                                         _0528_ (net)
                  0.18    0.00    3.19 ^ _2626_/A (sky130_fd_sc_hd__or3_1)
     1    0.00    0.04    0.14    3.33 ^ _2626_/X (sky130_fd_sc_hd__or3_1)
                                         _0591_ (net)
                  0.04    0.00    3.33 ^ _2627_/A (sky130_fd_sc_hd__buf_2)
    10    0.04    0.21    0.23    3.55 ^ _2627_/X (sky130_fd_sc_hd__buf_2)
                                         _0592_ (net)
                  0.21    0.00    3.56 ^ _2649_/B (sky130_fd_sc_hd__or2_2)
     4    0.02    0.13    0.22    3.78 ^ _2649_/X (sky130_fd_sc_hd__or2_2)
                                         _0614_ (net)
                  0.13    0.00    3.78 ^ _2650_/A (sky130_fd_sc_hd__clkbuf_8)
    10    0.13    0.23    0.29    4.07 ^ _2650_/X (sky130_fd_sc_hd__clkbuf_8)
                                         _0615_ (net)
                  0.23    0.01    4.08 ^ _2651_/B (sky130_fd_sc_hd__nor2_1)
     2    0.02    0.11    0.15    4.22 v _2651_/Y (sky130_fd_sc_hd__nor2_1)
                                         _0616_ (net)
                  0.11    0.00    4.22 v _2671_/B (sky130_fd_sc_hd__nor2_4)
     7    0.04    0.25    0.24    4.46 ^ _2671_/Y (sky130_fd_sc_hd__nor2_4)
                                         _0636_ (net)
                  0.25    0.00    4.46 ^ _2672_/A (sky130_fd_sc_hd__buf_6)
     5    0.05    0.10    0.20    4.66 ^ _2672_/X (sky130_fd_sc_hd__buf_6)
                                         _0637_ (net)
                  0.10    0.00    4.66 ^ _2679_/A1 (sky130_fd_sc_hd__a31oi_4)
     8    0.04    0.16    0.16    4.82 v _2679_/Y (sky130_fd_sc_hd__a31oi_4)
                                         _0644_ (net)
                  0.16    0.00    4.83 v _2681_/B (sky130_fd_sc_hd__or3_1)
     2    0.01    0.08    0.40    5.22 v _2681_/X (sky130_fd_sc_hd__or3_1)
                                         _0646_ (net)
                  0.08    0.00    5.22 v _2700_/B (sky130_fd_sc_hd__and3_1)
     2    0.01    0.06    0.20    5.42 v _2700_/X (sky130_fd_sc_hd__and3_1)
                                         _0665_ (net)
                  0.06    0.00    5.42 v _2925_/A1 (sky130_fd_sc_hd__o21ai_2)
     2    0.01    0.15    0.18    5.60 ^ _2925_/Y (sky130_fd_sc_hd__o21ai_2)
                                         _0890_ (net)
                  0.15    0.00    5.60 ^ _2937_/A1 (sky130_fd_sc_hd__a21bo_1)
     2    0.01    0.09    0.17    5.77 ^ _2937_/X (sky130_fd_sc_hd__a21bo_1)
                                         _0902_ (net)
                  0.09    0.00    5.77 ^ _2953_/A2 (sky130_fd_sc_hd__a21o_1)
     2    0.02    0.15    0.20    5.97 ^ _2953_/X (sky130_fd_sc_hd__a21o_1)
                                         _0918_ (net)
                  0.15    0.00    5.97 ^ _2955_/A1 (sky130_fd_sc_hd__a21boi_2)
     3    0.01    0.08    0.10    6.07 v _2955_/Y (sky130_fd_sc_hd__a21boi_2)
                                         _0920_ (net)
                  0.08    0.00    6.07 v _2985_/A1 (sky130_fd_sc_hd__a211o_4)
     5    0.02    0.07    0.36    6.43 v _2985_/X (sky130_fd_sc_hd__a211o_4)
                                         _0950_ (net)
                  0.07    0.00    6.43 v _3054_/A1 (sky130_fd_sc_hd__a2111o_1)
     3    0.01    0.10    0.42    6.85 v _3054_/X (sky130_fd_sc_hd__a2111o_1)
                                         _1019_ (net)
                  0.10    0.00    6.85 v _3061_/A2 (sky130_fd_sc_hd__a21o_1)
     3    0.01    0.07    0.23    7.09 v _3061_/X (sky130_fd_sc_hd__a21o_1)
                                         _1026_ (net)
                  0.07    0.00    7.09 v _3084_/A (sky130_fd_sc_hd__or2_4)
     3    0.01    0.05    0.26    7.35 v _3084_/X (sky130_fd_sc_hd__or2_4)
                                         _1049_ (net)
                  0.05    0.00    7.35 v _3110_/A1 (sky130_fd_sc_hd__a32o_2)
     2    0.01    0.05    0.26    7.60 v _3110_/X (sky130_fd_sc_hd__a32o_2)
                                         _1075_ (net)
                  0.05    0.00    7.60 v _4644_/A (sky130_fd_sc_hd__or3_4)
     1    0.01    0.07    0.39    7.99 v _4644_/X (sky130_fd_sc_hd__or3_4)
                                         _2277_ (net)
                  0.07    0.00    7.99 v _4645_/D (sky130_fd_sc_hd__or4_4)
     1    0.00    0.08    0.41    8.40 v _4645_/X (sky130_fd_sc_hd__or4_4)
                                         _2278_ (net)
                  0.08    0.00    8.40 v _4646_/C (sky130_fd_sc_hd__or3_4)
     1    0.01    0.07    0.34    8.74 v _4646_/X (sky130_fd_sc_hd__or3_4)
                                         _2279_ (net)
                  0.07    0.00    8.74 v _4647_/D (sky130_fd_sc_hd__or4_4)
     1    0.00    0.08    0.41    9.15 v _4647_/X (sky130_fd_sc_hd__or4_4)
                                         _2280_ (net)
                  0.08    0.00    9.15 v _4648_/D (sky130_fd_sc_hd__or4_4)
     1    0.01    0.09    0.44    9.59 v _4648_/X (sky130_fd_sc_hd__or4_4)
                                         _2281_ (net)
                  0.09    0.00    9.59 v _4651_/C (sky130_fd_sc_hd__or4_4)
     8    0.04    0.15    0.59   10.18 v _4651_/X (sky130_fd_sc_hd__or4_4)
                                         _2284_ (net)
                  0.15    0.00   10.19 v _4661_/A (sky130_fd_sc_hd__and3_1)
     3    0.01    0.06    0.21   10.40 v _4661_/X (sky130_fd_sc_hd__and3_1)
                                         _2292_ (net)
                  0.06    0.00   10.40 v _4662_/A (sky130_fd_sc_hd__buf_6)
    10    0.03    0.04    0.14   10.54 v _4662_/X (sky130_fd_sc_hd__buf_6)
                                         _2293_ (net)
                  0.04    0.00   10.54 v _4672_/B2 (sky130_fd_sc_hd__a2bb2o_1)
     1    0.00    0.05    0.23   10.77 v _4672_/X (sky130_fd_sc_hd__a2bb2o_1)
                                         _0325_ (net)
                  0.05    0.00   10.77 v _5405_/D (sky130_fd_sc_hd__dfrtp_2)
                                 10.77   data arrival time

                         15.00   15.00   clock core_clock (rise edge)
                          0.00   15.00   clock source latency
     1    0.06    0.00    0.00   15.00 ^ clk (in)
                                         clk (net)
                  0.00    0.00   15.00 ^ clkbuf_0_clk/A (sky130_fd_sc_hd__clkbuf_16)
     4    0.09    0.11    0.16   15.17 ^ clkbuf_0_clk/X (sky130_fd_sc_hd__clkbuf_16)
                                         clknet_0_clk (net)
                  0.11    0.00   15.17 ^ clkbuf_2_0__f_clk/A (sky130_fd_sc_hd__clkbuf_16)
     9    0.11    0.12    0.22   15.38 ^ clkbuf_2_0__f_clk/X (sky130_fd_sc_hd__clkbuf_16)
                                         clknet_2_0__leaf_clk (net)
                  0.12    0.00   15.39 ^ clkbuf_leaf_0_clk/A (sky130_fd_sc_hd__clkbuf_8)
    12    0.04    0.08    0.18   15.57 ^ clkbuf_leaf_0_clk/X (sky130_fd_sc_hd__clkbuf_8)
                                         clknet_leaf_0_clk (net)
                  0.08    0.00   15.57 ^ _5405_/CLK (sky130_fd_sc_hd__dfrtp_2)
                          0.00   15.57   clock reconvergence pessimism
                         -0.11   15.46   library setup time
                                 15.46   data required time
-----------------------------------------------------------------------------
                                 15.46   data required time
                                -10.77   data arrival time
-----------------------------------------------------------------------------
                                  4.69   slack (MET)




===========================================================================
report_checks --slack_max -0.01
============================================================================
======================= Fastest Corner ===================================

No paths found.

======================= Slowest Corner ===================================

Startpoint: _5425_ (rising edge-triggered flip-flop clocked by core_clock)
Endpoint: _5405_ (rising edge-triggered flip-flop clocked by core_clock)
Path Group: core_clock
Path Type: max
Corner: Slowest

Fanout     Cap    Slew   Delay    Time   Description
-----------------------------------------------------------------------------
                          0.00    0.00   clock core_clock (rise edge)
                          0.00    0.00   clock source latency
     1    0.06    0.00    0.00    0.00 ^ clk (in)
                                         clk (net)
                  0.00    0.00    0.00 ^ clkbuf_0_clk/A (sky130_fd_sc_hd__clkbuf_16)
     4    0.09    0.16    0.28    0.28 ^ clkbuf_0_clk/X (sky130_fd_sc_hd__clkbuf_16)
                                         clknet_0_clk (net)
                  0.16    0.00    0.28 ^ clkbuf_2_0__f_clk/A (sky130_fd_sc_hd__clkbuf_16)
     9    0.11    0.19    0.37    0.65 ^ clkbuf_2_0__f_clk/X (sky130_fd_sc_hd__clkbuf_16)
                                         clknet_2_0__leaf_clk (net)
                  0.19    0.00    0.65 ^ clkbuf_leaf_42_clk/A (sky130_fd_sc_hd__clkbuf_8)
    11    0.04    0.12    0.33    0.98 ^ clkbuf_leaf_42_clk/X (sky130_fd_sc_hd__clkbuf_8)
                                         clknet_leaf_42_clk (net)
                  0.12    0.00    0.98 ^ _5425_/CLK (sky130_fd_sc_hd__dfrtp_1)
     4    0.01    0.16    0.85    1.83 v _5425_/Q (sky130_fd_sc_hd__dfrtp_1)
                                         cpu_inst.decoder_inst.current_pc[25] (net)
                  0.16    0.00    1.83 v _2539_/A (sky130_fd_sc_hd__or4_4)
     2    0.01    0.16    1.09    2.92 v _2539_/X (sky130_fd_sc_hd__or4_4)
                                         _0504_ (net)
                  0.16    0.00    2.92 v _2550_/A (sky130_fd_sc_hd__or4_4)
     4    0.02    0.21    1.18    4.10 v _2550_/X (sky130_fd_sc_hd__or4_4)
                                         _0515_ (net)
                  0.21    0.00    4.10 v clone4/A (sky130_fd_sc_hd__buf_2)
     5    0.02    0.13    0.38    4.48 v clone4/X (sky130_fd_sc_hd__buf_2)
                                         net17 (net)
                  0.13    0.00    4.48 v _2562_/A (sky130_fd_sc_hd__or4_4)
     5    0.05    0.29    1.28    5.76 v _2562_/X (sky130_fd_sc_hd__or4_4)
                                         _0527_ (net)
                  0.29    0.00    5.76 v _2563_/B (sky130_fd_sc_hd__nand2_2)
     7    0.03    0.29    0.36    6.12 ^ _2563_/Y (sky130_fd_sc_hd__nand2_2)
                                         _0528_ (net)
                  0.29    0.00    6.13 ^ _2626_/A (sky130_fd_sc_hd__or3_1)
     1    0.00    0.07    0.27    6.39 ^ _2626_/X (sky130_fd_sc_hd__or3_1)
                                         _0591_ (net)
                  0.07    0.00    6.39 ^ _2627_/A (sky130_fd_sc_hd__buf_2)
    10    0.04    0.34    0.39    6.79 ^ _2627_/X (sky130_fd_sc_hd__buf_2)
                                         _0592_ (net)
                  0.34    0.00    6.79 ^ _2649_/B (sky130_fd_sc_hd__or2_2)
     4    0.02    0.20    0.41    7.20 ^ _2649_/X (sky130_fd_sc_hd__or2_2)
                                         _0614_ (net)
                  0.20    0.00    7.20 ^ _2650_/A (sky130_fd_sc_hd__clkbuf_8)
    10    0.13    0.35    0.51    7.71 ^ _2650_/X (sky130_fd_sc_hd__clkbuf_8)
                                         _0615_ (net)
                  0.36    0.01    7.71 ^ _2651_/B (sky130_fd_sc_hd__nor2_1)
     2    0.02    0.18    0.29    8.00 v _2651_/Y (sky130_fd_sc_hd__nor2_1)
                                         _0616_ (net)
                  0.18    0.00    8.00 v _2671_/B (sky130_fd_sc_hd__nor2_4)
     7    0.04    0.41    0.41    8.40 ^ _2671_/Y (sky130_fd_sc_hd__nor2_4)
                                         _0636_ (net)
                  0.41    0.00    8.41 ^ _2672_/A (sky130_fd_sc_hd__buf_6)
     5    0.05    0.16    0.38    8.79 ^ _2672_/X (sky130_fd_sc_hd__buf_6)
                                         _0637_ (net)
                  0.16    0.00    8.79 ^ _2679_/A1 (sky130_fd_sc_hd__a31oi_4)
     8    0.04    0.32    0.34    9.13 v _2679_/Y (sky130_fd_sc_hd__a31oi_4)
                                         _0644_ (net)
                  0.32    0.00    9.13 v _2681_/B (sky130_fd_sc_hd__or3_1)
     2    0.01    0.16    0.93   10.06 v _2681_/X (sky130_fd_sc_hd__or3_1)
                                         _0646_ (net)
                  0.16    0.00   10.06 v _2700_/B (sky130_fd_sc_hd__and3_1)
     2    0.01    0.11    0.42   10.48 v _2700_/X (sky130_fd_sc_hd__and3_1)
                                         _0665_ (net)
                  0.11    0.00   10.48 v _2925_/A1 (sky130_fd_sc_hd__o21ai_2)
     2    0.01    0.25    0.31   10.79 ^ _2925_/Y (sky130_fd_sc_hd__o21ai_2)
                                         _0890_ (net)
                  0.25    0.00   10.79 ^ _2937_/A1 (sky130_fd_sc_hd__a21bo_1)
     2    0.01    0.15    0.33   11.13 ^ _2937_/X (sky130_fd_sc_hd__a21bo_1)
                                         _0902_ (net)
                  0.15    0.00   11.13 ^ _2953_/A2 (sky130_fd_sc_hd__a21o_1)
     2    0.02    0.23    0.37   11.50 ^ _2953_/X (sky130_fd_sc_hd__a21o_1)
                                         _0918_ (net)
                  0.23    0.00   11.50 ^ _2955_/A1 (sky130_fd_sc_hd__a21boi_2)
     3    0.01    0.15    0.22   11.72 v _2955_/Y (sky130_fd_sc_hd__a21boi_2)
                                         _0920_ (net)
                  0.15    0.00   11.72 v _2985_/A1 (sky130_fd_sc_hd__a211o_4)
     5    0.02    0.11    0.65   12.38 v _2985_/X (sky130_fd_sc_hd__a211o_4)
                                         _0950_ (net)
                  0.11    0.00   12.38 v _3054_/A1 (sky130_fd_sc_hd__a2111o_1)
     3    0.01    0.20    0.83   13.21 v _3054_/X (sky130_fd_sc_hd__a2111o_1)
                                         _1019_ (net)
                  0.20    0.00   13.21 v _3061_/A2 (sky130_fd_sc_hd__a21o_1)
     3    0.01    0.13    0.44   13.65 v _3061_/X (sky130_fd_sc_hd__a21o_1)
                                         _1026_ (net)
                  0.13    0.00   13.65 v _3084_/A (sky130_fd_sc_hd__or2_4)
     3    0.01    0.09    0.51   14.16 v _3084_/X (sky130_fd_sc_hd__or2_4)
                                         _1049_ (net)
                  0.09    0.00   14.16 v _3110_/A1 (sky130_fd_sc_hd__a32o_2)
     2    0.01    0.09    0.47   14.63 v _3110_/X (sky130_fd_sc_hd__a32o_2)
                                         _1075_ (net)
                  0.09    0.00   14.63 v _4644_/A (sky130_fd_sc_hd__or3_4)
     1    0.01    0.13    0.77   15.40 v _4644_/X (sky130_fd_sc_hd__or3_4)
                                         _2277_ (net)
                  0.13    0.00   15.40 v _4645_/D (sky130_fd_sc_hd__or4_4)
     1    0.00    0.15    0.84   16.24 v _4645_/X (sky130_fd_sc_hd__or4_4)
                                         _2278_ (net)
                  0.15    0.00   16.24 v _4646_/C (sky130_fd_sc_hd__or3_4)
     1    0.01    0.13    0.69   16.93 v _4646_/X (sky130_fd_sc_hd__or3_4)
                                         _2279_ (net)
                  0.13    0.00   16.93 v _4647_/D (sky130_fd_sc_hd__or4_4)
     1    0.00    0.15    0.84   17.77 v _4647_/X (sky130_fd_sc_hd__or4_4)
                                         _2280_ (net)
                  0.15    0.00   17.77 v _4648_/D (sky130_fd_sc_hd__or4_4)
     1    0.01    0.17    0.90   18.66 v _4648_/X (sky130_fd_sc_hd__or4_4)
                                         _2281_ (net)
                  0.17    0.00   18.66 v _4651_/C (sky130_fd_sc_hd__or4_4)
     8    0.04    0.26    1.17   19.83 v _4651_/X (sky130_fd_sc_hd__or4_4)
                                         _2284_ (net)
                  0.26    0.00   19.83 v _4661_/A (sky130_fd_sc_hd__and3_1)
     3    0.01    0.12    0.43   20.27 v _4661_/X (sky130_fd_sc_hd__and3_1)
                                         _2292_ (net)
                  0.12    0.00   20.27 v _4662_/A (sky130_fd_sc_hd__buf_6)
    10    0.03    0.07    0.27   20.53 v _4662_/X (sky130_fd_sc_hd__buf_6)
                                         _2293_ (net)
                  0.07    0.00   20.53 v _4672_/B2 (sky130_fd_sc_hd__a2bb2o_1)
     1    0.00    0.09    0.51   21.05 v _4672_/X (sky130_fd_sc_hd__a2bb2o_1)
                                         _0325_ (net)
                  0.09    0.00   21.05 v _5405_/D (sky130_fd_sc_hd__dfrtp_2)
                                 21.05   data arrival time

                         15.00   15.00   clock core_clock (rise edge)
                          0.00   15.00   clock source latency
     1    0.06    0.00    0.00   15.00 ^ clk (in)
                                         clk (net)
                  0.00    0.00   15.00 ^ clkbuf_0_clk/A (sky130_fd_sc_hd__clkbuf_16)
     4    0.09    0.16    0.28   15.28 ^ clkbuf_0_clk/X (sky130_fd_sc_hd__clkbuf_16)
                                         clknet_0_clk (net)
                  0.16    0.00   15.28 ^ clkbuf_2_0__f_clk/A (sky130_fd_sc_hd__clkbuf_16)
     9    0.11    0.19    0.37   15.65 ^ clkbuf_2_0__f_clk/X (sky130_fd_sc_hd__clkbuf_16)
                                         clknet_2_0__leaf_clk (net)
                  0.19    0.00   15.65 ^ clkbuf_leaf_0_clk/A (sky130_fd_sc_hd__clkbuf_8)
    12    0.04    0.12    0.33   15.98 ^ clkbuf_leaf_0_clk/X (sky130_fd_sc_hd__clkbuf_8)
                                         clknet_leaf_0_clk (net)
                  0.12    0.00   15.98 ^ _5405_/CLK (sky130_fd_sc_hd__dfrtp_2)
                          0.00   15.98   clock reconvergence pessimism
                         -0.27   15.71   library setup time
                                 15.71   data required time
-----------------------------------------------------------------------------
                                 15.71   data required time
                                -21.05   data arrival time
-----------------------------------------------------------------------------
                                 -5.34   slack (VIOLATED)



======================= Typical Corner ===================================

No paths found.


===========================================================================
 report_check_types -max_slew -max_cap -max_fanout -violators
============================================================================
======================= Fastest Corner ===================================


max slew violations count Fastest: 0
max fanout violations count Fastest: 0
max cap violations count Fastest: 0
======================= Slowest Corner ===================================


max slew violations count Slowest: 0
max fanout violations count Slowest: 0
max cap violations count Slowest: 0
======================= Typical Corner ===================================


max slew violations count Typical: 0
max fanout violations count Typical: 0
max cap violations count Typical: 0

===========================================================================
report_parasitic_annotation -report_unannotated
============================================================================
Found 42 unannotated drivers.
 clkload0/Y
 clkload1/Y
 clkload10/Y
 clkload11/Y
 clkload12/X
 clkload13/Y
 clkload14/Y
 clkload15/X
 clkload16/Y
 clkload17/Y
 clkload18/Y
 clkload19/Y
 clkload2/X
 clkload20/Y
 clkload21/Y
 clkload22/Y
 clkload23/Y
 clkload24/Y
 clkload25/Y
 clkload26/Y
 clkload27/Y
 clkload28/Y
 clkload29/Y
 clkload3/Y
 clkload30/Y
 clkload31/Y
 clkload32/Y
 clkload33/Y
 clkload34/Y
 clkload35/Y
 clkload36/Y
 clkload37/Y
 clkload38/Y
 clkload39/Y
 clkload4/Y
 clkload40/X
 clkload41/Y
 clkload5/Y
 clkload6/Y
 clkload7/Y
 clkload8/Y
 clkload9/Y
Found 0 partially unannotated drivers.

===========================================================================
max slew violation count 0
max fanout violation count 0
max cap violation count 0
============================================================================

===========================================================================
check_setup -verbose -unconstrained_endpoints -multiple_clock -no_clock -no_input_delay -loops -generated_clocks
===========================================================================
Warning: There are 2 input ports missing set_input_delay.
  control
  res
Warning: There are 12 unconstrained endpoints.
  an[0]
  an[1]
  an[2]
  an[3]
  seg[0]
  seg[1]
  seg[2]
  seg[3]
  seg[4]
  seg[5]
  seg[6]
  _5079_/D
