
===========================================================================
 report_power
============================================================================
======================= Fastest Corner ===================================

Group                  Internal  Switching    Leakage      Total
                          Power      Power      Power      Power (Watts)
----------------------------------------------------------------
Sequential             6.00e-03   8.61e-04   1.49e-08   6.87e-03  43.3%
Combinational          2.78e-03   2.40e-03   2.34e-08   5.19e-03  32.7%
Clock                  1.72e-03   2.08e-03   1.44e-08   3.81e-03  24.0%
Macro                  0.00e+00   0.00e+00   0.00e+00   0.00e+00   0.0%
Pad                    0.00e+00   0.00e+00   0.00e+00   0.00e+00   0.0%
----------------------------------------------------------------
Total                  1.05e-02   5.35e-03   5.27e-08   1.59e-02 100.0%
                          66.3%      33.7%       0.0%

======================= Slowest Corner ===================================

Group                  Internal  Switching    Leakage      Total
                          Power      Power      Power      Power (Watts)
----------------------------------------------------------------
Sequential             4.07e-03   5.51e-04   1.48e-05   4.64e-03  42.9%
Combinational          1.97e-03   1.58e-03   3.09e-05   3.59e-03  33.2%
Clock                  1.24e-03   1.34e-03   1.95e-06   2.58e-03  23.9%
Macro                  0.00e+00   0.00e+00   0.00e+00   0.00e+00   0.0%
Pad                    0.00e+00   0.00e+00   0.00e+00   0.00e+00   0.0%
----------------------------------------------------------------
Total                  7.28e-03   3.47e-03   4.76e-05   1.08e-02 100.0%
                          67.4%      32.1%       0.4%

======================= Typical Corner ===================================

Group                  Internal  Switching    Leakage      Total
                          Power      Power      Power      Power (Watts)
----------------------------------------------------------------
Sequential             5.20e-03   7.14e-04   8.57e-09   5.92e-03  43.2%
Combinational          2.49e-03   2.02e-03   1.99e-08   4.52e-03  33.0%
Clock                  1.51e-03   1.75e-03   9.71e-09   3.26e-03  23.8%
Macro                  0.00e+00   0.00e+00   0.00e+00   0.00e+00   0.0%
Pad                    0.00e+00   0.00e+00   0.00e+00   0.00e+00   0.0%
----------------------------------------------------------------
Total                  9.21e-03   4.49e-03   3.82e-08   1.37e-02 100.0%
                          67.2%      32.8%       0.0%

