
 /----------------------------------------------------------------------------\
 |                                                                            |
 |  yosys -- Yosys Open SYnthesis Suite                                       |
 |                                                                            |
 |  Copyright (C) 2012 - 2020  Claire Xenia Wolf <claire@yosyshq.com>         |
 |                                                                            |
 |  Permission to use, copy, modify, and/or distribute this software for any  |
 |  purpose with or without fee is hereby granted, provided that the above    |
 |  copyright notice and this permission notice appear in all copies.         |
 |                                                                            |
 |  THE SOFTWARE IS PROVIDED "AS IS" AND THE AUTHOR DISCLAIMS ALL WARRANTIES  |
 |  WITH REGARD TO THIS SOFTWARE INCLUDING ALL IMPLIED WARRANTIES OF          |
 |  MERCHANTABILITY AND FITNESS. IN NO EVENT SHALL THE AUTHOR BE LIABLE FOR   |
 |  ANY SPECIAL, DIRECT, INDIRECT, OR CONSEQUENTIAL DAMAGES OR ANY DAMAGES    |
 |  WHATSOEVER RESULTING FROM LOSS OF USE, DATA OR PROFITS, WHETHER IN AN     |
 |  ACTION OF CONTRACT, NEGLIGENCE OR OTHER TORTIOUS ACTION, ARISING OUT OF   |
 |  OR IN CONNECTION WITH THE USE OR PERFORMANCE OF THIS SOFTWARE.            |
 |                                                                            |
 \----------------------------------------------------------------------------/

 Yosys 0.38 (git sha1 543faed9c8c, clang++ 17.0.6 -fPIC -Os)

[TCL: yosys -import] Command name collision: found pre-existing command `cd' -> skip.
[TCL: yosys -import] Command name collision: found pre-existing command `eval' -> skip.
[TCL: yosys -import] Command name collision: found pre-existing command `exec' -> skip.
[TCL: yosys -import] Command name collision: found pre-existing command `read' -> skip.
[TCL: yosys -import] Command name collision: found pre-existing command `trace' -> skip.

1. Executing Liberty frontend: /home/kagan/.volare/sky130A/libs.ref/sky130_fd_sc_hd/lib/sky130_fd_sc_hd__tt_025C_1v80.lib
Imported 428 cell types from liberty file.

2. Executing Verilog-2005 frontend: /openlane/designs/zero_to_five_counter/src/SevenSegmentDisplay.v
Parsing SystemVerilog input from `/openlane/designs/zero_to_five_counter/src/SevenSegmentDisplay.v' to AST representation.
Storing AST representation for module `$abstract\SevenSegmentDisplay'.
Successfully finished Verilog frontend.

3. Executing Verilog-2005 frontend: /openlane/designs/zero_to_five_counter/src/TopModule.v
Parsing SystemVerilog input from `/openlane/designs/zero_to_five_counter/src/TopModule.v' to AST representation.
Storing AST representation for module `$abstract\TopModule'.
Successfully finished Verilog frontend.

4. Executing Verilog-2005 frontend: /openlane/designs/zero_to_five_counter/src/ZeroToFiveCounter.v
Parsing SystemVerilog input from `/openlane/designs/zero_to_five_counter/src/ZeroToFiveCounter.v' to AST representation.
Storing AST representation for module `$abstract\ZeroToFiveCounter'.
Successfully finished Verilog frontend.

5. Executing HIERARCHY pass (managing design hierarchy).

6. Executing AST frontend in derive mode using pre-parsed AST for module `\TopModule'.
Generating RTLIL representation for module `\TopModule'.

6.1. Analyzing design hierarchy..
Top module:  \TopModule

6.2. Executing AST frontend in derive mode using pre-parsed AST for module `\SevenSegmentDisplay'.
Generating RTLIL representation for module `\SevenSegmentDisplay'.

6.3. Executing AST frontend in derive mode using pre-parsed AST for module `\ZeroToFiveCounter'.
Generating RTLIL representation for module `\ZeroToFiveCounter'.

6.4. Analyzing design hierarchy..
Top module:  \TopModule
Used module:     \SevenSegmentDisplay
Used module:     \ZeroToFiveCounter

6.5. Analyzing design hierarchy..
Top module:  \TopModule
Used module:     \SevenSegmentDisplay
Used module:     \ZeroToFiveCounter
Removing unused module `$abstract\ZeroToFiveCounter'.
Removing unused module `$abstract\TopModule'.
Removing unused module `$abstract\SevenSegmentDisplay'.
Removed 3 unused modules.

7. Generating Graphviz representation of design.
Writing dot description to `/openlane/designs/zero_to_five_counter/runs/RUN_2025.05.24_22.36.15/tmp/synthesis/hierarchy.dot'.
Dumping module TopModule to page 1.
Renaming module TopModule to TopModule.

8. Executing TRIBUF pass.

9. Executing HIERARCHY pass (managing design hierarchy).

9.1. Analyzing design hierarchy..
Top module:  \TopModule
Used module:     \SevenSegmentDisplay
Used module:     \ZeroToFiveCounter

9.2. Analyzing design hierarchy..
Top module:  \TopModule
Used module:     \SevenSegmentDisplay
Used module:     \ZeroToFiveCounter
Removed 0 unused modules.

10. Executing PROC_CLEAN pass (remove empty switches from decision trees).
Cleaned up 0 empty switches.

11. Executing PROC_RMDEAD pass (remove dead branches from decision trees).
Marked 1 switch rules as full_case in process $proc$/openlane/designs/zero_to_five_counter/src/SevenSegmentDisplay.v:28$1 in module SevenSegmentDisplay.
Marked 2 switch rules as full_case in process $proc$/openlane/designs/zero_to_five_counter/src/ZeroToFiveCounter.v:45$5 in module ZeroToFiveCounter.
Marked 2 switch rules as full_case in process $proc$/openlane/designs/zero_to_five_counter/src/ZeroToFiveCounter.v:32$2 in module ZeroToFiveCounter.
Removed a total of 0 dead cases.

12. Executing PROC_PRUNE pass (remove redundant assignments in processes).
Removed 2 redundant assignments.
Promoted 1 assignment to connection.

13. Executing PROC_INIT pass (extract init attributes).

14. Executing PROC_ARST pass (detect async resets in processes).
Found async reset \rst in `\ZeroToFiveCounter.$proc$/openlane/designs/zero_to_five_counter/src/ZeroToFiveCounter.v:45$5'.
Found async reset \rst in `\ZeroToFiveCounter.$proc$/openlane/designs/zero_to_five_counter/src/ZeroToFiveCounter.v:32$2'.

15. Executing PROC_ROM pass (convert switches to ROMs).
Converted 0 switches.
<suppressed ~4 debug messages>

16. Executing PROC_MUX pass (convert decision trees to multiplexers).
Creating decoders for process `\SevenSegmentDisplay.$proc$/openlane/designs/zero_to_five_counter/src/SevenSegmentDisplay.v:28$1'.
     1/1: $1\seg[6:0]
Creating decoders for process `\ZeroToFiveCounter.$proc$/openlane/designs/zero_to_five_counter/src/ZeroToFiveCounter.v:45$5'.
     1/1: $0\count[3:0]
Creating decoders for process `\ZeroToFiveCounter.$proc$/openlane/designs/zero_to_five_counter/src/ZeroToFiveCounter.v:32$2'.
     1/2: $0\one_second_enable[0:0]
     2/2: $0\one_second_counter[26:0]

17. Executing PROC_DLATCH pass (convert process syncs to latches).
No latch inferred for signal `\SevenSegmentDisplay.\seg' from process `\SevenSegmentDisplay.$proc$/openlane/designs/zero_to_five_counter/src/SevenSegmentDisplay.v:28$1'.

18. Executing PROC_DFF pass (convert process syncs to FFs).
Creating register for signal `\ZeroToFiveCounter.\count' using process `\ZeroToFiveCounter.$proc$/openlane/designs/zero_to_five_counter/src/ZeroToFiveCounter.v:45$5'.
  created $adff cell `$procdff$26' with positive edge clock and positive level reset.
Creating register for signal `\ZeroToFiveCounter.\one_second_counter' using process `\ZeroToFiveCounter.$proc$/openlane/designs/zero_to_five_counter/src/ZeroToFiveCounter.v:32$2'.
  created $adff cell `$procdff$27' with positive edge clock and positive level reset.
Creating register for signal `\ZeroToFiveCounter.\one_second_enable' using process `\ZeroToFiveCounter.$proc$/openlane/designs/zero_to_five_counter/src/ZeroToFiveCounter.v:32$2'.
  created $adff cell `$procdff$28' with positive edge clock and positive level reset.

19. Executing PROC_MEMWR pass (convert process memory writes to cells).

20. Executing PROC_CLEAN pass (remove empty switches from decision trees).
Found and cleaned up 1 empty switch in `\SevenSegmentDisplay.$proc$/openlane/designs/zero_to_five_counter/src/SevenSegmentDisplay.v:28$1'.
Removing empty process `SevenSegmentDisplay.$proc$/openlane/designs/zero_to_five_counter/src/SevenSegmentDisplay.v:28$1'.
Found and cleaned up 2 empty switches in `\ZeroToFiveCounter.$proc$/openlane/designs/zero_to_five_counter/src/ZeroToFiveCounter.v:45$5'.
Removing empty process `ZeroToFiveCounter.$proc$/openlane/designs/zero_to_five_counter/src/ZeroToFiveCounter.v:45$5'.
Found and cleaned up 1 empty switch in `\ZeroToFiveCounter.$proc$/openlane/designs/zero_to_five_counter/src/ZeroToFiveCounter.v:32$2'.
Removing empty process `ZeroToFiveCounter.$proc$/openlane/designs/zero_to_five_counter/src/ZeroToFiveCounter.v:32$2'.
Cleaned up 4 empty switches.

21. Executing CHECK pass (checking for obvious problems).
Checking module TopModule...
Checking module SevenSegmentDisplay...
Checking module ZeroToFiveCounter...
Found and reported 0 problems.

22. Executing OPT_EXPR pass (perform const folding).
Optimizing module TopModule.
Optimizing module SevenSegmentDisplay.
<suppressed ~1 debug messages>
Optimizing module ZeroToFiveCounter.

23. Executing FLATTEN pass (flatten design).
Deleting now unused module SevenSegmentDisplay.
Deleting now unused module ZeroToFiveCounter.
<suppressed ~2 debug messages>

24. Executing OPT_EXPR pass (perform const folding).
Optimizing module TopModule.

25. Executing OPT_CLEAN pass (remove unused cells and wires).
Finding unused cells or wires in module \TopModule..
Removed 0 unused cells and 10 unused wires.
<suppressed ~1 debug messages>

26. Executing OPT pass (performing simple optimizations).

26.1. Executing OPT_EXPR pass (perform const folding).
Optimizing module TopModule.

26.2. Executing OPT_MERGE pass (detect identical cells).
Finding identical cells in module `\TopModule'.
<suppressed ~3 debug messages>
Removed a total of 1 cells.

26.3. Executing OPT_MUXTREE pass (detect dead branches in mux trees).
Running muxtree optimizer on module \TopModule..
  Creating internal representation of mux trees.
  Evaluating internal representation of mux trees.
  Analyzing evaluation results.
Removed 0 multiplexer ports.
<suppressed ~4 debug messages>

26.4. Executing OPT_REDUCE pass (consolidate $*mux and $reduce_* inputs).
  Optimizing cells in module \TopModule.
Performed a total of 0 changes.

26.5. Executing OPT_MERGE pass (detect identical cells).
Finding identical cells in module `\TopModule'.
Removed a total of 0 cells.

26.6. Executing OPT_DFF pass (perform DFF optimizations).

26.7. Executing OPT_CLEAN pass (remove unused cells and wires).
Finding unused cells or wires in module \TopModule..
Removed 0 unused cells and 1 unused wires.
<suppressed ~1 debug messages>

26.8. Executing OPT_EXPR pass (perform const folding).
Optimizing module TopModule.

26.9. Rerunning OPT passes. (Maybe there is more to do..)

26.10. Executing OPT_MUXTREE pass (detect dead branches in mux trees).
Running muxtree optimizer on module \TopModule..
  Creating internal representation of mux trees.
  Evaluating internal representation of mux trees.
  Analyzing evaluation results.
Removed 0 multiplexer ports.
<suppressed ~4 debug messages>

26.11. Executing OPT_REDUCE pass (consolidate $*mux and $reduce_* inputs).
  Optimizing cells in module \TopModule.
Performed a total of 0 changes.

26.12. Executing OPT_MERGE pass (detect identical cells).
Finding identical cells in module `\TopModule'.
Removed a total of 0 cells.

26.13. Executing OPT_DFF pass (perform DFF optimizations).

26.14. Executing OPT_CLEAN pass (remove unused cells and wires).
Finding unused cells or wires in module \TopModule..

26.15. Executing OPT_EXPR pass (perform const folding).
Optimizing module TopModule.

26.16. Finished OPT passes. (There is nothing left to do.)

27. Executing FSM pass (extract and optimize FSM).

27.1. Executing FSM_DETECT pass (finding FSMs in design).

27.2. Executing FSM_EXTRACT pass (extracting FSM from design).

27.3. Executing FSM_OPT pass (simple optimizations of FSMs).

27.4. Executing OPT_CLEAN pass (remove unused cells and wires).
Finding unused cells or wires in module \TopModule..

27.5. Executing FSM_OPT pass (simple optimizations of FSMs).

27.6. Executing FSM_RECODE pass (re-assigning FSM state encoding).

27.7. Executing FSM_INFO pass (dumping all available information on FSM cells).

27.8. Executing FSM_MAP pass (mapping FSMs to basic logic).

28. Executing OPT pass (performing simple optimizations).

28.1. Executing OPT_EXPR pass (perform const folding).
Optimizing module TopModule.

28.2. Executing OPT_MERGE pass (detect identical cells).
Finding identical cells in module `\TopModule'.
Removed a total of 0 cells.

28.3. Executing OPT_MUXTREE pass (detect dead branches in mux trees).
Running muxtree optimizer on module \TopModule..
  Creating internal representation of mux trees.
  Evaluating internal representation of mux trees.
  Analyzing evaluation results.
Removed 0 multiplexer ports.
<suppressed ~4 debug messages>

28.4. Executing OPT_REDUCE pass (consolidate $*mux and $reduce_* inputs).
  Optimizing cells in module \TopModule.
Performed a total of 0 changes.

28.5. Executing OPT_MERGE pass (detect identical cells).
Finding identical cells in module `\TopModule'.
Removed a total of 0 cells.

28.6. Executing OPT_DFF pass (perform DFF optimizations).
Adding EN signal on $flatten\counter.$procdff$26 ($adff) from module TopModule (D = $flatten\counter.$procmux$16_Y, Q = \counter.count).

28.7. Executing OPT_CLEAN pass (remove unused cells and wires).
Finding unused cells or wires in module \TopModule..
Removed 1 unused cells and 1 unused wires.
<suppressed ~2 debug messages>

28.8. Executing OPT_EXPR pass (perform const folding).
Optimizing module TopModule.

28.9. Rerunning OPT passes. (Maybe there is more to do..)

28.10. Executing OPT_MUXTREE pass (detect dead branches in mux trees).
Running muxtree optimizer on module \TopModule..
  Creating internal representation of mux trees.
  Evaluating internal representation of mux trees.
  Analyzing evaluation results.
Removed 0 multiplexer ports.
<suppressed ~4 debug messages>

28.11. Executing OPT_REDUCE pass (consolidate $*mux and $reduce_* inputs).
  Optimizing cells in module \TopModule.
Performed a total of 0 changes.

28.12. Executing OPT_MERGE pass (detect identical cells).
Finding identical cells in module `\TopModule'.
Removed a total of 0 cells.

28.13. Executing OPT_DFF pass (perform DFF optimizations).

28.14. Executing OPT_CLEAN pass (remove unused cells and wires).
Finding unused cells or wires in module \TopModule..

28.15. Executing OPT_EXPR pass (perform const folding).
Optimizing module TopModule.

28.16. Finished OPT passes. (There is nothing left to do.)

29. Executing WREDUCE pass (reducing word size of cells).
Removed top 31 bits (of 32) from port B of cell TopModule.$flatten\counter.$add$/openlane/designs/zero_to_five_counter/src/ZeroToFiveCounter.v:52$7 ($add).
Removed top 28 bits (of 32) from port Y of cell TopModule.$flatten\counter.$add$/openlane/designs/zero_to_five_counter/src/ZeroToFiveCounter.v:52$7 ($add).
Removed top 1 bits (of 4) from port B of cell TopModule.$flatten\counter.$eq$/openlane/designs/zero_to_five_counter/src/ZeroToFiveCounter.v:49$6 ($eq).
Removed top 31 bits (of 32) from port B of cell TopModule.$flatten\counter.$add$/openlane/designs/zero_to_five_counter/src/ZeroToFiveCounter.v:40$4 ($add).
Removed top 5 bits (of 32) from port Y of cell TopModule.$flatten\counter.$add$/openlane/designs/zero_to_five_counter/src/ZeroToFiveCounter.v:40$4 ($add).
Removed top 5 bits (of 32) from port B of cell TopModule.$flatten\counter.$ge$/openlane/designs/zero_to_five_counter/src/ZeroToFiveCounter.v:36$3 ($ge).
Removed top 3 bits (of 4) from port B of cell TopModule.$flatten\display.$procmux$13_CMP0 ($eq).
Removed top 2 bits (of 4) from port B of cell TopModule.$flatten\display.$procmux$12_CMP0 ($eq).
Removed top 2 bits (of 4) from port B of cell TopModule.$flatten\display.$procmux$11_CMP0 ($eq).
Removed top 5 bits (of 32) from wire TopModule.$flatten\counter.$add$/openlane/designs/zero_to_five_counter/src/ZeroToFiveCounter.v:40$4_Y.
Removed top 28 bits (of 32) from wire TopModule.$flatten\counter.$add$/openlane/designs/zero_to_five_counter/src/ZeroToFiveCounter.v:52$7_Y.

30. Executing PEEPOPT pass (run peephole optimizers).

31. Executing OPT_CLEAN pass (remove unused cells and wires).
Finding unused cells or wires in module \TopModule..
Removed 0 unused cells and 2 unused wires.
<suppressed ~1 debug messages>

32. Executing ALUMACC pass (create $alu and $macc cells).
Extracting $alu and $macc cells in module TopModule:
  creating $macc model for $flatten\counter.$add$/openlane/designs/zero_to_five_counter/src/ZeroToFiveCounter.v:40$4 ($add).
  creating $macc model for $flatten\counter.$add$/openlane/designs/zero_to_five_counter/src/ZeroToFiveCounter.v:52$7 ($add).
  creating $alu model for $macc $flatten\counter.$add$/openlane/designs/zero_to_five_counter/src/ZeroToFiveCounter.v:52$7.
  creating $alu model for $macc $flatten\counter.$add$/openlane/designs/zero_to_five_counter/src/ZeroToFiveCounter.v:40$4.
  creating $alu model for $flatten\counter.$ge$/openlane/designs/zero_to_five_counter/src/ZeroToFiveCounter.v:36$3 ($ge): new $alu
  creating $alu cell for $flatten\counter.$ge$/openlane/designs/zero_to_five_counter/src/ZeroToFiveCounter.v:36$3: $auto$alumacc.cc:485:replace_alu$33
  creating $alu cell for $flatten\counter.$add$/openlane/designs/zero_to_five_counter/src/ZeroToFiveCounter.v:40$4: $auto$alumacc.cc:485:replace_alu$46
  creating $alu cell for $flatten\counter.$add$/openlane/designs/zero_to_five_counter/src/ZeroToFiveCounter.v:52$7: $auto$alumacc.cc:485:replace_alu$49
  created 3 $alu and 0 $macc cells.

33. Executing SHARE pass (SAT-based resource sharing).

34. Executing OPT pass (performing simple optimizations).

34.1. Executing OPT_EXPR pass (perform const folding).
Optimizing module TopModule.

34.2. Executing OPT_MERGE pass (detect identical cells).
Finding identical cells in module `\TopModule'.
Removed a total of 0 cells.

34.3. Executing OPT_MUXTREE pass (detect dead branches in mux trees).
Running muxtree optimizer on module \TopModule..
  Creating internal representation of mux trees.
  Evaluating internal representation of mux trees.
  Analyzing evaluation results.
Removed 0 multiplexer ports.
<suppressed ~4 debug messages>

34.4. Executing OPT_REDUCE pass (consolidate $*mux and $reduce_* inputs).
  Optimizing cells in module \TopModule.
Performed a total of 0 changes.

34.5. Executing OPT_MERGE pass (detect identical cells).
Finding identical cells in module `\TopModule'.
Removed a total of 0 cells.

34.6. Executing OPT_DFF pass (perform DFF optimizations).

34.7. Executing OPT_CLEAN pass (remove unused cells and wires).
Finding unused cells or wires in module \TopModule..
Removed 0 unused cells and 1 unused wires.
<suppressed ~1 debug messages>

34.8. Executing OPT_EXPR pass (perform const folding).
Optimizing module TopModule.

34.9. Rerunning OPT passes. (Maybe there is more to do..)

34.10. Executing OPT_MUXTREE pass (detect dead branches in mux trees).
Running muxtree optimizer on module \TopModule..
  Creating internal representation of mux trees.
  Evaluating internal representation of mux trees.
  Analyzing evaluation results.
Removed 0 multiplexer ports.
<suppressed ~4 debug messages>

34.11. Executing OPT_REDUCE pass (consolidate $*mux and $reduce_* inputs).
  Optimizing cells in module \TopModule.
Performed a total of 0 changes.

34.12. Executing OPT_MERGE pass (detect identical cells).
Finding identical cells in module `\TopModule'.
Removed a total of 0 cells.

34.13. Executing OPT_DFF pass (perform DFF optimizations).

34.14. Executing OPT_CLEAN pass (remove unused cells and wires).
Finding unused cells or wires in module \TopModule..

34.15. Executing OPT_EXPR pass (perform const folding).
Optimizing module TopModule.

34.16. Finished OPT passes. (There is nothing left to do.)

35. Executing MEMORY pass.

35.1. Executing OPT_MEM pass (optimize memories).
Performed a total of 0 transformations.

35.2. Executing OPT_MEM_PRIORITY pass (removing unnecessary memory write priority relations).
Performed a total of 0 transformations.

35.3. Executing OPT_MEM_FEEDBACK pass (finding memory read-to-write feedback paths).

35.4. Executing MEMORY_BMUX2ROM pass (converting muxes to ROMs).

35.5. Executing MEMORY_DFF pass (merging $dff cells to $memrd).

35.6. Executing OPT_CLEAN pass (remove unused cells and wires).
Finding unused cells or wires in module \TopModule..

35.7. Executing MEMORY_SHARE pass (consolidating $memrd/$memwr cells).

35.8. Executing OPT_MEM_WIDEN pass (optimize memories where all ports are wide).
Performed a total of 0 transformations.

35.9. Executing OPT_CLEAN pass (remove unused cells and wires).
Finding unused cells or wires in module \TopModule..

35.10. Executing MEMORY_COLLECT pass (generating $mem cells).

36. Executing OPT_CLEAN pass (remove unused cells and wires).
Finding unused cells or wires in module \TopModule..

37. Executing OPT pass (performing simple optimizations).

37.1. Executing OPT_EXPR pass (perform const folding).
Optimizing module TopModule.
<suppressed ~1 debug messages>

37.2. Executing OPT_MERGE pass (detect identical cells).
Finding identical cells in module `\TopModule'.
Removed a total of 0 cells.

37.3. Executing OPT_DFF pass (perform DFF optimizations).

37.4. Executing OPT_CLEAN pass (remove unused cells and wires).
Finding unused cells or wires in module \TopModule..
Removed 0 unused cells and 1 unused wires.
<suppressed ~1 debug messages>

37.5. Finished fast OPT passes.

38. Executing MEMORY_MAP pass (converting memories to logic and flip-flops).

39. Executing OPT pass (performing simple optimizations).

39.1. Executing OPT_EXPR pass (perform const folding).
Optimizing module TopModule.

39.2. Executing OPT_MERGE pass (detect identical cells).
Finding identical cells in module `\TopModule'.
Removed a total of 0 cells.

39.3. Executing OPT_MUXTREE pass (detect dead branches in mux trees).
Running muxtree optimizer on module \TopModule..
  Creating internal representation of mux trees.
  Evaluating internal representation of mux trees.
  Analyzing evaluation results.
Removed 0 multiplexer ports.
<suppressed ~3 debug messages>

39.4. Executing OPT_REDUCE pass (consolidate $*mux and $reduce_* inputs).
  Optimizing cells in module \TopModule.
    Consolidated identical input bits for $pmux cell $flatten\display.$procmux$9:
      Old ports: A=7'1111111, B=35'10000001111001010010001100000011001, Y=\seg
      New ports: A=6'111111, B=30'100000111001010100011000001001, Y={ \seg [6:4] \seg [2:0] }
      New connections: \seg [3] = \seg [0]
  Optimizing cells in module \TopModule.
Performed a total of 1 changes.

39.5. Executing OPT_MERGE pass (detect identical cells).
Finding identical cells in module `\TopModule'.
Removed a total of 0 cells.

39.6. Executing OPT_SHARE pass.

39.7. Executing OPT_DFF pass (perform DFF optimizations).

39.8. Executing OPT_CLEAN pass (remove unused cells and wires).
Finding unused cells or wires in module \TopModule..

39.9. Executing OPT_EXPR pass (perform const folding).
Optimizing module TopModule.

39.10. Rerunning OPT passes. (Maybe there is more to do..)

39.11. Executing OPT_MUXTREE pass (detect dead branches in mux trees).
Running muxtree optimizer on module \TopModule..
  Creating internal representation of mux trees.
  Evaluating internal representation of mux trees.
  Analyzing evaluation results.
Removed 0 multiplexer ports.
<suppressed ~3 debug messages>

39.12. Executing OPT_REDUCE pass (consolidate $*mux and $reduce_* inputs).
  Optimizing cells in module \TopModule.
Performed a total of 0 changes.

39.13. Executing OPT_MERGE pass (detect identical cells).
Finding identical cells in module `\TopModule'.
Removed a total of 0 cells.

39.14. Executing OPT_SHARE pass.

39.15. Executing OPT_DFF pass (perform DFF optimizations).

39.16. Executing OPT_CLEAN pass (remove unused cells and wires).
Finding unused cells or wires in module \TopModule..

39.17. Executing OPT_EXPR pass (perform const folding).
Optimizing module TopModule.

39.18. Finished OPT passes. (There is nothing left to do.)

40. Executing TECHMAP pass (map to technology primitives).

40.1. Executing Verilog-2005 frontend: /nix/store/sx2v0i73mn1ih2z1nk61pm9n5gjgpidy-yosys/bin/../share/yosys/techmap.v
Parsing Verilog input from `/nix/store/sx2v0i73mn1ih2z1nk61pm9n5gjgpidy-yosys/bin/../share/yosys/techmap.v' to AST representation.
Generating RTLIL representation for module `\_90_simplemap_bool_ops'.
Generating RTLIL representation for module `\_90_simplemap_reduce_ops'.
Generating RTLIL representation for module `\_90_simplemap_logic_ops'.
Generating RTLIL representation for module `\_90_simplemap_compare_ops'.
Generating RTLIL representation for module `\_90_simplemap_various'.
Generating RTLIL representation for module `\_90_simplemap_registers'.
Generating RTLIL representation for module `\_90_shift_ops_shr_shl_sshl_sshr'.
Generating RTLIL representation for module `\_90_shift_shiftx'.
Generating RTLIL representation for module `\_90_fa'.
Generating RTLIL representation for module `\_90_lcu'.
Generating RTLIL representation for module `\_90_alu'.
Generating RTLIL representation for module `\_90_macc'.
Generating RTLIL representation for module `\_90_alumacc'.
Generating RTLIL representation for module `\$__div_mod_u'.
Generating RTLIL representation for module `\$__div_mod_trunc'.
Generating RTLIL representation for module `\_90_div'.
Generating RTLIL representation for module `\_90_mod'.
Generating RTLIL representation for module `\$__div_mod_floor'.
Generating RTLIL representation for module `\_90_divfloor'.
Generating RTLIL representation for module `\_90_modfloor'.
Generating RTLIL representation for module `\_90_pow'.
Generating RTLIL representation for module `\_90_pmux'.
Generating RTLIL representation for module `\_90_demux'.
Generating RTLIL representation for module `\_90_lut'.
Successfully finished Verilog frontend.

40.2. Continuing TECHMAP pass.
Using extmapper simplemap for cells of type $reduce_or.
Using extmapper simplemap for cells of type $not.
Using extmapper simplemap for cells of type $or.
Using template $paramod$f02bbbf710bba6238f4bdfa41b3051acfe2064a8\_90_alu for cells of type $alu.
Using extmapper simplemap for cells of type $adff.
Using extmapper simplemap for cells of type $mux.
Using extmapper simplemap for cells of type $eq.
Using template $paramod$32a7b7b86c07519b7537abc18e96f0331f97914d\_90_alu for cells of type $alu.
Using template $paramod$956e79e8f8c5e64be7438155ae50a966e615cb04\_90_alu for cells of type $alu.
Using extmapper simplemap for cells of type $reduce_and.
Using extmapper simplemap for cells of type $adffe.
Using extmapper simplemap for cells of type $logic_not.
Using template $paramod$90ef9d3919151a0ff7c15c5c14550fb560f421a1\_90_pmux for cells of type $pmux.
Using extmapper simplemap for cells of type $xor.
Using extmapper simplemap for cells of type $and.
Using template $paramod\_90_lcu\WIDTH=32'00000000000000000000000000011011 for cells of type $lcu.
Using extmapper simplemap for cells of type $pos.
Using template $paramod\_90_lcu\WIDTH=32'00000000000000000000000000000100 for cells of type $lcu.
No more expansions possible.
<suppressed ~673 debug messages>

41. Executing OPT pass (performing simple optimizations).

41.1. Executing OPT_EXPR pass (perform const folding).
Optimizing module TopModule.
<suppressed ~390 debug messages>

41.2. Executing OPT_MERGE pass (detect identical cells).
Finding identical cells in module `\TopModule'.
<suppressed ~207 debug messages>
Removed a total of 69 cells.

41.3. Executing OPT_DFF pass (perform DFF optimizations).

41.4. Executing OPT_CLEAN pass (remove unused cells and wires).
Finding unused cells or wires in module \TopModule..
Removed 64 unused cells and 297 unused wires.
<suppressed ~65 debug messages>

41.5. Finished fast OPT passes.

42. Executing ABC pass (technology mapping using ABC).

42.1. Extracting gate netlist of module `\TopModule' to `<abc-temp-dir>/input.blif'..
Extracted 184 gates and 217 wires to a netlist network with 31 inputs and 38 outputs.

42.1.1. Executing ABC.
Running ABC command: "/nix/store/wq2q0njg3sx8wvj2akz7x1qxwyrv9xlr-yosys-abc/bin/abc" -s -f <abc-temp-dir>/abc.script 2>&1
ABC: ABC command line: "source <abc-temp-dir>/abc.script".
ABC: 
ABC: + read_blif <abc-temp-dir>/input.blif 
ABC: + read_library <abc-temp-dir>/stdcells.genlib 
ABC: Entered genlib library with 13 gates from file "<abc-temp-dir>/stdcells.genlib".
ABC: + strash 
ABC: + dretime 
ABC: + map 
ABC: + write_blif <abc-temp-dir>/output.blif 

42.1.2. Re-integrating ABC results.
ABC RESULTS:               NOT cells:        4
ABC RESULTS:               AND cells:        4
ABC RESULTS:               XOR cells:       22
ABC RESULTS:              NAND cells:       20
ABC RESULTS:              XNOR cells:        7
ABC RESULTS:               NOR cells:       15
ABC RESULTS:            ANDNOT cells:       55
ABC RESULTS:             ORNOT cells:       13
ABC RESULTS:                OR cells:       24
ABC RESULTS:        internal signals:      148
ABC RESULTS:           input signals:       31
ABC RESULTS:          output signals:       38
Removing temp directory.

43. Executing OPT pass (performing simple optimizations).

43.1. Executing OPT_EXPR pass (perform const folding).
Optimizing module TopModule.

43.2. Executing OPT_MERGE pass (detect identical cells).
Finding identical cells in module `\TopModule'.
<suppressed ~6 debug messages>
Removed a total of 2 cells.

43.3. Executing OPT_DFF pass (perform DFF optimizations).

43.4. Executing OPT_CLEAN pass (remove unused cells and wires).
Finding unused cells or wires in module \TopModule..
Removed 0 unused cells and 99 unused wires.
<suppressed ~1 debug messages>

43.5. Finished fast OPT passes.

44. Executing HIERARCHY pass (managing design hierarchy).

44.1. Analyzing design hierarchy..
Top module:  \TopModule

44.2. Analyzing design hierarchy..
Top module:  \TopModule
Removed 0 unused modules.

45. Printing statistics.

=== TopModule ===

   Number of wires:                168
   Number of wire bits:            222
   Number of public wires:          12
   Number of public wire bits:      66
   Number of memories:               0
   Number of memory bits:            0
   Number of processes:              0
   Number of cells:                194
     $_ANDNOT_                      55
     $_AND_                          4
     $_DFFE_PP0P_                    4
     $_DFF_PP0_                     28
     $_NAND_                        20
     $_NOR_                         13
     $_NOT_                          4
     $_ORNOT_                       13
     $_OR_                          24
     $_XNOR_                         7
     $_XOR_                         22

46. Executing CHECK pass (checking for obvious problems).
Checking module TopModule...
Found and reported 0 problems.

47. Generating Graphviz representation of design.
Writing dot description to `/openlane/designs/zero_to_five_counter/runs/RUN_2025.05.24_22.36.15/tmp/synthesis/post_techmap.dot'.
Dumping module TopModule to page 1.

48. Executing SHARE pass (SAT-based resource sharing).

49. Executing OPT pass (performing simple optimizations).

49.1. Executing OPT_EXPR pass (perform const folding).
Optimizing module TopModule.

49.2. Executing OPT_MERGE pass (detect identical cells).
Finding identical cells in module `\TopModule'.
Removed a total of 0 cells.

49.3. Executing OPT_MUXTREE pass (detect dead branches in mux trees).
Running muxtree optimizer on module \TopModule..
  Creating internal representation of mux trees.
  No muxes found in this module.
Removed 0 multiplexer ports.

49.4. Executing OPT_REDUCE pass (consolidate $*mux and $reduce_* inputs).
  Optimizing cells in module \TopModule.
Performed a total of 0 changes.

49.5. Executing OPT_MERGE pass (detect identical cells).
Finding identical cells in module `\TopModule'.
Removed a total of 0 cells.

49.6. Executing OPT_DFF pass (perform DFF optimizations).

49.7. Executing OPT_CLEAN pass (remove unused cells and wires).
Finding unused cells or wires in module \TopModule..

49.8. Executing OPT_EXPR pass (perform const folding).
Optimizing module TopModule.

49.9. Finished OPT passes. (There is nothing left to do.)

50. Executing OPT_CLEAN pass (remove unused cells and wires).
Finding unused cells or wires in module \TopModule..
Removed 0 unused cells and 5 unused wires.
<suppressed ~5 debug messages>

51. Printing statistics.

=== TopModule ===

   Number of wires:                163
   Number of wire bits:            205
   Number of public wires:           7
   Number of public wire bits:      49
   Number of memories:               0
   Number of memory bits:            0
   Number of processes:              0
   Number of cells:                194
     $_ANDNOT_                      55
     $_AND_                          4
     $_DFFE_PP0P_                    4
     $_DFF_PP0_                     28
     $_NAND_                        20
     $_NOR_                         13
     $_NOT_                          4
     $_ORNOT_                       13
     $_OR_                          24
     $_XNOR_                         7
     $_XOR_                         22

mapping tbuf

52. Executing TECHMAP pass (map to technology primitives).

52.1. Executing Verilog-2005 frontend: /home/kagan/.volare/sky130A/libs.tech/openlane/sky130_fd_sc_hd/tribuff_map.v
Parsing Verilog input from `/home/kagan/.volare/sky130A/libs.tech/openlane/sky130_fd_sc_hd/tribuff_map.v' to AST representation.
Generating RTLIL representation for module `\$_TBUF_'.
Successfully finished Verilog frontend.

52.2. Continuing TECHMAP pass.
No more expansions possible.
<suppressed ~3 debug messages>

53. Executing SIMPLEMAP pass (map simple cells to gate primitives).

54. Executing TECHMAP pass (map to technology primitives).

54.1. Executing Verilog-2005 frontend: /home/kagan/.volare/sky130A/libs.tech/openlane/sky130_fd_sc_hd/latch_map.v
Parsing Verilog input from `/home/kagan/.volare/sky130A/libs.tech/openlane/sky130_fd_sc_hd/latch_map.v' to AST representation.
Generating RTLIL representation for module `\$_DLATCH_P_'.
Generating RTLIL representation for module `\$_DLATCH_N_'.
Successfully finished Verilog frontend.

54.2. Continuing TECHMAP pass.
No more expansions possible.
<suppressed ~4 debug messages>

55. Executing SIMPLEMAP pass (map simple cells to gate primitives).

56. Executing DFFLIBMAP pass (mapping DFF cells to sequential cells from liberty file).
  cell sky130_fd_sc_hd__dfxtp_2 (noninv, pins=3, area=21.27) is a direct match for cell type $_DFF_P_.
  cell sky130_fd_sc_hd__dfrtp_2 (noninv, pins=4, area=26.28) is a direct match for cell type $_DFF_PN0_.
  cell sky130_fd_sc_hd__dfstp_2 (noninv, pins=4, area=26.28) is a direct match for cell type $_DFF_PN1_.
  cell sky130_fd_sc_hd__dfbbn_2 (noninv, pins=6, area=35.03) is a direct match for cell type $_DFFSR_NNN_.
  final dff cell mappings:
    unmapped dff cell: $_DFF_N_
    \sky130_fd_sc_hd__dfxtp_2 _DFF_P_ (.CLK( C), .D( D), .Q( Q));
    unmapped dff cell: $_DFF_NN0_
    unmapped dff cell: $_DFF_NN1_
    unmapped dff cell: $_DFF_NP0_
    unmapped dff cell: $_DFF_NP1_
    \sky130_fd_sc_hd__dfrtp_2 _DFF_PN0_ (.CLK( C), .D( D), .Q( Q), .RESET_B( R));
    \sky130_fd_sc_hd__dfstp_2 _DFF_PN1_ (.CLK( C), .D( D), .Q( Q), .SET_B( R));
    unmapped dff cell: $_DFF_PP0_
    unmapped dff cell: $_DFF_PP1_
    \sky130_fd_sc_hd__dfbbn_2 _DFFSR_NNN_ (.CLK_N( C), .D( D), .Q( Q), .Q_N(~Q), .RESET_B( R), .SET_B( S));
    unmapped dff cell: $_DFFSR_NNP_
    unmapped dff cell: $_DFFSR_NPN_
    unmapped dff cell: $_DFFSR_NPP_
    unmapped dff cell: $_DFFSR_PNN_
    unmapped dff cell: $_DFFSR_PNP_
    unmapped dff cell: $_DFFSR_PPN_
    unmapped dff cell: $_DFFSR_PPP_

56.1. Executing DFFLEGALIZE pass (convert FFs to types supported by the target).
Mapping DFF cells in module `\TopModule':
  mapped 32 $_DFF_PN0_ cells to \sky130_fd_sc_hd__dfrtp_2 cells.

57. Printing statistics.

=== TopModule ===

   Number of wires:                199
   Number of wire bits:            241
   Number of public wires:           7
   Number of public wire bits:      49
   Number of memories:               0
   Number of memory bits:            0
   Number of processes:              0
   Number of cells:                230
     $_ANDNOT_                      55
     $_AND_                          4
     $_MUX_                          4
     $_NAND_                        20
     $_NOR_                         13
     $_NOT_                         36
     $_ORNOT_                       13
     $_OR_                          24
     $_XNOR_                         7
     $_XOR_                         22
     sky130_fd_sc_hd__dfrtp_2       32

[INFO]: USING STRATEGY AREA 0

58. Executing ABC pass (technology mapping using ABC).

58.1. Extracting gate netlist of module `\TopModule' to `/tmp/yosys-abc-sWiQba/input.blif'..
Extracted 198 gates and 231 wires to a netlist network with 33 inputs and 70 outputs.

58.1.1. Executing ABC.
Running ABC command: "/nix/store/wq2q0njg3sx8wvj2akz7x1qxwyrv9xlr-yosys-abc/bin/abc" -s -f /tmp/yosys-abc-sWiQba/abc.script 2>&1
ABC: ABC command line: "source /tmp/yosys-abc-sWiQba/abc.script".
ABC: 
ABC: + read_blif /tmp/yosys-abc-sWiQba/input.blif 
ABC: + read_lib -w /openlane/designs/zero_to_five_counter/runs/RUN_2025.05.24_22.36.15/tmp/synthesis/trimmed.lib 
ABC: Parsing finished successfully.  Parsing time =     0.07 sec
ABC: Scl_LibertyReadGenlib() skipped sequential cell "sky130_fd_sc_hd__dfbbn_2".
ABC: Scl_LibertyReadGenlib() skipped sequential cell "sky130_fd_sc_hd__dfrbp_2".
ABC: Scl_LibertyReadGenlib() skipped sequential cell "sky130_fd_sc_hd__dfrtp_2".
ABC: Scl_LibertyReadGenlib() skipped sequential cell "sky130_fd_sc_hd__dfrtp_4".
ABC: Scl_LibertyReadGenlib() skipped sequential cell "sky130_fd_sc_hd__dfsbp_2".
ABC: Scl_LibertyReadGenlib() skipped sequential cell "sky130_fd_sc_hd__dfstp_2".
ABC: Scl_LibertyReadGenlib() skipped sequential cell "sky130_fd_sc_hd__dfstp_4".
ABC: Scl_LibertyReadGenlib() skipped sequential cell "sky130_fd_sc_hd__dfxbp_2".
ABC: Scl_LibertyReadGenlib() skipped sequential cell "sky130_fd_sc_hd__dfxtp_2".
ABC: Scl_LibertyReadGenlib() skipped sequential cell "sky130_fd_sc_hd__dfxtp_4".
ABC: Scl_LibertyReadGenlib() skipped sequential cell "sky130_fd_sc_hd__dlxtn_1".
ABC: Scl_LibertyReadGenlib() skipped sequential cell "sky130_fd_sc_hd__dlxtn_2".
ABC: Scl_LibertyReadGenlib() skipped sequential cell "sky130_fd_sc_hd__dlxtn_4".
ABC: Scl_LibertyReadGenlib() skipped sequential cell "sky130_fd_sc_hd__dlxtp_1".
ABC: Scl_LibertyReadGenlib() skipped three-state cell "sky130_fd_sc_hd__ebufn_2".
ABC: Scl_LibertyReadGenlib() skipped three-state cell "sky130_fd_sc_hd__ebufn_4".
ABC: Scl_LibertyReadGenlib() skipped three-state cell "sky130_fd_sc_hd__ebufn_8".
ABC: Library "sky130A_merged" from "/openlane/designs/zero_to_five_counter/runs/RUN_2025.05.24_22.36.15/tmp/synthesis/trimmed.lib" has 175 cells (17 skipped: 14 seq; 3 tri-state; 0 no func; 0 dont_use).  Time =     0.08 sec
ABC: Memory =    9.54 MB. Time =     0.08 sec
ABC: Warning: Detected 2 multi-output gates (for example, "sky130_fd_sc_hd__fa_1").
ABC: + read_constr -v /openlane/designs/zero_to_five_counter/runs/RUN_2025.05.24_22.36.15/tmp/synthesis/synthesis.sdc 
ABC: Setting driving cell to be "sky130_fd_sc_hd__inv_2".
ABC: Setting output load to be 33.442001.
ABC: + read_constr /openlane/designs/zero_to_five_counter/runs/RUN_2025.05.24_22.36.15/tmp/synthesis/synthesis.sdc 
ABC: + fx 
ABC: + mfs 
ABC: + strash 
ABC: + drf -l 
ABC: + balance 
ABC: + drw -l 
ABC: + drf -l 
ABC: + balance 
ABC: + drw -l 
ABC: + drw -l -z 
ABC: + balance 
ABC: + drf -l -z 
ABC: + drw -l -z 
ABC: + balance 
ABC: + retime -D -D 10000 -M 5 
ABC: + scleanup 
ABC: Error: The network is combinational.
ABC: + fraig_store 
ABC: + balance 
ABC: + fraig_store 
ABC: + balance 
ABC: + drw -l 
ABC: + drf -l 
ABC: + balance 
ABC: + drw -l 
ABC: + drw -l -z 
ABC: + balance 
ABC: + drf -l -z 
ABC: + drw -l -z 
ABC: + balance 
ABC: + fraig_store 
ABC: + balance 
ABC: + drw -l 
ABC: + drf -l 
ABC: + balance 
ABC: + drw -l 
ABC: + drw -l -z 
ABC: + balance 
ABC: + drf -l -z 
ABC: + drw -l -z 
ABC: + balance 
ABC: + fraig_store 
ABC: + balance 
ABC: + drw -l 
ABC: + drf -l 
ABC: + balance 
ABC: + drw -l 
ABC: + drw -l -z 
ABC: + balance 
ABC: + drf -l -z 
ABC: + drw -l -z 
ABC: + balance 
ABC: + fraig_store 
ABC: + fraig_restore 
ABC: + amap -m -Q 0.1 -F 20 -A 20 -C 5000 
ABC: + retime -D -D 10000 
ABC: + &get -n 
ABC: + &st 
ABC: + &dch 
ABC: + &nf 
ABC: + &put 
ABC: + buffer -N 10 -S 750.0 
ABC: + upsize -D 10000 
ABC: Current delay (2075.45 ps) does not exceed the target delay (10000.00 ps). Upsizing is not performed.
ABC: + dnsize -D 10000 
ABC: + stime -p 
ABC: WireLoad = "none"  Gates =    164 ( 38.4 %)   Cap = 17.1 ff (  6.4 %)   Area =     1099.80 ( 61.6 %)   Delay =  2149.99 ps  ( 22.6 %)               
ABC: Path  0 --       9 : 0    6 pi                        A =   0.00  Df =  54.1  -29.4 ps  S =  81.1 ps  Cin =  0.0 ff  Cout =  16.4 ff  Cmax =   0.0 ff  G =    0  
ABC: Path  1 --     120 : 4    2 sky130_fd_sc_hd__and4_2   A =  10.01  Df = 272.3  -28.6 ps  S =  52.0 ps  Cin =  1.5 ff  Cout =   3.0 ff  Cmax = 300.3 ff  G =  188  
ABC: Path  2 --     121 : 4    1 sky130_fd_sc_hd__or4_2    A =   8.76  Df = 766.3 -394.8 ps  S =  95.2 ps  Cin =  1.5 ff  Cout =   2.5 ff  Cmax = 310.4 ff  G =  154  
ABC: Path  3 --     124 : 4    1 sky130_fd_sc_hd__o31a_2   A =  10.01  Df =1066.6 -346.7 ps  S =  55.2 ps  Cin =  2.3 ff  Cout =   4.7 ff  Cmax = 285.7 ff  G =  186  
ABC: Path  4 --     126 : 4    2 sky130_fd_sc_hd__o211ai_2 A =  12.51  Df =1205.7 -414.9 ps  S = 127.3 ps  Cin =  4.4 ff  Cout =   4.3 ff  Cmax = 133.7 ff  G =   93  
ABC: Path  5 --     127 : 3   10 sky130_fd_sc_hd__a21bo_2  A =  10.01  Df =1409.4 -361.3 ps  S = 112.3 ps  Cin =  2.0 ff  Cout =  18.8 ff  Cmax = 288.4 ff  G =  898  
ABC: Path  6 --     141 : 1   10 sky130_fd_sc_hd__buf_1    A =   3.75  Df =1624.7 -416.8 ps  S = 212.5 ps  Cin =  2.1 ff  Cout =  17.3 ff  Cmax = 130.0 ff  G =  808  
ABC: Path  7 --     144 : 3    1 sky130_fd_sc_hd__and3_2   A =   7.51  Df =1828.0 -432.3 ps  S =  41.3 ps  Cin =  1.5 ff  Cout =   2.2 ff  Cmax = 309.5 ff  G =  141  
ABC: Path  8 --     145 : 1    1 sky130_fd_sc_hd__buf_1    A =   3.75  Df =2150.0 -539.8 ps  S = 396.6 ps  Cin =  2.1 ff  Cout =  33.4 ff  Cmax = 130.0 ff  G = 1590  
ABC: Start-point = pi8 (\counter.one_second_counter [13]).  End-point = po9 ($abc$1118$flatten\counter.$0\one_second_counter[26:0][4]).
ABC: + print_stats -m 
ABC: netlist                       : i/o =   33/   70  lat =    0  nd =   164  edge =    357  area =1099.79  delay = 8.00  lev = 8
ABC: + write_blif /tmp/yosys-abc-sWiQba/output.blif 

58.1.2. Re-integrating ABC results.
ABC RESULTS:   sky130_fd_sc_hd__o21a_2 cells:        1
ABC RESULTS:   sky130_fd_sc_hd__or4_2 cells:        1
ABC RESULTS:   sky130_fd_sc_hd__and4b_2 cells:        2
ABC RESULTS:   sky130_fd_sc_hd__o31a_2 cells:        1
ABC RESULTS:   sky130_fd_sc_hd__o211ai_2 cells:        1
ABC RESULTS:   sky130_fd_sc_hd__a21bo_2 cells:        1
ABC RESULTS:   sky130_fd_sc_hd__and3b_2 cells:        1
ABC RESULTS:   sky130_fd_sc_hd__a21o_2 cells:        3
ABC RESULTS:   sky130_fd_sc_hd__nand3_2 cells:        2
ABC RESULTS:   sky130_fd_sc_hd__xor2_2 cells:        2
ABC RESULTS:   sky130_fd_sc_hd__o221a_2 cells:        1
ABC RESULTS:   sky130_fd_sc_hd__a41o_2 cells:        1
ABC RESULTS:   sky130_fd_sc_hd__or2_2 cells:        8
ABC RESULTS:   sky130_fd_sc_hd__and4_2 cells:        8
ABC RESULTS:   sky130_fd_sc_hd__a211oi_2 cells:        4
ABC RESULTS:   sky130_fd_sc_hd__nor3_2 cells:        4
ABC RESULTS:   sky130_fd_sc_hd__and2_2 cells:        7
ABC RESULTS:   sky130_fd_sc_hd__nand2_2 cells:       10
ABC RESULTS:   sky130_fd_sc_hd__xnor2_2 cells:        1
ABC RESULTS:   sky130_fd_sc_hd__a31o_2 cells:        4
ABC RESULTS:   sky130_fd_sc_hd__and3_2 cells:       18
ABC RESULTS:   sky130_fd_sc_hd__a2bb2o_2 cells:        1
ABC RESULTS:   sky130_fd_sc_hd__o211a_2 cells:        2
ABC RESULTS:   sky130_fd_sc_hd__nor2_2 cells:        9
ABC RESULTS:   sky130_fd_sc_hd__or3_2 cells:        2
ABC RESULTS:   sky130_fd_sc_hd__a21boi_2 cells:        1
ABC RESULTS:   sky130_fd_sc_hd__a21oi_2 cells:        5
ABC RESULTS:   sky130_fd_sc_hd__buf_1 cells:       21
ABC RESULTS:   sky130_fd_sc_hd__inv_2 cells:       42
ABC RESULTS:        internal signals:      128
ABC RESULTS:           input signals:       33
ABC RESULTS:          output signals:       70
Removing temp directory.

59. Executing SETUNDEF pass (replace undef values with defined constants).

60. Executing HILOMAP pass (mapping to constant drivers).

61. Executing SPLITNETS pass (splitting up multi-bit signals).

62. Executing OPT_CLEAN pass (remove unused cells and wires).
Finding unused cells or wires in module \TopModule..
Removed 0 unused cells and 239 unused wires.
<suppressed ~1 debug messages>

63. Executing INSBUF pass (insert buffer cells for connected wires).
Add TopModule/$auto$insbuf.cc:97:execute$1537: \seg [3] -> \seg [0]

64. Executing CHECK pass (checking for obvious problems).
Checking module TopModule...
Found and reported 0 problems.

65. Printing statistics.

=== TopModule ===

   Number of wires:                194
   Number of wire bits:            207
   Number of public wires:          36
   Number of public wire bits:      49
   Number of memories:               0
   Number of memory bits:            0
   Number of processes:              0
   Number of cells:                205
     sky130_fd_sc_hd__a211oi_2       4
     sky130_fd_sc_hd__a21bo_2        1
     sky130_fd_sc_hd__a21boi_2       1
     sky130_fd_sc_hd__a21o_2         3
     sky130_fd_sc_hd__a21oi_2        5
     sky130_fd_sc_hd__a2bb2o_2       1
     sky130_fd_sc_hd__a31o_2         4
     sky130_fd_sc_hd__a41o_2         1
     sky130_fd_sc_hd__and2_2         7
     sky130_fd_sc_hd__and3_2        18
     sky130_fd_sc_hd__and3b_2        1
     sky130_fd_sc_hd__and4_2         8
     sky130_fd_sc_hd__and4b_2        2
     sky130_fd_sc_hd__buf_1         21
     sky130_fd_sc_hd__buf_2          1
     sky130_fd_sc_hd__conb_1         8
     sky130_fd_sc_hd__dfrtp_2       32
     sky130_fd_sc_hd__inv_2         42
     sky130_fd_sc_hd__nand2_2       10
     sky130_fd_sc_hd__nand3_2        2
     sky130_fd_sc_hd__nor2_2         9
     sky130_fd_sc_hd__nor3_2         4
     sky130_fd_sc_hd__o211a_2        2
     sky130_fd_sc_hd__o211ai_2       1
     sky130_fd_sc_hd__o21a_2         1
     sky130_fd_sc_hd__o221a_2        1
     sky130_fd_sc_hd__o31a_2         1
     sky130_fd_sc_hd__or2_2          8
     sky130_fd_sc_hd__or3_2          2
     sky130_fd_sc_hd__or4_2          1
     sky130_fd_sc_hd__xnor2_2        1
     sky130_fd_sc_hd__xor2_2         2

   Chip area for module '\TopModule': 1975.644800

66. Executing Verilog backend.
Dumping module `\TopModule'.

67. Executing JSON backend.

End of script. Logfile hash: f91a1d9436, CPU: user 0.51s system 0.00s, MEM: 43.22 MB peak
Yosys 0.38 (git sha1 543faed9c8c, clang++ 17.0.6 -fPIC -Os)
Time spent: 33% 2x abc (0 sec), 14% 2x read_liberty (0 sec), ...
