
===========================================================================
 report_power
============================================================================
======================= Fastest Corner ===================================

Group                  Internal  Switching    Leakage      Total
                          Power      Power      Power      Power (Watts)
----------------------------------------------------------------
Sequential             1.51e-04   0.00e+00   3.05e-08   1.51e-04  42.0%
Combinational          2.86e-14   1.44e-13   9.12e-10   9.12e-10   0.0%
Clock                  1.37e-04   7.07e-05   1.17e-09   2.08e-04  58.0%
Macro                  0.00e+00   0.00e+00   0.00e+00   0.00e+00   0.0%
Pad                    0.00e+00   0.00e+00   0.00e+00   0.00e+00   0.0%
----------------------------------------------------------------
Total                  2.88e-04   7.07e-05   3.25e-08   3.59e-04 100.0%
                          80.3%      19.7%       0.0%

======================= Slowest Corner ===================================

Group                  Internal  Switching    Leakage      Total
                          Power      Power      Power      Power (Watts)
----------------------------------------------------------------
Sequential             9.93e-05   0.00e+00   6.18e-07   9.99e-05  40.8%
Combinational          1.94e-14   9.57e-14   7.12e-07   7.12e-07   0.3%
Clock                  9.83e-05   4.61e-05   1.32e-07   1.45e-04  59.0%
Macro                  0.00e+00   0.00e+00   0.00e+00   0.00e+00   0.0%
Pad                    0.00e+00   0.00e+00   0.00e+00   0.00e+00   0.0%
----------------------------------------------------------------
Total                  1.98e-04   4.61e-05   1.46e-06   2.45e-04 100.0%
                          80.6%      18.8%       0.6%

======================= Typical Corner ===================================

Group                  Internal  Switching    Leakage      Total
                          Power      Power      Power      Power (Watts)
----------------------------------------------------------------
Sequential             1.29e-04   0.00e+00   3.00e-08   1.29e-04  41.9%
Combinational          2.39e-14   1.23e-13   5.99e-10   5.99e-10   0.0%
Clock                  1.20e-04   5.93e-05   8.35e-10   1.79e-04  58.1%
Macro                  0.00e+00   0.00e+00   0.00e+00   0.00e+00   0.0%
Pad                    0.00e+00   0.00e+00   0.00e+00   0.00e+00   0.0%
----------------------------------------------------------------
Total                  2.49e-04   5.93e-05   3.15e-08   3.09e-04 100.0%
                          80.8%      19.2%       0.0%

