OpenROAD b16bda7e82721d10566ff7e2b68f1ff0be9f9e38 
Features included (+) or not (-): +Charts +GPU +GUI +Python
This program is licensed under the BSD-3 license. See the LICENSE file for details.
Components of this program may be licensed under more restrictive licenses which must be honored.
define_corners Typical
read_liberty -corner Typical /home/kagan/.volare/sky130A/libs.ref/sky130_fd_sc_hd/lib/sky130_fd_sc_hd__tt_025C_1v80.lib
Using 1e-12 for capacitance...
Using 1e+03 for resistance...
Using 1e-09 for time...
Using 1e+00 for voltage...
Using 1e-03 for current...
Using 1e-09 for power...
Using 1e-06 for distance...
[INFO]: Reading ODB at '/openlane/designs/zero_to_five_counter/runs/RUN_2025.05.24_22.36.15/tmp/16-TopModule.odb'…
Reading design constraints file at '/openlane/designs/zero_to_five_counter/src/TopModule.sdc'…
[INFO]: Setting signal min routing layer to: met1 and clock min routing layer to met3. 
[INFO]: Setting signal max routing layer to: met5 and clock max routing layer to met5. 
-congestion_iterations 50 -verbose -congestion_report_file /openlane/designs/zero_to_five_counter/runs/RUN_2025.05.24_22.36.15/tmp/routing/groute-congestion.rpt
[INFO GRT-0020] Min routing layer: met1
[INFO GRT-0021] Max routing layer: met5
[INFO GRT-0022] Global adjustment: 30%
[INFO GRT-0023] Grid origin: (0, 0)
[INFO GRT-0043] No OR_DEFAULT vias defined.
[INFO GRT-0088] Layer li1     Track-Pitch = 0.4600  line-2-Via Pitch: 0.3400
[INFO GRT-0088] Layer met1    Track-Pitch = 0.3400  line-2-Via Pitch: 0.3400
[INFO GRT-0088] Layer met2    Track-Pitch = 0.4600  line-2-Via Pitch: 0.3500
[INFO GRT-0088] Layer met3    Track-Pitch = 0.6800  line-2-Via Pitch: 0.6150
[INFO GRT-0088] Layer met4    Track-Pitch = 0.9200  line-2-Via Pitch: 1.0400
[INFO GRT-0088] Layer met5    Track-Pitch = 3.4000  line-2-Via Pitch: 3.1100
[INFO GRT-0019] Found 6 clock nets.
[INFO GRT-0001] Minimum degree: 2
[INFO GRT-0002] Maximum degree: 11
[INFO GRT-0003] Macros: 0
[INFO GRT-0043] No OR_DEFAULT vias defined.
[INFO GRT-0004] Blockages: 453

[INFO GRT-0053] Routing resources analysis:
          Routing      Original      Derated      Resource
Layer     Direction    Resources     Resources    Reduction (%)
---------------------------------------------------------------
li1        Vertical            0             0          0.00%
met1       Horizontal       4060          1987          51.06%
met2       Vertical         3038          1885          37.95%
met3       Horizontal       2030          1290          36.45%
met4       Vertical         1246           624          49.92%
met5       Horizontal        406           156          61.58%
---------------------------------------------------------------

[INFO GRT-0101] Running extra iterations to remove overflow.
[INFO GRT-0197] Via related to pin nodes: 1389
[INFO GRT-0198] Via related Steiner nodes: 78
[INFO GRT-0199] Via filling finished.
[INFO GRT-0111] Final number of vias: 2050
[INFO GRT-0112] Final usage 3D: 8498

[INFO GRT-0096] Final congestion report:
Layer         Resource        Demand        Usage (%)    Max H / Max V / Total Overflow
---------------------------------------------------------------------------------------
li1                  0             0            0.00%             0 /  0 /  0
met1              1987           903           45.45%             0 /  0 /  0
met2              1885          1005           53.32%             0 /  0 /  0
met3              1290           335           25.97%             0 /  0 /  0
met4               624           105           16.83%             0 /  0 /  0
met5               156             0            0.00%             0 /  0 /  0
---------------------------------------------------------------------------------------
Total             5942          2348           39.52%             0 /  0 /  0

[INFO GRT-0018] Total wirelength: 22321 um
[INFO GRT-0014] Routed nets: 220
[INFO GRT-0006] Repairing antennas, iteration 1.
[INFO GRT-0043] No OR_DEFAULT vias defined.
[INFO GRT-0012] Found 2 antenna violations.
[INFO GRT-0015] Inserted 2 diodes.
[INFO GRT-0009] rerouting 170 nets.
[INFO GRT-0001] Minimum degree: 2
[INFO GRT-0002] Maximum degree: 11
[INFO GRT-0006] Repairing antennas, iteration 2.
[INFO GRT-0043] No OR_DEFAULT vias defined.
[INFO GRT-0012] Found 1 antenna violations.
[INFO GRT-0015] Inserted 1 diodes.
[INFO GRT-0009] rerouting 9 nets.
[INFO GRT-0001] Minimum degree: 2
[INFO GRT-0002] Maximum degree: 6
[INFO GRT-0006] Repairing antennas, iteration 3.
[INFO GRT-0043] No OR_DEFAULT vias defined.
[INFO GRT-0012] Found 0 antenna violations.
Placement Analysis
---------------------------------
total displacement          0.0 u
average displacement        0.0 u
max displacement            0.0 u
original HPWL           14780.7 u
legalized HPWL          14780.7 u
delta HPWL                    0 %

[INFO DPL-0020] Mirrored 106 instances
[INFO DPL-0021] HPWL before           14780.7 u
[INFO DPL-0022] HPWL after            14594.3 u
[INFO DPL-0023] HPWL delta               -1.3 %
[INFO]: Setting signal min routing layer to: met1 and clock min routing layer to met3. 
[INFO]: Setting signal max routing layer to: met5 and clock max routing layer to met5. 
-congestion_iterations 50 -verbose -congestion_report_file /openlane/designs/zero_to_five_counter/runs/RUN_2025.05.24_22.36.15/tmp/routing/groute-congestion.rpt
[INFO GRT-0020] Min routing layer: met1
[INFO GRT-0021] Max routing layer: met5
[INFO GRT-0022] Global adjustment: 30%
[INFO GRT-0023] Grid origin: (0, 0)
[INFO GRT-0043] No OR_DEFAULT vias defined.
[INFO GRT-0088] Layer li1     Track-Pitch = 0.4600  line-2-Via Pitch: 0.3400
[INFO GRT-0088] Layer met1    Track-Pitch = 0.3400  line-2-Via Pitch: 0.3400
[INFO GRT-0088] Layer met2    Track-Pitch = 0.4600  line-2-Via Pitch: 0.3500
[INFO GRT-0088] Layer met3    Track-Pitch = 0.6800  line-2-Via Pitch: 0.6150
[INFO GRT-0088] Layer met4    Track-Pitch = 0.9200  line-2-Via Pitch: 1.0400
[INFO GRT-0088] Layer met5    Track-Pitch = 3.4000  line-2-Via Pitch: 3.1100
[INFO GRT-0019] Found 6 clock nets.
[INFO GRT-0001] Minimum degree: 2
[INFO GRT-0002] Maximum degree: 11
[INFO GRT-0003] Macros: 0
[INFO GRT-0043] No OR_DEFAULT vias defined.
[INFO GRT-0004] Blockages: 453

[INFO GRT-0053] Routing resources analysis:
          Routing      Original      Derated      Resource
Layer     Direction    Resources     Resources    Reduction (%)
---------------------------------------------------------------
li1        Vertical            0             0          0.00%
met1       Horizontal       4060          1986          51.08%
met2       Vertical         3038          1885          37.95%
met3       Horizontal       2030          1290          36.45%
met4       Vertical         1246           624          49.92%
met5       Horizontal        406           156          61.58%
---------------------------------------------------------------

[INFO GRT-0101] Running extra iterations to remove overflow.
[INFO GRT-0197] Via related to pin nodes: 1412
[INFO GRT-0198] Via related Steiner nodes: 73
[INFO GRT-0199] Via filling finished.
[INFO GRT-0111] Final number of vias: 2074
[INFO GRT-0112] Final usage 3D: 8567

[INFO GRT-0096] Final congestion report:
Layer         Resource        Demand        Usage (%)    Max H / Max V / Total Overflow
---------------------------------------------------------------------------------------
li1                  0             0            0.00%             0 /  0 /  0
met1              1986           887           44.66%             0 /  0 /  0
met2              1885           965           51.19%             0 /  0 /  0
met3              1290           346           26.82%             0 /  0 /  0
met4               624           135           21.63%             0 /  0 /  0
met5               156            12            7.69%             0 /  0 /  0
---------------------------------------------------------------------------------------
Total             5941          2345           39.47%             0 /  0 /  0

[INFO GRT-0018] Total wirelength: 22300 um
[INFO GRT-0014] Routed nets: 220
Setting global connections for newly added cells…
Writing OpenROAD database to '/openlane/designs/zero_to_five_counter/runs/RUN_2025.05.24_22.36.15/tmp/routing/18-global.odb'…
Writing layout to '/openlane/designs/zero_to_five_counter/runs/RUN_2025.05.24_22.36.15/tmp/routing/18-global.def'…
Writing routing guides to '/openlane/designs/zero_to_five_counter/runs/RUN_2025.05.24_22.36.15/tmp/routing/18-global.guide'…
