OpenROAD b16bda7e82721d10566ff7e2b68f1ff0be9f9e38 
Features included (+) or not (-): +Charts +GPU +GUI +Python
This program is licensed under the BSD-3 license. See the LICENSE file for details.
Components of this program may be licensed under more restrictive licenses which must be honored.
define_corners Typical
read_liberty -corner Typical /home/kagan/.volare/sky130A/libs.ref/sky130_fd_sc_hd/lib/sky130_fd_sc_hd__tt_025C_1v80.lib
Using 1e-12 for capacitance...
Using 1e+03 for resistance...
Using 1e-09 for time...
Using 1e+00 for voltage...
Using 1e-03 for current...
Using 1e-09 for power...
Using 1e-06 for distance...
[INFO]: Reading ODB at '/openlane/designs/zero_to_five_counter/runs/RUN_2025.05.24_22.36.15/tmp/routing/21-fill.odb'…
Reading design constraints file at '/openlane/designs/zero_to_five_counter/src/TopModule.sdc'…
[INFO ORD-0030] Using 2 thread(s).
[INFO DRT-0149] Reading tech and libs.
[WARNING DRT-0349] LEF58_ENCLOSURE with no CUTCLASS is not supported. Skipping for layer mcon
[WARNING DRT-0349] LEF58_ENCLOSURE with no CUTCLASS is not supported. Skipping for layer mcon
[WARNING DRT-0349] LEF58_ENCLOSURE with no CUTCLASS is not supported. Skipping for layer via
[WARNING DRT-0349] LEF58_ENCLOSURE with no CUTCLASS is not supported. Skipping for layer via
[WARNING DRT-0349] LEF58_ENCLOSURE with no CUTCLASS is not supported. Skipping for layer via2
[WARNING DRT-0349] LEF58_ENCLOSURE with no CUTCLASS is not supported. Skipping for layer via2
[WARNING DRT-0349] LEF58_ENCLOSURE with no CUTCLASS is not supported. Skipping for layer via3
[WARNING DRT-0349] LEF58_ENCLOSURE with no CUTCLASS is not supported. Skipping for layer via3
[WARNING DRT-0349] LEF58_ENCLOSURE with no CUTCLASS is not supported. Skipping for layer via4
[WARNING DRT-0349] LEF58_ENCLOSURE with no CUTCLASS is not supported. Skipping for layer via4

Units:                1000
Number of layers:     13
Number of macros:     441
Number of vias:       29
Number of viarulegen: 25

[INFO DRT-0150] Reading design.

Design:                   TopModule
Die area:                 ( 0 0 ) ( 100000 100000 )
Number of track patterns: 12
Number of DEF vias:       0
Number of components:     879
Number of terminals:      19
Number of snets:          2
Number of nets:           220

[INFO DRT-0167] List of default vias:
  Layer via
    default via: M1M2_PR
  Layer via2
    default via: M2M3_PR
  Layer via3
    default via: M3M4_PR
  Layer via4
    default via: M4M5_PR
[INFO DRT-0162] Library cell analysis.
[INFO DRT-0163] Instance analysis.
[INFO DRT-0164] Number of unique instances = 121.
[INFO DRT-0168] Init region query.
[INFO DRT-0024]   Complete FR_MASTERSLICE.
[INFO DRT-0024]   Complete Fr_VIA.
[INFO DRT-0024]   Complete li1.
[INFO DRT-0024]   Complete mcon.
[INFO DRT-0024]   Complete met1.
[INFO DRT-0024]   Complete via.
[INFO DRT-0024]   Complete met2.
[INFO DRT-0024]   Complete via2.
[INFO DRT-0024]   Complete met3.
[INFO DRT-0024]   Complete via3.
[INFO DRT-0024]   Complete met4.
[INFO DRT-0024]   Complete via4.
[INFO DRT-0024]   Complete met5.
[INFO DRT-0033] FR_MASTERSLICE shape region query size = 0.
[INFO DRT-0033] FR_VIA shape region query size = 0.
[INFO DRT-0033] li1 shape region query size = 12121.
[INFO DRT-0033] mcon shape region query size = 4584.
[INFO DRT-0033] met1 shape region query size = 2354.
[INFO DRT-0033] via shape region query size = 580.
[INFO DRT-0033] met2 shape region query size = 348.
[INFO DRT-0033] via2 shape region query size = 464.
[INFO DRT-0033] met3 shape region query size = 365.
[INFO DRT-0033] via3 shape region query size = 464.
[INFO DRT-0033] met4 shape region query size = 156.
[INFO DRT-0033] via4 shape region query size = 24.
[INFO DRT-0033] met5 shape region query size = 36.
[INFO DRT-0165] Start pin access.
[INFO DRT-0078]   Complete 349 pins.
[INFO DRT-0079]   Complete 100 unique inst patterns.
[INFO DRT-0081]   Complete 103 unique inst patterns.
[INFO DRT-0084]   Complete 180 groups.
#scanned instances     = 879
#unique  instances     = 121
#stdCellGenAp          = 2953
#stdCellValidPlanarAp  = 44
#stdCellValidViaAp     = 2123
#stdCellPinNoAp        = 0
#stdCellPinCnt         = 688
#instTermValidViaApCnt = 0
#macroGenAp            = 0
#macroValidPlanarAp    = 0
#macroValidViaAp       = 0
#macroNoAp             = 0
[INFO DRT-0166] Complete pin access.
[INFO DRT-0267] cpu time = 00:00:12, elapsed time = 00:00:04, memory = 123.17 (MB), peak = 123.17 (MB)

Number of guides:     2484

[INFO DRT-0169] Post process guides.
[INFO DRT-0176] GCELLGRID X 0 DO 14 STEP 6900 ;
[INFO DRT-0177] GCELLGRID Y 0 DO 14 STEP 6900 ;
[INFO DRT-0028]   Complete FR_MASTERSLICE.
[INFO DRT-0028]   Complete Fr_VIA.
[INFO DRT-0028]   Complete li1.
[INFO DRT-0028]   Complete mcon.
[INFO DRT-0028]   Complete met1.
[INFO DRT-0028]   Complete via.
[INFO DRT-0028]   Complete met2.
[INFO DRT-0028]   Complete via2.
[INFO DRT-0028]   Complete met3.
[INFO DRT-0028]   Complete via3.
[INFO DRT-0028]   Complete met4.
[INFO DRT-0028]   Complete via4.
[INFO DRT-0028]   Complete met5.
[INFO DRT-0178] Init guide query.
[INFO DRT-0035]   Complete FR_MASTERSLICE (guide).
[INFO DRT-0035]   Complete Fr_VIA (guide).
[INFO DRT-0035]   Complete li1 (guide).
[INFO DRT-0035]   Complete mcon (guide).
[INFO DRT-0035]   Complete met1 (guide).
[INFO DRT-0035]   Complete via (guide).
[INFO DRT-0035]   Complete met2 (guide).
[INFO DRT-0035]   Complete via2 (guide).
[INFO DRT-0035]   Complete met3 (guide).
[INFO DRT-0035]   Complete via3 (guide).
[INFO DRT-0035]   Complete met4 (guide).
[INFO DRT-0035]   Complete via4 (guide).
[INFO DRT-0035]   Complete met5 (guide).
[INFO DRT-0036] FR_MASTERSLICE guide region query size = 0.
[INFO DRT-0036] FR_VIA guide region query size = 0.
[INFO DRT-0036] li1 guide region query size = 643.
[INFO DRT-0036] mcon guide region query size = 0.
[INFO DRT-0036] met1 guide region query size = 693.
[INFO DRT-0036] via guide region query size = 0.
[INFO DRT-0036] met2 guide region query size = 451.
[INFO DRT-0036] via2 guide region query size = 0.
[INFO DRT-0036] met3 guide region query size = 118.
[INFO DRT-0036] via3 guide region query size = 0.
[INFO DRT-0036] met4 guide region query size = 26.
[INFO DRT-0036] via4 guide region query size = 0.
[INFO DRT-0036] met5 guide region query size = 1.
[INFO DRT-0179] Init gr pin query.
[INFO DRT-0245] skipped writing guide updates to database.
[INFO DRT-0185] Post process initialize RPin region query.
[INFO DRT-0181] Start track assignment.
[INFO DRT-0184] Done with 1120 vertical wires in 1 frboxes and 812 horizontal wires in 1 frboxes.
[INFO DRT-0186] Done with 210 vertical wires in 1 frboxes and 297 horizontal wires in 1 frboxes.
[INFO DRT-0182] Complete track assignment.
[INFO DRT-0267] cpu time = 00:00:00, elapsed time = 00:00:00, memory = 127.94 (MB), peak = 127.94 (MB)
[INFO DRT-0187] Start routing data preparation.
[INFO DRT-0267] cpu time = 00:00:00, elapsed time = 00:00:00, memory = 128.51 (MB), peak = 128.51 (MB)
[INFO DRT-0194] Start detail routing.
[INFO DRT-0195] Start 0th optimization iteration.
    Completing 10% with 0 violations.
    elapsed time = 00:00:01, memory = 134.21 (MB).
    Completing 20% with 33 violations.
    elapsed time = 00:00:02, memory = 146.67 (MB).
    Completing 30% with 94 violations.
    elapsed time = 00:00:05, memory = 156.78 (MB).
    Completing 40% with 157 violations.
    elapsed time = 00:00:07, memory = 157.04 (MB).
[INFO DRT-0199]   Number of violations = 251.
Viol/Layer        mcon   met1   met2   met3
Cut Spacing          1      0      0      0
Metal Spacing        0      9     35      3
Recheck              0     17     24      2
Short                0     97     51     12
[INFO DRT-0267] cpu time = 00:00:09, elapsed time = 00:00:07, memory = 519.18 (MB), peak = 519.18 (MB)
Total wire length = 16996 um.
Total wire length on LAYER li1 = 0 um.
Total wire length on LAYER met1 = 6425 um.
Total wire length on LAYER met2 = 7041 um.
Total wire length on LAYER met3 = 2494 um.
Total wire length on LAYER met4 = 953 um.
Total wire length on LAYER met5 = 81 um.
Total number of vias = 1946.
Up-via summary (total 1946):

-----------------------
 FR_MASTERSLICE       0
            li1     659
           met1    1038
           met2     190
           met3      57
           met4       2
-----------------------
                   1946


[INFO DRT-0195] Start 1st optimization iteration.
    Completing 10% with 251 violations.
    elapsed time = 00:00:00, memory = 519.18 (MB).
    Completing 20% with 251 violations.
    elapsed time = 00:00:00, memory = 519.18 (MB).
    Completing 30% with 251 violations.
    elapsed time = 00:00:00, memory = 519.18 (MB).
    Completing 40% with 251 violations.
    elapsed time = 00:00:00, memory = 519.18 (MB).
    Completing 50% with 242 violations.
    elapsed time = 00:00:00, memory = 519.18 (MB).
    Completing 60% with 242 violations.
    elapsed time = 00:00:00, memory = 519.18 (MB).
    Completing 70% with 219 violations.
    elapsed time = 00:00:00, memory = 519.18 (MB).
    Completing 80% with 219 violations.
    elapsed time = 00:00:01, memory = 519.18 (MB).
    Completing 90% with 197 violations.
    elapsed time = 00:00:04, memory = 520.25 (MB).
    Completing 100% with 111 violations.
    elapsed time = 00:00:04, memory = 520.25 (MB).
[INFO DRT-0199]   Number of violations = 111.
Viol/Layer        met1   met2
Metal Spacing        8     22
Short               69     12
[INFO DRT-0267] cpu time = 00:00:06, elapsed time = 00:00:04, memory = 520.51 (MB), peak = 520.51 (MB)
Total wire length = 16868 um.
Total wire length on LAYER li1 = 0 um.
Total wire length on LAYER met1 = 6453 um.
Total wire length on LAYER met2 = 6953 um.
Total wire length on LAYER met3 = 2406 um.
Total wire length on LAYER met4 = 972 um.
Total wire length on LAYER met5 = 81 um.
Total number of vias = 1945.
Up-via summary (total 1945):

-----------------------
 FR_MASTERSLICE       0
            li1     659
           met1    1037
           met2     196
           met3      51
           met4       2
-----------------------
                   1945


[INFO DRT-0195] Start 2nd optimization iteration.
    Completing 10% with 111 violations.
    elapsed time = 00:00:00, memory = 520.51 (MB).
    Completing 20% with 111 violations.
    elapsed time = 00:00:00, memory = 520.51 (MB).
    Completing 30% with 111 violations.
    elapsed time = 00:00:00, memory = 520.51 (MB).
    Completing 40% with 111 violations.
    elapsed time = 00:00:00, memory = 520.51 (MB).
    Completing 50% with 123 violations.
    elapsed time = 00:00:00, memory = 520.51 (MB).
    Completing 60% with 123 violations.
    elapsed time = 00:00:01, memory = 520.51 (MB).
    Completing 70% with 92 violations.
    elapsed time = 00:00:01, memory = 520.51 (MB).
    Completing 80% with 92 violations.
    elapsed time = 00:00:02, memory = 520.51 (MB).
    Completing 90% with 85 violations.
    elapsed time = 00:00:04, memory = 520.66 (MB).
    Completing 100% with 82 violations.
    elapsed time = 00:00:04, memory = 520.66 (MB).
[INFO DRT-0199]   Number of violations = 82.
Viol/Layer        met1   met2
Metal Spacing        8     20
Short               50      4
[INFO DRT-0267] cpu time = 00:00:05, elapsed time = 00:00:04, memory = 520.66 (MB), peak = 534.36 (MB)
Total wire length = 16826 um.
Total wire length on LAYER li1 = 0 um.
Total wire length on LAYER met1 = 6427 um.
Total wire length on LAYER met2 = 6923 um.
Total wire length on LAYER met3 = 2413 um.
Total wire length on LAYER met4 = 979 um.
Total wire length on LAYER met5 = 81 um.
Total number of vias = 1919.
Up-via summary (total 1919):

-----------------------
 FR_MASTERSLICE       0
            li1     659
           met1    1007
           met2     196
           met3      55
           met4       2
-----------------------
                   1919


[INFO DRT-0195] Start 3rd optimization iteration.
    Completing 10% with 82 violations.
    elapsed time = 00:00:00, memory = 520.66 (MB).
    Completing 20% with 61 violations.
    elapsed time = 00:00:00, memory = 520.66 (MB).
    Completing 30% with 46 violations.
    elapsed time = 00:00:01, memory = 520.66 (MB).
    Completing 40% with 30 violations.
    elapsed time = 00:00:05, memory = 520.66 (MB).
[INFO DRT-0199]   Number of violations = 5.
Viol/Layer        met1
Short                5
[INFO DRT-0267] cpu time = 00:00:05, elapsed time = 00:00:05, memory = 520.66 (MB), peak = 534.36 (MB)
Total wire length = 16859 um.
Total wire length on LAYER li1 = 0 um.
Total wire length on LAYER met1 = 6177 um.
Total wire length on LAYER met2 = 6821 um.
Total wire length on LAYER met3 = 2687 um.
Total wire length on LAYER met4 = 1091 um.
Total wire length on LAYER met5 = 81 um.
Total number of vias = 2005.
Up-via summary (total 2005):

-----------------------
 FR_MASTERSLICE       0
            li1     659
           met1    1030
           met2     246
           met3      68
           met4       2
-----------------------
                   2005


[INFO DRT-0195] Start 4th optimization iteration.
    Completing 10% with 5 violations.
    elapsed time = 00:00:00, memory = 520.66 (MB).
    Completing 20% with 5 violations.
    elapsed time = 00:00:00, memory = 520.66 (MB).
    Completing 30% with 5 violations.
    elapsed time = 00:00:00, memory = 520.66 (MB).
    Completing 40% with 5 violations.
    elapsed time = 00:00:00, memory = 520.66 (MB).
    Completing 50% with 5 violations.
    elapsed time = 00:00:00, memory = 520.66 (MB).
    Completing 60% with 5 violations.
    elapsed time = 00:00:00, memory = 520.66 (MB).
    Completing 70% with 5 violations.
    elapsed time = 00:00:00, memory = 520.66 (MB).
    Completing 80% with 5 violations.
    elapsed time = 00:00:00, memory = 520.66 (MB).
    Completing 90% with 5 violations.
    elapsed time = 00:00:00, memory = 520.66 (MB).
    Completing 100% with 0 violations.
    elapsed time = 00:00:00, memory = 520.66 (MB).
[INFO DRT-0199]   Number of violations = 0.
[INFO DRT-0267] cpu time = 00:00:00, elapsed time = 00:00:00, memory = 520.66 (MB), peak = 534.36 (MB)
Total wire length = 16847 um.
Total wire length on LAYER li1 = 0 um.
Total wire length on LAYER met1 = 6167 um.
Total wire length on LAYER met2 = 6815 um.
Total wire length on LAYER met3 = 2691 um.
Total wire length on LAYER met4 = 1091 um.
Total wire length on LAYER met5 = 81 um.
Total number of vias = 1998.
Up-via summary (total 1998):

-----------------------
 FR_MASTERSLICE       0
            li1     659
           met1    1025
           met2     244
           met3      68
           met4       2
-----------------------
                   1998


[INFO DRT-0198] Complete detail routing.
Total wire length = 16847 um.
Total wire length on LAYER li1 = 0 um.
Total wire length on LAYER met1 = 6167 um.
Total wire length on LAYER met2 = 6815 um.
Total wire length on LAYER met3 = 2691 um.
Total wire length on LAYER met4 = 1091 um.
Total wire length on LAYER met5 = 81 um.
Total number of vias = 1998.
Up-via summary (total 1998):

-----------------------
 FR_MASTERSLICE       0
            li1     659
           met1    1025
           met2     244
           met3      68
           met4       2
-----------------------
                   1998


[INFO DRT-0267] cpu time = 00:00:27, elapsed time = 00:00:23, memory = 520.66 (MB), peak = 534.36 (MB)

[INFO DRT-0180] Post processing.
Setting global connections for newly added cells…
Writing OpenROAD database to '/openlane/designs/zero_to_five_counter/runs/RUN_2025.05.24_22.36.15/results/routing/TopModule.odb'…
Writing netlist to '/openlane/designs/zero_to_five_counter/runs/RUN_2025.05.24_22.36.15/results/routing/TopModule.nl.v'…
Writing powered netlist to '/openlane/designs/zero_to_five_counter/runs/RUN_2025.05.24_22.36.15/results/routing/TopModule.pnl.v'…
Writing layout to '/openlane/designs/zero_to_five_counter/runs/RUN_2025.05.24_22.36.15/results/routing/TopModule.def'…
