Sun Jun 08 14:11:39 +0000 2025 - Executing "{openroad -exit -no_init -python /openlane/scripts/odbpy/lefutil.py get_metal_layers -o /openlane/designs/semi_cpu/runs/RUN_2025.06.08_14.11.38/tmp/layers.list /home/kagan/.volare/sky130A/libs.ref/sky130_fd_sc_hd/techlef/sky130_fd_sc_hd__nom.tlef}"

Sun Jun 08 14:11:39 +0000 2025 - Executing "{/openlane/scripts/mergeLef.py -o /openlane/designs/semi_cpu/runs/RUN_2025.06.08_14.11.38/tmp/merged.nom.lef -i /home/kagan/.volare/sky130A/libs.ref/sky130_fd_sc_hd/techlef/sky130_fd_sc_hd__nom.tlef {/home/kagan/.volare/sky130A/libs.ref/sky130_fd_sc_hd/lef/sky130_fd_sc_hd.lef /home/kagan/.volare/sky130A/libs.ref/sky130_fd_sc_hd/lef/sky130_ef_sc_hd.lef} |& tee /dev/null}"

Sun Jun 08 14:11:39 +0000 2025 - Executing "{/openlane/scripts/mergeLef.py -o /openlane/designs/semi_cpu/runs/RUN_2025.06.08_14.11.38/tmp/merged.min.lef -i /home/kagan/.volare/sky130A/libs.ref/sky130_fd_sc_hd/techlef/sky130_fd_sc_hd__min.tlef {/home/kagan/.volare/sky130A/libs.ref/sky130_fd_sc_hd/lef/sky130_fd_sc_hd.lef /home/kagan/.volare/sky130A/libs.ref/sky130_fd_sc_hd/lef/sky130_ef_sc_hd.lef} |& tee /dev/null}"

Sun Jun 08 14:11:39 +0000 2025 - Executing "{/openlane/scripts/mergeLef.py -o /openlane/designs/semi_cpu/runs/RUN_2025.06.08_14.11.38/tmp/merged.max.lef -i /home/kagan/.volare/sky130A/libs.ref/sky130_fd_sc_hd/techlef/sky130_fd_sc_hd__max.tlef {/home/kagan/.volare/sky130A/libs.ref/sky130_fd_sc_hd/lef/sky130_fd_sc_hd.lef /home/kagan/.volare/sky130A/libs.ref/sky130_fd_sc_hd/lef/sky130_ef_sc_hd.lef} |& tee /dev/null}"

Sun Jun 08 14:11:39 +0000 2025 - Executing "{python3 /openlane/scripts/mergeLib.py --output /openlane/designs/semi_cpu/runs/RUN_2025.06.08_14.11.38/tmp/synthesis/merged.lib --name sky130A_merged /home/kagan/.volare/sky130A/libs.ref/sky130_fd_sc_hd/lib/sky130_fd_sc_hd__tt_025C_1v80.lib}"

Sun Jun 08 14:11:39 +0000 2025 - Executing "{python3 /openlane/scripts/libtrim.py --cell-file /openlane/designs/semi_cpu/runs/RUN_2025.06.08_14.11.38/tmp/synthesis/trimmed.lib.exclude.list --output /openlane/designs/semi_cpu/runs/RUN_2025.06.08_14.11.38/tmp/synthesis/trimmed.lib /openlane/designs/semi_cpu/runs/RUN_2025.06.08_14.11.38/tmp/synthesis/merged.lib}"

Sun Jun 08 14:11:39 +0000 2025 - Executing "{python3 /openlane/scripts/libtrim.py --cell-file /openlane/designs/semi_cpu/runs/RUN_2025.06.08_14.11.38/tmp/cts/cts.lib.exclude.list --output /openlane/designs/semi_cpu/runs/RUN_2025.06.08_14.11.38/tmp/cts/cts.lib /home/kagan/.volare/sky130A/libs.ref/sky130_fd_sc_hd/lib/sky130_fd_sc_hd__tt_025C_1v80.lib}"

Sun Jun 08 14:11:39 +0000 2025 - Executing "{python3 /openlane/scripts/libtrim.py --cell-file /openlane/designs/semi_cpu/runs/RUN_2025.06.08_14.11.38/tmp/cts/cts-fastest.lib.exclude.list --output /openlane/designs/semi_cpu/runs/RUN_2025.06.08_14.11.38/tmp/cts/cts-fastest.lib /home/kagan/.volare/sky130A/libs.ref/sky130_fd_sc_hd/lib/sky130_fd_sc_hd__ff_n40C_1v95.lib}"

Sun Jun 08 14:11:40 +0000 2025 - Executing "{python3 /openlane/scripts/libtrim.py --cell-file /openlane/designs/semi_cpu/runs/RUN_2025.06.08_14.11.38/tmp/cts/cts-slowest.lib.exclude.list --output /openlane/designs/semi_cpu/runs/RUN_2025.06.08_14.11.38/tmp/cts/cts-slowest.lib /home/kagan/.volare/sky130A/libs.ref/sky130_fd_sc_hd/lib/sky130_fd_sc_hd__ss_100C_1v60.lib}"

Sun Jun 08 14:11:40 +0000 2025 - Executing "{python3 /openlane/scripts/new_tracks.py -i /home/kagan/.volare/sky130A/libs.tech/openlane/sky130_fd_sc_hd/tracks.info -o /openlane/designs/semi_cpu/runs/RUN_2025.06.08_14.11.38/tmp/routing/config.tracks}"

Sun Jun 08 14:11:40 +0000 2025 - Executing "{echo {OpenLane e73fb3c57e687a0023fcd4dcfd1566ecd478362a} > /openlane/designs/semi_cpu/runs/RUN_2025.06.08_14.11.38/OPENLANE_COMMIT}"

Sun Jun 08 14:11:40 +0000 2025 - Executing "{yosys -c /openlane/scripts/yosys/blackbox.tcl}"

Sun Jun 08 14:11:40 +0000 2025 - Executing "{verilator -Wall --lint-only --Wno-DECLFILENAME --top-module SemiCPU /openlane/designs/semi_cpu/runs/RUN_2025.06.08_14.11.38/tmp/synthesis/blackbox/sky130_fd_sc_hd__blackbox.v /openlane/designs/semi_cpu/src/ALU.v /openlane/designs/semi_cpu/src/InstructionMemory.v /openlane/designs/semi_cpu/src/ProgramCounter.v /openlane/designs/semi_cpu/src/SevenSegDisplay.v /openlane/designs/semi_cpu/src/SemiCPU.v /openlane/designs/semi_cpu/src/InstructionDecoder.v /openlane/designs/semi_cpu/src/RegisterFile.v -Wno-fatal --relative-includes |& tee /openlane/designs/semi_cpu/runs/RUN_2025.06.08_14.11.38/logs/synthesis/linter.log /dev/null}"

Sun Jun 08 14:11:40 +0000 2025 - Executing "{sed -E {s/^([[:space:]]+)pg_pin(.*)/\1pin\2\n\1    direction : "inout";/g} /home/kagan/.volare/sky130A/libs.ref/sky130_fd_sc_hd/lib/sky130_fd_sc_hd__tt_025C_1v80.lib > /openlane/designs/semi_cpu/runs/RUN_2025.06.08_14.11.38/tmp/synthesis/1-sky130_fd_sc_hd__tt_025C_1v80.no_pg.lib}"

Sun Jun 08 14:11:40 +0000 2025 - Executing "{sed -E {s/^([[:space:]]+)pg_pin(.*)/\1pin\2\n\1    direction : "inout";/g} /openlane/designs/semi_cpu/runs/RUN_2025.06.08_14.11.38/tmp/synthesis/trimmed.lib > /openlane/designs/semi_cpu/runs/RUN_2025.06.08_14.11.38/tmp/synthesis/1-trimmed.no_pg.lib}"

Sun Jun 08 14:11:40 +0000 2025 - Executing "yosys -c /openlane/scripts/yosys/synth.tcl |& tee /dev/null /openlane/designs/semi_cpu/runs/RUN_2025.06.08_14.11.38/logs/synthesis/1-synthesis.log"

Sun Jun 08 14:11:40 +0000 2025 - Executing "{yosys -c /openlane/scripts/yosys/synth.tcl |& tee /dev/null /openlane/designs/semi_cpu/runs/RUN_2025.06.08_14.11.38/logs/synthesis/1-synthesis.log}"

Sun Jun 08 14:11:43 +0000 2025 - Executing "{sed -i.bak -e {s/\(set ::env(CURRENT_NETLIST)\).*/\1 \/openlane\/designs\/semi_cpu\/runs\/RUN_2025.06.08_14.11.38\/results\/synthesis\/SemiCPU.v/} /openlane/designs/semi_cpu/runs/RUN_2025.06.08_14.11.38/config.tcl}"

Sun Jun 08 14:11:43 +0000 2025 - Executing "{sed -i.bak /defparam/d /openlane/designs/semi_cpu/runs/RUN_2025.06.08_14.11.38/results/synthesis/SemiCPU.v}"

Sun Jun 08 14:11:43 +0000 2025 - Executing "sta -exit -no_init /openlane/scripts/openroad/sta/multi_corner.tcl |& tee /dev/null /openlane/designs/semi_cpu/runs/RUN_2025.06.08_14.11.38/logs/synthesis/2-sta.log"

Sun Jun 08 14:11:43 +0000 2025 - Executing "{sta -exit -no_init /openlane/scripts/openroad/sta/multi_corner.tcl |& tee /dev/null /openlane/designs/semi_cpu/runs/RUN_2025.06.08_14.11.38/logs/synthesis/2-sta.log}"

Sun Jun 08 14:11:43 +0000 2025 - Executing "openroad -exit /openlane/scripts/openroad/floorplan.tcl |& tee /dev/null /openlane/designs/semi_cpu/runs/RUN_2025.06.08_14.11.38/logs/floorplan/3-initial_fp.log"

Sun Jun 08 14:11:43 +0000 2025 - Executing "{openroad -exit /openlane/scripts/openroad/floorplan.tcl |& tee /dev/null /openlane/designs/semi_cpu/runs/RUN_2025.06.08_14.11.38/logs/floorplan/3-initial_fp.log}"

Sun Jun 08 14:11:44 +0000 2025 - Executing "{openroad -exit -no_init -python /openlane/scripts/odbpy/defutil.py extract_core_dims --output-data /openlane/designs/semi_cpu/runs/RUN_2025.06.08_14.11.38/tmp/dimensions.txt --input-lef /openlane/designs/semi_cpu/runs/RUN_2025.06.08_14.11.38/tmp/merged.nom.lef /openlane/designs/semi_cpu/runs/RUN_2025.06.08_14.11.38/tmp/floorplan/3-initial_fp.def}"

Sun Jun 08 14:11:44 +0000 2025 - Executing "{openroad -exit -no_init -python /openlane/scripts/odbpy/io_place.py --config /openlane/designs/semi_cpu/pin_order.cfg --hor-layer met3 --ver-layer met2 --ver-width-mult 2 --hor-width-mult 2 --hor-extension 0 --ver-extension 0 --length 4 --unmatched-error --input-lef /openlane/designs/semi_cpu/runs/RUN_2025.06.08_14.11.38/tmp/merged.nom.lef --output-def /openlane/designs/semi_cpu/runs/RUN_2025.06.08_14.11.38/tmp/floorplan/4-io.def --output /openlane/designs/semi_cpu/runs/RUN_2025.06.08_14.11.38/tmp/floorplan/4-io.odb /openlane/designs/semi_cpu/runs/RUN_2025.06.08_14.11.38/tmp/floorplan/3-initial_fp.odb |& tee /dev/null /openlane/designs/semi_cpu/runs/RUN_2025.06.08_14.11.38/logs/floorplan/4-place_io.log}"

Sun Jun 08 14:11:44 +0000 2025 - Executing "openroad -exit /openlane/scripts/openroad/tapcell.tcl |& tee /dev/null /openlane/designs/semi_cpu/runs/RUN_2025.06.08_14.11.38/logs/floorplan/5-tap.log"

Sun Jun 08 14:11:44 +0000 2025 - Executing "{openroad -exit /openlane/scripts/openroad/tapcell.tcl |& tee /dev/null /openlane/designs/semi_cpu/runs/RUN_2025.06.08_14.11.38/logs/floorplan/5-tap.log}"

Sun Jun 08 14:11:45 +0000 2025 - Executing "openroad -exit /openlane/scripts/openroad/pdn.tcl |& tee /dev/null /openlane/designs/semi_cpu/runs/RUN_2025.06.08_14.11.38/logs/floorplan/6-pdn.log"

Sun Jun 08 14:11:45 +0000 2025 - Executing "{openroad -exit /openlane/scripts/openroad/pdn.tcl |& tee /dev/null /openlane/designs/semi_cpu/runs/RUN_2025.06.08_14.11.38/logs/floorplan/6-pdn.log}"

Sun Jun 08 14:11:45 +0000 2025 - Executing "{openroad -exit -no_init -python /openlane/scripts/odbpy/random_place.py --input-lef /openlane/designs/semi_cpu/runs/RUN_2025.06.08_14.11.38/tmp/merged.nom.lef --output-def /openlane/designs/semi_cpu/runs/RUN_2025.06.08_14.11.38/tmp/placement/7-global.def --output /openlane/designs/semi_cpu/runs/RUN_2025.06.08_14.11.38/tmp/placement/7-global.odb /openlane/designs/semi_cpu/runs/RUN_2025.06.08_14.11.38/results/floorplan/SemiCPU.odb |& tee /dev/null /openlane/designs/semi_cpu/runs/RUN_2025.06.08_14.11.38/logs/placement/7-global.log}"

Sun Jun 08 14:11:46 +0000 2025 - Executing "openroad -exit /openlane/scripts/openroad/resizer.tcl |& tee /dev/null /openlane/designs/semi_cpu/runs/RUN_2025.06.08_14.11.38/logs/placement/8-resizer.log"

Sun Jun 08 14:11:46 +0000 2025 - Executing "{openroad -exit /openlane/scripts/openroad/resizer.tcl |& tee /dev/null /openlane/designs/semi_cpu/runs/RUN_2025.06.08_14.11.38/logs/placement/8-resizer.log}"

Sun Jun 08 14:11:47 +0000 2025 - Executing "{sed -i.bak -e {s/\(set ::env(CURRENT_NETLIST)\).*/\1 \/openlane\/designs\/semi_cpu\/runs\/RUN_2025.06.08_14.11.38\/tmp\/placement\/8-resizer.nl.v/} /openlane/designs/semi_cpu/runs/RUN_2025.06.08_14.11.38/config.tcl}"

Sun Jun 08 14:11:47 +0000 2025 - Executing "openroad -exit /openlane/scripts/openroad/dpl.tcl |& tee /dev/null /openlane/designs/semi_cpu/runs/RUN_2025.06.08_14.11.38/logs/placement/9-detailed.log"

Sun Jun 08 14:11:47 +0000 2025 - Executing "{openroad -exit /openlane/scripts/openroad/dpl.tcl |& tee /dev/null /openlane/designs/semi_cpu/runs/RUN_2025.06.08_14.11.38/logs/placement/9-detailed.log}"

Sun Jun 08 14:11:48 +0000 2025 - Executing "{sed -i.bak -e {s/\(set ::env(CURRENT_NETLIST)\).*/\1 \/openlane\/designs\/semi_cpu\/runs\/RUN_2025.06.08_14.11.38\/results\/placement\/SemiCPU.nl.v/} /openlane/designs/semi_cpu/runs/RUN_2025.06.08_14.11.38/config.tcl}"

Sun Jun 08 14:11:48 +0000 2025 - Executing "openroad -exit /openlane/scripts/openroad/sta/multi_corner.tcl |& tee /dev/null /openlane/designs/semi_cpu/runs/RUN_2025.06.08_14.11.38/logs/placement/10-dpl_sta.log"

Sun Jun 08 14:11:48 +0000 2025 - Executing "{openroad -exit /openlane/scripts/openroad/sta/multi_corner.tcl |& tee /dev/null /openlane/designs/semi_cpu/runs/RUN_2025.06.08_14.11.38/logs/placement/10-dpl_sta.log}"

Sun Jun 08 14:11:48 +0000 2025 - Executing "openroad -exit /openlane/scripts/openroad/cts.tcl |& tee /dev/null /openlane/designs/semi_cpu/runs/RUN_2025.06.08_14.11.38/logs/cts/11-cts.log"

Sun Jun 08 14:11:48 +0000 2025 - Executing "{openroad -exit /openlane/scripts/openroad/cts.tcl |& tee /dev/null /openlane/designs/semi_cpu/runs/RUN_2025.06.08_14.11.38/logs/cts/11-cts.log}"

Sun Jun 08 14:11:53 +0000 2025 - Executing "openroad -exit /openlane/scripts/openroad/sta/multi_corner.tcl |& tee /dev/null /openlane/designs/semi_cpu/runs/RUN_2025.06.08_14.11.38/logs/cts/12-cts_sta.log"

Sun Jun 08 14:11:53 +0000 2025 - Executing "{openroad -exit /openlane/scripts/openroad/sta/multi_corner.tcl |& tee /dev/null /openlane/designs/semi_cpu/runs/RUN_2025.06.08_14.11.38/logs/cts/12-cts_sta.log}"

Sun Jun 08 14:11:54 +0000 2025 - Executing "openroad -exit /openlane/scripts/openroad/resizer_timing.tcl |& tee /dev/null /openlane/designs/semi_cpu/runs/RUN_2025.06.08_14.11.38/logs/cts/13-resizer.log"

Sun Jun 08 14:11:54 +0000 2025 - Executing "{openroad -exit /openlane/scripts/openroad/resizer_timing.tcl |& tee /dev/null /openlane/designs/semi_cpu/runs/RUN_2025.06.08_14.11.38/logs/cts/13-resizer.log}"

Sun Jun 08 14:11:58 +0000 2025 - Executing "{sed -i.bak -e {s/\(set ::env(CURRENT_NETLIST)\).*/\1 \/openlane\/designs\/semi_cpu\/runs\/RUN_2025.06.08_14.11.38\/tmp\/cts\/13-SemiCPU.resized.nl.v/} /openlane/designs/semi_cpu/runs/RUN_2025.06.08_14.11.38/config.tcl}"

Sun Jun 08 14:11:58 +0000 2025 - Executing "openroad -exit /openlane/scripts/openroad/resizer_routing_design.tcl |& tee /dev/null /openlane/designs/semi_cpu/runs/RUN_2025.06.08_14.11.38/logs/routing/14-resizer_design.log"

Sun Jun 08 14:11:58 +0000 2025 - Executing "{openroad -exit /openlane/scripts/openroad/resizer_routing_design.tcl |& tee /dev/null /openlane/designs/semi_cpu/runs/RUN_2025.06.08_14.11.38/logs/routing/14-resizer_design.log}"

Sun Jun 08 14:12:00 +0000 2025 - Executing "{sed -i.bak -e {s/\(set ::env(CURRENT_NETLIST)\).*/\1 \/openlane\/designs\/semi_cpu\/runs\/RUN_2025.06.08_14.11.38\/tmp\/14-SemiCPU.nl.v/} /openlane/designs/semi_cpu/runs/RUN_2025.06.08_14.11.38/config.tcl}"

Sun Jun 08 14:12:00 +0000 2025 - Executing "openroad -exit /openlane/scripts/openroad/sta/multi_corner.tcl |& tee /dev/null /openlane/designs/semi_cpu/runs/RUN_2025.06.08_14.11.38/logs/routing/15-rsz_design_sta.log"

Sun Jun 08 14:12:00 +0000 2025 - Executing "{openroad -exit /openlane/scripts/openroad/sta/multi_corner.tcl |& tee /dev/null /openlane/designs/semi_cpu/runs/RUN_2025.06.08_14.11.38/logs/routing/15-rsz_design_sta.log}"

Sun Jun 08 14:12:00 +0000 2025 - Executing "openroad -exit /openlane/scripts/openroad/resizer_routing_timing.tcl |& tee /dev/null /openlane/designs/semi_cpu/runs/RUN_2025.06.08_14.11.38/logs/routing/16-resizer_timing.log"

Sun Jun 08 14:12:00 +0000 2025 - Executing "{openroad -exit /openlane/scripts/openroad/resizer_routing_timing.tcl |& tee /dev/null /openlane/designs/semi_cpu/runs/RUN_2025.06.08_14.11.38/logs/routing/16-resizer_timing.log}"

Sun Jun 08 14:12:04 +0000 2025 - Executing "{sed -i.bak -e {s/\(set ::env(CURRENT_NETLIST)\).*/\1 \/openlane\/designs\/semi_cpu\/runs\/RUN_2025.06.08_14.11.38\/tmp\/16-SemiCPU.nl.v/} /openlane/designs/semi_cpu/runs/RUN_2025.06.08_14.11.38/config.tcl}"

Sun Jun 08 14:12:04 +0000 2025 - Executing "openroad -exit /openlane/scripts/openroad/sta/multi_corner.tcl |& tee /dev/null /openlane/designs/semi_cpu/runs/RUN_2025.06.08_14.11.38/logs/routing/17-rsz_timing_sta.log"

Sun Jun 08 14:12:04 +0000 2025 - Executing "{openroad -exit /openlane/scripts/openroad/sta/multi_corner.tcl |& tee /dev/null /openlane/designs/semi_cpu/runs/RUN_2025.06.08_14.11.38/logs/routing/17-rsz_timing_sta.log}"

Sun Jun 08 14:12:05 +0000 2025 - Executing "openroad -exit /openlane/scripts/openroad/repair_antennas.tcl |& tee /dev/null /openlane/designs/semi_cpu/runs/RUN_2025.06.08_14.11.38/logs/routing/18-global.log"

Sun Jun 08 14:12:05 +0000 2025 - Executing "{openroad -exit /openlane/scripts/openroad/repair_antennas.tcl |& tee /dev/null /openlane/designs/semi_cpu/runs/RUN_2025.06.08_14.11.38/logs/routing/18-global.log}"

Sun Jun 08 14:12:06 +0000 2025 - Executing "{openroad -exit -no_init -python /openlane/scripts/odbpy/defutil.py replace_instance_prefixes --original-prefix ANTENNA --new-prefix INSDIODE1 --input-lef /openlane/designs/semi_cpu/runs/RUN_2025.06.08_14.11.38/tmp/merged.nom.lef --output-def /openlane/designs/semi_cpu/runs/RUN_2025.06.08_14.11.38/tmp/routing/18-global.def --output /openlane/designs/semi_cpu/runs/RUN_2025.06.08_14.11.38/tmp/routing/18-global.odb /openlane/designs/semi_cpu/runs/RUN_2025.06.08_14.11.38/tmp/routing/18-global.odb |& tee /dev/null /openlane/designs/semi_cpu/runs/RUN_2025.06.08_14.11.38/logs/routing/18-antenna_diodes_1.log}"

Sun Jun 08 14:12:06 +0000 2025 - Executing "openroad -exit /openlane/scripts/openroad/repair_antennas.tcl |& tee /dev/null /openlane/designs/semi_cpu/runs/RUN_2025.06.08_14.11.38/logs/routing/18-antenna_route_1.log"

Sun Jun 08 14:12:06 +0000 2025 - Executing "{openroad -exit /openlane/scripts/openroad/repair_antennas.tcl |& tee /dev/null /openlane/designs/semi_cpu/runs/RUN_2025.06.08_14.11.38/logs/routing/18-antenna_route_1.log}"

Sun Jun 08 14:12:08 +0000 2025 - Executing "openroad -exit /openlane/scripts/openroad/write_views.tcl |& tee /dev/null /openlane/designs/semi_cpu/runs/RUN_2025.06.08_14.11.38/logs/routing/18-global_write_netlist.log"

Sun Jun 08 14:12:08 +0000 2025 - Executing "{openroad -exit /openlane/scripts/openroad/write_views.tcl |& tee /dev/null /openlane/designs/semi_cpu/runs/RUN_2025.06.08_14.11.38/logs/routing/18-global_write_netlist.log}"

Sun Jun 08 14:12:08 +0000 2025 - Executing "{sed -i.bak -e {s/\(set ::env(CURRENT_NETLIST)\).*/\1 \/openlane\/designs\/semi_cpu\/runs\/RUN_2025.06.08_14.11.38\/tmp\/routing\/global.nl.v/} /openlane/designs/semi_cpu/runs/RUN_2025.06.08_14.11.38/config.tcl}"

Sun Jun 08 14:12:08 +0000 2025 - Executing "openroad -exit /openlane/scripts/openroad/sta/multi_corner.tcl |& tee /dev/null /openlane/designs/semi_cpu/runs/RUN_2025.06.08_14.11.38/logs/routing/20-grt_sta.log"

Sun Jun 08 14:12:08 +0000 2025 - Executing "{openroad -exit /openlane/scripts/openroad/sta/multi_corner.tcl |& tee /dev/null /openlane/designs/semi_cpu/runs/RUN_2025.06.08_14.11.38/logs/routing/20-grt_sta.log}"

Sun Jun 08 14:12:09 +0000 2025 - Executing "openroad -exit /openlane/scripts/openroad/fill.tcl |& tee /dev/null /openlane/designs/semi_cpu/runs/RUN_2025.06.08_14.11.38/logs/routing/21-fill.log"

Sun Jun 08 14:12:09 +0000 2025 - Executing "{openroad -exit /openlane/scripts/openroad/fill.tcl |& tee /dev/null /openlane/designs/semi_cpu/runs/RUN_2025.06.08_14.11.38/logs/routing/21-fill.log}"

Sun Jun 08 14:12:09 +0000 2025 - Executing "{sed -i.bak -e {s/\(set ::env(CURRENT_NETLIST)\).*/\1 \/openlane\/designs\/semi_cpu\/runs\/RUN_2025.06.08_14.11.38\/tmp\/routing\/21-fill.nl.v/} /openlane/designs/semi_cpu/runs/RUN_2025.06.08_14.11.38/config.tcl}"

Sun Jun 08 14:12:09 +0000 2025 - Executing "openroad -exit -metrics /openlane/designs/semi_cpu/runs/RUN_2025.06.08_14.11.38/reports/routing/22-drt_metrics.json /openlane/scripts/openroad/droute.tcl |& tee /dev/null /openlane/designs/semi_cpu/runs/RUN_2025.06.08_14.11.38/logs/routing/22-detailed.log"

Sun Jun 08 14:12:09 +0000 2025 - Executing "{openroad -exit -metrics /openlane/designs/semi_cpu/runs/RUN_2025.06.08_14.11.38/reports/routing/22-drt_metrics.json /openlane/scripts/openroad/droute.tcl |& tee /dev/null /openlane/designs/semi_cpu/runs/RUN_2025.06.08_14.11.38/logs/routing/22-detailed.log}"

Sun Jun 08 14:12:41 +0000 2025 - Executing "{sed -i.bak -e {s/\(set ::env(CURRENT_NETLIST)\).*/\1 \/openlane\/designs\/semi_cpu\/runs\/RUN_2025.06.08_14.11.38\/results\/routing\/SemiCPU.nl.v/} /openlane/designs/semi_cpu/runs/RUN_2025.06.08_14.11.38/config.tcl}"

Sun Jun 08 14:12:41 +0000 2025 - Executing "{python3 /openlane/scripts/drc_rosetta.py tr to_klayout -o /openlane/designs/semi_cpu/runs/RUN_2025.06.08_14.11.38/reports/routing/drt.klayout.xml --design-name SemiCPU /openlane/designs/semi_cpu/runs/RUN_2025.06.08_14.11.38/reports/routing/drt.drc}"

Sun Jun 08 14:12:41 +0000 2025 - Executing "{openroad -exit -no_init -python /openlane/scripts/odbpy/wire_lengths.py --report-out /openlane/designs/semi_cpu/runs/RUN_2025.06.08_14.11.38/reports/routing/23-wire_lengths.csv --input-lef /openlane/designs/semi_cpu/runs/RUN_2025.06.08_14.11.38/tmp/merged.nom.lef --output-def /openlane/designs/semi_cpu/runs/RUN_2025.06.08_14.11.38/results/routing/SemiCPU.def --output /openlane/designs/semi_cpu/runs/RUN_2025.06.08_14.11.38/results/routing/SemiCPU.odb /openlane/designs/semi_cpu/runs/RUN_2025.06.08_14.11.38/results/routing/SemiCPU.odb |& tee /dev/null /openlane/designs/semi_cpu/runs/RUN_2025.06.08_14.11.38/logs/routing/23-wire_lengths.log}"

Sun Jun 08 14:12:42 +0000 2025 - Executing "openroad -exit /openlane/scripts/openroad/rcx.tcl |& tee /dev/null /openlane/designs/semi_cpu/runs/RUN_2025.06.08_14.11.38/logs/signoff/24-parasitics_extraction.min.log"

Sun Jun 08 14:12:42 +0000 2025 - Executing "{openroad -exit /openlane/scripts/openroad/rcx.tcl |& tee /dev/null /openlane/designs/semi_cpu/runs/RUN_2025.06.08_14.11.38/logs/signoff/24-parasitics_extraction.min.log}"

Sun Jun 08 14:12:42 +0000 2025 - Executing "sta -exit -no_init /openlane/scripts/openroad/sta/multi_corner.tcl |& tee /dev/null /openlane/designs/semi_cpu/runs/RUN_2025.06.08_14.11.38/logs/signoff/25-rcx_mcsta.min.log"

Sun Jun 08 14:12:42 +0000 2025 - Executing "{sta -exit -no_init /openlane/scripts/openroad/sta/multi_corner.tcl |& tee /dev/null /openlane/designs/semi_cpu/runs/RUN_2025.06.08_14.11.38/logs/signoff/25-rcx_mcsta.min.log}"

Sun Jun 08 14:12:45 +0000 2025 - Executing "openroad -exit /openlane/scripts/openroad/rcx.tcl |& tee /dev/null /openlane/designs/semi_cpu/runs/RUN_2025.06.08_14.11.38/logs/signoff/26-parasitics_extraction.max.log"

Sun Jun 08 14:12:45 +0000 2025 - Executing "{openroad -exit /openlane/scripts/openroad/rcx.tcl |& tee /dev/null /openlane/designs/semi_cpu/runs/RUN_2025.06.08_14.11.38/logs/signoff/26-parasitics_extraction.max.log}"

Sun Jun 08 14:12:46 +0000 2025 - Executing "sta -exit -no_init /openlane/scripts/openroad/sta/multi_corner.tcl |& tee /dev/null /openlane/designs/semi_cpu/runs/RUN_2025.06.08_14.11.38/logs/signoff/27-rcx_mcsta.max.log"

Sun Jun 08 14:12:46 +0000 2025 - Executing "{sta -exit -no_init /openlane/scripts/openroad/sta/multi_corner.tcl |& tee /dev/null /openlane/designs/semi_cpu/runs/RUN_2025.06.08_14.11.38/logs/signoff/27-rcx_mcsta.max.log}"

Sun Jun 08 14:12:49 +0000 2025 - Executing "openroad -exit /openlane/scripts/openroad/rcx.tcl |& tee /dev/null /openlane/designs/semi_cpu/runs/RUN_2025.06.08_14.11.38/logs/signoff/28-parasitics_extraction.nom.log"

Sun Jun 08 14:12:49 +0000 2025 - Executing "{openroad -exit /openlane/scripts/openroad/rcx.tcl |& tee /dev/null /openlane/designs/semi_cpu/runs/RUN_2025.06.08_14.11.38/logs/signoff/28-parasitics_extraction.nom.log}"

Sun Jun 08 14:12:49 +0000 2025 - Executing "sta -exit -no_init /openlane/scripts/openroad/sta/multi_corner.tcl |& tee /dev/null /openlane/designs/semi_cpu/runs/RUN_2025.06.08_14.11.38/logs/signoff/29-rcx_mcsta.nom.log"

Sun Jun 08 14:12:49 +0000 2025 - Executing "{sta -exit -no_init /openlane/scripts/openroad/sta/multi_corner.tcl |& tee /dev/null /openlane/designs/semi_cpu/runs/RUN_2025.06.08_14.11.38/logs/signoff/29-rcx_mcsta.nom.log}"

Sun Jun 08 14:12:52 +0000 2025 - Executing "openroad -exit /openlane/scripts/openroad/irdrop.tcl |& tee /dev/null /openlane/designs/semi_cpu/runs/RUN_2025.06.08_14.11.38/logs/signoff/30-irdrop.log"

Sun Jun 08 14:12:52 +0000 2025 - Executing "{openroad -exit /openlane/scripts/openroad/irdrop.tcl |& tee /dev/null /openlane/designs/semi_cpu/runs/RUN_2025.06.08_14.11.38/logs/signoff/30-irdrop.log}"

Sun Jun 08 14:12:54 +0000 2025 - Executing "magic -noconsole -dnull -rcfile /home/kagan/.volare/sky130A/libs.tech/magic/sky130A.magicrc < /openlane/scripts/magic/wrapper.tcl |& tee /dev/null /openlane/designs/semi_cpu/runs/RUN_2025.06.08_14.11.38/logs/signoff/31-gdsii.log"

Sun Jun 08 14:12:54 +0000 2025 - Executing "{magic -noconsole -dnull -rcfile /home/kagan/.volare/sky130A/libs.tech/magic/sky130A.magicrc < /openlane/scripts/magic/wrapper.tcl |& tee /dev/null /openlane/designs/semi_cpu/runs/RUN_2025.06.08_14.11.38/logs/signoff/31-gdsii.log}"

Sun Jun 08 14:12:56 +0000 2025 - Executing "magic -noconsole -dnull -rcfile /home/kagan/.volare/sky130A/libs.tech/magic/sky130A.magicrc < /openlane/scripts/magic/wrapper.tcl |& tee /dev/null /openlane/designs/semi_cpu/runs/RUN_2025.06.08_14.11.38/logs/signoff/31-gds_ptrs.log"

Sun Jun 08 14:12:56 +0000 2025 - Executing "{magic -noconsole -dnull -rcfile /home/kagan/.volare/sky130A/libs.tech/magic/sky130A.magicrc < /openlane/scripts/magic/wrapper.tcl |& tee /dev/null /openlane/designs/semi_cpu/runs/RUN_2025.06.08_14.11.38/logs/signoff/31-gds_ptrs.log}"

Sun Jun 08 14:12:57 +0000 2025 - Executing "{sed -i.bak -n {/^<< properties >>/,/^<< end >>/p} /openlane/designs/semi_cpu/runs/RUN_2025.06.08_14.11.38/tmp/signoff/gds_ptrs.mag}"

Sun Jun 08 14:12:57 +0000 2025 - Executing "magic -noconsole -dnull -rcfile /home/kagan/.volare/sky130A/libs.tech/magic/sky130A.magicrc < /openlane/scripts/magic/wrapper.tcl |& tee /dev/null /openlane/designs/semi_cpu/runs/RUN_2025.06.08_14.11.38/logs/signoff/31-lef.log"

Sun Jun 08 14:12:57 +0000 2025 - Executing "{magic -noconsole -dnull -rcfile /home/kagan/.volare/sky130A/libs.tech/magic/sky130A.magicrc < /openlane/scripts/magic/wrapper.tcl |& tee /dev/null /openlane/designs/semi_cpu/runs/RUN_2025.06.08_14.11.38/logs/signoff/31-lef.log}"

Sun Jun 08 14:12:59 +0000 2025 - Executing "magic -noconsole -dnull -rcfile /home/kagan/.volare/sky130A/libs.tech/magic/sky130A.magicrc < /openlane/scripts/magic/wrapper.tcl |& tee /dev/null /openlane/designs/semi_cpu/runs/RUN_2025.06.08_14.11.38/logs/signoff/31-maglef.log"

Sun Jun 08 14:12:59 +0000 2025 - Executing "{magic -noconsole -dnull -rcfile /home/kagan/.volare/sky130A/libs.tech/magic/sky130A.magicrc < /openlane/scripts/magic/wrapper.tcl |& tee /dev/null /openlane/designs/semi_cpu/runs/RUN_2025.06.08_14.11.38/logs/signoff/31-maglef.log}"

Sun Jun 08 14:13:00 +0000 2025 - Executing "{python3 /openlane/scripts/klayout/stream_out.py --output /openlane/designs/semi_cpu/runs/RUN_2025.06.08_14.11.38/results/signoff/SemiCPU.klayout.gds --lyt /home/kagan/.volare/sky130A/libs.tech/klayout/tech/sky130A.lyt --lym /home/kagan/.volare/sky130A/libs.tech/klayout/tech/sky130A.map --lyp /home/kagan/.volare/sky130A/libs.tech/klayout/tech/sky130A.lyp --top SemiCPU --with-gds-file /home/kagan/.volare/sky130A/libs.ref/sky130_fd_sc_hd/gds/sky130_fd_sc_hd.gds --input-lef /openlane/designs/semi_cpu/runs/RUN_2025.06.08_14.11.38/tmp/merged.nom.lef /openlane/designs/semi_cpu/runs/RUN_2025.06.08_14.11.38/results/routing/SemiCPU.def |& tee /dev/null /openlane/designs/semi_cpu/runs/RUN_2025.06.08_14.11.38/logs/signoff/32-gdsii-klayout.log}"

Sun Jun 08 14:13:00 +0000 2025 - Executing "{klayout -b -r /openlane/scripts/klayout/xor.drc -rd a=/openlane/designs/semi_cpu/runs/RUN_2025.06.08_14.11.38/results/signoff/SemiCPU.gds -rd b=/openlane/designs/semi_cpu/runs/RUN_2025.06.08_14.11.38/results/signoff/SemiCPU.klayout.gds -rd jobs=1 -rd rdb_out=/openlane/designs/semi_cpu/runs/RUN_2025.06.08_14.11.38/reports/signoff/33-xor.xml -rd ignore=81/14 -rd rpt_out=/openlane/designs/semi_cpu/runs/RUN_2025.06.08_14.11.38/reports/signoff/33-xor.rpt |& tee /dev/null /openlane/designs/semi_cpu/runs/RUN_2025.06.08_14.11.38/logs/signoff/33-xor.log}"

Sun Jun 08 14:13:08 +0000 2025 - Executing "magic -noconsole -dnull -rcfile /home/kagan/.volare/sky130A/libs.tech/magic/sky130A.magicrc < /openlane/scripts/magic/wrapper.tcl |& tee /dev/null /openlane/designs/semi_cpu/runs/RUN_2025.06.08_14.11.38/logs/signoff/34-spice.log"

Sun Jun 08 14:13:08 +0000 2025 - Executing "{magic -noconsole -dnull -rcfile /home/kagan/.volare/sky130A/libs.tech/magic/sky130A.magicrc < /openlane/scripts/magic/wrapper.tcl |& tee /dev/null /openlane/designs/semi_cpu/runs/RUN_2025.06.08_14.11.38/logs/signoff/34-spice.log}"

Sun Jun 08 14:13:14 +0000 2025 - Executing "{openroad -exit -no_init -python /openlane/scripts/odbpy/power_utils.py write_powered_def --output /openlane/designs/semi_cpu/runs/RUN_2025.06.08_14.11.38/tmp/signoff/34-SemiCPU.p.def --input-lef /openlane/designs/semi_cpu/runs/RUN_2025.06.08_14.11.38/tmp/merged.nom.lef --power-port VPWR --ground-port VGND --powered-netlist {} /openlane/designs/semi_cpu/runs/RUN_2025.06.08_14.11.38/results/routing/SemiCPU.def |& tee /dev/null /openlane/designs/semi_cpu/runs/RUN_2025.06.08_14.11.38/logs/signoff/35-write_powered_def.log}"

Sun Jun 08 14:13:14 +0000 2025 - Executing "openroad -exit /openlane/scripts/openroad/write_views.tcl |& tee /dev/null /openlane/designs/semi_cpu/runs/RUN_2025.06.08_14.11.38/logs/signoff/35-write_powered_verilog.log"

Sun Jun 08 14:13:14 +0000 2025 - Executing "{openroad -exit /openlane/scripts/openroad/write_views.tcl |& tee /dev/null /openlane/designs/semi_cpu/runs/RUN_2025.06.08_14.11.38/logs/signoff/35-write_powered_verilog.log}"

Sun Jun 08 14:13:15 +0000 2025 - Executing "{sed -i.bak -e {s/\(set ::env(CURRENT_NETLIST)\).*/\1 \/openlane\/designs\/semi_cpu\/runs\/RUN_2025.06.08_14.11.38\/tmp\/signoff\/34-SemiCPU.nl.v/} /openlane/designs/semi_cpu/runs/RUN_2025.06.08_14.11.38/config.tcl}"

Sun Jun 08 14:13:15 +0000 2025 - Executing "{netgen -batch source /openlane/designs/semi_cpu/runs/RUN_2025.06.08_14.11.38/tmp/signoff/37-setup_file.lef.lvs |& tee /dev/null /openlane/designs/semi_cpu/runs/RUN_2025.06.08_14.11.38/logs/signoff/37-lvs.lef.log}"

Sun Jun 08 14:13:17 +0000 2025 - Executing "magic -noconsole -dnull -rcfile /home/kagan/.volare/sky130A/libs.tech/magic/sky130A.magicrc < /openlane/scripts/magic/wrapper.tcl |& tee /dev/null /openlane/designs/semi_cpu/runs/RUN_2025.06.08_14.11.38/logs/signoff/38-drc.log"

Sun Jun 08 14:13:17 +0000 2025 - Executing "{magic -noconsole -dnull -rcfile /home/kagan/.volare/sky130A/libs.tech/magic/sky130A.magicrc < /openlane/scripts/magic/wrapper.tcl |& tee /dev/null /openlane/designs/semi_cpu/runs/RUN_2025.06.08_14.11.38/logs/signoff/38-drc.log}"

Sun Jun 08 14:13:45 +0000 2025 - Executing "{python3 /openlane/scripts/drc_rosetta.py magic to_tcl -o /openlane/designs/semi_cpu/runs/RUN_2025.06.08_14.11.38/reports/signoff/drc.tcl /openlane/designs/semi_cpu/runs/RUN_2025.06.08_14.11.38/reports/signoff/drc.rpt}"

Sun Jun 08 14:13:45 +0000 2025 - Executing "{python3 /openlane/scripts/drc_rosetta.py magic to_tr -o /openlane/designs/semi_cpu/runs/RUN_2025.06.08_14.11.38/reports/signoff/drc.tr /openlane/designs/semi_cpu/runs/RUN_2025.06.08_14.11.38/reports/signoff/drc.rpt}"

Sun Jun 08 14:13:45 +0000 2025 - Executing "{python3 /openlane/scripts/drc_rosetta.py tr to_klayout -o /openlane/designs/semi_cpu/runs/RUN_2025.06.08_14.11.38/reports/signoff/drc.klayout.xml --design-name SemiCPU /openlane/designs/semi_cpu/runs/RUN_2025.06.08_14.11.38/reports/signoff/drc.tr}"

Sun Jun 08 14:13:45 +0000 2025 - Executing "{python3 /openlane/scripts/drc_rosetta.py magic to_rdb -o /openlane/designs/semi_cpu/runs/RUN_2025.06.08_14.11.38/reports/signoff/drc.rdb /openlane/designs/semi_cpu/runs/RUN_2025.06.08_14.11.38/reports/signoff/drc.rpt}"

Sun Jun 08 14:13:45 +0000 2025 - Executing "{klayout -b -zz -r /home/kagan/.volare/sky130A/libs.tech/klayout/drc/sky130A_mr.drc -rd topcell=SemiCPU -rd input=/openlane/designs/semi_cpu/runs/RUN_2025.06.08_14.11.38/results/signoff/SemiCPU.gds -rd report=/openlane/designs/semi_cpu/runs/RUN_2025.06.08_14.11.38/reports/signoff/violations.xml -rd feol=true -rd beol=true -rd floating_metal=false -rd seal=true -rd thread=1 |& tee /dev/null /openlane/designs/semi_cpu/runs/RUN_2025.06.08_14.11.38/logs/signoff/39-drc-klayout.log}"

Sun Jun 08 14:14:11 +0000 2025 - Executing "{python3 /openlane/scripts/klayout/xml_drc_report_to_json.py --xml-file /openlane/designs/semi_cpu/runs/RUN_2025.06.08_14.11.38/reports/signoff/violations.xml --json-file /openlane/designs/semi_cpu/runs/RUN_2025.06.08_14.11.38/reports/signoff/violations.json}"

Sun Jun 08 14:14:12 +0000 2025 - Executing "openroad -exit /openlane/scripts/openroad/antenna_check.tcl |& tee /dev/null /openlane/designs/semi_cpu/runs/RUN_2025.06.08_14.11.38/logs/signoff/40-arc.log"

Sun Jun 08 14:14:12 +0000 2025 - Executing "{openroad -exit /openlane/scripts/openroad/antenna_check.tcl |& tee /dev/null /openlane/designs/semi_cpu/runs/RUN_2025.06.08_14.11.38/logs/signoff/40-arc.log}"

Sun Jun 08 14:14:12 +0000 2025 - Executing "{python3 /openlane/scripts/extract_antenna_violators.py --output /openlane/designs/semi_cpu/runs/RUN_2025.06.08_14.11.38/reports/signoff/40-antenna_violators.rpt --plain-out /openlane/designs/semi_cpu/runs/RUN_2025.06.08_14.11.38/reports/signoff/40-antenna_violators_pins.txt /openlane/designs/semi_cpu/runs/RUN_2025.06.08_14.11.38/logs/signoff/40-arc.log}"

Sun Jun 08 14:14:12 +0000 2025 - Executing "{python3 /openlane/scripts/write_runtime.py --conclude --seconds --time-in 1749392052 {flow completed}}"

Sun Jun 08 14:14:12 +0000 2025 - Executing "{python3 /openlane/scripts/generate_reports.py -d /openlane/designs/semi_cpu --design_name SemiCPU --tag RUN_2025.06.08_14.11.38 --output_file /openlane/designs/semi_cpu/runs/RUN_2025.06.08_14.11.38/reports/metrics.csv --man_report /openlane/designs/semi_cpu/runs/RUN_2025.06.08_14.11.38/reports/manufacturability.rpt --run_path /openlane/designs/semi_cpu/runs/RUN_2025.06.08_14.11.38}"

