
===========================================================================
report_checks -unconstrained
===========================================================================
======================= Typical Corner ===================================

Startpoint: _2266_ (rising edge-triggered flip-flop clocked by core_clock)
Endpoint: _2234_ (rising edge-triggered flip-flop clocked by core_clock)
Path Group: core_clock
Path Type: max

Fanout     Cap    Slew   Delay    Time   Description
-----------------------------------------------------------------------------
                  0.00    0.00    0.00   clock core_clock (rise edge)
                          0.00    0.00   clock network delay (ideal)
                  0.00    0.00    0.00 ^ _2266_/CLK (sky130_fd_sc_hd__dfxtp_2)
     3    0.01    0.03    0.29    0.29 v _2266_/Q (sky130_fd_sc_hd__dfxtp_2)
                                         rf.registers[3][0] (net)
                  0.03    0.00    0.29 v _1821_/A3 (sky130_fd_sc_hd__mux4_2)
     1    0.00    0.08    0.44    0.74 v _1821_/X (sky130_fd_sc_hd__mux4_2)
                                         _0358_ (net)
                  0.08    0.00    0.74 v _1822_/A (sky130_fd_sc_hd__buf_1)
     1    0.00    0.02    0.10    0.83 v _1822_/X (sky130_fd_sc_hd__buf_1)
                                         _0032_ (net)
                  0.02    0.00    0.83 v _2234_/D (sky130_fd_sc_hd__dfxtp_2)
                                  0.83   data arrival time

                  0.00   10.00   10.00   clock core_clock (rise edge)
                          0.00   10.00   clock network delay (ideal)
                          0.00   10.00   clock reconvergence pessimism
                                 10.00 ^ _2234_/CLK (sky130_fd_sc_hd__dfxtp_2)
                         -0.11    9.89   library setup time
                                  9.89   data required time
-----------------------------------------------------------------------------
                                  9.89   data required time
                                 -0.83   data arrival time
-----------------------------------------------------------------------------
                                  9.06   slack (MET)




===========================================================================
report_checks --slack_max -0.01
============================================================================
======================= Typical Corner ===================================

No paths found.


===========================================================================
 report_check_types -max_slew -max_cap -max_fanout -violators
============================================================================
======================= Typical Corner ===================================


max slew violations count Typical: 0
max fanout violations count Typical: 0
max cap violations count Typical: 0

===========================================================================
report_parasitic_annotation -report_unannotated
============================================================================
Found 1367 unannotated drivers.
 A1[0]
 A1[1]
 A2[0]
 A2[1]
 A3[0]
 A3[1]
 CLK
 WD3[0]
 WD3[10]
 WD3[11]
 WD3[12]
 WD3[13]
 WD3[14]
 WD3[15]
 WD3[16]
 WD3[17]
 WD3[18]
 WD3[19]
 WD3[1]
 WD3[20]
 WD3[21]
 WD3[22]
 WD3[23]
 WD3[24]
 WD3[25]
 WD3[26]
 WD3[27]
 WD3[28]
 WD3[29]
 WD3[2]
 WD3[30]
 WD3[31]
 WD3[3]
 WD3[4]
 WD3[5]
 WD3[6]
 WD3[7]
 WD3[8]
 WD3[9]
 WE3
 alu_opcode[0]
 alu_opcode[1]
 _1101_/X
 _1102_/X
 _1103_/X
 _1104_/X
 _1105_/X
 _1106_/X
 _1107_/X
 _1108_/X
 _1109_/X
 _1110_/X
 _1111_/X
 _1112_/X
 _1113_/X
 _1114_/X
 _1115_/X
 _1116_/X
 _1117_/X
 _1118_/X
 _1119_/X
 _1120_/X
 _1121_/Y
 _1122_/X
 _1123_/X
 _1124_/X
 _1125_/Y
 _1126_/X
 _1127_/Y
 _1128_/X
 _1129_/X
 _1130_/Y
 _1131_/X
 _1132_/Y
 _1133_/X
 _1134_/X
 _1135_/X
 _1136_/X
 _1137_/Y
 _1138_/X
 _1139_/Y
 _1140_/X
 _1141_/X
 _1142_/Y
 _1143_/Y
 _1144_/X
 _1145_/X
 _1146_/X
 _1147_/X
 _1148_/X
 _1149_/X
 _1150_/Y
 _1151_/Y
 _1152_/X
 _1153_/Y
 _1154_/Y
 _1155_/X
 _1156_/X
 _1157_/Y
 _1158_/Y
 _1159_/X
 _1160_/Y
 _1161_/Y
 _1162_/X
 _1163_/X
 _1164_/X
 _1165_/X
 _1166_/X
 _1167_/X
 _1168_/X
 _1169_/Y
 _1170_/Y
 _1171_/X
 _1172_/X
 _1173_/X
 _1174_/Y
 _1175_/X
 _1176_/X
 _1177_/X
 _1178_/Y
 _1179_/X
 _1180_/Y
 _1181_/X
 _1182_/Y
 _1183_/Y
 _1184_/X
 _1185_/X
 _1186_/Y
 _1187_/Y
 _1188_/X
 _1189_/Y
 _1190_/Y
 _1191_/X
 _1192_/X
 _1193_/X
 _1194_/X
 _1195_/X
 _1196_/Y
 _1197_/Y
 _1198_/Y
 _1199_/X
 _1200_/Y
 _1201_/Y
 _1202_/X
 _1203_/X
 _1204_/X
 _1205_/X
 _1206_/Y
 _1207_/Y
 _1208_/X
 _1209_/Y
 _1210_/X
 _1211_/X
 _1212_/X
 _1213_/X
 _1214_/X
 _1215_/X
 _1216_/Y
 _1217_/X
 _1218_/X
 _1219_/X
 _1220_/Y
 _1221_/X
 _1222_/Y
 _1223_/Y
 _1224_/X
 _1225_/X
 _1226_/X
 _1227_/Y
 _1228_/X
 _1229_/Y
 _1230_/X
 _1231_/X
 _1232_/X
 _1233_/X
 _1234_/Y
 _1235_/Y
 _1236_/X
 _1237_/X
 _1238_/Y
 _1239_/X
 _1240_/X
 _1241_/X
 _1242_/X
 _1243_/Y
 _1244_/Y
 _1245_/X
 _1246_/Y
 _1247_/X
 _1248_/Y
 _1249_/X
 _1250_/Y
 _1251_/Y
 _1252_/X
 _1253_/X
 _1254_/Y
 _1255_/Y
 _1256_/X
 _1257_/Y
 _1258_/Y
 _1259_/X
 _1260_/X
 _1261_/X
 _1262_/Y
 _1263_/X
 _1264_/X
 _1265_/X
 _1266_/X
 _1267_/X
 _1268_/X
 _1269_/X
 _1270_/X
 _1271_/X
 _1272_/X
 _1273_/X
 _1274_/X
 _1275_/X
 _1276_/X
 _1277_/X
 _1278_/X
 _1279_/Y
 _1280_/X
 _1281_/X
 _1282_/Y
 _1283_/Y
 _1284_/Y
 _1285_/X
 _1286_/X
 _1287_/X
 _1288_/X
 _1289_/X
 _1290_/X
 _1291_/X
 _1292_/X
 _1293_/Y
 _1294_/X
 _1295_/X
 _1296_/X
 _1297_/X
 _1298_/X
 _1299_/X
 _1300_/X
 _1301_/X
 _1302_/Y
 _1303_/Y
 _1304_/X
 _1305_/X
 _1306_/X
 _1307_/X
 _1308_/X
 _1309_/Y
 _1310_/X
 _1311_/X
 _1312_/X
 _1313_/Y
 _1314_/Y
 _1315_/X
 _1316_/X
 _1317_/X
 _1318_/X
 _1319_/X
 _1320_/Y
 _1321_/X
 _1322_/X
 _1323_/X
 _1324_/X
 _1325_/X
 _1326_/X
 _1327_/X
 _1328_/X
 _1329_/X
 _1330_/X
 _1331_/X
 _1332_/X
 _1333_/X
 _1334_/X
 _1335_/X
 _1336_/X
 _1337_/X
 _1338_/X
 _1339_/X
 _1340_/Y
 _1341_/X
 _1342_/X
 _1343_/X
 _1344_/X
 _1345_/X
 _1346_/X
 _1347_/Y
 _1348_/X
 _1349_/X
 _1350_/Y
 _1351_/X
 _1352_/Y
 _1353_/X
 _1354_/X
 _1355_/X
 _1356_/X
 _1357_/X
 _1358_/Y
 _1359_/X
 _1360_/X
 _1361_/X
 _1362_/X
 _1363_/Y
 _1364_/X
 _1365_/Y
 _1366_/Y
 _1367_/Y
 _1368_/X
 _1369_/Y
 _1370_/Y
 _1371_/X
 _1372_/X
 _1373_/X
 _1374_/Y
 _1375_/Y
 _1376_/Y
 _1377_/X
 _1378_/Y
 _1379_/Y
 _1380_/X
 _1381_/X
 _1382_/X
 _1383_/X
 _1384_/X
 _1385_/X
 _1386_/X
 _1387_/X
 _1388_/X
 _1389_/Y
 _1390_/X
 _1391_/X
 _1392_/X
 _1393_/X
 _1394_/X
 _1395_/X
 _1396_/X
 _1397_/X
 _1398_/X
 _1399_/X
 _1400_/X
 _1401_/X
 _1402_/X
 _1403_/X
 _1404_/Y
 _1405_/Y
 _1406_/Y
 _1407_/Y
 _1408_/Y
 _1409_/X
 _1410_/X
 _1411_/Y
 _1412_/X
 _1413_/X
 _1414_/X
 _1415_/Y
 _1416_/Y
 _1417_/Y
 _1418_/Y
 _1419_/Y
 _1420_/X
 _1421_/Y
 _1422_/X
 _1423_/X
 _1424_/X
 _1425_/X
 _1426_/X
 _1427_/X
 _1428_/X
 _1429_/X
 _1430_/X
 _1431_/Y
 _1432_/Y
 _1433_/X
 _1434_/Y
 _1435_/X
 _1436_/Y
 _1437_/X
 _1438_/X
 _1439_/X
 _1440_/X
 _1441_/Y
 _1442_/X
 _1443_/X
 _1444_/X
 _1445_/Y
 _1446_/Y
 _1447_/X
 _1448_/X
 _1449_/X
 _1450_/X
 _1451_/Y
 _1452_/X
 _1453_/X
 _1454_/X
 _1455_/X
 _1456_/X
 _1457_/X
 _1458_/X
 _1459_/X
 _1460_/Y
 _1461_/X
 _1462_/Y
 _1463_/Y
 _1464_/Y
 _1465_/X
 _1466_/Y
 _1467_/Y
 _1468_/X
 _1469_/X
 _1470_/X
 _1471_/X
 _1472_/Y
 _1473_/X
 _1474_/Y
 _1475_/Y
 _1476_/X
 _1477_/X
 _1478_/X
 _1479_/X
 _1480_/Y
 _1481_/X
 _1482_/X
 _1483_/X
 _1484_/X
 _1485_/X
 _1486_/X
 _1487_/X
 _1488_/X
 _1489_/Y
 _1490_/Y
 _1491_/Y
 _1492_/X
 _1493_/X
 _1494_/X
 _1495_/Y
 _1496_/Y
 _1497_/X
 _1498_/X
 _1499_/X
 _1500_/X
 _1501_/X
 _1502_/X
 _1503_/X
 _1504_/X
 _1505_/Y
 _1506_/X
 _1507_/X
 _1508_/Y
 _1509_/X
 _1510_/Y
 _1511_/X
 _1512_/X
 _1513_/Y
 _1514_/X
 _1515_/X
 _1516_/X
 _1517_/X
 _1518_/X
 _1519_/X
 _1520_/X
 _1521_/X
 _1522_/X
 _1523_/X
 _1524_/Y
 _1525_/X
 _1526_/X
 _1527_/Y
 _1528_/Y
 _1529_/Y
 _1530_/X
 _1531_/Y
 _1532_/X
 _1533_/X
 _1534_/X
 _1535_/X
 _1536_/X
 _1537_/X
 _1538_/X
 _1539_/X
 _1540_/Y
 _1541_/X
 _1542_/Y
 _1543_/X
 _1544_/Y
 _1545_/X
 _1546_/X
 _1547_/Y
 _1548_/X
 _1549_/Y
 _1550_/X
 _1551_/X
 _1552_/X
 _1553_/X
 _1554_/X
 _1555_/X
 _1556_/Y
 _1557_/X
 _1558_/X
 _1559_/X
 _1560_/X
 _1561_/Y
 _1562_/Y
 _1563_/X
 _1564_/X
 _1565_/X
 _1566_/X
 _1567_/X
 _1568_/X
 _1569_/X
 _1570_/Y
 _1571_/X
 _1572_/X
 _1573_/Y
 _1574_/Y
 _1575_/X
 _1576_/X
 _1577_/X
 _1578_/Y
 _1579_/X
 _1580_/X
 _1581_/X
 _1582_/X
 _1583_/Y
 _1584_/X
 _1585_/X
 _1586_/X
 _1587_/Y
 _1588_/Y
 _1589_/X
 _1590_/X
 _1591_/X
 _1592_/X
 _1593_/Y
 _1594_/X
 _1595_/Y
 _1596_/Y
 _1597_/X
 _1598_/Y
 _1599_/X
 _1600_/X
 _1601_/X
 _1602_/X
 _1603_/X
 _1604_/X
 _1605_/Y
 _1606_/X
 _1607_/Y
 _1608_/Y
 _1609_/X
 _1610_/Y
 _1611_/X
 _1612_/X
 _1613_/Y
 _1614_/X
 _1615_/Y
 _1616_/X
 _1617_/X
 _1618_/X
 _1619_/X
 _1620_/X
 _1621_/Y
 _1622_/X
 _1623_/Y
 _1624_/X
 _1625_/Y
 _1626_/Y
 _1627_/X
 _1628_/X
 _1629_/X
 _1630_/X
 _1631_/X
 _1632_/X
 _1633_/Y
 _1634_/X
 _1635_/Y
 _1636_/Y
 _1637_/X
 _1638_/Y
 _1639_/X
 _1640_/X
 _1641_/Y
 _1642_/Y
 _1643_/X
 _1644_/Y
 _1645_/X
 _1646_/X
 _1647_/X
 _1648_/X
 _1649_/X
 _1650_/X
 _1651_/X
 _1652_/X
 _1653_/Y
 _1654_/X
 _1655_/X
 _1656_/Y
 _1657_/Y
 _1658_/X
 _1659_/Y
 _1660_/X
 _1661_/X
 _1662_/X
 _1663_/X
 _1664_/X
 _1665_/X
 _1666_/Y
 _1667_/X
 _1668_/Y
 _1669_/Y
 _1670_/X
 _1671_/Y
 _1672_/Y
 _1673_/X
 _1674_/Y
 _1675_/Y
 _1676_/Y
 _1677_/X
 _1678_/X
 _1679_/X
 _1680_/X
 _1681_/X
 _1682_/Y
 _1683_/X
 _1684_/Y
 _1685_/Y
 _1686_/Y
 _1687_/X
 _1688_/Y
 _1689_/X
 _1690_/Y
 _1691_/X
 _1692_/X
 _1693_/X
 _1694_/X
 _1695_/X
 _1696_/X
 _1697_/Y
 _1698_/X
 _1699_/X
 _1700_/X
 _1701_/X
 _1702_/X
 _1703_/Y
 _1704_/X
 _1705_/Y
 _1706_/X
 _1707_/Y
 _1708_/X
 _1709_/X
 _1710_/X
 _1711_/X
 _1712_/X
 _1713_/X
 _1714_/X
 _1715_/X
 _1716_/X
 _1717_/X
 _1718_/Y
 _1719_/Y
 _1720_/Y
 _1721_/X
 _1722_/X
 _1723_/Y
 _1724_/X
 _1725_/X
 _1726_/X
 _1727_/X
 _1728_/X
 _1729_/X
 _1730_/Y
 _1731_/X
 _1732_/X
 _1733_/X
 _1734_/X
 _1735_/X
 _1736_/Y
 _1737_/X
 _1738_/Y
 _1739_/X
 _1740_/X
 _1741_/X
 _1742_/Y
 _1743_/X
 _1744_/X
 _1745_/Y
 _1746_/Y
 _1747_/Y
 _1748_/X
 _1749_/Y
 _1750_/Y
 _1751_/Y
 _1752_/Y
 _1753_/X
 _1754_/X
 _1755_/X
 _1756_/X
 _1757_/Y
 _1758_/X
 _1759_/Y
 _1760_/Y
 _1761_/X
 _1762_/X
 _1763_/Y
 _1764_/Y
 _1765_/X
 _1766_/X
 _1767_/X
 _1768_/X
 _1769_/X
 _1770_/Y
 _1771_/Y
 _1772_/X
 _1773_/X
 _1774_/X
 _1775_/X
 _1776_/X
 _1777_/Y
 _1778_/X
 _1779_/Y
 _1780_/Y
 _1781_/Y
 _1782_/X
 _1783_/X
 _1784_/X
 _1785_/Y
 _1786_/Y
 _1787_/Y
 _1788_/X
 _1789_/X
 _1790_/Y
 _1791_/Y
 _1792_/X
 _1793_/X
 _1794_/X
 _1795_/X
 _1796_/X
 _1797_/X
 _1798_/Y
 _1799_/Y
 _1800_/Y
 _1801_/X
 _1802_/X
 _1803_/X
 _1804_/X
 _1805_/Y
 _1806_/X
 _1807_/X
 _1808_/X
 _1809_/Y
 _1810_/Y
 _1811_/Y
 _1812_/X
 _1813_/X
 _1814_/Y
 _1815_/X
 _1816_/X
 _1817_/X
 _1818_/Y
 _1819_/X
 _1820_/X
 _1821_/X
 _1822_/X
 _1823_/X
 _1824_/X
 _1825_/X
 _1826_/X
 _1827_/X
 _1828_/X
 _1829_/X
 _1830_/X
 _1831_/X
 _1832_/X
 _1833_/X
 _1834_/X
 _1835_/X
 _1836_/X
 _1837_/X
 _1838_/X
 _1839_/X
 _1840_/X
 _1841_/X
 _1842_/X
 _1843_/X
 _1844_/X
 _1845_/X
 _1846_/X
 _1847_/X
 _1848_/X
 _1849_/X
 _1850_/X
 _1851_/X
 _1852_/X
 _1853_/X
 _1854_/X
 _1855_/X
 _1856_/X
 _1857_/X
 _1858_/X
 _1859_/X
 _1860_/X
 _1861_/X
 _1862_/X
 _1863_/X
 _1864_/X
 _1865_/X
 _1866_/X
 _1867_/X
 _1868_/X
 _1869_/X
 _1870_/X
 _1871_/X
 _1872_/X
 _1873_/X
 _1874_/X
 _1875_/X
 _1876_/X
 _1877_/X
 _1878_/X
 _1879_/X
 _1880_/X
 _1881_/X
 _1882_/X
 _1883_/X
 _1884_/X
 _1885_/X
 _1886_/X
 _1887_/X
 _1888_/X
 _1889_/X
 _1890_/X
 _1891_/X
 _1892_/X
 _1893_/X
 _1894_/X
 _1895_/X
 _1896_/X
 _1897_/X
 _1898_/X
 _1899_/X
 _1900_/X
 _1901_/X
 _1902_/X
 _1903_/X
 _1904_/X
 _1905_/X
 _1906_/X
 _1907_/X
 _1908_/X
 _1909_/X
 _1910_/X
 _1911_/X
 _1912_/X
 _1913_/X
 _1914_/X
 _1915_/X
 _1916_/X
 _1917_/X
 _1918_/X
 _1919_/X
 _1920_/X
 _1921_/X
 _1922_/X
 _1923_/X
 _1924_/X
 _1925_/X
 _1926_/X
 _1927_/X
 _1928_/X
 _1929_/X
 _1930_/X
 _1931_/X
 _1932_/X
 _1933_/X
 _1934_/X
 _1935_/X
 _1936_/X
 _1937_/X
 _1938_/X
 _1939_/X
 _1940_/X
 _1941_/X
 _1942_/X
 _1943_/X
 _1944_/X
 _1945_/X
 _1946_/X
 _1947_/X
 _1948_/X
 _1949_/X
 _1950_/X
 _1951_/X
 _1952_/X
 _1953_/X
 _1954_/X
 _1955_/X
 _1956_/X
 _1957_/X
 _1958_/X
 _1959_/X
 _1960_/X
 _1961_/X
 _1962_/X
 _1963_/X
 _1964_/X
 _1965_/X
 _1966_/X
 _1967_/X
 _1968_/X
 _1969_/X
 _1970_/X
 _1971_/X
 _1972_/X
 _1973_/X
 _1974_/X
 _1975_/X
 _1976_/X
 _1977_/X
 _1978_/X
 _1979_/X
 _1980_/X
 _1981_/X
 _1982_/X
 _1983_/X
 _1984_/X
 _1985_/X
 _1986_/X
 _1987_/X
 _1988_/X
 _1989_/X
 _1990_/X
 _1991_/X
 _1992_/X
 _1993_/X
 _1994_/X
 _1995_/X
 _1996_/X
 _1997_/X
 _1998_/X
 _1999_/X
 _2000_/X
 _2001_/X
 _2002_/X
 _2003_/X
 _2004_/X
 _2005_/X
 _2006_/X
 _2007_/X
 _2008_/X
 _2009_/X
 _2010_/X
 _2011_/X
 _2012_/X
 _2013_/X
 _2014_/X
 _2015_/X
 _2016_/X
 _2017_/X
 _2018_/X
 _2019_/X
 _2020_/X
 _2021_/X
 _2022_/X
 _2023_/X
 _2024_/X
 _2025_/X
 _2026_/X
 _2027_/X
 _2028_/X
 _2029_/X
 _2030_/X
 _2031_/X
 _2032_/X
 _2033_/X
 _2034_/X
 _2035_/X
 _2036_/X
 _2037_/X
 _2038_/X
 _2039_/X
 _2040_/X
 _2041_/X
 _2042_/X
 _2043_/X
 _2044_/X
 _2045_/X
 _2046_/X
 _2047_/X
 _2048_/X
 _2049_/X
 _2050_/X
 _2051_/X
 _2052_/X
 _2053_/X
 _2054_/X
 _2055_/X
 _2056_/X
 _2057_/X
 _2058_/X
 _2059_/X
 _2060_/X
 _2061_/X
 _2062_/X
 _2063_/X
 _2064_/X
 _2065_/X
 _2066_/X
 _2067_/X
 _2068_/X
 _2069_/X
 _2070_/X
 _2071_/X
 _2072_/X
 _2073_/X
 _2074_/X
 _2075_/X
 _2076_/X
 _2077_/X
 _2078_/X
 _2079_/X
 _2080_/X
 _2081_/X
 _2082_/X
 _2083_/X
 _2084_/X
 _2085_/X
 _2086_/X
 _2087_/X
 _2088_/X
 _2089_/X
 _2090_/X
 _2091_/X
 _2092_/X
 _2093_/X
 _2094_/X
 _2095_/X
 _2096_/X
 _2097_/X
 _2098_/X
 _2099_/X
 _2100_/X
 _2101_/X
 _2102_/X
 _2103_/X
 _2104_/X
 _2105_/X
 _2106_/X
 _2107_/X
 _2108_/X
 _2109_/X
 _2110_/X
 _2111_/X
 _2112_/X
 _2113_/X
 _2114_/X
 _2115_/X
 _2116_/X
 _2117_/X
 _2118_/X
 _2119_/X
 _2120_/X
 _2121_/X
 _2122_/X
 _2123_/X
 _2124_/X
 _2125_/X
 _2126_/X
 _2127_/X
 _2128_/X
 _2129_/X
 _2130_/X
 _2131_/X
 _2132_/X
 _2133_/X
 _2134_/X
 _2135_/X
 _2136_/X
 _2137_/X
 _2138_/X
 _2139_/X
 _2140_/X
 _2141_/X
 _2142_/X
 _2143_/X
 _2144_/X
 _2145_/X
 _2146_/X
 _2147_/X
 _2148_/X
 _2149_/X
 _2150_/X
 _2151_/X
 _2152_/X
 _2153_/X
 _2154_/X
 _2155_/X
 _2156_/X
 _2157_/X
 _2158_/X
 _2159_/X
 _2160_/X
 _2161_/X
 _2162_/X
 _2163_/X
 _2164_/X
 _2165_/X
 _2166_/X
 _2167_/X
 _2168_/X
 _2169_/X
 _2170_/X
 _2171_/X
 _2172_/X
 _2173_/X
 _2174_/X
 _2175_/X
 _2176_/X
 _2177_/X
 _2178_/X
 _2179_/X
 _2180_/X
 _2181_/X
 _2182_/X
 _2183_/X
 _2184_/X
 _2185_/X
 _2186_/X
 _2187_/X
 _2188_/X
 _2189_/X
 _2190_/X
 _2191_/X
 _2192_/X
 _2193_/X
 _2194_/X
 _2195_/X
 _2196_/X
 _2197_/X
 _2198_/X
 _2199_/X
 _2200_/X
 _2201_/X
 _2202_/X
 _2203_/X
 _2204_/X
 _2205_/X
 _2206_/X
 _2207_/X
 _2208_/X
 _2209_/X
 _2210_/X
 _2211_/X
 _2212_/X
 _2213_/X
 _2214_/X
 _2215_/X
 _2216_/X
 _2217_/X
 _2218_/X
 _2219_/X
 _2220_/X
 _2221_/X
 _2222_/X
 _2223_/X
 _2224_/X
 _2225_/X
 _2226_/X
 _2227_/X
 _2228_/X
 _2229_/X
 _2230_/X
 _2231_/X
 _2232_/X
 _2233_/X
 _2234_/Q
 _2235_/Q
 _2236_/Q
 _2237_/Q
 _2238_/Q
 _2239_/Q
 _2240_/Q
 _2241_/Q
 _2242_/Q
 _2243_/Q
 _2244_/Q
 _2245_/Q
 _2246_/Q
 _2247_/Q
 _2248_/Q
 _2249_/Q
 _2250_/Q
 _2251_/Q
 _2252_/Q
 _2253_/Q
 _2254_/Q
 _2255_/Q
 _2256_/Q
 _2257_/Q
 _2258_/Q
 _2259_/Q
 _2260_/Q
 _2261_/Q
 _2262_/Q
 _2263_/Q
 _2264_/Q
 _2265_/Q
 _2266_/Q
 _2267_/Q
 _2268_/Q
 _2269_/Q
 _2270_/Q
 _2271_/Q
 _2272_/Q
 _2273_/Q
 _2274_/Q
 _2275_/Q
 _2276_/Q
 _2277_/Q
 _2278_/Q
 _2279_/Q
 _2280_/Q
 _2281_/Q
 _2282_/Q
 _2283_/Q
 _2284_/Q
 _2285_/Q
 _2286_/Q
 _2287_/Q
 _2288_/Q
 _2289_/Q
 _2290_/Q
 _2291_/Q
 _2292_/Q
 _2293_/Q
 _2294_/Q
 _2295_/Q
 _2296_/Q
 _2297_/Q
 _2298_/Q
 _2299_/Q
 _2300_/Q
 _2301_/Q
 _2302_/Q
 _2303_/Q
 _2304_/Q
 _2305_/Q
 _2306_/Q
 _2307_/Q
 _2308_/Q
 _2309_/Q
 _2310_/Q
 _2311_/Q
 _2312_/Q
 _2313_/Q
 _2314_/Q
 _2315_/Q
 _2316_/Q
 _2317_/Q
 _2318_/Q
 _2319_/Q
 _2320_/Q
 _2321_/Q
 _2322_/Q
 _2323_/Q
 _2324_/Q
 _2325_/Q
 _2326_/Q
 _2327_/Q
 _2328_/Q
 _2329_/Q
 _2330_/Q
 _2331_/Q
 _2332_/Q
 _2333_/Q
 _2334_/Q
 _2335_/Q
 _2336_/Q
 _2337_/Q
 _2338_/Q
 _2339_/Q
 _2340_/Q
 _2341_/Q
 _2342_/Q
 _2343_/Q
 _2344_/Q
 _2345_/Q
 _2346_/Q
 _2347_/Q
 _2348_/Q
 _2349_/Q
 _2350_/Q
 _2351_/Q
 _2352_/Q
 _2353_/Q
 _2354_/Q
 _2355_/Q
 _2356_/Q
 _2357_/Q
 _2358_/Q
 _2359_/Q
 _2360_/Q
 _2361_/Q
 _2362_/Q
 _2363_/Q
 _2364_/Q
 _2365_/Q
 _2366_/Q
 _2367_/Q
 _2368_/Q
 _2369_/Q
 _2370_/Q
 _2371_/Q
 _2372_/Q
 _2373_/Q
 _2374_/Q
 _2375_/Q
 _2376_/Q
 _2377_/Q
 _2378_/Q
 _2379_/Q
 _2380_/Q
 _2381_/Q
 _2382_/Q
 _2383_/Q
 _2384_/Q
 _2385_/Q
 _2386_/Q
 _2387_/Q
 _2388_/Q
 _2389_/Q
 _2390_/Q
 _2391_/Q
 _2392_/Q
 _2393_/Q
 _2394_/Q
 _2395_/Q
 _2396_/Q
 _2397_/Q
 _2398_/Q
 _2399_/Q
 _2400_/Q
 _2401_/Q
 _2402_/Q
 _2403_/Q
 _2404_/Q
 _2405_/Q
 _2406_/Q
 _2407_/Q
 _2408_/Q
 _2409_/Q
 _2410_/Q
 _2411_/Q
 _2412_/Q
 _2413_/Q
 _2414_/Q
 _2415_/Q
 _2416_/Q
 _2417_/Q
 _2418_/Q
 _2419_/Q
 _2420_/Q
 _2421_/Q
 _2422_/Q
 _2423_/Q
 _2424_/Q
 _2425_/Q
Found 0 partially unannotated drivers.

===========================================================================
max slew violation count 0
max fanout violation count 0
max cap violation count 0
============================================================================

===========================================================================
check_setup -verbose -unconstrained_endpoints -multiple_clock -no_clock -no_input_delay -loops -generated_clocks
===========================================================================
Warning: There are 41 input ports missing set_input_delay.
  A1[0]
  A1[1]
  A2[0]
  A2[1]
  A3[0]
  A3[1]
  WD3[0]
  WD3[10]
  WD3[11]
  WD3[12]
  WD3[13]
  WD3[14]
  WD3[15]
  WD3[16]
  WD3[17]
  WD3[18]
  WD3[19]
  WD3[1]
  WD3[20]
  WD3[21]
  WD3[22]
  WD3[23]
  WD3[24]
  WD3[25]
  WD3[26]
  WD3[27]
  WD3[28]
  WD3[29]
  WD3[2]
  WD3[30]
  WD3[31]
  WD3[3]
  WD3[4]
  WD3[5]
  WD3[6]
  WD3[7]
  WD3[8]
  WD3[9]
  WE3
  alu_opcode[0]
  alu_opcode[1]
Warning: There are 96 unconstrained endpoints.
  RD1[0]
  RD1[10]
  RD1[11]
  RD1[12]
  RD1[13]
  RD1[14]
  RD1[15]
  RD1[16]
  RD1[17]
  RD1[18]
  RD1[19]
  RD1[1]
  RD1[20]
  RD1[21]
  RD1[22]
  RD1[23]
  RD1[24]
  RD1[25]
  RD1[26]
  RD1[27]
  RD1[28]
  RD1[29]
  RD1[2]
  RD1[30]
  RD1[31]
  RD1[3]
  RD1[4]
  RD1[5]
  RD1[6]
  RD1[7]
  RD1[8]
  RD1[9]
  RD2[0]
  RD2[10]
  RD2[11]
  RD2[12]
  RD2[13]
  RD2[14]
  RD2[15]
  RD2[16]
  RD2[17]
  RD2[18]
  RD2[19]
  RD2[1]
  RD2[20]
  RD2[21]
  RD2[22]
  RD2[23]
  RD2[24]
  RD2[25]
  RD2[26]
  RD2[27]
  RD2[28]
  RD2[29]
  RD2[2]
  RD2[30]
  RD2[31]
  RD2[3]
  RD2[4]
  RD2[5]
  RD2[6]
  RD2[7]
  RD2[8]
  RD2[9]
  alu_result[0]
  alu_result[10]
  alu_result[11]
  alu_result[12]
  alu_result[13]
  alu_result[14]
  alu_result[15]
  alu_result[16]
  alu_result[17]
  alu_result[18]
  alu_result[19]
  alu_result[1]
  alu_result[20]
  alu_result[21]
  alu_result[22]
  alu_result[23]
  alu_result[24]
  alu_result[25]
  alu_result[26]
  alu_result[27]
  alu_result[28]
  alu_result[29]
  alu_result[2]
  alu_result[30]
  alu_result[31]
  alu_result[3]
  alu_result[4]
  alu_result[5]
  alu_result[6]
  alu_result[7]
  alu_result[8]
  alu_result[9]
