OpenROAD b16bda7e82721d10566ff7e2b68f1ff0be9f9e38 
Features included (+) or not (-): +Charts +GPU +GUI +Python
This program is licensed under the BSD-3 license. See the LICENSE file for details.
Components of this program may be licensed under more restrictive licenses which must be honored.
[INFO ODB-0227] LEF file: /openlane/designs/alu_and_register/runs/RUN_2025.06.03_11.26.31/tmp/merged.max.lef, created 13 layers, 25 vias, 441 library cells
[INFO ODB-0127] Reading DEF file: /openlane/designs/alu_and_register/runs/RUN_2025.06.03_11.26.31/results/routing/TopModule.def
[INFO ODB-0128] Design: TopModule
[INFO ODB-0094] 		Created 100000 Insts
[INFO ODB-0094] 		Created 200000 Insts
[INFO ODB-0094] 		Created 300000 Insts
[INFO ODB-0094] 		Created 400000 Insts
[INFO ODB-0094] 		Created 500000 Insts
[INFO ODB-0094] 		Created 600000 Insts
[INFO ODB-0094] 		Created 700000 Insts
[INFO ODB-0094] 		Created 800000 Insts
[INFO ODB-0094] 		Created 900000 Insts
[INFO ODB-0094] 		Created 1000000 Insts
[INFO ODB-0094] 		Created 1100000 Insts
[INFO ODB-0094] 		Created 1200000 Insts
[INFO ODB-0094] 		Created 1300000 Insts
[INFO ODB-0130]     Created 149 pins.
[INFO ODB-0131]     Created 1395496 components and 5392782 component-terminals.
[INFO ODB-0132]     Created 2 special nets and 5236384 connections.
[INFO ODB-0133]     Created 10127 nets and 156302 connections.
[INFO ODB-0134] Finished DEF file: /openlane/designs/alu_and_register/runs/RUN_2025.06.03_11.26.31/results/routing/TopModule.def
define_corners Typical
read_liberty -corner Typical /home/kagan/.volare/sky130A/libs.ref/sky130_fd_sc_hd/lib/sky130_fd_sc_hd__tt_025C_1v80.lib
Using 1e-12 for capacitance...
Using 1e+03 for resistance...
Using 1e-09 for time...
Using 1e+00 for voltage...
Using 1e-03 for current...
Using 1e-09 for power...
Using 1e-06 for distance...
Using RCX ruleset '/home/kagan/.volare/sky130A/libs.tech/openlane/rules.openrcx.sky130A.max.calibre'...
[INFO RCX-0431] Defined process_corner X with ext_model_index 0
[INFO RCX-0029] Defined extraction corner X
[INFO RCX-0008] extracting parasitics of TopModule ...
[INFO RCX-0435] Reading extraction model file /home/kagan/.volare/sky130A/libs.tech/openlane/rules.openrcx.sky130A.max.calibre ...
[INFO RCX-0436] RC segment generation TopModule (max_merge_res 50.0) ...
[INFO RCX-0040] Final 381213 rc segments
[INFO RCX-0439] Coupling Cap extraction TopModule ...
[INFO RCX-0440] Coupling threshhold is 0.1000 fF, coupling capacitance less than 0.1000 fF will be grounded.
[INFO RCX-0043] 511258 wires to be extracted
[INFO RCX-0442] 9% completion -- 50797 wires have been extracted
[INFO RCX-0442] 19% completion -- 101021 wires have been extracted
[INFO RCX-0442] 29% completion -- 150511 wires have been extracted
[INFO RCX-0442] 39% completion -- 199883 wires have been extracted
[INFO RCX-0442] 48% completion -- 246570 wires have been extracted
[INFO RCX-0442] 57% completion -- 294772 wires have been extracted
[INFO RCX-0442] 72% completion -- 371313 wires have been extracted
[INFO RCX-0442] 78% completion -- 399801 wires have been extracted
[INFO RCX-0442] 86% completion -- 443227 wires have been extracted
[INFO RCX-0442] 95% completion -- 486041 wires have been extracted
[INFO RCX-0442] 100% completion -- 511258 wires have been extracted
[INFO RCX-0045] Extract 10127 nets, 391299 rsegs, 391299 caps, 380763 ccs
[INFO RCX-0015] Finished extracting TopModule.
Writing result to /openlane/designs/alu_and_register/runs/RUN_2025.06.03_11.26.31/results/routing/mca/process_corner_max/TopModule.spef...
Setting global connections for newly added cells…
[WARNING] Did not save OpenROAD database!
Writing extracted parasitics to '/openlane/designs/alu_and_register/runs/RUN_2025.06.03_11.26.31/results/routing/mca/process_corner_max/TopModule.spef'…
[INFO RCX-0016] Writing SPEF ...
[INFO RCX-0443] 10127 nets finished
[INFO RCX-0017] Finished writing SPEF ...
