Reading /openlane/designs/alu_and_register/runs/RUN_2025.06.03_11.26.31/results/signoff/TopModule.gds ..
Reading /openlane/designs/alu_and_register/runs/RUN_2025.06.03_11.26.31/results/signoff/TopModule.klayout.gds ..
--- Running XOR for layer 122/16 ---
"input" in: xor.drc:94
    Polygons (raw): 1224105 (flat)  150 (hierarchical)
    Elapsed: 0.000s  Memory: 2404.00M
"input" in: xor.drc:94
    Polygons (raw): 1224105 (flat)  150 (hierarchical)
    Elapsed: 0.000s  Memory: 2404.00M
"^" in: xor.drc:94
    Polygons (raw): 0 (flat)  0 (hierarchical)
    Elapsed: 7.470s  Memory: 2430.00M
XOR differences: 0
"output" in: xor.drc:69
    Polygons (raw): 0 (flat)  0 (hierarchical)
    Elapsed: 0.010s  Memory: 2430.00M
--- Running XOR for layer 235/4 ---
"input" in: xor.drc:94
    Polygons (raw): 1 (flat)  1 (hierarchical)
    Elapsed: 0.000s  Memory: 2430.00M
"input" in: xor.drc:94
    Polygons (raw): 1 (flat)  1 (hierarchical)
    Elapsed: 0.000s  Memory: 2430.00M
"^" in: xor.drc:94
    Polygons (raw): 0 (flat)  0 (hierarchical)
    Elapsed: 0.590s  Memory: 2430.00M
XOR differences: 0
"output" in: xor.drc:69
    Polygons (raw): 0 (flat)  0 (hierarchical)
    Elapsed: 0.010s  Memory: 2430.00M
--- Running XOR for layer 236/0 ---
"input" in: xor.drc:94
    Polygons (raw): 986496 (flat)  144 (hierarchical)
    Elapsed: 0.000s  Memory: 2430.00M
"input" in: xor.drc:94
    Polygons (raw): 986496 (flat)  144 (hierarchical)
    Elapsed: 0.000s  Memory: 2430.00M
"^" in: xor.drc:94
    Polygons (raw): 0 (flat)  0 (hierarchical)
    Elapsed: 6.720s  Memory: 2494.00M
XOR differences: 0
"output" in: xor.drc:69
    Polygons (raw): 0 (flat)  0 (hierarchical)
    Elapsed: 0.010s  Memory: 2494.00M
--- Running XOR for layer 64/16 ---
"input" in: xor.drc:94
    Polygons (raw): 1224105 (flat)  150 (hierarchical)
    Elapsed: 0.000s  Memory: 2494.00M
"input" in: xor.drc:94
    Polygons (raw): 1224105 (flat)  150 (hierarchical)
    Elapsed: 0.000s  Memory: 2494.00M
"^" in: xor.drc:94
    Polygons (raw): 0 (flat)  0 (hierarchical)
    Elapsed: 7.380s  Memory: 2494.00M
XOR differences: 0
"output" in: xor.drc:69
    Polygons (raw): 0 (flat)  0 (hierarchical)
    Elapsed: 0.000s  Memory: 2494.00M
--- Running XOR for layer 64/20 ---
"input" in: xor.drc:94
    Polygons (raw): 1395496 (flat)  147 (hierarchical)
    Elapsed: 0.000s  Memory: 2494.00M
"input" in: xor.drc:94
    Polygons (raw): 1395496 (flat)  147 (hierarchical)
    Elapsed: 0.000s  Memory: 2494.00M
"^" in: xor.drc:94
    Polygons (raw): 0 (flat)  0 (hierarchical)
    Elapsed: 13.530s  Memory: 2658.00M
XOR differences: 0
"output" in: xor.drc:69
    Polygons (raw): 0 (flat)  0 (hierarchical)
    Elapsed: 0.000s  Memory: 2658.00M
--- Running XOR for layer 64/5 ---
"input" in: xor.drc:94
    Polygons (raw): 0 (flat)  0 (hierarchical)
    Elapsed: 0.000s  Memory: 2658.00M
"input" in: xor.drc:94
    Polygons (raw): 0 (flat)  0 (hierarchical)
    Elapsed: 0.000s  Memory: 2658.00M
"^" in: xor.drc:94
    Polygons (raw): 0 (flat)  0 (hierarchical)
    Elapsed: 1.940s  Memory: 2658.00M
XOR differences: 0
"output" in: xor.drc:69
    Polygons (raw): 0 (flat)  0 (hierarchical)
    Elapsed: 0.000s  Memory: 2658.00M
--- Running XOR for layer 64/59 ---
"input" in: xor.drc:94
    Polygons (raw): 0 (flat)  0 (hierarchical)
    Elapsed: 0.000s  Memory: 2658.00M
"input" in: xor.drc:94
    Polygons (raw): 0 (flat)  0 (hierarchical)
    Elapsed: 0.000s  Memory: 2658.00M
"^" in: xor.drc:94
    Polygons (raw): 0 (flat)  0 (hierarchical)
    Elapsed: 1.900s  Memory: 2658.00M
XOR differences: 0
"output" in: xor.drc:69
    Polygons (raw): 0 (flat)  0 (hierarchical)
    Elapsed: 0.010s  Memory: 2658.00M
--- Running XOR for layer 65/20 ---
"input" in: xor.drc:94
    Polygons (raw): 1852179 (flat)  436 (hierarchical)
    Elapsed: 0.000s  Memory: 2658.00M
"input" in: xor.drc:94
    Polygons (raw): 1852179 (flat)  436 (hierarchical)
    Elapsed: 0.000s  Memory: 2658.00M
"^" in: xor.drc:94
    Polygons (raw): 0 (flat)  0 (hierarchical)
    Elapsed: 9.240s  Memory: 2423.00M
XOR differences: 0
"output" in: xor.drc:69
    Polygons (raw): 0 (flat)  0 (hierarchical)
    Elapsed: 0.000s  Memory: 2423.00M
--- Running XOR for layer 65/44 ---
"input" in: xor.drc:94
    Polygons (raw): 345600 (flat)  2 (hierarchical)
    Elapsed: 0.000s  Memory: 2423.00M
"input" in: xor.drc:94
    Polygons (raw): 345600 (flat)  2 (hierarchical)
    Elapsed: 0.000s  Memory: 2423.00M
"^" in: xor.drc:94
    Polygons (raw): 0 (flat)  0 (hierarchical)
    Elapsed: 1.880s  Memory: 2423.00M
XOR differences: 0
"output" in: xor.drc:69
    Polygons (raw): 0 (flat)  0 (hierarchical)
    Elapsed: 0.010s  Memory: 2423.00M
--- Running XOR for layer 66/20 ---
"input" in: xor.drc:94
    Polygons (raw): 1748282 (flat)  690 (hierarchical)
    Elapsed: 0.000s  Memory: 2423.00M
"input" in: xor.drc:94
    Polygons (raw): 1748282 (flat)  690 (hierarchical)
    Elapsed: 0.000s  Memory: 2423.00M
"^" in: xor.drc:94
    Polygons (raw): 0 (flat)  0 (hierarchical)
    Elapsed: 12.670s  Memory: 2394.00M
XOR differences: 0
"output" in: xor.drc:69
    Polygons (raw): 0 (flat)  0 (hierarchical)
    Elapsed: 0.010s  Memory: 2394.00M
--- Running XOR for layer 66/44 ---
"input" in: xor.drc:94
    Polygons (raw): 7577470 (flat)  5456 (hierarchical)
    Elapsed: 0.000s  Memory: 2394.00M
"input" in: xor.drc:94
    Polygons (raw): 7577470 (flat)  5456 (hierarchical)
    Elapsed: 0.000s  Memory: 2394.00M
"^" in: xor.drc:94
    Polygons (raw): 0 (flat)  0 (hierarchical)
    Elapsed: 31.090s  Memory: 2436.00M
XOR differences: 0
"output" in: xor.drc:69
    Polygons (raw): 0 (flat)  0 (hierarchical)
    Elapsed: 0.000s  Memory: 2436.00M
--- Running XOR for layer 67/16 ---
"input" in: xor.drc:94
    Polygons (raw): 1613742 (flat)  1062 (hierarchical)
    Elapsed: 0.000s  Memory: 2436.00M
"input" in: xor.drc:94
    Polygons (raw): 1613742 (flat)  1062 (hierarchical)
    Elapsed: 0.000s  Memory: 2436.00M
"^" in: xor.drc:94
    Polygons (raw): 0 (flat)  0 (hierarchical)
    Elapsed: 6.040s  Memory: 2436.00M
XOR differences: 0
"output" in: xor.drc:69
    Polygons (raw): 0 (flat)  0 (hierarchical)
    Elapsed: 0.000s  Memory: 2436.00M
--- Running XOR for layer 67/20 ---
"input" in: xor.drc:94
    Polygons (raw): 5986773 (flat)  154426 (hierarchical)
    Elapsed: 0.000s  Memory: 2436.00M
"input" in: xor.drc:94
    Polygons (raw): 5986773 (flat)  1219 (hierarchical)
    Elapsed: 0.000s  Memory: 2436.00M
"^" in: xor.drc:94
    Polygons (raw): 0 (flat)  0 (hierarchical)
    Elapsed: 40.280s  Memory: 3125.00M
XOR differences: 0
"output" in: xor.drc:69
    Polygons (raw): 0 (flat)  0 (hierarchical)
    Elapsed: 0.010s  Memory: 3125.00M
--- Running XOR for layer 67/44 ---
"input" in: xor.drc:94
    Polygons (raw): 19556864 (flat)  156312 (hierarchical)
    Elapsed: 0.000s  Memory: 3125.00M
"input" in: xor.drc:94
    Polygons (raw): 19556864 (flat)  3105 (hierarchical)
    Elapsed: 0.000s  Memory: 3125.00M
"^" in: xor.drc:94
    Polygons (raw): 0 (flat)  0 (hierarchical)
    Elapsed: 79.090s  Memory: 3125.00M
XOR differences: 0
"output" in: xor.drc:69
    Polygons (raw): 0 (flat)  0 (hierarchical)
    Elapsed: 0.010s  Memory: 3125.00M
--- Running XOR for layer 67/5 ---
"input" in: xor.drc:94
    Polygons (raw): 0 (flat)  0 (hierarchical)
    Elapsed: 0.000s  Memory: 3125.00M
"input" in: xor.drc:94
    Polygons (raw): 0 (flat)  0 (hierarchical)
    Elapsed: 0.010s  Memory: 3125.00M
"^" in: xor.drc:94
    Polygons (raw): 0 (flat)  0 (hierarchical)
    Elapsed: 0.830s  Memory: 3125.00M
XOR differences: 0
"output" in: xor.drc:69
    Polygons (raw): 0 (flat)  0 (hierarchical)
    Elapsed: 0.000s  Memory: 3125.00M
--- Running XOR for layer 68/16 ---
"input" in: xor.drc:94
    Polygons (raw): 2793569 (flat)  301 (hierarchical)
    Elapsed: 0.000s  Memory: 3125.00M
"input" in: xor.drc:94
    Polygons (raw): 2793569 (flat)  301 (hierarchical)
    Elapsed: 0.000s  Memory: 3125.00M
"^" in: xor.drc:94
    Polygons (raw): 0 (flat)  0 (hierarchical)
    Elapsed: 13.690s  Memory: 3085.00M
XOR differences: 0
"output" in: xor.drc:69
    Polygons (raw): 0 (flat)  0 (hierarchical)
    Elapsed: 0.000s  Memory: 3085.00M
--- Running XOR for layer 68/20 ---
"input" in: xor.drc:94
    Polygons (raw): 3325679 (flat)  526840 (hierarchical)
    Elapsed: 0.000s  Memory: 3085.00M
"input" in: xor.drc:94
    Polygons (raw): 3369252 (flat)  160610 (hierarchical)
    Elapsed: 0.000s  Memory: 3085.00M
"^" in: xor.drc:94
    Polygons (raw): 0 (flat)  0 (hierarchical)
    Elapsed: 22.260s  Memory: 3085.00M
XOR differences: 0
"output" in: xor.drc:69
    Polygons (raw): 0 (flat)  0 (hierarchical)
    Elapsed: 0.000s  Memory: 3085.00M
--- Running XOR for layer 68/44 ---
"input" in: xor.drc:94
    Polygons (raw): 701691 (flat)  701691 (hierarchical)
    Elapsed: 0.000s  Memory: 3085.00M
"input" in: xor.drc:94
    Polygons (raw): 701691 (flat)  7 (hierarchical)
    Elapsed: 0.000s  Memory: 3085.00M
"^" in: xor.drc:94
    Polygons (raw): 0 (flat)  0 (hierarchical)
    Elapsed: 2.860s  Memory: 3085.00M
XOR differences: 0
"output" in: xor.drc:69
    Polygons (raw): 0 (flat)  0 (hierarchical)
    Elapsed: 0.000s  Memory: 3085.00M
--- Running XOR for layer 68/5 ---
"input" in: xor.drc:94
    Polygons (raw): 0 (flat)  0 (hierarchical)
    Elapsed: 0.000s  Memory: 3085.00M
"input" in: xor.drc:94
    Polygons (raw): 0 (flat)  0 (hierarchical)
    Elapsed: 0.000s  Memory: 3085.00M
"^" in: xor.drc:94
    Polygons (raw): 0 (flat)  0 (hierarchical)
    Elapsed: 2.270s  Memory: 3085.00M
XOR differences: 0
"output" in: xor.drc:69
    Polygons (raw): 0 (flat)  0 (hierarchical)
    Elapsed: 0.000s  Memory: 3085.00M
--- Running XOR for layer 69/16 ---
"input" in: xor.drc:94
    Polygons (raw): 47 (flat)  47 (hierarchical)
    Elapsed: 0.000s  Memory: 3085.00M
"input" in: xor.drc:94
    Polygons (raw): 47 (flat)  47 (hierarchical)
    Elapsed: 0.000s  Memory: 3085.00M
"^" in: xor.drc:94
    Polygons (raw): 0 (flat)  0 (hierarchical)
    Elapsed: 0.560s  Memory: 3085.00M
XOR differences: 0
"output" in: xor.drc:69
    Polygons (raw): 0 (flat)  0 (hierarchical)
    Elapsed: 0.000s  Memory: 3085.00M
--- Running XOR for layer 69/20 ---
"input" in: xor.drc:94
    Polygons (raw): 378674 (flat)  378674 (hierarchical)
    Elapsed: 0.000s  Memory: 3085.00M
"input" in: xor.drc:94
    Polygons (raw): 599067 (flat)  228003 (hierarchical)
    Elapsed: 0.000s  Memory: 3085.00M
"^" in: xor.drc:94
    Polygons (raw): 0 (flat)  0 (hierarchical)
    Elapsed: 6.530s  Memory: 3085.00M
XOR differences: 0
"output" in: xor.drc:69
    Polygons (raw): 0 (flat)  0 (hierarchical)
    Elapsed: 0.000s  Memory: 3085.00M
--- Running XOR for layer 69/44 ---
"input" in: xor.drc:94
    Polygons (raw): 448289 (flat)  448289 (hierarchical)
    Elapsed: 0.000s  Memory: 3085.00M
"input" in: xor.drc:94
    Polygons (raw): 448289 (flat)  5 (hierarchical)
    Elapsed: 0.000s  Memory: 3085.00M
"^" in: xor.drc:94
    Polygons (raw): 0 (flat)  0 (hierarchical)
    Elapsed: 1.960s  Memory: 3085.00M
XOR differences: 0
"output" in: xor.drc:69
    Polygons (raw): 0 (flat)  0 (hierarchical)
    Elapsed: 0.000s  Memory: 3085.00M
--- Running XOR for layer 69/5 ---
"input" in: xor.drc:94
    Polygons (raw): 0 (flat)  0 (hierarchical)
    Elapsed: 0.000s  Memory: 3085.00M
"input" in: xor.drc:94
    Polygons (raw): 0 (flat)  0 (hierarchical)
    Elapsed: 0.000s  Memory: 3085.00M
"^" in: xor.drc:94
    Polygons (raw): 0 (flat)  0 (hierarchical)
    Elapsed: 0.540s  Memory: 3085.00M
XOR differences: 0
"output" in: xor.drc:69
    Polygons (raw): 0 (flat)  0 (hierarchical)
    Elapsed: 0.000s  Memory: 3085.00M
--- Running XOR for layer 70/16 ---
"input" in: xor.drc:94
    Polygons (raw): 100 (flat)  100 (hierarchical)
    Elapsed: 0.000s  Memory: 3085.00M
"input" in: xor.drc:94
    Polygons (raw): 100 (flat)  100 (hierarchical)
    Elapsed: 0.000s  Memory: 3085.00M
"^" in: xor.drc:94
    Polygons (raw): 0 (flat)  0 (hierarchical)
    Elapsed: 0.580s  Memory: 3085.00M
XOR differences: 0
"output" in: xor.drc:69
    Polygons (raw): 0 (flat)  0 (hierarchical)
    Elapsed: 0.000s  Memory: 3085.00M
--- Running XOR for layer 70/20 ---
"input" in: xor.drc:94
    Polygons (raw): 124768 (flat)  124768 (hierarchical)
    Elapsed: 0.000s  Memory: 3085.00M
"input" in: xor.drc:94
    Polygons (raw): 342628 (flat)  114809 (hierarchical)
    Elapsed: 0.000s  Memory: 3085.00M
"^" in: xor.drc:94
    Polygons (raw): 0 (flat)  0 (hierarchical)
    Elapsed: 1.910s  Memory: 3085.00M
XOR differences: 0
"output" in: xor.drc:69
    Polygons (raw): 0 (flat)  0 (hierarchical)
    Elapsed: 0.010s  Memory: 3085.00M
--- Running XOR for layer 70/44 ---
"input" in: xor.drc:94
    Polygons (raw): 447172 (flat)  447172 (hierarchical)
    Elapsed: 0.000s  Memory: 3085.00M
"input" in: xor.drc:94
    Polygons (raw): 447172 (flat)  5 (hierarchical)
    Elapsed: 0.000s  Memory: 3085.00M
"^" in: xor.drc:94
    Polygons (raw): 0 (flat)  0 (hierarchical)
    Elapsed: 1.930s  Memory: 3085.00M
XOR differences: 0
"output" in: xor.drc:69
    Polygons (raw): 0 (flat)  0 (hierarchical)
    Elapsed: 0.010s  Memory: 3085.00M
--- Running XOR for layer 70/5 ---
"input" in: xor.drc:94
    Polygons (raw): 0 (flat)  0 (hierarchical)
    Elapsed: 0.000s  Memory: 3085.00M
"input" in: xor.drc:94
    Polygons (raw): 0 (flat)  0 (hierarchical)
    Elapsed: 0.000s  Memory: 3085.00M
"^" in: xor.drc:94
    Polygons (raw): 0 (flat)  0 (hierarchical)
    Elapsed: 0.540s  Memory: 3085.00M
XOR differences: 0
"output" in: xor.drc:69
    Polygons (raw): 0 (flat)  0 (hierarchical)
    Elapsed: 0.010s  Memory: 3085.00M
--- Running XOR for layer 71/16 ---
"input" in: xor.drc:94
    Polygons (raw): 174 (flat)  174 (hierarchical)
    Elapsed: 0.000s  Memory: 3085.00M
"input" in: xor.drc:94
    Polygons (raw): 174 (flat)  174 (hierarchical)
    Elapsed: 0.000s  Memory: 3085.00M
"^" in: xor.drc:94
    Polygons (raw): 0 (flat)  0 (hierarchical)
    Elapsed: 0.580s  Memory: 3085.00M
XOR differences: 0
"output" in: xor.drc:69
    Polygons (raw): 0 (flat)  0 (hierarchical)
    Elapsed: 0.010s  Memory: 3085.00M
--- Running XOR for layer 71/20 ---
"input" in: xor.drc:94
    Polygons (raw): 3521 (flat)  3521 (hierarchical)
    Elapsed: 0.000s  Memory: 3085.00M
"input" in: xor.drc:94
    Polygons (raw): 130105 (flat)  1617 (hierarchical)
    Elapsed: 0.000s  Memory: 3085.00M
"^" in: xor.drc:94
    Polygons (raw): 0 (flat)  0 (hierarchical)
    Elapsed: 2.460s  Memory: 3085.00M
XOR differences: 0
"output" in: xor.drc:69
    Polygons (raw): 0 (flat)  0 (hierarchical)
    Elapsed: 0.010s  Memory: 3085.00M
--- Running XOR for layer 71/44 ---
"input" in: xor.drc:94
    Polygons (raw): 15138 (flat)  15138 (hierarchical)
    Elapsed: 0.000s  Memory: 3085.00M
"input" in: xor.drc:94
    Polygons (raw): 15138 (flat)  1 (hierarchical)
    Elapsed: 0.000s  Memory: 3085.00M
"^" in: xor.drc:94
    Polygons (raw): 0 (flat)  0 (hierarchical)
    Elapsed: 0.620s  Memory: 3085.00M
XOR differences: 0
"output" in: xor.drc:69
    Polygons (raw): 0 (flat)  0 (hierarchical)
    Elapsed: 0.000s  Memory: 3085.00M
--- Running XOR for layer 71/5 ---
"input" in: xor.drc:94
    Polygons (raw): 0 (flat)  0 (hierarchical)
    Elapsed: 0.000s  Memory: 3085.00M
"input" in: xor.drc:94
    Polygons (raw): 0 (flat)  0 (hierarchical)
    Elapsed: 0.000s  Memory: 3085.00M
"^" in: xor.drc:94
    Polygons (raw): 0 (flat)  0 (hierarchical)
    Elapsed: 0.530s  Memory: 3085.00M
XOR differences: 0
"output" in: xor.drc:69
    Polygons (raw): 0 (flat)  0 (hierarchical)
    Elapsed: 0.000s  Memory: 3085.00M
--- Running XOR for layer 72/16 ---
"input" in: xor.drc:94
    Polygons (raw): 174 (flat)  174 (hierarchical)
    Elapsed: 0.000s  Memory: 3085.00M
"input" in: xor.drc:94
    Polygons (raw): 174 (flat)  174 (hierarchical)
    Elapsed: 0.000s  Memory: 3085.00M
"^" in: xor.drc:94
    Polygons (raw): 0 (flat)  0 (hierarchical)
    Elapsed: 0.560s  Memory: 3085.00M
XOR differences: 0
"output" in: xor.drc:69
    Polygons (raw): 0 (flat)  0 (hierarchical)
    Elapsed: 0.010s  Memory: 3085.00M
--- Running XOR for layer 72/20 ---
"input" in: xor.drc:94
    Polygons (raw): 174 (flat)  174 (hierarchical)
    Elapsed: 0.000s  Memory: 3085.00M
"input" in: xor.drc:94
    Polygons (raw): 15486 (flat)  349 (hierarchical)
    Elapsed: 0.000s  Memory: 3085.00M
"^" in: xor.drc:94
    Polygons (raw): 0 (flat)  0 (hierarchical)
    Elapsed: 0.610s  Memory: 3085.00M
XOR differences: 0
"output" in: xor.drc:69
    Polygons (raw): 0 (flat)  0 (hierarchical)
    Elapsed: 0.000s  Memory: 3085.00M
--- Running XOR for layer 72/5 ---
"input" in: xor.drc:94
    Polygons (raw): 0 (flat)  0 (hierarchical)
    Elapsed: 0.000s  Memory: 3085.00M
"input" in: xor.drc:94
    Polygons (raw): 0 (flat)  0 (hierarchical)
    Elapsed: 0.000s  Memory: 3085.00M
"^" in: xor.drc:94
    Polygons (raw): 0 (flat)  0 (hierarchical)
    Elapsed: 0.530s  Memory: 3085.00M
XOR differences: 0
"output" in: xor.drc:69
    Polygons (raw): 0 (flat)  0 (hierarchical)
    Elapsed: 0.010s  Memory: 3085.00M
--- Running XOR for layer 78/44 ---
"input" in: xor.drc:94
    Polygons (raw): 1395512 (flat)  149 (hierarchical)
    Elapsed: 0.000s  Memory: 3085.00M
"input" in: xor.drc:94
    Polygons (raw): 1395512 (flat)  149 (hierarchical)
    Elapsed: 0.000s  Memory: 3085.00M
"^" in: xor.drc:94
    Polygons (raw): 0 (flat)  0 (hierarchical)
    Elapsed: 8.390s  Memory: 3085.00M
XOR differences: 0
"output" in: xor.drc:69
    Polygons (raw): 0 (flat)  0 (hierarchical)
    Elapsed: 0.000s  Memory: 3085.00M
Warning: Skipping 81/14
--- Running XOR for layer 81/23 ---
"input" in: xor.drc:94
    Polygons (raw): 127986 (flat)  1 (hierarchical)
    Elapsed: 0.000s  Memory: 3085.00M
"input" in: xor.drc:94
    Polygons (raw): 127986 (flat)  1 (hierarchical)
    Elapsed: 0.000s  Memory: 3085.00M
"^" in: xor.drc:94
    Polygons (raw): 0 (flat)  0 (hierarchical)
    Elapsed: 1.110s  Memory: 3085.00M
XOR differences: 0
"output" in: xor.drc:69
    Polygons (raw): 0 (flat)  0 (hierarchical)
    Elapsed: 0.000s  Memory: 3085.00M
--- Running XOR for layer 81/4 ---
"input" in: xor.drc:94
    Polygons (raw): 1395496 (flat)  147 (hierarchical)
    Elapsed: 0.000s  Memory: 3085.00M
"input" in: xor.drc:94
    Polygons (raw): 1395496 (flat)  147 (hierarchical)
    Elapsed: 0.000s  Memory: 3085.00M
"^" in: xor.drc:94
    Polygons (raw): 0 (flat)  0 (hierarchical)
    Elapsed: 8.770s  Memory: 3085.00M
XOR differences: 0
"output" in: xor.drc:69
    Polygons (raw): 0 (flat)  0 (hierarchical)
    Elapsed: 0.000s  Memory: 3085.00M
--- Running XOR for layer 83/44 ---
"input" in: xor.drc:94
    Polygons (raw): 0 (flat)  0 (hierarchical)
    Elapsed: 0.000s  Memory: 3085.00M
"input" in: xor.drc:94
    Polygons (raw): 0 (flat)  0 (hierarchical)
    Elapsed: 0.000s  Memory: 3085.00M
"^" in: xor.drc:94
    Polygons (raw): 0 (flat)  0 (hierarchical)
    Elapsed: 2.150s  Memory: 3085.00M
XOR differences: 0
"output" in: xor.drc:69
    Polygons (raw): 0 (flat)  0 (hierarchical)
    Elapsed: 0.000s  Memory: 3085.00M
--- Running XOR for layer 93/44 ---
"input" in: xor.drc:94
    Polygons (raw): 1568296 (flat)  148 (hierarchical)
    Elapsed: 0.000s  Memory: 3085.00M
"input" in: xor.drc:94
    Polygons (raw): 1568296 (flat)  148 (hierarchical)
    Elapsed: 0.000s  Memory: 3085.00M
"^" in: xor.drc:94
    Polygons (raw): 0 (flat)  0 (hierarchical)
    Elapsed: 10.950s  Memory: 3085.00M
XOR differences: 0
"output" in: xor.drc:69
    Polygons (raw): 0 (flat)  0 (hierarchical)
    Elapsed: 0.000s  Memory: 3085.00M
--- Running XOR for layer 94/20 ---
"input" in: xor.drc:94
    Polygons (raw): 1568296 (flat)  148 (hierarchical)
    Elapsed: 0.000s  Memory: 3085.00M
"input" in: xor.drc:94
    Polygons (raw): 1568296 (flat)  148 (hierarchical)
    Elapsed: 0.000s  Memory: 3085.00M
"^" in: xor.drc:94
    Polygons (raw): 0 (flat)  0 (hierarchical)
    Elapsed: 10.870s  Memory: 3085.00M
XOR differences: 0
"output" in: xor.drc:69
    Polygons (raw): 0 (flat)  0 (hierarchical)
    Elapsed: 0.010s  Memory: 3085.00M
--- Running XOR for layer 95/20 ---
"input" in: xor.drc:94
    Polygons (raw): 858523 (flat)  150 (hierarchical)
    Elapsed: 0.000s  Memory: 3085.00M
"input" in: xor.drc:94
    Polygons (raw): 858523 (flat)  150 (hierarchical)
    Elapsed: 0.000s  Memory: 3085.00M
"^" in: xor.drc:94
    Polygons (raw): 0 (flat)  0 (hierarchical)
    Elapsed: 5.800s  Memory: 3085.00M
XOR differences: 0
"output" in: xor.drc:69
    Polygons (raw): 0 (flat)  0 (hierarchical)
    Elapsed: 0.000s  Memory: 3085.00M
---
Total XOR differences: 0
Writing report database: /openlane/designs/alu_and_register/runs/RUN_2025.06.03_11.26.31/reports/signoff/33-xor.xml ..
Total elapsed: 348.370s  Memory: 3085.00M
