OpenROAD b16bda7e82721d10566ff7e2b68f1ff0be9f9e38 
Features included (+) or not (-): +Charts +GPU +GUI +Python
This program is licensed under the BSD-3 license. See the LICENSE file for details.
Components of this program may be licensed under more restrictive licenses which must be honored.
define_corners Typical
read_liberty -corner Typical /home/kagan/.volare/sky130A/libs.ref/sky130_fd_sc_hd/lib/sky130_fd_sc_hd__tt_025C_1v80.lib
Using 1e-12 for capacitance...
Using 1e+03 for resistance...
Using 1e-09 for time...
Using 1e+00 for voltage...
Using 1e-03 for current...
Using 1e-09 for power...
Using 1e-06 for distance...
[INFO]: Reading ODB at '/openlane/designs/full_cpu/runs/RUN_2025.06.14_22.33.02/tmp/routing/22-fill.odb'…
Reading design constraints file at '/openlane/designs/full_cpu/src/CPU_TOP.sdc'…
[INFO ORD-0030] Using 2 thread(s).
[INFO DRT-0149] Reading tech and libs.
[WARNING DRT-0349] LEF58_ENCLOSURE with no CUTCLASS is not supported. Skipping for layer mcon
[WARNING DRT-0349] LEF58_ENCLOSURE with no CUTCLASS is not supported. Skipping for layer mcon
[WARNING DRT-0349] LEF58_ENCLOSURE with no CUTCLASS is not supported. Skipping for layer via
[WARNING DRT-0349] LEF58_ENCLOSURE with no CUTCLASS is not supported. Skipping for layer via
[WARNING DRT-0349] LEF58_ENCLOSURE with no CUTCLASS is not supported. Skipping for layer via2
[WARNING DRT-0349] LEF58_ENCLOSURE with no CUTCLASS is not supported. Skipping for layer via2
[WARNING DRT-0349] LEF58_ENCLOSURE with no CUTCLASS is not supported. Skipping for layer via3
[WARNING DRT-0349] LEF58_ENCLOSURE with no CUTCLASS is not supported. Skipping for layer via3
[WARNING DRT-0349] LEF58_ENCLOSURE with no CUTCLASS is not supported. Skipping for layer via4
[WARNING DRT-0349] LEF58_ENCLOSURE with no CUTCLASS is not supported. Skipping for layer via4

Units:                1000
Number of layers:     13
Number of macros:     441
Number of vias:       29
Number of viarulegen: 25

[INFO DRT-0150] Reading design.

Design:                   CPU_TOP
Die area:                 ( 0 0 ) ( 400000 400000 )
Number of track patterns: 12
Number of DEF vias:       0
Number of components:     16749
Number of terminals:      16
Number of snets:          2
Number of nets:           3139

[INFO DRT-0167] List of default vias:
  Layer via
    default via: M1M2_PR
  Layer via2
    default via: M2M3_PR
  Layer via3
    default via: M3M4_PR
  Layer via4
    default via: M4M5_PR
[INFO DRT-0162] Library cell analysis.
[INFO DRT-0163] Instance analysis.
[INFO DRT-0164] Number of unique instances = 348.
[INFO DRT-0168] Init region query.
[INFO DRT-0024]   Complete FR_MASTERSLICE.
[INFO DRT-0024]   Complete Fr_VIA.
[INFO DRT-0024]   Complete li1.
[INFO DRT-0024]   Complete mcon.
[INFO DRT-0024]   Complete met1.
[INFO DRT-0024]   Complete via.
[INFO DRT-0024]   Complete met2.
[INFO DRT-0024]   Complete via2.
[INFO DRT-0024]   Complete met3.
[INFO DRT-0024]   Complete via3.
[INFO DRT-0024]   Complete met4.
[INFO DRT-0024]   Complete via4.
[INFO DRT-0024]   Complete met5.
[INFO DRT-0033] FR_MASTERSLICE shape region query size = 0.
[INFO DRT-0033] FR_VIA shape region query size = 0.
[INFO DRT-0033] li1 shape region query size = 164593.
[INFO DRT-0033] mcon shape region query size = 146736.
[INFO DRT-0033] met1 shape region query size = 40118.
[INFO DRT-0033] via shape region query size = 11200.
[INFO DRT-0033] met2 shape region query size = 6720.
[INFO DRT-0033] via2 shape region query size = 8960.
[INFO DRT-0033] met3 shape region query size = 6734.
[INFO DRT-0033] via3 shape region query size = 8960.
[INFO DRT-0033] met4 shape region query size = 2784.
[INFO DRT-0033] via4 shape region query size = 480.
[INFO DRT-0033] met5 shape region query size = 540.
[INFO DRT-0165] Start pin access.
[INFO DRT-0076]   Complete 1000 pins.
[INFO DRT-0078]   Complete 1267 pins.
[INFO DRT-0079]   Complete 100 unique inst patterns.
[INFO DRT-0079]   Complete 200 unique inst patterns.
[INFO DRT-0079]   Complete 300 unique inst patterns.
[INFO DRT-0081]   Complete 330 unique inst patterns.
[INFO DRT-0084]   Complete 1694 groups.
#scanned instances     = 16749
#unique  instances     = 348
#stdCellGenAp          = 9343
#stdCellValidPlanarAp  = 42
#stdCellValidViaAp     = 7236
#stdCellPinNoAp        = 0
#stdCellPinCnt         = 10352
#instTermValidViaApCnt = 0
#macroGenAp            = 0
#macroValidPlanarAp    = 0
#macroValidViaAp       = 0
#macroNoAp             = 0
[INFO DRT-0166] Complete pin access.
[INFO DRT-0267] cpu time = 00:00:36, elapsed time = 00:00:16, memory = 171.54 (MB), peak = 171.54 (MB)

Number of guides:     22295

[INFO DRT-0169] Post process guides.
[INFO DRT-0176] GCELLGRID X 0 DO 57 STEP 6900 ;
[INFO DRT-0177] GCELLGRID Y 0 DO 57 STEP 6900 ;
[INFO DRT-0028]   Complete FR_MASTERSLICE.
[INFO DRT-0028]   Complete Fr_VIA.
[INFO DRT-0028]   Complete li1.
[INFO DRT-0028]   Complete mcon.
[INFO DRT-0028]   Complete met1.
[INFO DRT-0028]   Complete via.
[INFO DRT-0028]   Complete met2.
[INFO DRT-0028]   Complete via2.
[INFO DRT-0028]   Complete met3.
[INFO DRT-0028]   Complete via3.
[INFO DRT-0028]   Complete met4.
[INFO DRT-0028]   Complete via4.
[INFO DRT-0028]   Complete met5.
[INFO DRT-0178] Init guide query.
[INFO DRT-0035]   Complete FR_MASTERSLICE (guide).
[INFO DRT-0035]   Complete Fr_VIA (guide).
[INFO DRT-0035]   Complete li1 (guide).
[INFO DRT-0035]   Complete mcon (guide).
[INFO DRT-0035]   Complete met1 (guide).
[INFO DRT-0035]   Complete via (guide).
[INFO DRT-0035]   Complete met2 (guide).
[INFO DRT-0035]   Complete via2 (guide).
[INFO DRT-0035]   Complete met3 (guide).
[INFO DRT-0035]   Complete via3 (guide).
[INFO DRT-0035]   Complete met4 (guide).
[INFO DRT-0035]   Complete via4 (guide).
[INFO DRT-0035]   Complete met5 (guide).
[INFO DRT-0036] FR_MASTERSLICE guide region query size = 0.
[INFO DRT-0036] FR_VIA guide region query size = 0.
[INFO DRT-0036] li1 guide region query size = 8112.
[INFO DRT-0036] mcon guide region query size = 0.
[INFO DRT-0036] met1 guide region query size = 6037.
[INFO DRT-0036] via guide region query size = 0.
[INFO DRT-0036] met2 guide region query size = 3101.
[INFO DRT-0036] via2 guide region query size = 0.
[INFO DRT-0036] met3 guide region query size = 226.
[INFO DRT-0036] via3 guide region query size = 0.
[INFO DRT-0036] met4 guide region query size = 91.
[INFO DRT-0036] via4 guide region query size = 0.
[INFO DRT-0036] met5 guide region query size = 0.
[INFO DRT-0179] Init gr pin query.
[INFO DRT-0245] skipped writing guide updates to database.
[INFO DRT-0185] Post process initialize RPin region query.
[INFO DRT-0181] Start track assignment.
[INFO DRT-0184] Done with 11304 vertical wires in 2 frboxes and 6263 horizontal wires in 2 frboxes.
[INFO DRT-0186] Done with 1387 vertical wires in 2 frboxes and 2058 horizontal wires in 2 frboxes.
[INFO DRT-0182] Complete track assignment.
[INFO DRT-0267] cpu time = 00:00:02, elapsed time = 00:00:01, memory = 236.31 (MB), peak = 236.31 (MB)
[INFO DRT-0187] Start routing data preparation.
[INFO DRT-0267] cpu time = 00:00:00, elapsed time = 00:00:00, memory = 236.31 (MB), peak = 236.31 (MB)
[INFO DRT-0194] Start detail routing.
[INFO DRT-0195] Start 0th optimization iteration.
    Completing 10% with 0 violations.
    elapsed time = 00:00:00, memory = 242.82 (MB).
    Completing 20% with 0 violations.
    elapsed time = 00:00:05, memory = 326.92 (MB).
    Completing 30% with 0 violations.
    elapsed time = 00:00:08, memory = 322.03 (MB).
    Completing 40% with 319 violations.
    elapsed time = 00:00:08, memory = 346.30 (MB).
    Completing 50% with 319 violations.
    elapsed time = 00:00:13, memory = 376.71 (MB).
    Completing 60% with 605 violations.
    elapsed time = 00:00:16, memory = 351.98 (MB).
    Completing 70% with 605 violations.
    elapsed time = 00:00:17, memory = 355.26 (MB).
    Completing 80% with 605 violations.
    elapsed time = 00:00:24, memory = 376.82 (MB).
    Completing 90% with 941 violations.
    elapsed time = 00:00:27, memory = 397.24 (MB).
    Completing 100% with 1330 violations.
    elapsed time = 00:00:34, memory = 422.79 (MB).
[INFO DRT-0199]   Number of violations = 1984.
Viol/Layer         li1   mcon   met1   met2   met3   met4
Cut Spacing          0      2      0      0      0      0
Metal Spacing       26      0    208    113      4      0
Min Hole             0      0      1      0      0      0
NS Metal             1      0      0      0      0      0
Recheck              0      0    409    208     34      3
Short                0      0    848    127      0      0
[INFO DRT-0267] cpu time = 00:01:07, elapsed time = 00:00:35, memory = 618.70 (MB), peak = 618.70 (MB)
Total wire length = 84954 um.
Total wire length on LAYER li1 = 0 um.
Total wire length on LAYER met1 = 39442 um.
Total wire length on LAYER met2 = 36952 um.
Total wire length on LAYER met3 = 5721 um.
Total wire length on LAYER met4 = 2838 um.
Total wire length on LAYER met5 = 0 um.
Total number of vias = 22009.
Up-via summary (total 22009):

------------------------
 FR_MASTERSLICE        0
            li1    10323
           met1    11106
           met2      415
           met3      165
           met4        0
------------------------
                   22009


[INFO DRT-0195] Start 1st optimization iteration.
    Completing 10% with 1984 violations.
    elapsed time = 00:00:00, memory = 618.70 (MB).
    Completing 20% with 1984 violations.
    elapsed time = 00:00:02, memory = 618.70 (MB).
    Completing 30% with 1984 violations.
    elapsed time = 00:00:05, memory = 618.70 (MB).
    Completing 40% with 1623 violations.
    elapsed time = 00:00:06, memory = 618.70 (MB).
    Completing 50% with 1623 violations.
    elapsed time = 00:00:09, memory = 644.25 (MB).
    Completing 60% with 1328 violations.
    elapsed time = 00:00:13, memory = 618.78 (MB).
    Completing 70% with 1328 violations.
    elapsed time = 00:00:14, memory = 618.78 (MB).
    Completing 80% with 1328 violations.
    elapsed time = 00:00:20, memory = 618.78 (MB).
    Completing 90% with 944 violations.
    elapsed time = 00:00:21, memory = 618.78 (MB).
    Completing 100% with 665 violations.
    elapsed time = 00:00:30, memory = 618.78 (MB).
[INFO DRT-0199]   Number of violations = 665.
Viol/Layer        mcon   met1   met2
Cut Spacing          3      0      0
Metal Spacing        0     96     49
Min Hole             0      1      0
Short                0    474     42
[INFO DRT-0267] cpu time = 00:00:55, elapsed time = 00:00:30, memory = 619.08 (MB), peak = 647.30 (MB)
Total wire length = 83810 um.
Total wire length on LAYER li1 = 0 um.
Total wire length on LAYER met1 = 39127 um.
Total wire length on LAYER met2 = 36252 um.
Total wire length on LAYER met3 = 5669 um.
Total wire length on LAYER met4 = 2761 um.
Total wire length on LAYER met5 = 0 um.
Total number of vias = 21747.
Up-via summary (total 21747):

------------------------
 FR_MASTERSLICE        0
            li1    10318
           met1    10853
           met2      418
           met3      158
           met4        0
------------------------
                   21747


[INFO DRT-0195] Start 2nd optimization iteration.
    Completing 10% with 665 violations.
    elapsed time = 00:00:00, memory = 619.08 (MB).
    Completing 20% with 665 violations.
    elapsed time = 00:00:02, memory = 619.08 (MB).
    Completing 30% with 665 violations.
    elapsed time = 00:00:07, memory = 619.08 (MB).
    Completing 40% with 678 violations.
    elapsed time = 00:00:07, memory = 619.08 (MB).
    Completing 50% with 678 violations.
    elapsed time = 00:00:10, memory = 619.08 (MB).
    Completing 60% with 662 violations.
    elapsed time = 00:00:15, memory = 619.08 (MB).
    Completing 70% with 662 violations.
    elapsed time = 00:00:15, memory = 619.08 (MB).
    Completing 80% with 662 violations.
    elapsed time = 00:00:21, memory = 619.08 (MB).
    Completing 90% with 643 violations.
    elapsed time = 00:00:21, memory = 619.08 (MB).
    Completing 100% with 672 violations.
    elapsed time = 00:00:28, memory = 619.08 (MB).
[INFO DRT-0199]   Number of violations = 672.
Viol/Layer        mcon   met1   met2
Cut Spacing          1      0      0
Metal Spacing        0     98     26
Short                0    496     51
[INFO DRT-0267] cpu time = 00:00:50, elapsed time = 00:00:28, memory = 619.59 (MB), peak = 649.27 (MB)
Total wire length = 83710 um.
Total wire length on LAYER li1 = 0 um.
Total wire length on LAYER met1 = 39079 um.
Total wire length on LAYER met2 = 36334 um.
Total wire length on LAYER met3 = 5609 um.
Total wire length on LAYER met4 = 2685 um.
Total wire length on LAYER met5 = 0 um.
Total number of vias = 21672.
Up-via summary (total 21672):

------------------------
 FR_MASTERSLICE        0
            li1    10318
           met1    10802
           met2      404
           met3      148
           met4        0
------------------------
                   21672


[INFO DRT-0195] Start 3rd optimization iteration.
    Completing 10% with 672 violations.
    elapsed time = 00:00:00, memory = 619.59 (MB).
    Completing 20% with 672 violations.
    elapsed time = 00:00:02, memory = 619.59 (MB).
    Completing 30% with 672 violations.
    elapsed time = 00:00:05, memory = 619.59 (MB).
    Completing 40% with 544 violations.
    elapsed time = 00:00:05, memory = 619.59 (MB).
    Completing 50% with 544 violations.
    elapsed time = 00:00:07, memory = 619.59 (MB).
    Completing 60% with 450 violations.
    elapsed time = 00:00:09, memory = 619.59 (MB).
    Completing 70% with 450 violations.
    elapsed time = 00:00:09, memory = 619.59 (MB).
    Completing 80% with 450 violations.
    elapsed time = 00:00:13, memory = 624.40 (MB).
    Completing 90% with 269 violations.
    elapsed time = 00:00:13, memory = 645.85 (MB).
    Completing 100% with 89 violations.
    elapsed time = 00:00:17, memory = 665.77 (MB).
[INFO DRT-0199]   Number of violations = 89.
Viol/Layer        met1   met2
Metal Spacing       19      0
Short               66      4
[INFO DRT-0267] cpu time = 00:00:31, elapsed time = 00:00:17, memory = 665.77 (MB), peak = 665.77 (MB)
Total wire length = 83541 um.
Total wire length on LAYER li1 = 0 um.
Total wire length on LAYER met1 = 37045 um.
Total wire length on LAYER met2 = 36192 um.
Total wire length on LAYER met3 = 7462 um.
Total wire length on LAYER met4 = 2840 um.
Total wire length on LAYER met5 = 0 um.
Total number of vias = 22000.
Up-via summary (total 22000):

------------------------
 FR_MASTERSLICE        0
            li1    10318
           met1    10832
           met2      683
           met3      167
           met4        0
------------------------
                   22000


[INFO DRT-0195] Start 4th optimization iteration.
    Completing 10% with 89 violations.
    elapsed time = 00:00:00, memory = 665.77 (MB).
    Completing 20% with 89 violations.
    elapsed time = 00:00:00, memory = 665.77 (MB).
    Completing 30% with 89 violations.
    elapsed time = 00:00:01, memory = 665.77 (MB).
    Completing 40% with 51 violations.
    elapsed time = 00:00:01, memory = 619.97 (MB).
    Completing 50% with 51 violations.
    elapsed time = 00:00:01, memory = 619.97 (MB).
    Completing 60% with 50 violations.
    elapsed time = 00:00:03, memory = 619.97 (MB).
    Completing 70% with 50 violations.
    elapsed time = 00:00:03, memory = 619.97 (MB).
    Completing 80% with 50 violations.
    elapsed time = 00:00:03, memory = 619.97 (MB).
    Completing 90% with 10 violations.
    elapsed time = 00:00:03, memory = 619.97 (MB).
    Completing 100% with 1 violations.
    elapsed time = 00:00:03, memory = 619.97 (MB).
[INFO DRT-0199]   Number of violations = 1.
Viol/Layer        met1
Metal Spacing        1
[INFO DRT-0267] cpu time = 00:00:07, elapsed time = 00:00:04, memory = 619.97 (MB), peak = 665.77 (MB)
Total wire length = 83526 um.
Total wire length on LAYER li1 = 0 um.
Total wire length on LAYER met1 = 36962 um.
Total wire length on LAYER met2 = 36199 um.
Total wire length on LAYER met3 = 7514 um.
Total wire length on LAYER met4 = 2850 um.
Total wire length on LAYER met5 = 0 um.
Total number of vias = 22007.
Up-via summary (total 22007):

------------------------
 FR_MASTERSLICE        0
            li1    10318
           met1    10835
           met2      686
           met3      168
           met4        0
------------------------
                   22007


[INFO DRT-0195] Start 5th optimization iteration.
    Completing 10% with 1 violations.
    elapsed time = 00:00:00, memory = 619.97 (MB).
    Completing 20% with 1 violations.
    elapsed time = 00:00:00, memory = 619.97 (MB).
    Completing 30% with 1 violations.
    elapsed time = 00:00:00, memory = 619.97 (MB).
    Completing 40% with 1 violations.
    elapsed time = 00:00:00, memory = 619.97 (MB).
    Completing 50% with 1 violations.
    elapsed time = 00:00:00, memory = 619.97 (MB).
    Completing 60% with 0 violations.
    elapsed time = 00:00:00, memory = 619.97 (MB).
    Completing 70% with 0 violations.
    elapsed time = 00:00:00, memory = 619.97 (MB).
    Completing 80% with 0 violations.
    elapsed time = 00:00:00, memory = 619.97 (MB).
    Completing 90% with 0 violations.
    elapsed time = 00:00:00, memory = 619.97 (MB).
    Completing 100% with 0 violations.
    elapsed time = 00:00:00, memory = 619.97 (MB).
[INFO DRT-0199]   Number of violations = 0.
[INFO DRT-0267] cpu time = 00:00:00, elapsed time = 00:00:00, memory = 619.97 (MB), peak = 665.77 (MB)
Total wire length = 83526 um.
Total wire length on LAYER li1 = 0 um.
Total wire length on LAYER met1 = 36960 um.
Total wire length on LAYER met2 = 36200 um.
Total wire length on LAYER met3 = 7514 um.
Total wire length on LAYER met4 = 2850 um.
Total wire length on LAYER met5 = 0 um.
Total number of vias = 22007.
Up-via summary (total 22007):

------------------------
 FR_MASTERSLICE        0
            li1    10318
           met1    10835
           met2      686
           met3      168
           met4        0
------------------------
                   22007


[INFO DRT-0198] Complete detail routing.
Total wire length = 83526 um.
Total wire length on LAYER li1 = 0 um.
Total wire length on LAYER met1 = 36960 um.
Total wire length on LAYER met2 = 36200 um.
Total wire length on LAYER met3 = 7514 um.
Total wire length on LAYER met4 = 2850 um.
Total wire length on LAYER met5 = 0 um.
Total number of vias = 22007.
Up-via summary (total 22007):

------------------------
 FR_MASTERSLICE        0
            li1    10318
           met1    10835
           met2      686
           met3      168
           met4        0
------------------------
                   22007


[INFO DRT-0267] cpu time = 00:03:32, elapsed time = 00:01:56, memory = 619.97 (MB), peak = 665.77 (MB)

[INFO DRT-0180] Post processing.
Setting global connections for newly added cells…
Writing OpenROAD database to '/openlane/designs/full_cpu/runs/RUN_2025.06.14_22.33.02/results/routing/CPU_TOP.odb'…
Writing netlist to '/openlane/designs/full_cpu/runs/RUN_2025.06.14_22.33.02/results/routing/CPU_TOP.nl.v'…
Writing powered netlist to '/openlane/designs/full_cpu/runs/RUN_2025.06.14_22.33.02/results/routing/CPU_TOP.pnl.v'…
Writing layout to '/openlane/designs/full_cpu/runs/RUN_2025.06.14_22.33.02/results/routing/CPU_TOP.def'…
