OpenROAD b16bda7e82721d10566ff7e2b68f1ff0be9f9e38 
Features included (+) or not (-): +Charts +GPU +GUI +Python
This program is licensed under the BSD-3 license. See the LICENSE file for details.
Components of this program may be licensed under more restrictive licenses which must be honored.
Top-level design name: SemiCPU
Block boundaries: 0 0 500000 500000
Horizontal Tracks Origin: 340, Count: 735, Step: 680
Vertical Tracks Origin: 230, Count: 1087, Step: 460
Placement details for the #E side
Virtual pin count:  0
Actual pin count:  11
Total pin count:  11
Tracks count:  368
Tracks per pin:  33
Used tracks count:  331
Unused track count:  37
Starting track index:  18
Placement Map:
[340, 1700, 3060, 4420, 5780, 7140, 8500, 9860, 11220, 12580, 13940, 15300, 16660, 18020, 19380, 20740, 22100, 23460, [91m24820[0m, 26180, 27540, 28900, 30260, 31620, 32980, 34340, 35700, 37060, 38420, 39780, 41140, 42500, 43860, 45220, 46580, 47940, 49300, 50660, 52020, 53380, 54740, 56100, 57460, 58820, 60180, 61540, 62900, 64260, 65620, 66980, 68340, [91m69700[0m, 71060, 72420, 73780, 75140, 76500, 77860, 79220, 80580, 81940, 83300, 84660, 86020, 87380, 88740, 90100, 91460, 92820, 94180, 95540, 96900, 98260, 99620, 100980, 102340, 103700, 105060, 106420, 107780, 109140, 110500, 111860, 113220, [91m114580[0m, 115940, 117300, 118660, 120020, 121380, 122740, 124100, 125460, 126820, 128180, 129540, 130900, 132260, 133620, 134980, 136340, 137700, 139060, 140420, 141780, 143140, 144500, 145860, 147220, 148580, 149940, 151300, 152660, 154020, 155380, 156740, 158100, [91m159460[0m, 160820, 162180, 163540, 164900, 166260, 167620, 168980, 170340, 171700, 173060, 174420, 175780, 177140, 178500, 179860, 181220, 182580, 183940, 185300, 186660, 188020, 189380, 190740, 192100, 193460, 194820, 196180, 197540, 198900, 200260, 201620, 202980, [91m204340[0m, 205700, 207060, 208420, 209780, 211140, 212500, 213860, 215220, 216580, 217940, 219300, 220660, 222020, 223380, 224740, 226100, 227460, 228820, 230180, 231540, 232900, 234260, 235620, 236980, 238340, 239700, 241060, 242420, 243780, 245140, 246500, 247860, [91m249220[0m, 250580, 251940, 253300, 254660, 256020, 257380, 258740, 260100, 261460, 262820, 264180, 265540, 266900, 268260, 269620, 270980, 272340, 273700, 275060, 276420, 277780, 279140, 280500, 281860, 283220, 284580, 285940, 287300, 288660, 290020, 291380, 292740, [91m294100[0m, 295460, 296820, 298180, 299540, 300900, 302260, 303620, 304980, 306340, 307700, 309060, 310420, 311780, 313140, 314500, 315860, 317220, 318580, 319940, 321300, 322660, 324020, 325380, 326740, 328100, 329460, 330820, 332180, 333540, 334900, 336260, 337620, [91m338980[0m, 340340, 341700, 343060, 344420, 345780, 347140, 348500, 349860, 351220, 352580, 353940, 355300, 356660, 358020, 359380, 360740, 362100, 363460, 364820, 366180, 367540, 368900, 370260, 371620, 372980, 374340, 375700, 377060, 378420, 379780, 381140, 382500, [91m383860[0m, 385220, 386580, 387940, 389300, 390660, 392020, 393380, 394740, 396100, 397460, 398820, 400180, 401540, 402900, 404260, 405620, 406980, 408340, 409700, 411060, 412420, 413780, 415140, 416500, 417860, 419220, 420580, 421940, 423300, 424660, 426020, 427380, [91m428740[0m, 430100, 431460, 432820, 434180, 435540, 436900, 438260, 439620, 440980, 442340, 443700, 445060, 446420, 447780, 449140, 450500, 451860, 453220, 454580, 455940, 457300, 458660, 460020, 461380, 462740, 464100, 465460, 466820, 468180, 469540, 470900, 472260, [91m473620[0m, 474980, 476340, 477700, 479060, 480420, 481780, 483140, 484500, 485860, 487220, 488580, 489940, 491300, 492660, 494020, 495380, 496740, 498100, 499460, ]
Indices of used tracks: [18, 51, 84, 117, 150, 183, 216, 249, 282, 315, 348]
---
Placement details for the #W side
Virtual pin count:  0
Actual pin count:  3
Total pin count:  3
Tracks count:  368
Tracks per pin:  122
Used tracks count:  245
Unused track count:  123
Starting track index:  61
Placement Map:
[340, 1700, 3060, 4420, 5780, 7140, 8500, 9860, 11220, 12580, 13940, 15300, 16660, 18020, 19380, 20740, 22100, 23460, 24820, 26180, 27540, 28900, 30260, 31620, 32980, 34340, 35700, 37060, 38420, 39780, 41140, 42500, 43860, 45220, 46580, 47940, 49300, 50660, 52020, 53380, 54740, 56100, 57460, 58820, 60180, 61540, 62900, 64260, 65620, 66980, 68340, 69700, 71060, 72420, 73780, 75140, 76500, 77860, 79220, 80580, 81940, [91m83300[0m, 84660, 86020, 87380, 88740, 90100, 91460, 92820, 94180, 95540, 96900, 98260, 99620, 100980, 102340, 103700, 105060, 106420, 107780, 109140, 110500, 111860, 113220, 114580, 115940, 117300, 118660, 120020, 121380, 122740, 124100, 125460, 126820, 128180, 129540, 130900, 132260, 133620, 134980, 136340, 137700, 139060, 140420, 141780, 143140, 144500, 145860, 147220, 148580, 149940, 151300, 152660, 154020, 155380, 156740, 158100, 159460, 160820, 162180, 163540, 164900, 166260, 167620, 168980, 170340, 171700, 173060, 174420, 175780, 177140, 178500, 179860, 181220, 182580, 183940, 185300, 186660, 188020, 189380, 190740, 192100, 193460, 194820, 196180, 197540, 198900, 200260, 201620, 202980, 204340, 205700, 207060, 208420, 209780, 211140, 212500, 213860, 215220, 216580, 217940, 219300, 220660, 222020, 223380, 224740, 226100, 227460, 228820, 230180, 231540, 232900, 234260, 235620, 236980, 238340, 239700, 241060, 242420, 243780, 245140, 246500, 247860, [91m249220[0m, 250580, 251940, 253300, 254660, 256020, 257380, 258740, 260100, 261460, 262820, 264180, 265540, 266900, 268260, 269620, 270980, 272340, 273700, 275060, 276420, 277780, 279140, 280500, 281860, 283220, 284580, 285940, 287300, 288660, 290020, 291380, 292740, 294100, 295460, 296820, 298180, 299540, 300900, 302260, 303620, 304980, 306340, 307700, 309060, 310420, 311780, 313140, 314500, 315860, 317220, 318580, 319940, 321300, 322660, 324020, 325380, 326740, 328100, 329460, 330820, 332180, 333540, 334900, 336260, 337620, 338980, 340340, 341700, 343060, 344420, 345780, 347140, 348500, 349860, 351220, 352580, 353940, 355300, 356660, 358020, 359380, 360740, 362100, 363460, 364820, 366180, 367540, 368900, 370260, 371620, 372980, 374340, 375700, 377060, 378420, 379780, 381140, 382500, 383860, 385220, 386580, 387940, 389300, 390660, 392020, 393380, 394740, 396100, 397460, 398820, 400180, 401540, 402900, 404260, 405620, 406980, 408340, 409700, 411060, 412420, 413780, [91m415140[0m, 416500, 417860, 419220, 420580, 421940, 423300, 424660, 426020, 427380, 428740, 430100, 431460, 432820, 434180, 435540, 436900, 438260, 439620, 440980, 442340, 443700, 445060, 446420, 447780, 449140, 450500, 451860, 453220, 454580, 455940, 457300, 458660, 460020, 461380, 462740, 464100, 465460, 466820, 468180, 469540, 470900, 472260, 473620, 474980, 476340, 477700, 479060, 480420, 481780, 483140, 484500, 485860, 487220, 488580, 489940, 491300, 492660, 494020, 495380, 496740, 498100, 499460, ]
Indices of used tracks: [61, 183, 305]
---
