
===========================================================================
report_checks -path_delay min (Hold)
============================================================================
======================= Typical Corner ===================================

Startpoint: _323_ (rising edge-triggered flip-flop clocked by core_clock)
Endpoint: _323_ (rising edge-triggered flip-flop clocked by core_clock)
Path Group: core_clock
Path Type: min

Fanout     Cap    Slew   Delay    Time   Description
-----------------------------------------------------------------------------
                  0.00    0.00    0.00   clock core_clock (rise edge)
                          0.00    0.00   clock network delay (ideal)
                  0.00    0.00    0.00 ^ _323_/CLK (sky130_fd_sc_hd__dfrtp_2)
     7    0.02    0.12    0.39    0.39 ^ _323_/Q (sky130_fd_sc_hd__dfrtp_2)
                                         counter.one_second_counter[0] (net)
                  0.12    0.00    0.39 ^ _183_/A (sky130_fd_sc_hd__nor2_2)
     1    0.00    0.03    0.05    0.44 v _183_/Y (sky130_fd_sc_hd__nor2_2)
                                         _001_ (net)
                  0.03    0.00    0.44 v _323_/D (sky130_fd_sc_hd__dfrtp_2)
                                  0.44   data arrival time

                  0.00    0.00    0.00   clock core_clock (rise edge)
                          0.00    0.00   clock network delay (ideal)
                          0.00    0.00   clock reconvergence pessimism
                                  0.00 ^ _323_/CLK (sky130_fd_sc_hd__dfrtp_2)
                         -0.05   -0.05   library hold time
                                 -0.05   data required time
-----------------------------------------------------------------------------
                                 -0.05   data required time
                                 -0.44   data arrival time
-----------------------------------------------------------------------------
                                  0.49   slack (MET)


Startpoint: _322_ (rising edge-triggered flip-flop clocked by core_clock)
Endpoint: _352_ (rising edge-triggered flip-flop clocked by core_clock)
Path Group: core_clock
Path Type: min

Fanout     Cap    Slew   Delay    Time   Description
-----------------------------------------------------------------------------
                  0.00    0.00    0.00   clock core_clock (rise edge)
                          0.00    0.00   clock network delay (ideal)
                  0.00    0.00    0.00 ^ _322_/CLK (sky130_fd_sc_hd__dfrtp_2)
     5    0.02    0.10    0.38    0.38 ^ _322_/Q (sky130_fd_sc_hd__dfrtp_2)
                                         counter.one_second_enable (net)
                  0.10    0.00    0.38 ^ _164_/A1 (sky130_fd_sc_hd__a211oi_2)
     1    0.00    0.03    0.07    0.44 v _164_/Y (sky130_fd_sc_hd__a211oi_2)
                                         _062_ (net)
                  0.03    0.00    0.44 v _352_/D (sky130_fd_sc_hd__dfrtp_2)
                                  0.44   data arrival time

                  0.00    0.00    0.00   clock core_clock (rise edge)
                          0.00    0.00   clock network delay (ideal)
                          0.00    0.00   clock reconvergence pessimism
                                  0.00 ^ _352_/CLK (sky130_fd_sc_hd__dfrtp_2)
                         -0.05   -0.05   library hold time
                                 -0.05   data required time
-----------------------------------------------------------------------------
                                 -0.05   data required time
                                 -0.44   data arrival time
-----------------------------------------------------------------------------
                                  0.49   slack (MET)


Startpoint: _353_ (rising edge-triggered flip-flop clocked by core_clock)
Endpoint: _353_ (rising edge-triggered flip-flop clocked by core_clock)
Path Group: core_clock
Path Type: min

Fanout     Cap    Slew   Delay    Time   Description
-----------------------------------------------------------------------------
                  0.00    0.00    0.00   clock core_clock (rise edge)
                          0.00    0.00   clock network delay (ideal)
                  0.00    0.00    0.00 ^ _353_/CLK (sky130_fd_sc_hd__dfrtp_2)
     4    0.02    0.11    0.39    0.39 ^ _353_/Q (sky130_fd_sc_hd__dfrtp_2)
                                         counter.count[3] (net)
                  0.11    0.00    0.39 ^ _160_/A (sky130_fd_sc_hd__xor2_2)
     1    0.00    0.03    0.07    0.46 v _160_/X (sky130_fd_sc_hd__xor2_2)
                                         _063_ (net)
                  0.03    0.00    0.46 v _353_/D (sky130_fd_sc_hd__dfrtp_2)
                                  0.46   data arrival time

                  0.00    0.00    0.00   clock core_clock (rise edge)
                          0.00    0.00   clock network delay (ideal)
                          0.00    0.00   clock reconvergence pessimism
                                  0.00 ^ _353_/CLK (sky130_fd_sc_hd__dfrtp_2)
                         -0.05   -0.05   library hold time
                                 -0.05   data required time
-----------------------------------------------------------------------------
                                 -0.05   data required time
                                 -0.46   data arrival time
-----------------------------------------------------------------------------
                                  0.50   slack (MET)


Startpoint: _330_ (rising edge-triggered flip-flop clocked by core_clock)
Endpoint: _330_ (rising edge-triggered flip-flop clocked by core_clock)
Path Group: core_clock
Path Type: min

Fanout     Cap    Slew   Delay    Time   Description
-----------------------------------------------------------------------------
                  0.00    0.00    0.00   clock core_clock (rise edge)
                          0.00    0.00   clock network delay (ideal)
                  0.00    0.00    0.00 ^ _330_/CLK (sky130_fd_sc_hd__dfrtp_2)
     2    0.01    0.05    0.38    0.38 v _330_/Q (sky130_fd_sc_hd__dfrtp_2)
                                         counter.one_second_counter[7] (net)
                  0.05    0.00    0.38 v _207_/A (sky130_fd_sc_hd__inv_2)
     1    0.00    0.03    0.05    0.42 ^ _207_/Y (sky130_fd_sc_hd__inv_2)
                                         _101_ (net)
                  0.03    0.00    0.42 ^ _208_/A1 (sky130_fd_sc_hd__a211oi_2)
     1    0.00    0.03    0.04    0.47 v _208_/Y (sky130_fd_sc_hd__a211oi_2)
                                         _025_ (net)
                  0.03    0.00    0.47 v _330_/D (sky130_fd_sc_hd__dfrtp_2)
                                  0.47   data arrival time

                  0.00    0.00    0.00   clock core_clock (rise edge)
                          0.00    0.00   clock network delay (ideal)
                          0.00    0.00   clock reconvergence pessimism
                                  0.00 ^ _330_/CLK (sky130_fd_sc_hd__dfrtp_2)
                         -0.05   -0.05   library hold time
                                 -0.05   data required time
-----------------------------------------------------------------------------
                                 -0.05   data required time
                                 -0.47   data arrival time
-----------------------------------------------------------------------------
                                  0.51   slack (MET)


Startpoint: _349_ (rising edge-triggered flip-flop clocked by core_clock)
Endpoint: _349_ (rising edge-triggered flip-flop clocked by core_clock)
Path Group: core_clock
Path Type: min

Fanout     Cap    Slew   Delay    Time   Description
-----------------------------------------------------------------------------
                  0.00    0.00    0.00   clock core_clock (rise edge)
                          0.00    0.00   clock network delay (ideal)
                  0.00    0.00    0.00 ^ _349_/CLK (sky130_fd_sc_hd__dfrtp_2)
     2    0.00    0.04    0.32    0.32 ^ _349_/Q (sky130_fd_sc_hd__dfrtp_2)
                                         counter.one_second_counter[26] (net)
                  0.04    0.00    0.32 ^ _278_/A1 (sky130_fd_sc_hd__o211a_2)
     1    0.00    0.04    0.16    0.48 ^ _278_/X (sky130_fd_sc_hd__o211a_2)
                                         _019_ (net)
                  0.04    0.00    0.48 ^ _349_/D (sky130_fd_sc_hd__dfrtp_2)
                                  0.48   data arrival time

                  0.00    0.00    0.00   clock core_clock (rise edge)
                          0.00    0.00   clock network delay (ideal)
                          0.00    0.00   clock reconvergence pessimism
                                  0.00 ^ _349_/CLK (sky130_fd_sc_hd__dfrtp_2)
                         -0.04   -0.04   library hold time
                                 -0.04   data required time
-----------------------------------------------------------------------------
                                 -0.04   data required time
                                 -0.48   data arrival time
-----------------------------------------------------------------------------
                                  0.52   slack (MET)


Startpoint: _344_ (rising edge-triggered flip-flop clocked by core_clock)
Endpoint: _344_ (rising edge-triggered flip-flop clocked by core_clock)
Path Group: core_clock
Path Type: min

Fanout     Cap    Slew   Delay    Time   Description
-----------------------------------------------------------------------------
                  0.00    0.00    0.00   clock core_clock (rise edge)
                          0.00    0.00   clock network delay (ideal)
                  0.00    0.00    0.00 ^ _344_/CLK (sky130_fd_sc_hd__dfrtp_2)
     3    0.01    0.05    0.38    0.38 v _344_/Q (sky130_fd_sc_hd__dfrtp_2)
                                         counter.one_second_counter[21] (net)
                  0.05    0.00    0.38 v _261_/A (sky130_fd_sc_hd__inv_2)
     1    0.00    0.03    0.05    0.43 ^ _261_/Y (sky130_fd_sc_hd__inv_2)
                                         _141_ (net)
                  0.03    0.00    0.43 ^ _263_/A1 (sky130_fd_sc_hd__a211oi_2)
     1    0.00    0.04    0.04    0.47 v _263_/Y (sky130_fd_sc_hd__a211oi_2)
                                         _014_ (net)
                  0.04    0.00    0.47 v _344_/D (sky130_fd_sc_hd__dfrtp_2)
                                  0.47   data arrival time

                  0.00    0.00    0.00   clock core_clock (rise edge)
                          0.00    0.00   clock network delay (ideal)
                          0.00    0.00   clock reconvergence pessimism
                                  0.00 ^ _344_/CLK (sky130_fd_sc_hd__dfrtp_2)
                         -0.05   -0.05   library hold time
                                 -0.05   data required time
-----------------------------------------------------------------------------
                                 -0.05   data required time
                                 -0.47   data arrival time
-----------------------------------------------------------------------------
                                  0.52   slack (MET)


Startpoint: _346_ (rising edge-triggered flip-flop clocked by core_clock)
Endpoint: _346_ (rising edge-triggered flip-flop clocked by core_clock)
Path Group: core_clock
Path Type: min

Fanout     Cap    Slew   Delay    Time   Description
-----------------------------------------------------------------------------
                  0.00    0.00    0.00   clock core_clock (rise edge)
                          0.00    0.00   clock network delay (ideal)
                  0.00    0.00    0.00 ^ _346_/CLK (sky130_fd_sc_hd__dfrtp_2)
     2    0.00    0.05    0.32    0.32 ^ _346_/Q (sky130_fd_sc_hd__dfrtp_2)
                                         counter.one_second_counter[23] (net)
                  0.05    0.00    0.32 ^ _269_/A1 (sky130_fd_sc_hd__o211a_2)
     1    0.00    0.04    0.16    0.48 ^ _269_/X (sky130_fd_sc_hd__o211a_2)
                                         _016_ (net)
                  0.04    0.00    0.48 ^ _346_/D (sky130_fd_sc_hd__dfrtp_2)
                                  0.48   data arrival time

                  0.00    0.00    0.00   clock core_clock (rise edge)
                          0.00    0.00   clock network delay (ideal)
                          0.00    0.00   clock reconvergence pessimism
                                  0.00 ^ _346_/CLK (sky130_fd_sc_hd__dfrtp_2)
                         -0.04   -0.04   library hold time
                                 -0.04   data required time
-----------------------------------------------------------------------------
                                 -0.04   data required time
                                 -0.48   data arrival time
-----------------------------------------------------------------------------
                                  0.52   slack (MET)


Startpoint: _338_ (rising edge-triggered flip-flop clocked by core_clock)
Endpoint: _338_ (rising edge-triggered flip-flop clocked by core_clock)
Path Group: core_clock
Path Type: min

Fanout     Cap    Slew   Delay    Time   Description
-----------------------------------------------------------------------------
                  0.00    0.00    0.00   clock core_clock (rise edge)
                          0.00    0.00   clock network delay (ideal)
                  0.00    0.00    0.00 ^ _338_/CLK (sky130_fd_sc_hd__dfrtp_2)
     3    0.01    0.05    0.38    0.38 v _338_/Q (sky130_fd_sc_hd__dfrtp_2)
                                         counter.one_second_counter[15] (net)
                  0.05    0.00    0.38 v _238_/A (sky130_fd_sc_hd__inv_2)
     1    0.00    0.03    0.05    0.43 ^ _238_/Y (sky130_fd_sc_hd__inv_2)
                                         _124_ (net)
                  0.03    0.00    0.43 ^ _241_/A1 (sky130_fd_sc_hd__a211oi_2)
     1    0.00    0.04    0.04    0.47 v _241_/Y (sky130_fd_sc_hd__a211oi_2)
                                         _007_ (net)
                  0.04    0.00    0.47 v _338_/D (sky130_fd_sc_hd__dfrtp_2)
                                  0.47   data arrival time

                  0.00    0.00    0.00   clock core_clock (rise edge)
                          0.00    0.00   clock network delay (ideal)
                          0.00    0.00   clock reconvergence pessimism
                                  0.00 ^ _338_/CLK (sky130_fd_sc_hd__dfrtp_2)
                         -0.05   -0.05   library hold time
                                 -0.05   data required time
-----------------------------------------------------------------------------
                                 -0.05   data required time
                                 -0.47   data arrival time
-----------------------------------------------------------------------------
                                  0.52   slack (MET)


Startpoint: _351_ (rising edge-triggered flip-flop clocked by core_clock)
Endpoint: _351_ (rising edge-triggered flip-flop clocked by core_clock)
Path Group: core_clock
Path Type: min

Fanout     Cap    Slew   Delay    Time   Description
-----------------------------------------------------------------------------
                  0.00    0.00    0.00   clock core_clock (rise edge)
                          0.00    0.00   clock network delay (ideal)
                  0.00    0.00    0.00 ^ _351_/CLK (sky130_fd_sc_hd__dfrtp_2)
     5    0.02    0.11    0.38    0.38 ^ _351_/Q (sky130_fd_sc_hd__dfrtp_2)
                                         counter.count[1] (net)
                  0.11    0.00    0.38 ^ _165_/B1 (sky130_fd_sc_hd__a21oi_2)
     1    0.00    0.04    0.04    0.43 v _165_/Y (sky130_fd_sc_hd__a21oi_2)
                                         _069_ (net)
                  0.04    0.00    0.43 v _166_/B (sky130_fd_sc_hd__nor2_2)
     1    0.00    0.05    0.06    0.49 ^ _166_/Y (sky130_fd_sc_hd__nor2_2)
                                         _061_ (net)
                  0.05    0.00    0.49 ^ _351_/D (sky130_fd_sc_hd__dfrtp_2)
                                  0.49   data arrival time

                  0.00    0.00    0.00   clock core_clock (rise edge)
                          0.00    0.00   clock network delay (ideal)
                          0.00    0.00   clock reconvergence pessimism
                                  0.00 ^ _351_/CLK (sky130_fd_sc_hd__dfrtp_2)
                         -0.04   -0.04   library hold time
                                 -0.04   data required time
-----------------------------------------------------------------------------
                                 -0.04   data required time
                                 -0.49   data arrival time
-----------------------------------------------------------------------------
                                  0.53   slack (MET)


Startpoint: _322_ (rising edge-triggered flip-flop clocked by core_clock)
Endpoint: _350_ (rising edge-triggered flip-flop clocked by core_clock)
Path Group: core_clock
Path Type: min

Fanout     Cap    Slew   Delay    Time   Description
-----------------------------------------------------------------------------
                  0.00    0.00    0.00   clock core_clock (rise edge)
                          0.00    0.00   clock network delay (ideal)
                  0.00    0.00    0.00 ^ _322_/CLK (sky130_fd_sc_hd__dfrtp_2)
     5    0.02    0.10    0.38    0.38 ^ _322_/Q (sky130_fd_sc_hd__dfrtp_2)
                                         counter.one_second_enable (net)
                  0.10    0.00    0.38 ^ _168_/A1 (sky130_fd_sc_hd__o21a_2)
     1    0.00    0.03    0.13    0.51 ^ _168_/X (sky130_fd_sc_hd__o21a_2)
                                         _060_ (net)
                  0.03    0.00    0.51 ^ _350_/D (sky130_fd_sc_hd__dfrtp_2)
                                  0.51   data arrival time

                  0.00    0.00    0.00   clock core_clock (rise edge)
                          0.00    0.00   clock network delay (ideal)
                          0.00    0.00   clock reconvergence pessimism
                                  0.00 ^ _350_/CLK (sky130_fd_sc_hd__dfrtp_2)
                         -0.04   -0.04   library hold time
                                 -0.04   data required time
-----------------------------------------------------------------------------
                                 -0.04   data required time
                                 -0.51   data arrival time
-----------------------------------------------------------------------------
                                  0.55   slack (MET)


Startpoint: _328_ (rising edge-triggered flip-flop clocked by core_clock)
Endpoint: _328_ (rising edge-triggered flip-flop clocked by core_clock)
Path Group: core_clock
Path Type: min

Fanout     Cap    Slew   Delay    Time   Description
-----------------------------------------------------------------------------
                  0.00    0.00    0.00   clock core_clock (rise edge)
                          0.00    0.00   clock network delay (ideal)
                  0.00    0.00    0.00 ^ _328_/CLK (sky130_fd_sc_hd__dfrtp_2)
     3    0.01    0.06    0.34    0.34 ^ _328_/Q (sky130_fd_sc_hd__dfrtp_2)
                                         counter.one_second_counter[5] (net)
                  0.06    0.00    0.34 ^ _200_/B1 (sky130_fd_sc_hd__a21oi_2)
     1    0.00    0.03    0.04    0.37 v _200_/Y (sky130_fd_sc_hd__a21oi_2)
                                         _096_ (net)
                  0.03    0.00    0.37 v _202_/B (sky130_fd_sc_hd__nor3_2)
     1    0.00    0.10    0.12    0.50 ^ _202_/Y (sky130_fd_sc_hd__nor3_2)
                                         _023_ (net)
                  0.10    0.00    0.50 ^ _328_/D (sky130_fd_sc_hd__dfrtp_2)
                                  0.50   data arrival time

                  0.00    0.00    0.00   clock core_clock (rise edge)
                          0.00    0.00   clock network delay (ideal)
                          0.00    0.00   clock reconvergence pessimism
                                  0.00 ^ _328_/CLK (sky130_fd_sc_hd__dfrtp_2)
                         -0.05   -0.05   library hold time
                                 -0.05   data required time
-----------------------------------------------------------------------------
                                 -0.05   data required time
                                 -0.50   data arrival time
-----------------------------------------------------------------------------
                                  0.55   slack (MET)


Startpoint: _345_ (rising edge-triggered flip-flop clocked by core_clock)
Endpoint: _345_ (rising edge-triggered flip-flop clocked by core_clock)
Path Group: core_clock
Path Type: min

Fanout     Cap    Slew   Delay    Time   Description
-----------------------------------------------------------------------------
                  0.00    0.00    0.00   clock core_clock (rise edge)
                          0.00    0.00   clock network delay (ideal)
                  0.00    0.00    0.00 ^ _345_/CLK (sky130_fd_sc_hd__dfrtp_2)
     3    0.01    0.06    0.34    0.34 ^ _345_/Q (sky130_fd_sc_hd__dfrtp_2)
                                         counter.one_second_counter[22] (net)
                  0.06    0.00    0.34 ^ _264_/A (sky130_fd_sc_hd__nor2_2)
     1    0.00    0.03    0.04    0.38 v _264_/Y (sky130_fd_sc_hd__nor2_2)
                                         _143_ (net)
                  0.03    0.00    0.38 v _266_/B (sky130_fd_sc_hd__nor3_2)
     1    0.00    0.10    0.12    0.50 ^ _266_/Y (sky130_fd_sc_hd__nor3_2)
                                         _015_ (net)
                  0.10    0.00    0.50 ^ _345_/D (sky130_fd_sc_hd__dfrtp_2)
                                  0.50   data arrival time

                  0.00    0.00    0.00   clock core_clock (rise edge)
                          0.00    0.00   clock network delay (ideal)
                          0.00    0.00   clock reconvergence pessimism
                                  0.00 ^ _345_/CLK (sky130_fd_sc_hd__dfrtp_2)
                         -0.05   -0.05   library hold time
                                 -0.05   data required time
-----------------------------------------------------------------------------
                                 -0.05   data required time
                                 -0.50   data arrival time
-----------------------------------------------------------------------------
                                  0.55   slack (MET)


Startpoint: _335_ (rising edge-triggered flip-flop clocked by core_clock)
Endpoint: _335_ (rising edge-triggered flip-flop clocked by core_clock)
Path Group: core_clock
Path Type: min

Fanout     Cap    Slew   Delay    Time   Description
-----------------------------------------------------------------------------
                  0.00    0.00    0.00   clock core_clock (rise edge)
                          0.00    0.00   clock network delay (ideal)
                  0.00    0.00    0.00 ^ _335_/CLK (sky130_fd_sc_hd__dfrtp_2)
     4    0.01    0.07    0.35    0.35 ^ _335_/Q (sky130_fd_sc_hd__dfrtp_2)
                                         counter.one_second_counter[12] (net)
                  0.07    0.00    0.35 ^ _227_/A (sky130_fd_sc_hd__nor2_2)
     1    0.00    0.03    0.04    0.39 v _227_/Y (sky130_fd_sc_hd__nor2_2)
                                         _116_ (net)
                  0.03    0.00    0.39 v _229_/B (sky130_fd_sc_hd__nor3_2)
     1    0.00    0.10    0.12    0.52 ^ _229_/Y (sky130_fd_sc_hd__nor3_2)
                                         _004_ (net)
                  0.10    0.00    0.52 ^ _335_/D (sky130_fd_sc_hd__dfrtp_2)
                                  0.52   data arrival time

                  0.00    0.00    0.00   clock core_clock (rise edge)
                          0.00    0.00   clock network delay (ideal)
                          0.00    0.00   clock reconvergence pessimism
                                  0.00 ^ _335_/CLK (sky130_fd_sc_hd__dfrtp_2)
                         -0.05   -0.05   library hold time
                                 -0.05   data required time
-----------------------------------------------------------------------------
                                 -0.05   data required time
                                 -0.52   data arrival time
-----------------------------------------------------------------------------
                                  0.57   slack (MET)


Startpoint: _340_ (rising edge-triggered flip-flop clocked by core_clock)
Endpoint: _340_ (rising edge-triggered flip-flop clocked by core_clock)
Path Group: core_clock
Path Type: min

Fanout     Cap    Slew   Delay    Time   Description
-----------------------------------------------------------------------------
                  0.00    0.00    0.00   clock core_clock (rise edge)
                          0.00    0.00   clock network delay (ideal)
                  0.00    0.00    0.00 ^ _340_/CLK (sky130_fd_sc_hd__dfrtp_2)
     7    0.02    0.13    0.40    0.40 ^ _340_/Q (sky130_fd_sc_hd__dfrtp_2)
                                         counter.one_second_counter[17] (net)
                  0.13    0.00    0.40 ^ _246_/A (sky130_fd_sc_hd__xor2_2)
     1    0.00    0.03    0.08    0.48 v _246_/X (sky130_fd_sc_hd__xor2_2)
                                         _130_ (net)
                  0.03    0.00    0.48 v _247_/B (sky130_fd_sc_hd__nor2_2)
     1    0.00    0.05    0.06    0.54 ^ _247_/Y (sky130_fd_sc_hd__nor2_2)
                                         _009_ (net)
                  0.05    0.00    0.54 ^ _340_/D (sky130_fd_sc_hd__dfrtp_2)
                                  0.54   data arrival time

                  0.00    0.00    0.00   clock core_clock (rise edge)
                          0.00    0.00   clock network delay (ideal)
                          0.00    0.00   clock reconvergence pessimism
                                  0.00 ^ _340_/CLK (sky130_fd_sc_hd__dfrtp_2)
                         -0.04   -0.04   library hold time
                                 -0.04   data required time
-----------------------------------------------------------------------------
                                 -0.04   data required time
                                 -0.54   data arrival time
-----------------------------------------------------------------------------
                                  0.58   slack (MET)


Startpoint: _341_ (rising edge-triggered flip-flop clocked by core_clock)
Endpoint: _341_ (rising edge-triggered flip-flop clocked by core_clock)
Path Group: core_clock
Path Type: min

Fanout     Cap    Slew   Delay    Time   Description
-----------------------------------------------------------------------------
                  0.00    0.00    0.00   clock core_clock (rise edge)
                          0.00    0.00   clock network delay (ideal)
                  0.00    0.00    0.00 ^ _341_/CLK (sky130_fd_sc_hd__dfrtp_2)
     6    0.01    0.09    0.37    0.37 ^ _341_/Q (sky130_fd_sc_hd__dfrtp_2)
                                         counter.one_second_counter[18] (net)
                  0.09    0.00    0.37 ^ _250_/B2 (sky130_fd_sc_hd__o221a_2)
     1    0.00    0.04    0.18    0.54 ^ _250_/X (sky130_fd_sc_hd__o221a_2)
                                         _010_ (net)
                  0.04    0.00    0.54 ^ _341_/D (sky130_fd_sc_hd__dfrtp_2)
                                  0.54   data arrival time

                  0.00    0.00    0.00   clock core_clock (rise edge)
                          0.00    0.00   clock network delay (ideal)
                          0.00    0.00   clock reconvergence pessimism
                                  0.00 ^ _341_/CLK (sky130_fd_sc_hd__dfrtp_2)
                         -0.04   -0.04   library hold time
                                 -0.04   data required time
-----------------------------------------------------------------------------
                                 -0.04   data required time
                                 -0.54   data arrival time
-----------------------------------------------------------------------------
                                  0.58   slack (MET)


Startpoint: _347_ (rising edge-triggered flip-flop clocked by core_clock)
Endpoint: _347_ (rising edge-triggered flip-flop clocked by core_clock)
Path Group: core_clock
Path Type: min

Fanout     Cap    Slew   Delay    Time   Description
-----------------------------------------------------------------------------
                  0.00    0.00    0.00   clock core_clock (rise edge)
                          0.00    0.00   clock network delay (ideal)
                  0.00    0.00    0.00 ^ _347_/CLK (sky130_fd_sc_hd__dfrtp_2)
     3    0.01    0.08    0.35    0.35 ^ _347_/Q (sky130_fd_sc_hd__dfrtp_2)
                                         counter.one_second_counter[24] (net)
                  0.08    0.00    0.35 ^ _270_/A (sky130_fd_sc_hd__inv_2)
     3    0.01    0.04    0.05    0.41 v _270_/Y (sky130_fd_sc_hd__inv_2)
                                         _147_ (net)
                  0.04    0.00    0.41 v _271_/A (sky130_fd_sc_hd__xnor2_2)
     1    0.00    0.04    0.15    0.55 ^ _271_/Y (sky130_fd_sc_hd__xnor2_2)
                                         _148_ (net)
                  0.04    0.00    0.55 ^ _272_/B (sky130_fd_sc_hd__nor2_2)
     1    0.00    0.01    0.03    0.58 v _272_/Y (sky130_fd_sc_hd__nor2_2)
                                         _017_ (net)
                  0.01    0.00    0.58 v _347_/D (sky130_fd_sc_hd__dfrtp_2)
                                  0.58   data arrival time

                  0.00    0.00    0.00   clock core_clock (rise edge)
                          0.00    0.00   clock network delay (ideal)
                          0.00    0.00   clock reconvergence pessimism
                                  0.00 ^ _347_/CLK (sky130_fd_sc_hd__dfrtp_2)
                         -0.04   -0.04   library hold time
                                 -0.04   data required time
-----------------------------------------------------------------------------
                                 -0.04   data required time
                                 -0.58   data arrival time
-----------------------------------------------------------------------------
                                  0.62   slack (MET)


Startpoint: _332_ (rising edge-triggered flip-flop clocked by core_clock)
Endpoint: _332_ (rising edge-triggered flip-flop clocked by core_clock)
Path Group: core_clock
Path Type: min

Fanout     Cap    Slew   Delay    Time   Description
-----------------------------------------------------------------------------
                  0.00    0.00    0.00   clock core_clock (rise edge)
                          0.00    0.00   clock network delay (ideal)
                  0.00    0.00    0.00 ^ _332_/CLK (sky130_fd_sc_hd__dfrtp_2)
     3    0.01    0.05    0.33    0.33 ^ _332_/Q (sky130_fd_sc_hd__dfrtp_2)
                                         counter.one_second_counter[9] (net)
                  0.05    0.00    0.33 ^ _213_/B1 (sky130_fd_sc_hd__a31o_2)
     1    0.00    0.03    0.08    0.41 ^ _213_/X (sky130_fd_sc_hd__a31o_2)
                                         _105_ (net)
                  0.03    0.00    0.41 ^ _216_/B (sky130_fd_sc_hd__and3_2)
     1    0.00    0.04    0.15    0.56 ^ _216_/X (sky130_fd_sc_hd__and3_2)
                                         _108_ (net)
                  0.04    0.00    0.56 ^ _217_/A (sky130_fd_sc_hd__buf_1)
     1    0.00    0.04    0.07    0.64 ^ _217_/X (sky130_fd_sc_hd__buf_1)
                                         _027_ (net)
                  0.04    0.00    0.64 ^ _332_/D (sky130_fd_sc_hd__dfrtp_2)
                                  0.64   data arrival time

                  0.00    0.00    0.00   clock core_clock (rise edge)
                          0.00    0.00   clock network delay (ideal)
                          0.00    0.00   clock reconvergence pessimism
                                  0.00 ^ _332_/CLK (sky130_fd_sc_hd__dfrtp_2)
                         -0.04   -0.04   library hold time
                                 -0.04   data required time
-----------------------------------------------------------------------------
                                 -0.04   data required time
                                 -0.64   data arrival time
-----------------------------------------------------------------------------
                                  0.68   slack (MET)


Startpoint: _334_ (rising edge-triggered flip-flop clocked by core_clock)
Endpoint: _334_ (rising edge-triggered flip-flop clocked by core_clock)
Path Group: core_clock
Path Type: min

Fanout     Cap    Slew   Delay    Time   Description
-----------------------------------------------------------------------------
                  0.00    0.00    0.00   clock core_clock (rise edge)
                          0.00    0.00   clock network delay (ideal)
                  0.00    0.00    0.00 ^ _334_/CLK (sky130_fd_sc_hd__dfrtp_2)
     4    0.01    0.06    0.34    0.34 ^ _334_/Q (sky130_fd_sc_hd__dfrtp_2)
                                         counter.one_second_counter[11] (net)
                  0.06    0.00    0.34 ^ _222_/B1 (sky130_fd_sc_hd__a21o_2)
     1    0.00    0.02    0.08    0.42 ^ _222_/X (sky130_fd_sc_hd__a21o_2)
                                         _112_ (net)
                  0.02    0.00    0.42 ^ _225_/B (sky130_fd_sc_hd__and3_2)
     1    0.00    0.04    0.15    0.56 ^ _225_/X (sky130_fd_sc_hd__and3_2)
                                         _115_ (net)
                  0.04    0.00    0.56 ^ _226_/A (sky130_fd_sc_hd__buf_1)
     1    0.00    0.04    0.07    0.64 ^ _226_/X (sky130_fd_sc_hd__buf_1)
                                         _003_ (net)
                  0.04    0.00    0.64 ^ _334_/D (sky130_fd_sc_hd__dfrtp_2)
                                  0.64   data arrival time

                  0.00    0.00    0.00   clock core_clock (rise edge)
                          0.00    0.00   clock network delay (ideal)
                          0.00    0.00   clock reconvergence pessimism
                                  0.00 ^ _334_/CLK (sky130_fd_sc_hd__dfrtp_2)
                         -0.04   -0.04   library hold time
                                 -0.04   data required time
-----------------------------------------------------------------------------
                                 -0.04   data required time
                                 -0.64   data arrival time
-----------------------------------------------------------------------------
                                  0.68   slack (MET)


Startpoint: _326_ (rising edge-triggered flip-flop clocked by core_clock)
Endpoint: _326_ (rising edge-triggered flip-flop clocked by core_clock)
Path Group: core_clock
Path Type: min

Fanout     Cap    Slew   Delay    Time   Description
-----------------------------------------------------------------------------
                  0.00    0.00    0.00   clock core_clock (rise edge)
                          0.00    0.00   clock network delay (ideal)
                  0.00    0.00    0.00 ^ _326_/CLK (sky130_fd_sc_hd__dfrtp_2)
     2    0.00    0.05    0.32    0.32 ^ _326_/Q (sky130_fd_sc_hd__dfrtp_2)
                                         counter.one_second_counter[3] (net)
                  0.05    0.00    0.32 ^ _192_/B1 (sky130_fd_sc_hd__a31o_2)
     1    0.00    0.03    0.08    0.40 ^ _192_/X (sky130_fd_sc_hd__a31o_2)
                                         _090_ (net)
                  0.03    0.00    0.40 ^ _193_/C (sky130_fd_sc_hd__and3b_2)
     1    0.00    0.04    0.16    0.56 ^ _193_/X (sky130_fd_sc_hd__and3b_2)
                                         _091_ (net)
                  0.04    0.00    0.56 ^ _194_/A (sky130_fd_sc_hd__buf_1)
     1    0.00    0.04    0.07    0.64 ^ _194_/X (sky130_fd_sc_hd__buf_1)
                                         _021_ (net)
                  0.04    0.00    0.64 ^ _326_/D (sky130_fd_sc_hd__dfrtp_2)
                                  0.64   data arrival time

                  0.00    0.00    0.00   clock core_clock (rise edge)
                          0.00    0.00   clock network delay (ideal)
                          0.00    0.00   clock reconvergence pessimism
                                  0.00 ^ _326_/CLK (sky130_fd_sc_hd__dfrtp_2)
                         -0.04   -0.04   library hold time
                                 -0.04   data required time
-----------------------------------------------------------------------------
                                 -0.04   data required time
                                 -0.64   data arrival time
-----------------------------------------------------------------------------
                                  0.68   slack (MET)


Startpoint: _325_ (rising edge-triggered flip-flop clocked by core_clock)
Endpoint: _325_ (rising edge-triggered flip-flop clocked by core_clock)
Path Group: core_clock
Path Type: min

Fanout     Cap    Slew   Delay    Time   Description
-----------------------------------------------------------------------------
                  0.00    0.00    0.00   clock core_clock (rise edge)
                          0.00    0.00   clock network delay (ideal)
                  0.00    0.00    0.00 ^ _325_/CLK (sky130_fd_sc_hd__dfrtp_2)
     4    0.01    0.08    0.35    0.35 ^ _325_/Q (sky130_fd_sc_hd__dfrtp_2)
                                         counter.one_second_counter[2] (net)
                  0.08    0.00    0.35 ^ _188_/A (sky130_fd_sc_hd__nand3_2)
     1    0.00    0.04    0.05    0.40 v _188_/Y (sky130_fd_sc_hd__nand3_2)
                                         _087_ (net)
                  0.04    0.00    0.40 v _190_/A (sky130_fd_sc_hd__and3_2)
     1    0.00    0.03    0.16    0.56 v _190_/X (sky130_fd_sc_hd__and3_2)
                                         _089_ (net)
                  0.03    0.00    0.56 v _191_/A (sky130_fd_sc_hd__buf_1)
     1    0.00    0.02    0.08    0.64 v _191_/X (sky130_fd_sc_hd__buf_1)
                                         _020_ (net)
                  0.02    0.00    0.64 v _325_/D (sky130_fd_sc_hd__dfrtp_2)
                                  0.64   data arrival time

                  0.00    0.00    0.00   clock core_clock (rise edge)
                          0.00    0.00   clock network delay (ideal)
                          0.00    0.00   clock reconvergence pessimism
                                  0.00 ^ _325_/CLK (sky130_fd_sc_hd__dfrtp_2)
                         -0.04   -0.04   library hold time
                                 -0.04   data required time
-----------------------------------------------------------------------------
                                 -0.04   data required time
                                 -0.64   data arrival time
-----------------------------------------------------------------------------
                                  0.68   slack (MET)


Startpoint: _342_ (rising edge-triggered flip-flop clocked by core_clock)
Endpoint: _342_ (rising edge-triggered flip-flop clocked by core_clock)
Path Group: core_clock
Path Type: min

Fanout     Cap    Slew   Delay    Time   Description
-----------------------------------------------------------------------------
                  0.00    0.00    0.00   clock core_clock (rise edge)
                          0.00    0.00   clock network delay (ideal)
                  0.00    0.00    0.00 ^ _342_/CLK (sky130_fd_sc_hd__dfrtp_2)
     4    0.01    0.06    0.34    0.34 ^ _342_/Q (sky130_fd_sc_hd__dfrtp_2)
                                         counter.one_second_counter[19] (net)
                  0.06    0.00    0.34 ^ _251_/B1 (sky130_fd_sc_hd__a41o_2)
     1    0.00    0.02    0.08    0.42 ^ _251_/X (sky130_fd_sc_hd__a41o_2)
                                         _133_ (net)
                  0.02    0.00    0.42 ^ _255_/B (sky130_fd_sc_hd__and3_2)
     1    0.00    0.04    0.15    0.57 ^ _255_/X (sky130_fd_sc_hd__and3_2)
                                         _137_ (net)
                  0.04    0.00    0.57 ^ _256_/A (sky130_fd_sc_hd__buf_1)
     1    0.00    0.04    0.07    0.65 ^ _256_/X (sky130_fd_sc_hd__buf_1)
                                         _011_ (net)
                  0.04    0.00    0.65 ^ _342_/D (sky130_fd_sc_hd__dfrtp_2)
                                  0.65   data arrival time

                  0.00    0.00    0.00   clock core_clock (rise edge)
                          0.00    0.00   clock network delay (ideal)
                          0.00    0.00   clock reconvergence pessimism
                                  0.00 ^ _342_/CLK (sky130_fd_sc_hd__dfrtp_2)
                         -0.04   -0.04   library hold time
                                 -0.04   data required time
-----------------------------------------------------------------------------
                                 -0.04   data required time
                                 -0.65   data arrival time
-----------------------------------------------------------------------------
                                  0.68   slack (MET)


Startpoint: _324_ (rising edge-triggered flip-flop clocked by core_clock)
Endpoint: _324_ (rising edge-triggered flip-flop clocked by core_clock)
Path Group: core_clock
Path Type: min

Fanout     Cap    Slew   Delay    Time   Description
-----------------------------------------------------------------------------
                  0.00    0.00    0.00   clock core_clock (rise edge)
                          0.00    0.00   clock network delay (ideal)
                  0.00    0.00    0.00 ^ _324_/CLK (sky130_fd_sc_hd__dfrtp_2)
     6    0.02    0.10    0.37    0.37 ^ _324_/Q (sky130_fd_sc_hd__dfrtp_2)
                                         counter.one_second_counter[1] (net)
                  0.10    0.00    0.37 ^ _184_/A (sky130_fd_sc_hd__nand2_2)
     1    0.00    0.03    0.04    0.42 v _184_/Y (sky130_fd_sc_hd__nand2_2)
                                         _084_ (net)
                  0.03    0.00    0.42 v _186_/A (sky130_fd_sc_hd__and3_2)
     1    0.00    0.03    0.16    0.57 v _186_/X (sky130_fd_sc_hd__and3_2)
                                         _086_ (net)
                  0.03    0.00    0.57 v _187_/A (sky130_fd_sc_hd__buf_1)
     1    0.00    0.02    0.08    0.65 v _187_/X (sky130_fd_sc_hd__buf_1)
                                         _012_ (net)
                  0.02    0.00    0.65 v _324_/D (sky130_fd_sc_hd__dfrtp_2)
                                  0.65   data arrival time

                  0.00    0.00    0.00   clock core_clock (rise edge)
                          0.00    0.00   clock network delay (ideal)
                          0.00    0.00   clock reconvergence pessimism
                                  0.00 ^ _324_/CLK (sky130_fd_sc_hd__dfrtp_2)
                         -0.04   -0.04   library hold time
                                 -0.04   data required time
-----------------------------------------------------------------------------
                                 -0.04   data required time
                                 -0.65   data arrival time
-----------------------------------------------------------------------------
                                  0.69   slack (MET)


Startpoint: _329_ (rising edge-triggered flip-flop clocked by core_clock)
Endpoint: _329_ (rising edge-triggered flip-flop clocked by core_clock)
Path Group: core_clock
Path Type: min

Fanout     Cap    Slew   Delay    Time   Description
-----------------------------------------------------------------------------
                  0.00    0.00    0.00   clock core_clock (rise edge)
                          0.00    0.00   clock network delay (ideal)
                  0.00    0.00    0.00 ^ _329_/CLK (sky130_fd_sc_hd__dfrtp_2)
     3    0.01    0.06    0.34    0.34 ^ _329_/Q (sky130_fd_sc_hd__dfrtp_2)
                                         counter.one_second_counter[6] (net)
                  0.06    0.00    0.34 ^ _203_/A (sky130_fd_sc_hd__or2_2)
     1    0.00    0.02    0.10    0.43 ^ _203_/X (sky130_fd_sc_hd__or2_2)
                                         _098_ (net)
                  0.02    0.00    0.43 ^ _205_/B (sky130_fd_sc_hd__and3_2)
     1    0.00    0.04    0.15    0.58 ^ _205_/X (sky130_fd_sc_hd__and3_2)
                                         _100_ (net)
                  0.04    0.00    0.58 ^ _206_/A (sky130_fd_sc_hd__buf_1)
     1    0.00    0.04    0.07    0.66 ^ _206_/X (sky130_fd_sc_hd__buf_1)
                                         _024_ (net)
                  0.04    0.00    0.66 ^ _329_/D (sky130_fd_sc_hd__dfrtp_2)
                                  0.66   data arrival time

                  0.00    0.00    0.00   clock core_clock (rise edge)
                          0.00    0.00   clock network delay (ideal)
                          0.00    0.00   clock reconvergence pessimism
                                  0.00 ^ _329_/CLK (sky130_fd_sc_hd__dfrtp_2)
                         -0.04   -0.04   library hold time
                                 -0.04   data required time
-----------------------------------------------------------------------------
                                 -0.04   data required time
                                 -0.66   data arrival time
-----------------------------------------------------------------------------
                                  0.69   slack (MET)


Startpoint: _348_ (rising edge-triggered flip-flop clocked by core_clock)
Endpoint: _348_ (rising edge-triggered flip-flop clocked by core_clock)
Path Group: core_clock
Path Type: min

Fanout     Cap    Slew   Delay    Time   Description
-----------------------------------------------------------------------------
                  0.00    0.00    0.00   clock core_clock (rise edge)
                          0.00    0.00   clock network delay (ideal)
                  0.00    0.00    0.00 ^ _348_/CLK (sky130_fd_sc_hd__dfrtp_2)
     3    0.01    0.07    0.35    0.35 ^ _348_/Q (sky130_fd_sc_hd__dfrtp_2)
                                         counter.one_second_counter[25] (net)
                  0.07    0.00    0.35 ^ _273_/B1 (sky130_fd_sc_hd__a31o_2)
     1    0.00    0.03    0.09    0.44 ^ _273_/X (sky130_fd_sc_hd__a31o_2)
                                         _149_ (net)
                  0.03    0.00    0.44 ^ _275_/B (sky130_fd_sc_hd__and3_2)
     1    0.00    0.04    0.15    0.59 ^ _275_/X (sky130_fd_sc_hd__and3_2)
                                         _151_ (net)
                  0.04    0.00    0.59 ^ _276_/A (sky130_fd_sc_hd__buf_1)
     1    0.00    0.04    0.07    0.66 ^ _276_/X (sky130_fd_sc_hd__buf_1)
                                         _018_ (net)
                  0.04    0.00    0.66 ^ _348_/D (sky130_fd_sc_hd__dfrtp_2)
                                  0.66   data arrival time

                  0.00    0.00    0.00   clock core_clock (rise edge)
                          0.00    0.00   clock network delay (ideal)
                          0.00    0.00   clock reconvergence pessimism
                                  0.00 ^ _348_/CLK (sky130_fd_sc_hd__dfrtp_2)
                         -0.04   -0.04   library hold time
                                 -0.04   data required time
-----------------------------------------------------------------------------
                                 -0.04   data required time
                                 -0.66   data arrival time
-----------------------------------------------------------------------------
                                  0.70   slack (MET)


Startpoint: _327_ (rising edge-triggered flip-flop clocked by core_clock)
Endpoint: _327_ (rising edge-triggered flip-flop clocked by core_clock)
Path Group: core_clock
Path Type: min

Fanout     Cap    Slew   Delay    Time   Description
-----------------------------------------------------------------------------
                  0.00    0.00    0.00   clock core_clock (rise edge)
                          0.00    0.00   clock network delay (ideal)
                  0.00    0.00    0.00 ^ _327_/CLK (sky130_fd_sc_hd__dfrtp_2)
     5    0.01    0.09    0.36    0.36 ^ _327_/Q (sky130_fd_sc_hd__dfrtp_2)
                                         counter.one_second_counter[4] (net)
                  0.09    0.00    0.36 ^ _196_/A (sky130_fd_sc_hd__nand2_2)
     1    0.00    0.03    0.04    0.40 v _196_/Y (sky130_fd_sc_hd__nand2_2)
                                         _093_ (net)
                  0.03    0.00    0.40 v _198_/B (sky130_fd_sc_hd__and3_2)
     1    0.00    0.03    0.18    0.58 v _198_/X (sky130_fd_sc_hd__and3_2)
                                         _095_ (net)
                  0.03    0.00    0.58 v _199_/A (sky130_fd_sc_hd__buf_1)
     1    0.00    0.02    0.08    0.66 v _199_/X (sky130_fd_sc_hd__buf_1)
                                         _022_ (net)
                  0.02    0.00    0.66 v _327_/D (sky130_fd_sc_hd__dfrtp_2)
                                  0.66   data arrival time

                  0.00    0.00    0.00   clock core_clock (rise edge)
                          0.00    0.00   clock network delay (ideal)
                          0.00    0.00   clock reconvergence pessimism
                                  0.00 ^ _327_/CLK (sky130_fd_sc_hd__dfrtp_2)
                         -0.04   -0.04   library hold time
                                 -0.04   data required time
-----------------------------------------------------------------------------
                                 -0.04   data required time
                                 -0.66   data arrival time
-----------------------------------------------------------------------------
                                  0.70   slack (MET)


Startpoint: _337_ (rising edge-triggered flip-flop clocked by core_clock)
Endpoint: _337_ (rising edge-triggered flip-flop clocked by core_clock)
Path Group: core_clock
Path Type: min

Fanout     Cap    Slew   Delay    Time   Description
-----------------------------------------------------------------------------
                  0.00    0.00    0.00   clock core_clock (rise edge)
                          0.00    0.00   clock network delay (ideal)
                  0.00    0.00    0.00 ^ _337_/CLK (sky130_fd_sc_hd__dfrtp_2)
     4    0.01    0.07    0.35    0.35 ^ _337_/Q (sky130_fd_sc_hd__dfrtp_2)
                                         counter.one_second_counter[14] (net)
                  0.07    0.00    0.35 ^ _234_/B1 (sky130_fd_sc_hd__a31o_2)
     1    0.00    0.03    0.09    0.44 ^ _234_/X (sky130_fd_sc_hd__a31o_2)
                                         _121_ (net)
                  0.03    0.00    0.44 ^ _236_/B (sky130_fd_sc_hd__and3_2)
     1    0.00    0.04    0.15    0.59 ^ _236_/X (sky130_fd_sc_hd__and3_2)
                                         _123_ (net)
                  0.04    0.00    0.59 ^ _237_/A (sky130_fd_sc_hd__buf_1)
     1    0.00    0.04    0.07    0.66 ^ _237_/X (sky130_fd_sc_hd__buf_1)
                                         _006_ (net)
                  0.04    0.00    0.66 ^ _337_/D (sky130_fd_sc_hd__dfrtp_2)
                                  0.66   data arrival time

                  0.00    0.00    0.00   clock core_clock (rise edge)
                          0.00    0.00   clock network delay (ideal)
                          0.00    0.00   clock reconvergence pessimism
                                  0.00 ^ _337_/CLK (sky130_fd_sc_hd__dfrtp_2)
                         -0.04   -0.04   library hold time
                                 -0.04   data required time
-----------------------------------------------------------------------------
                                 -0.04   data required time
                                 -0.66   data arrival time
-----------------------------------------------------------------------------
                                  0.70   slack (MET)


Startpoint: _343_ (rising edge-triggered flip-flop clocked by core_clock)
Endpoint: _343_ (rising edge-triggered flip-flop clocked by core_clock)
Path Group: core_clock
Path Type: min

Fanout     Cap    Slew   Delay    Time   Description
-----------------------------------------------------------------------------
                  0.00    0.00    0.00   clock core_clock (rise edge)
                          0.00    0.00   clock network delay (ideal)
                  0.00    0.00    0.00 ^ _343_/CLK (sky130_fd_sc_hd__dfrtp_2)
     4    0.01    0.07    0.34    0.34 ^ _343_/Q (sky130_fd_sc_hd__dfrtp_2)
                                         counter.one_second_counter[20] (net)
                  0.07    0.00    0.34 ^ _257_/A (sky130_fd_sc_hd__or2_2)
     1    0.00    0.02    0.10    0.44 ^ _257_/X (sky130_fd_sc_hd__or2_2)
                                         _138_ (net)
                  0.02    0.00    0.44 ^ _259_/B (sky130_fd_sc_hd__and3_2)
     1    0.00    0.04    0.15    0.59 ^ _259_/X (sky130_fd_sc_hd__and3_2)
                                         _140_ (net)
                  0.04    0.00    0.59 ^ _260_/A (sky130_fd_sc_hd__buf_1)
     1    0.00    0.04    0.07    0.66 ^ _260_/X (sky130_fd_sc_hd__buf_1)
                                         _013_ (net)
                  0.04    0.00    0.66 ^ _343_/D (sky130_fd_sc_hd__dfrtp_2)
                                  0.66   data arrival time

                  0.00    0.00    0.00   clock core_clock (rise edge)
                          0.00    0.00   clock network delay (ideal)
                          0.00    0.00   clock reconvergence pessimism
                                  0.00 ^ _343_/CLK (sky130_fd_sc_hd__dfrtp_2)
                         -0.04   -0.04   library hold time
                                 -0.04   data required time
-----------------------------------------------------------------------------
                                 -0.04   data required time
                                 -0.66   data arrival time
-----------------------------------------------------------------------------
                                  0.70   slack (MET)


Startpoint: _331_ (rising edge-triggered flip-flop clocked by core_clock)
Endpoint: _331_ (rising edge-triggered flip-flop clocked by core_clock)
Path Group: core_clock
Path Type: min

Fanout     Cap    Slew   Delay    Time   Description
-----------------------------------------------------------------------------
                  0.00    0.00    0.00   clock core_clock (rise edge)
                          0.00    0.00   clock network delay (ideal)
                  0.00    0.00    0.00 ^ _331_/CLK (sky130_fd_sc_hd__dfrtp_2)
     5    0.01    0.08    0.36    0.36 ^ _331_/Q (sky130_fd_sc_hd__dfrtp_2)
                                         counter.one_second_counter[8] (net)
                  0.08    0.00    0.36 ^ _210_/A (sky130_fd_sc_hd__nand2_2)
     1    0.00    0.02    0.04    0.40 v _210_/Y (sky130_fd_sc_hd__nand2_2)
                                         _103_ (net)
                  0.02    0.00    0.40 v _211_/C (sky130_fd_sc_hd__and3_2)
     1    0.00    0.03    0.19    0.59 v _211_/X (sky130_fd_sc_hd__and3_2)
                                         _104_ (net)
                  0.03    0.00    0.59 v _212_/A (sky130_fd_sc_hd__buf_1)
     1    0.00    0.02    0.08    0.66 v _212_/X (sky130_fd_sc_hd__buf_1)
                                         _026_ (net)
                  0.02    0.00    0.66 v _331_/D (sky130_fd_sc_hd__dfrtp_2)
                                  0.66   data arrival time

                  0.00    0.00    0.00   clock core_clock (rise edge)
                          0.00    0.00   clock network delay (ideal)
                          0.00    0.00   clock reconvergence pessimism
                                  0.00 ^ _331_/CLK (sky130_fd_sc_hd__dfrtp_2)
                         -0.04   -0.04   library hold time
                                 -0.04   data required time
-----------------------------------------------------------------------------
                                 -0.04   data required time
                                 -0.66   data arrival time
-----------------------------------------------------------------------------
                                  0.71   slack (MET)


Startpoint: _333_ (rising edge-triggered flip-flop clocked by core_clock)
Endpoint: _333_ (rising edge-triggered flip-flop clocked by core_clock)
Path Group: core_clock
Path Type: min

Fanout     Cap    Slew   Delay    Time   Description
-----------------------------------------------------------------------------
                  0.00    0.00    0.00   clock core_clock (rise edge)
                          0.00    0.00   clock network delay (ideal)
                  0.00    0.00    0.00 ^ _333_/CLK (sky130_fd_sc_hd__dfrtp_2)
     6    0.01    0.08    0.36    0.36 ^ _333_/Q (sky130_fd_sc_hd__dfrtp_2)
                                         counter.one_second_counter[10] (net)
                  0.08    0.00    0.36 ^ _219_/A (sky130_fd_sc_hd__nand2_2)
     1    0.00    0.03    0.04    0.40 v _219_/Y (sky130_fd_sc_hd__nand2_2)
                                         _110_ (net)
                  0.03    0.00    0.40 v _220_/C (sky130_fd_sc_hd__and3_2)
     1    0.00    0.03    0.19    0.59 v _220_/X (sky130_fd_sc_hd__and3_2)
                                         _111_ (net)
                  0.03    0.00    0.59 v _221_/A (sky130_fd_sc_hd__buf_1)
     1    0.00    0.02    0.08    0.67 v _221_/X (sky130_fd_sc_hd__buf_1)
                                         _002_ (net)
                  0.02    0.00    0.67 v _333_/D (sky130_fd_sc_hd__dfrtp_2)
                                  0.67   data arrival time

                  0.00    0.00    0.00   clock core_clock (rise edge)
                          0.00    0.00   clock network delay (ideal)
                          0.00    0.00   clock reconvergence pessimism
                                  0.00 ^ _333_/CLK (sky130_fd_sc_hd__dfrtp_2)
                         -0.04   -0.04   library hold time
                                 -0.04   data required time
-----------------------------------------------------------------------------
                                 -0.04   data required time
                                 -0.67   data arrival time
-----------------------------------------------------------------------------
                                  0.71   slack (MET)


Startpoint: _336_ (rising edge-triggered flip-flop clocked by core_clock)
Endpoint: _336_ (rising edge-triggered flip-flop clocked by core_clock)
Path Group: core_clock
Path Type: min

Fanout     Cap    Slew   Delay    Time   Description
-----------------------------------------------------------------------------
                  0.00    0.00    0.00   clock core_clock (rise edge)
                          0.00    0.00   clock network delay (ideal)
                  0.00    0.00    0.00 ^ _336_/CLK (sky130_fd_sc_hd__dfrtp_2)
     6    0.02    0.10    0.37    0.37 ^ _336_/Q (sky130_fd_sc_hd__dfrtp_2)
                                         counter.one_second_counter[13] (net)
                  0.10    0.00    0.37 ^ _231_/A (sky130_fd_sc_hd__nand2_2)
     1    0.00    0.02    0.04    0.41 v _231_/Y (sky130_fd_sc_hd__nand2_2)
                                         _119_ (net)
                  0.02    0.00    0.41 v _232_/C (sky130_fd_sc_hd__and3_2)
     1    0.00    0.03    0.19    0.60 v _232_/X (sky130_fd_sc_hd__and3_2)
                                         _120_ (net)
                  0.03    0.00    0.60 v _233_/A (sky130_fd_sc_hd__buf_1)
     1    0.00    0.02    0.08    0.68 v _233_/X (sky130_fd_sc_hd__buf_1)
                                         _005_ (net)
                  0.02    0.00    0.68 v _336_/D (sky130_fd_sc_hd__dfrtp_2)
                                  0.68   data arrival time

                  0.00    0.00    0.00   clock core_clock (rise edge)
                          0.00    0.00   clock network delay (ideal)
                          0.00    0.00   clock reconvergence pessimism
                                  0.00 ^ _336_/CLK (sky130_fd_sc_hd__dfrtp_2)
                         -0.04   -0.04   library hold time
                                 -0.04   data required time
-----------------------------------------------------------------------------
                                 -0.04   data required time
                                 -0.68   data arrival time
-----------------------------------------------------------------------------
                                  0.72   slack (MET)


Startpoint: _339_ (rising edge-triggered flip-flop clocked by core_clock)
Endpoint: _339_ (rising edge-triggered flip-flop clocked by core_clock)
Path Group: core_clock
Path Type: min

Fanout     Cap    Slew   Delay    Time   Description
-----------------------------------------------------------------------------
                  0.00    0.00    0.00   clock core_clock (rise edge)
                          0.00    0.00   clock network delay (ideal)
                  0.00    0.00    0.00 ^ _339_/CLK (sky130_fd_sc_hd__dfrtp_2)
     6    0.01    0.08    0.36    0.36 ^ _339_/Q (sky130_fd_sc_hd__dfrtp_2)
                                         counter.one_second_counter[16] (net)
                  0.08    0.00    0.36 ^ _242_/A (sky130_fd_sc_hd__or2_2)
     1    0.00    0.02    0.10    0.47 ^ _242_/X (sky130_fd_sc_hd__or2_2)
                                         _127_ (net)
                  0.02    0.00    0.47 ^ _244_/B (sky130_fd_sc_hd__and3_2)
     1    0.00    0.04    0.15    0.62 ^ _244_/X (sky130_fd_sc_hd__and3_2)
                                         _129_ (net)
                  0.04    0.00    0.62 ^ _245_/A (sky130_fd_sc_hd__buf_1)
     1    0.00    0.04    0.07    0.69 ^ _245_/X (sky130_fd_sc_hd__buf_1)
                                         _008_ (net)
                  0.04    0.00    0.69 ^ _339_/D (sky130_fd_sc_hd__dfrtp_2)
                                  0.69   data arrival time

                  0.00    0.00    0.00   clock core_clock (rise edge)
                          0.00    0.00   clock network delay (ideal)
                          0.00    0.00   clock reconvergence pessimism
                                  0.00 ^ _339_/CLK (sky130_fd_sc_hd__dfrtp_2)
                         -0.04   -0.04   library hold time
                                 -0.04   data required time
-----------------------------------------------------------------------------
                                 -0.04   data required time
                                 -0.69   data arrival time
-----------------------------------------------------------------------------
                                  0.73   slack (MET)


Startpoint: _349_ (rising edge-triggered flip-flop clocked by core_clock)
Endpoint: _322_ (rising edge-triggered flip-flop clocked by core_clock)
Path Group: core_clock
Path Type: min

Fanout     Cap    Slew   Delay    Time   Description
-----------------------------------------------------------------------------
                  0.00    0.00    0.00   clock core_clock (rise edge)
                          0.00    0.00   clock network delay (ideal)
                  0.00    0.00    0.00 ^ _349_/CLK (sky130_fd_sc_hd__dfrtp_2)
     2    0.00    0.04    0.37    0.37 v _349_/Q (sky130_fd_sc_hd__dfrtp_2)
                                         counter.one_second_counter[26] (net)
                  0.04    0.00    0.37 v _181_/B1_N (sky130_fd_sc_hd__a21bo_2)
    10    0.02    0.11    0.24    0.61 ^ _181_/X (sky130_fd_sc_hd__a21bo_2)
                                         _083_ (net)
                  0.11    0.00    0.61 ^ _182_/A (sky130_fd_sc_hd__inv_2)
    10    0.04    0.09    0.11    0.72 v _182_/Y (sky130_fd_sc_hd__inv_2)
                                         _000_ (net)
                  0.09    0.00    0.72 v _322_/D (sky130_fd_sc_hd__dfrtp_2)
                                  0.72   data arrival time

                  0.00    0.00    0.00   clock core_clock (rise edge)
                          0.00    0.00   clock network delay (ideal)
                          0.00    0.00   clock reconvergence pessimism
                                  0.00 ^ _322_/CLK (sky130_fd_sc_hd__dfrtp_2)
                         -0.07   -0.07   library hold time
                                 -0.07   data required time
-----------------------------------------------------------------------------
                                 -0.07   data required time
                                 -0.72   data arrival time
-----------------------------------------------------------------------------
                                  0.79   slack (MET)



worst slack corner Typical: 0.4872
