
===========================================================================
report_checks -unconstrained
===========================================================================
======================= Typical Corner ===================================

Startpoint: _323_ (rising edge-triggered flip-flop clocked by core_clock)
Endpoint: _348_ (rising edge-triggered flip-flop clocked by core_clock)
Path Group: core_clock
Path Type: max

Fanout     Cap    Slew   Delay    Time   Description
-----------------------------------------------------------------------------
                  0.00    0.00    0.00   clock core_clock (rise edge)
                          0.00    0.00   clock network delay (ideal)
                  0.00    0.00    0.00 ^ _323_/CLK (sky130_fd_sc_hd__dfrtp_2)
     7    0.02    0.12    0.39    0.39 ^ _323_/Q (sky130_fd_sc_hd__dfrtp_2)
                                         counter.one_second_counter[0] (net)
                  0.12    0.00    0.39 ^ _171_/D (sky130_fd_sc_hd__and4_2)
     8    0.02    0.13    0.31    0.70 ^ _171_/X (sky130_fd_sc_hd__and4_2)
                                         _073_ (net)
                  0.13    0.00    0.70 ^ _214_/C (sky130_fd_sc_hd__and4_2)
     6    0.02    0.12    0.29    0.99 ^ _214_/X (sky130_fd_sc_hd__and4_2)
                                         _106_ (net)
                  0.12    0.00    0.99 ^ _239_/D (sky130_fd_sc_hd__and4_2)
     1    0.00    0.05    0.22    1.21 ^ _239_/X (sky130_fd_sc_hd__and4_2)
                                         _125_ (net)
                  0.05    0.00    1.21 ^ _240_/A (sky130_fd_sc_hd__buf_1)
     9    0.02    0.30    0.26    1.47 ^ _240_/X (sky130_fd_sc_hd__buf_1)
                                         _126_ (net)
                  0.30    0.00    1.47 ^ _268_/A (sky130_fd_sc_hd__nand2_2)
     4    0.01    0.11    0.13    1.60 v _268_/Y (sky130_fd_sc_hd__nand2_2)
                                         _146_ (net)
                  0.11    0.00    1.60 v _274_/C (sky130_fd_sc_hd__or3_2)
     1    0.00    0.07    0.41    2.01 v _274_/X (sky130_fd_sc_hd__or3_2)
                                         _150_ (net)
                  0.07    0.00    2.01 v _275_/C (sky130_fd_sc_hd__and3_2)
     1    0.00    0.04    0.21    2.21 v _275_/X (sky130_fd_sc_hd__and3_2)
                                         _151_ (net)
                  0.04    0.00    2.21 v _276_/A (sky130_fd_sc_hd__buf_1)
     1    0.00    0.02    0.08    2.29 v _276_/X (sky130_fd_sc_hd__buf_1)
                                         _018_ (net)
                  0.02    0.00    2.29 v _348_/D (sky130_fd_sc_hd__dfrtp_2)
                                  2.29   data arrival time

                  0.00   10.00   10.00   clock core_clock (rise edge)
                          0.00   10.00   clock network delay (ideal)
                          0.00   10.00   clock reconvergence pessimism
                                 10.00 ^ _348_/CLK (sky130_fd_sc_hd__dfrtp_2)
                         -0.12    9.88   library setup time
                                  9.88   data required time
-----------------------------------------------------------------------------
                                  9.88   data required time
                                 -2.29   data arrival time
-----------------------------------------------------------------------------
                                  7.59   slack (MET)




===========================================================================
report_checks --slack_max -0.01
============================================================================
======================= Typical Corner ===================================

No paths found.


===========================================================================
 report_check_types -max_slew -max_cap -max_fanout -violators
============================================================================
======================= Typical Corner ===================================


max slew violations count Typical: 0
max fanout violations count Typical: 0
max cap violations count Typical: 0

===========================================================================
report_parasitic_annotation -report_unannotated
============================================================================
Found 215 unannotated drivers.
 clk
 rst
 _158_/X
 _159_/X
 _160_/X
 _161_/Y
 _162_/X
 _163_/Y
 _164_/Y
 _165_/Y
 _166_/Y
 _167_/Y
 _168_/X
 _169_/Y
 _170_/X
 _171_/X
 _172_/X
 _173_/X
 _174_/X
 _175_/X
 _176_/X
 _177_/X
 _178_/X
 _179_/X
 _180_/Y
 _181_/X
 _182_/Y
 _183_/Y
 _184_/Y
 _185_/X
 _186_/X
 _187_/X
 _188_/Y
 _189_/X
 _190_/X
 _191_/X
 _192_/X
 _193_/X
 _194_/X
 _195_/X
 _196_/Y
 _197_/X
 _198_/X
 _199_/X
 _200_/Y
 _201_/X
 _202_/Y
 _203_/X
 _204_/Y
 _205_/X
 _206_/X
 _207_/Y
 _208_/Y
 _209_/X
 _210_/Y
 _211_/X
 _212_/X
 _213_/X
 _214_/X
 _215_/Y
 _216_/X
 _217_/X
 _218_/X
 _219_/Y
 _220_/X
 _221_/X
 _222_/X
 _223_/X
 _224_/Y
 _225_/X
 _226_/X
 _227_/Y
 _228_/X
 _229_/Y
 _230_/X
 _231_/Y
 _232_/X
 _233_/X
 _234_/X
 _235_/Y
 _236_/X
 _237_/X
 _238_/Y
 _239_/X
 _240_/X
 _241_/Y
 _242_/X
 _243_/Y
 _244_/X
 _245_/X
 _246_/X
 _247_/Y
 _248_/Y
 _249_/X
 _250_/X
 _251_/X
 _252_/X
 _253_/X
 _254_/Y
 _255_/X
 _256_/X
 _257_/X
 _258_/Y
 _259_/X
 _260_/X
 _261_/Y
 _262_/X
 _263_/Y
 _264_/Y
 _265_/X
 _266_/Y
 _267_/X
 _268_/Y
 _269_/X
 _270_/Y
 _271_/Y
 _272_/Y
 _273_/X
 _274_/X
 _275_/X
 _276_/X
 _277_/X
 _278_/X
 _279_/Y
 _280_/Y
 _281_/X
 _282_/X
 _283_/Y
 _284_/Y
 _285_/Y
 _286_/Y
 _287_/X
 _288_/Y
 _289_/Y
 _290_/Y
 _291_/Y
 _292_/Y
 _293_/Y
 _294_/Y
 _295_/Y
 _296_/Y
 _297_/Y
 _298_/X
 _299_/Y
 _300_/Y
 _301_/Y
 _302_/Y
 _303_/Y
 _304_/Y
 _305_/Y
 _306_/Y
 _307_/Y
 _308_/Y
 _309_/X
 _310_/Y
 _311_/Y
 _312_/Y
 _313_/Y
 _314_/Y
 _315_/Y
 _316_/Y
 _317_/Y
 _318_/Y
 _319_/Y
 _320_/Y
 _321_/Y
 _322_/Q
 _323_/Q
 _324_/Q
 _325_/Q
 _326_/Q
 _327_/Q
 _328_/Q
 _329_/Q
 _330_/Q
 _331_/Q
 _332_/Q
 _333_/Q
 _334_/Q
 _335_/Q
 _336_/Q
 _337_/Q
 _338_/Q
 _339_/Q
 _340_/Q
 _341_/Q
 _342_/Q
 _343_/Q
 _344_/Q
 _345_/Q
 _346_/Q
 _347_/Q
 _348_/Q
 _349_/Q
 _350_/Q
 _351_/Q
 _352_/Q
 _353_/Q
 _354_/HI
 _354_/LO
 _355_/HI
 _355_/LO
 _356_/HI
 _356_/LO
 _357_/HI
 _357_/LO
 _358_/HI
 _358_/LO
 _359_/HI
 _359_/LO
 _360_/HI
 _360_/LO
 _361_/HI
 _361_/LO
 _362_/X
Found 0 partially unannotated drivers.

===========================================================================
max slew violation count 0
max fanout violation count 0
max cap violation count 0
============================================================================

===========================================================================
check_setup -verbose -unconstrained_endpoints -multiple_clock -no_clock -no_input_delay -loops -generated_clocks
===========================================================================
Warning: There is 1 input port missing set_input_delay.
  rst
Warning: There are 15 unconstrained endpoints.
  an[0]
  an[1]
  an[2]
  an[3]
  an[4]
  an[5]
  an[6]
  an[7]
  seg[0]
  seg[1]
  seg[2]
  seg[3]
  seg[4]
  seg[5]
  seg[6]
