
===========================================================================
report_checks -unconstrained
===========================================================================
======================= Typical Corner ===================================

Startpoint: _1315_ (rising edge-triggered flip-flop clocked by core_clock)
Endpoint: _1362_ (rising edge-triggered flip-flop clocked by core_clock)
Path Group: core_clock
Path Type: max

Fanout     Cap    Slew   Delay    Time   Description
-----------------------------------------------------------------------------
                          0.00    0.00   clock core_clock (rise edge)
                          0.00    0.00   clock source latency
     1    0.03    0.00    0.00    0.00 ^ clk (in)
                                         clk (net)
                  0.00    0.00    0.00 ^ clkbuf_0_clk/A (sky130_fd_sc_hd__clkbuf_16)
     8    0.11    0.13    0.18    0.18 ^ clkbuf_0_clk/X (sky130_fd_sc_hd__clkbuf_16)
                                         clknet_0_clk (net)
                  0.13    0.00    0.18 ^ clkbuf_3_0__f_clk/A (sky130_fd_sc_hd__clkbuf_16)
    16    0.03    0.05    0.16    0.35 ^ clkbuf_3_0__f_clk/X (sky130_fd_sc_hd__clkbuf_16)
                                         clknet_3_0__leaf_clk (net)
                  0.05    0.00    0.35 ^ _1315_/CLK (sky130_fd_sc_hd__dfrtp_4)
     3    0.07    0.13    0.57    0.91 v _1315_/Q (sky130_fd_sc_hd__dfrtp_4)
                                         imem_inst.address[16] (net)
                  0.14    0.02    0.93 v _0966_/B (sky130_fd_sc_hd__or4_4)
     2    0.02    0.11    0.59    1.52 v _0966_/X (sky130_fd_sc_hd__or4_4)
                                         _0177_ (net)
                  0.11    0.00    1.52 v _0969_/B (sky130_fd_sc_hd__or4_4)
     2    0.01    0.09    0.54    2.06 v _0969_/X (sky130_fd_sc_hd__or4_4)
                                         _0180_ (net)
                  0.09    0.00    2.06 v rebuffer33/A (sky130_fd_sc_hd__buf_6)
     3    0.01    0.02    0.13    2.19 v rebuffer33/X (sky130_fd_sc_hd__buf_6)
                                         net55 (net)
                  0.02    0.00    2.19 v rebuffer6/A (sky130_fd_sc_hd__dlygate4sd1_1)
     1    0.02    0.09    0.28    2.47 v rebuffer6/X (sky130_fd_sc_hd__dlygate4sd1_1)
                                         net28 (net)
                  0.09    0.00    2.47 v _0986_/D (sky130_fd_sc_hd__or4_4)
     2    0.03    0.12    0.49    2.96 v _0986_/X (sky130_fd_sc_hd__or4_4)
                                         _0197_ (net)
                  0.12    0.00    2.96 v _0987_/A_N (sky130_fd_sc_hd__and3b_2)
     2    0.03    0.14    0.34    3.30 ^ _0987_/X (sky130_fd_sc_hd__and3b_2)
                                         _0198_ (net)
                  0.14    0.00    3.31 ^ _0988_/A (sky130_fd_sc_hd__buf_12)
     5    0.09    0.11    0.18    3.48 ^ _0988_/X (sky130_fd_sc_hd__buf_12)
                                         _0199_ (net)
                  0.11    0.01    3.50 ^ _1013_/B1 (sky130_fd_sc_hd__o31a_4)
     3    0.06    0.17    0.25    3.75 ^ _1013_/X (sky130_fd_sc_hd__o31a_4)
                                         _0224_ (net)
                  0.17    0.02    3.77 ^ _1020_/D (sky130_fd_sc_hd__or4_4)
     2    0.02    0.07    0.18    3.95 ^ _1020_/X (sky130_fd_sc_hd__or4_4)
                                         _0231_ (net)
                  0.07    0.00    3.95 ^ rebuffer43/A (sky130_fd_sc_hd__dlygate4sd3_1)
     1    0.00    0.05    0.54    4.49 ^ rebuffer43/X (sky130_fd_sc_hd__dlygate4sd3_1)
                                         net65 (net)
                  0.05    0.00    4.49 ^ rebuffer15/A (sky130_fd_sc_hd__dlygate4sd1_1)
     2    0.02    0.17    0.29    4.78 ^ rebuffer15/X (sky130_fd_sc_hd__dlygate4sd1_1)
                                         net37 (net)
                  0.17    0.00    4.78 ^ rebuffer17/A (sky130_fd_sc_hd__buf_6)
     2    0.04    0.09    0.17    4.95 ^ rebuffer17/X (sky130_fd_sc_hd__buf_6)
                                         net39 (net)
                  0.09    0.01    4.95 ^ _1086_/A (sky130_fd_sc_hd__xor2_4)
     2    0.00    0.05    0.07    5.02 v _1086_/X (sky130_fd_sc_hd__xor2_4)
                                         _0297_ (net)
                  0.05    0.00    5.02 v rebuffer26/A (sky130_fd_sc_hd__clkbuf_4)
     1    0.03    0.07    0.17    5.20 v rebuffer26/X (sky130_fd_sc_hd__clkbuf_4)
                                         net48 (net)
                  0.07    0.00    5.20 v _1088_/B (sky130_fd_sc_hd__nand2_4)
     1    0.02    0.08    0.09    5.30 ^ _1088_/Y (sky130_fd_sc_hd__nand2_4)
                                         _0299_ (net)
                  0.08    0.00    5.30 ^ _1089_/B (sky130_fd_sc_hd__nand2_8)
     2    0.07    0.10    0.10    5.40 v _1089_/Y (sky130_fd_sc_hd__nand2_8)
                                         _0300_ (net)
                  0.10    0.01    5.41 v _1092_/A1 (sky130_fd_sc_hd__o311a_4)
     1    0.00    0.05    0.39    5.79 v _1092_/X (sky130_fd_sc_hd__o311a_4)
                                         _0303_ (net)
                  0.05    0.00    5.79 v _1094_/A1 (sky130_fd_sc_hd__o21a_4)
     2    0.02    0.05    0.24    6.03 v _1094_/X (sky130_fd_sc_hd__o21a_4)
                                         _0305_ (net)
                  0.05    0.00    6.03 v _1101_/A2 (sky130_fd_sc_hd__o21ai_4)
     4    0.01    0.13    0.14    6.17 ^ _1101_/Y (sky130_fd_sc_hd__o21ai_4)
                                         _0312_ (net)
                  0.13    0.00    6.17 ^ _1105_/A1 (sky130_fd_sc_hd__a41o_1)
     1    0.02    0.15    0.25    6.42 ^ _1105_/X (sky130_fd_sc_hd__a41o_1)
                                         _0316_ (net)
                  0.15    0.00    6.42 ^ _1107_/A1 (sky130_fd_sc_hd__a21o_4)
     3    0.04    0.12    0.21    6.63 ^ _1107_/X (sky130_fd_sc_hd__a21o_4)
                                         _0318_ (net)
                  0.12    0.01    6.63 ^ _1117_/A2 (sky130_fd_sc_hd__a21o_4)
     3    0.02    0.06    0.16    6.79 ^ _1117_/X (sky130_fd_sc_hd__a21o_4)
                                         _0328_ (net)
                  0.06    0.00    6.79 ^ _1258_/A2 (sky130_fd_sc_hd__a21oi_4)
     2    0.02    0.06    0.08    6.86 v _1258_/Y (sky130_fd_sc_hd__a21oi_4)
                                         _0468_ (net)
                  0.06    0.00    6.86 v _1267_/B (sky130_fd_sc_hd__or2_4)
     1    0.03    0.07    0.27    7.13 v _1267_/X (sky130_fd_sc_hd__or2_4)
                                         _0477_ (net)
                  0.07    0.00    7.14 v _1268_/A3 (sky130_fd_sc_hd__a32o_4)
     2    0.01    0.05    0.33    7.47 v _1268_/X (sky130_fd_sc_hd__a32o_4)
                                         _0478_ (net)
                  0.05    0.00    7.47 v _0852_/A1 (sky130_fd_sc_hd__mux2_4)
     1    0.04    0.10    0.32    7.79 v _0852_/X (sky130_fd_sc_hd__mux2_4)
                                         _0617_ (net)
                  0.10    0.00    7.79 v _0853_/A (sky130_fd_sc_hd__buf_6)
     1    0.04    0.05    0.16    7.96 v _0853_/X (sky130_fd_sc_hd__buf_6)
                                         _0111_ (net)
                  0.05    0.00    7.96 v _1362_/D (sky130_fd_sc_hd__dfxtp_1)
                                  7.96   data arrival time

                         15.00   15.00   clock core_clock (rise edge)
                          0.00   15.00   clock source latency
     1    0.03    0.00    0.00   15.00 ^ clk (in)
                                         clk (net)
                  0.00    0.00   15.00 ^ clkbuf_0_clk/A (sky130_fd_sc_hd__clkbuf_16)
     8    0.11    0.13    0.18   15.18 ^ clkbuf_0_clk/X (sky130_fd_sc_hd__clkbuf_16)
                                         clknet_0_clk (net)
                  0.13    0.00   15.18 ^ clkbuf_3_0__f_clk/A (sky130_fd_sc_hd__clkbuf_16)
    16    0.03    0.05    0.16   15.35 ^ clkbuf_3_0__f_clk/X (sky130_fd_sc_hd__clkbuf_16)
                                         clknet_3_0__leaf_clk (net)
                  0.05    0.00   15.35 ^ _1362_/CLK (sky130_fd_sc_hd__dfxtp_1)
                          0.00   15.35   clock reconvergence pessimism
                         -0.11   15.24   library setup time
                                 15.24   data required time
-----------------------------------------------------------------------------
                                 15.24   data required time
                                 -7.96   data arrival time
-----------------------------------------------------------------------------
                                  7.27   slack (MET)




===========================================================================
report_checks --slack_max -0.01
============================================================================
======================= Typical Corner ===================================

No paths found.


===========================================================================
 report_check_types -max_slew -max_cap -max_fanout -violators
============================================================================
======================= Typical Corner ===================================


max slew violations count Typical: 0
max fanout violations count Typical: 0
max cap violations count Typical: 0

===========================================================================
report_parasitic_annotation -report_unannotated
============================================================================
Found 7 unannotated drivers.
 clkload0/X
 clkload1/Y
 clkload2/Y
 clkload3/Y
 clkload4/Y
 clkload5/Y
 clkload6/Y
Found 540 partially unannotated drivers.
 clk
 reset
 _0635_/X
 _0638_/Y
 _0642_/Y
 _0645_/Y
 _0649_/X
 _0650_/X
 _0651_/Y
 _0653_/X
 _0655_/X
 _0656_/Y
 _0657_/Y
 _0658_/Y
 _0659_/X
 _0660_/X
 _0661_/X
 _0663_/X
 _0664_/Y
 _0665_/Y
 _0668_/X
 _0669_/X
 _0672_/X
 _0673_/X
 _0675_/X
 _0676_/X
 _0677_/X
 _0679_/Y
 _0681_/X
 _0682_/Y
 _0686_/Y
 _0687_/Y
 _0689_/X
 _0693_/X
 _0694_/X
 _0695_/X
 _0696_/X
 _0697_/X
 _0699_/X
 _0702_/X
 _0703_/Y
 _0704_/Y
 _0706_/X
 _0707_/X
 _0709_/Y
 _0710_/X
 _0711_/Y
 _0712_/Y
 _0713_/Y
 _0714_/Y
 _0715_/X
 _0717_/Y
 _0718_/X
 _0719_/Y
 _0723_/X
 _0724_/Y
 _0727_/X
 _0728_/Y
 _0729_/X
 _0730_/Y
 _0732_/X
 _0733_/Y
 _0735_/X
 _0736_/Y
 _0740_/X
 _0741_/Y
 _0744_/X
 _0745_/X
 _0746_/X
 _0748_/Y
 _0749_/Y
 _0756_/Y
 _0757_/X
 _0758_/Y
 _0766_/Y
 _0767_/Y
 _0768_/X
 _0769_/Y
 _0771_/Y
 _0772_/Y
 _0773_/Y
 _0774_/Y
 _0776_/Y
 _0777_/Y
 _0778_/Y
 _0779_/X
 _0780_/X
 _0781_/X
 _0782_/X
 _0784_/X
 _0785_/X
 _0786_/X
 _0787_/X
 _0790_/X
 _0791_/X
 _0793_/X
 _0794_/X
 _0795_/X
 _0796_/X
 _0798_/X
 _0799_/X
 _0800_/X
 _0802_/X
 _0804_/X
 _0805_/X
 _0807_/X
 _0811_/X
 _0813_/X
 _0814_/X
 _0817_/X
 _0818_/X
 _0821_/X
 _0822_/X
 _0823_/X
 _0824_/X
 _0825_/Y
 _0826_/Y
 _0827_/X
 _0828_/X
 _0830_/X
 _0832_/X
 _0834_/X
 _0835_/X
 _0836_/X
 _0839_/Y
 _0842_/X
 _0843_/X
 _0844_/X
 _0845_/X
 _0847_/X
 _0848_/X
 _0851_/X
 _0852_/X
 _0854_/X
 _0855_/Y
 _0856_/X
 _0858_/X
 _0860_/X
 _0861_/X
 _0862_/X
 _0863_/X
 _0864_/X
 _0865_/X
 _0868_/X
 _0869_/X
 _0872_/X
 _0873_/X
 _0876_/X
 _0881_/X
 _0885_/X
 _0887_/Y
 _0889_/X
 _0890_/X
 _0891_/X
 _0892_/X
 _0893_/X
 _0894_/X
 _0896_/X
 _0897_/X
 _0898_/X
 _0899_/X
 _0900_/X
 _0901_/X
 _0902_/X
 _0903_/X
 _0904_/X
 _0907_/X
 _0908_/X
 _0909_/X
 _0915_/Y
 _0918_/X
 _0922_/Y
 _0924_/Y
 _0925_/Y
 _0926_/Y
 _0927_/Y
 _0928_/X
 _0929_/Y
 _0930_/Y
 _0931_/Y
 _0938_/X
 _0939_/Y
 _0941_/Y
 _0945_/Y
 _0946_/Y
 _0949_/Y
 _0950_/Y
 _0952_/Y
 _0953_/X
 _0956_/X
 _0958_/Y
 _0960_/Y
 _0961_/Y
 _0962_/Y
 _0963_/Y
 _0966_/X
 _0967_/X
 _0968_/X
 _0970_/X
 _0971_/X
 _0972_/X
 _0973_/X
 _0974_/Y
 _0975_/Y
 _0976_/X
 _0977_/X
 _0978_/Y
 _0979_/Y
 _0980_/Y
 _0981_/X
 _0982_/X
 _0984_/X
 _0985_/Y
 _0986_/X
 _0988_/X
 _0989_/X
 _0990_/X
 _0991_/X
 _0993_/Y
 _0994_/X
 _0995_/X
 _0996_/X
 _0997_/X
 _0998_/X
 _0999_/X
 _1001_/X
 _1002_/Y
 _1003_/Y
 _1005_/X
 _1008_/X
 _1010_/Y
 _1011_/X
 _1015_/Y
 _1016_/Y
 _1019_/X
 _1022_/X
 _1024_/X
 _1025_/X
 _1026_/Y
 _1028_/Y
 _1029_/Y
 _1030_/X
 _1031_/X
 _1032_/X
 _1034_/X
 _1035_/X
 _1037_/X
 _1039_/Y
 _1040_/X
 _1041_/X
 _1042_/X
 _1043_/X
 _1045_/X
 _1046_/X
 _1048_/Y
 _1049_/Y
 _1050_/X
 _1051_/Y
 _1052_/Y
 _1054_/X
 _1055_/X
 _1058_/Y
 _1059_/Y
 _1060_/Y
 _1061_/Y
 _1062_/X
 _1064_/Y
 _1065_/X
 _1067_/X
 _1069_/Y
 _1071_/X
 _1072_/X
 _1073_/Y
 _1074_/X
 _1075_/X
 _1078_/X
 _1079_/Y
 _1080_/Y
 _1082_/Y
 _1083_/Y
 _1085_/Y
 _1086_/X
 _1087_/X
 _1088_/Y
 _1092_/X
 _1093_/Y
 _1094_/X
 _1095_/X
 _1098_/X
 _1100_/Y
 _1101_/Y
 _1106_/Y
 _1108_/X
 _1109_/X
 _1110_/X
 _1111_/X
 _1112_/Y
 _1113_/X
 _1115_/Y
 _1116_/Y
 _1117_/X
 _1118_/Y
 _1119_/X
 _1120_/Y
 _1121_/Y
 _1123_/X
 _1124_/Y
 _1125_/X
 _1126_/Y
 _1127_/X
 _1130_/X
 _1131_/X
 _1132_/X
 _1133_/X
 _1135_/Y
 _1136_/Y
 _1137_/X
 _1138_/Y
 _1139_/Y
 _1143_/X
 _1145_/X
 _1146_/X
 _1147_/Y
 _1149_/Y
 _1151_/X
 _1153_/Y
 _1154_/Y
 _1155_/Y
 _1157_/Y
 _1158_/X
 _1159_/Y
 _1160_/Y
 _1161_/X
 _1162_/Y
 _1163_/X
 _1166_/X
 _1168_/X
 _1169_/X
 _1171_/Y
 _1172_/X
 _1173_/X
 _1174_/X
 _1175_/X
 _1176_/Y
 _1177_/X
 _1179_/X
 _1180_/Y
 _1181_/Y
 _1183_/X
 _1187_/Y
 _1188_/Y
 _1189_/X
 _1190_/Y
 _1191_/X
 _1192_/Y
 _1193_/X
 _1194_/Y
 _1196_/X
 _1198_/Y
 _1201_/Y
 _1203_/X
 _1204_/Y
 _1207_/X
 _1208_/Y
 _1209_/Y
 _1210_/Y
 _1211_/X
 _1212_/Y
 _1214_/X
 _1215_/X
 _1218_/Y
 _1219_/X
 _1220_/Y
 _1221_/Y
 _1222_/Y
 _1224_/X
 _1225_/X
 _1227_/Y
 _1230_/Y
 _1231_/X
 _1233_/X
 _1235_/X
 _1237_/Y
 _1238_/Y
 _1239_/Y
 _1241_/Y
 _1242_/X
 _1243_/Y
 _1244_/X
 _1245_/X
 _1246_/Y
 _1247_/X
 _1248_/X
 _1252_/Y
 _1254_/X
 _1255_/Y
 _1256_/Y
 _1257_/X
 _1258_/Y
 _1259_/X
 _1260_/X
 _1264_/X
 _1265_/Y
 _1266_/Y
 _1268_/X
 _1269_/Y
 _1270_/X
 _1273_/X
 _1274_/X
 _1278_/X
 _1281_/Q
 _1282_/Q
 _1283_/Q
 _1284_/Q
 _1285_/Q
 _1286_/Q
 _1287_/Q
 _1288_/Q
 _1289_/Q
 _1290_/Q
 _1291_/Q
 _1292_/Q
 _1293_/Q
 _1294_/Q
 _1295_/Q
 _1297_/Q
 _1298_/Q
 _1299_/Q
 _1300_/Q
 _1301_/Q
 _1302_/Q
 _1303_/Q
 _1304_/Q
 _1305_/Q
 _1306_/Q
 _1307_/Q
 _1308_/Q
 _1309_/Q
 _1310_/Q
 _1311_/Q
 _1313_/Q
 _1314_/Q
 _1316_/Q
 _1317_/Q
 _1318_/Q
 _1319_/Q
 _1320_/Q
 _1321_/Q
 _1322_/Q
 _1323_/Q
 _1324_/Q
 _1325_/Q
 _1326_/Q
 _1327_/Q
 _1328_/Q
 _1329_/Q
 _1330_/Q
 _1332_/Q
 _1333_/Q
 _1334_/Q
 _1335_/Q
 _1336_/Q
 _1337_/Q
 _1339_/Q
 _1340_/Q
 _1341_/Q
 _1343_/Q
 _1344_/Q
 _1345_/Q
 _1347_/Q
 _1348_/Q
 _1350_/Q
 _1351_/Q
 _1352_/Q
 _1353_/Q
 _1354_/Q
 _1355_/Q
 _1357_/Q
 _1358_/Q
 _1359_/Q
 _1360_/Q
 _1361_/Q
 _1363_/Q
 _1364_/Q
 _1365_/Q
 _1366_/Q
 _1367_/Q
 _1368_/Q
 _1369_/Q
 _1370_/Q
 _1371_/Q
 _1372_/Q
 _1373_/Q
 _1374_/Q
 _1376_/Q
 _1377_/Q
 _1378_/Q
 _1379_/Q
 _1380_/Q
 clkbuf_0_clk/X
 clkbuf_3_0__f_clk/X
 clkbuf_3_1__f_clk/X
 clkbuf_3_2__f_clk/X
 clkbuf_3_3__f_clk/X
 clkbuf_3_4__f_clk/X
 clkbuf_3_5__f_clk/X
 clkbuf_3_6__f_clk/X
 clkbuf_3_7__f_clk/X
 clone44/X
 input1/X
 load_slew22/X
 max_cap13/X
 max_cap14/X
 max_cap18/X
 rebuffer1/X
 rebuffer11/X
 rebuffer12/X
 rebuffer13/X
 rebuffer18/X
 rebuffer23/X
 rebuffer24/X
 rebuffer25/X
 rebuffer29/X
 rebuffer3/X
 rebuffer30/X
 rebuffer31/X
 rebuffer32/X
 rebuffer33/X
 rebuffer34/X
 rebuffer36/X
 rebuffer38/X
 rebuffer4/X
 rebuffer40/X
 rebuffer42/X
 rebuffer47/X
 rebuffer49/X
 rebuffer8/X
 wire15/X
 wire16/X
 wire20/X

===========================================================================
max slew violation count 0
max fanout violation count 0
max cap violation count 0
============================================================================

===========================================================================
check_setup -verbose -unconstrained_endpoints -multiple_clock -no_clock -no_input_delay -loops -generated_clocks
===========================================================================
Warning: There are 2 input ports missing set_input_delay.
  control
  reset
Warning: There are 11 unconstrained endpoints.
  an[0]
  an[1]
  an[2]
  an[3]
  seg[0]
  seg[1]
  seg[2]
  seg[3]
  seg[4]
  seg[5]
  seg[6]
