
===========================================================================
report_checks -unconstrained
===========================================================================
======================= Typical Corner ===================================

Startpoint: _1321_ (rising edge-triggered flip-flop clocked by core_clock)
Endpoint: _1361_ (rising edge-triggered flip-flop clocked by core_clock)
Path Group: core_clock
Path Type: max

Fanout     Cap    Slew   Delay    Time   Description
-----------------------------------------------------------------------------
                          0.00    0.00   clock core_clock (rise edge)
                          0.00    0.00   clock source latency
     1    0.01    0.00    0.00    0.00 ^ clk (in)
                                         clk (net)
                  0.00    0.00    0.00 ^ clkbuf_0_clk/A (sky130_fd_sc_hd__clkbuf_16)
     9    0.06    0.08    0.14    0.14 ^ clkbuf_0_clk/X (sky130_fd_sc_hd__clkbuf_16)
                                         clknet_0_clk (net)
                  0.08    0.00    0.14 ^ clkbuf_3_5__f_clk/A (sky130_fd_sc_hd__clkbuf_16)
    16    0.03    0.05    0.15    0.29 ^ clkbuf_3_5__f_clk/X (sky130_fd_sc_hd__clkbuf_16)
                                         clknet_3_5__leaf_clk (net)
                  0.05    0.00    0.29 ^ _1321_/CLK (sky130_fd_sc_hd__dfrtp_4)
     2    0.00    0.06    0.46    0.75 v _1321_/Q (sky130_fd_sc_hd__dfrtp_4)
                                         imem_inst.address[22] (net)
                  0.06    0.00    0.75 v _0965_/A (sky130_fd_sc_hd__or4_4)
     3    0.00    0.08    0.53    1.28 v _0965_/X (sky130_fd_sc_hd__or4_4)
                                         _0176_ (net)
                  0.08    0.00    1.28 v _0969_/A (sky130_fd_sc_hd__or4_4)
     2    0.01    0.09    0.55    1.83 v _0969_/X (sky130_fd_sc_hd__or4_4)
                                         _0180_ (net)
                  0.09    0.00    1.83 v rebuffer33/A (sky130_fd_sc_hd__buf_6)
     3    0.01    0.02    0.13    1.95 v rebuffer33/X (sky130_fd_sc_hd__buf_6)
                                         net55 (net)
                  0.02    0.00    1.95 v _1000_/C (sky130_fd_sc_hd__or4_4)
     3    0.01    0.10    0.49    2.45 v _1000_/X (sky130_fd_sc_hd__or4_4)
                                         _0211_ (net)
                  0.10    0.00    2.45 v _1013_/A1 (sky130_fd_sc_hd__o31a_4)
     4    0.01    0.05    0.37    2.82 v _1013_/X (sky130_fd_sc_hd__o31a_4)
                                         _0224_ (net)
                  0.05    0.00    2.82 v _1020_/D (sky130_fd_sc_hd__or4_4)
     2    0.00    0.08    0.41    3.22 v _1020_/X (sky130_fd_sc_hd__or4_4)
                                         _0231_ (net)
                  0.08    0.00    3.22 v _1021_/D (sky130_fd_sc_hd__or4_4)
     4    0.01    0.09    0.43    3.65 v _1021_/X (sky130_fd_sc_hd__or4_4)
                                         _0232_ (net)
                  0.09    0.00    3.65 v _1024_/C (sky130_fd_sc_hd__or4b_4)
     1    0.01    0.09    0.51    4.16 v _1024_/X (sky130_fd_sc_hd__or4b_4)
                                         _0235_ (net)
                  0.09    0.00    4.16 v _1025_/A (sky130_fd_sc_hd__buf_12)
     5    0.04    0.04    0.16    4.32 v _1025_/X (sky130_fd_sc_hd__buf_12)
                                         _0236_ (net)
                  0.04    0.00    4.32 v _1031_/A1 (sky130_fd_sc_hd__o21a_4)
     3    0.01    0.04    0.22    4.53 v _1031_/X (sky130_fd_sc_hd__o21a_4)
                                         _0242_ (net)
                  0.04    0.00    4.53 v _1034_/C (sky130_fd_sc_hd__or3_4)
     3    0.01    0.07    0.33    4.86 v _1034_/X (sky130_fd_sc_hd__or3_4)
                                         _0245_ (net)
                  0.07    0.00    4.86 v _1035_/A (sky130_fd_sc_hd__and2_4)
     2    0.00    0.03    0.14    5.00 v _1035_/X (sky130_fd_sc_hd__and2_4)
                                         _0246_ (net)
                  0.03    0.00    5.00 v _1104_/A1 (sky130_fd_sc_hd__a32o_2)
     1    0.00    0.04    0.22    5.23 v _1104_/X (sky130_fd_sc_hd__a32o_2)
                                         _0315_ (net)
                  0.04    0.00    5.23 v _1105_/B1 (sky130_fd_sc_hd__a41o_1)
     1    0.00    0.05    0.20    5.43 v _1105_/X (sky130_fd_sc_hd__a41o_1)
                                         _0316_ (net)
                  0.05    0.00    5.43 v _1107_/A2 (sky130_fd_sc_hd__a21o_4)
     3    0.01    0.05    0.23    5.66 v _1107_/X (sky130_fd_sc_hd__a21o_4)
                                         _0318_ (net)
                  0.05    0.00    5.66 v _1117_/A1 (sky130_fd_sc_hd__a21o_4)
     3    0.01    0.05    0.21    5.87 v _1117_/X (sky130_fd_sc_hd__a21o_4)
                                         _0328_ (net)
                  0.05    0.00    5.87 v _1125_/A (sky130_fd_sc_hd__or2_4)
     1    0.00    0.05    0.24    6.11 v _1125_/X (sky130_fd_sc_hd__or2_4)
                                         _0336_ (net)
                  0.05    0.00    6.11 v _1128_/A3 (sky130_fd_sc_hd__a32o_4)
     2    0.01    0.05    0.32    6.44 v _1128_/X (sky130_fd_sc_hd__a32o_4)
                                         _0339_ (net)
                  0.05    0.00    6.44 v _0850_/A1 (sky130_fd_sc_hd__mux2_1)
     1    0.00    0.05    0.28    6.72 v _0850_/X (sky130_fd_sc_hd__mux2_1)
                                         _0616_ (net)
                  0.05    0.00    6.72 v _0851_/A (sky130_fd_sc_hd__clkbuf_2)
     1    0.00    0.02    0.09    6.81 v _0851_/X (sky130_fd_sc_hd__clkbuf_2)
                                         _0110_ (net)
                  0.02    0.00    6.81 v _1361_/D (sky130_fd_sc_hd__dfxtp_4)
                                  6.81   data arrival time

                         15.00   15.00   clock core_clock (rise edge)
                          0.00   15.00   clock source latency
     1    0.01    0.00    0.00   15.00 ^ clk (in)
                                         clk (net)
                  0.00    0.00   15.00 ^ clkbuf_0_clk/A (sky130_fd_sc_hd__clkbuf_16)
     9    0.06    0.08    0.14   15.14 ^ clkbuf_0_clk/X (sky130_fd_sc_hd__clkbuf_16)
                                         clknet_0_clk (net)
                  0.08    0.00   15.14 ^ clkbuf_3_2__f_clk/A (sky130_fd_sc_hd__clkbuf_16)
    14    0.03    0.05    0.15   15.29 ^ clkbuf_3_2__f_clk/X (sky130_fd_sc_hd__clkbuf_16)
                                         clknet_3_2__leaf_clk (net)
                  0.05    0.00   15.29 ^ _1361_/CLK (sky130_fd_sc_hd__dfxtp_4)
                          0.00   15.29   clock reconvergence pessimism
                         -0.10   15.19   library setup time
                                 15.19   data required time
-----------------------------------------------------------------------------
                                 15.19   data required time
                                 -6.81   data arrival time
-----------------------------------------------------------------------------
                                  8.38   slack (MET)




===========================================================================
report_checks --slack_max -0.01
============================================================================
======================= Typical Corner ===================================

No paths found.


===========================================================================
 report_check_types -max_slew -max_cap -max_fanout -violators
============================================================================
======================= Typical Corner ===================================


max slew violations count Typical: 0
max fanout violations count Typical: 0
max cap violations count Typical: 0

===========================================================================
report_parasitic_annotation -report_unannotated
============================================================================
Found 857 unannotated drivers.
 clk
 control
 reset
 _0635_/X
 _0636_/Y
 _0637_/Y
 _0638_/Y
 _0639_/X
 _0640_/X
 _0641_/X
 _0642_/Y
 _0643_/X
 _0644_/X
 _0645_/Y
 _0646_/Y
 _0647_/Y
 _0648_/X
 _0649_/X
 _0650_/X
 _0651_/Y
 _0652_/Y
 _0653_/X
 _0654_/Y
 _0655_/X
 _0656_/Y
 _0657_/Y
 _0658_/Y
 _0659_/X
 _0660_/X
 _0661_/X
 _0662_/Y
 _0663_/X
 _0664_/Y
 _0665_/Y
 _0666_/X
 _0667_/X
 _0668_/X
 _0669_/X
 _0670_/X
 _0671_/Y
 _0672_/X
 _0673_/X
 _0674_/X
 _0675_/X
 _0676_/X
 _0677_/X
 _0678_/Y
 _0679_/Y
 _0680_/X
 _0681_/X
 _0682_/Y
 _0683_/X
 _0684_/Y
 _0685_/Y
 _0686_/Y
 _0687_/Y
 _0688_/Y
 _0689_/X
 _0690_/X
 _0691_/X
 _0692_/X
 _0693_/X
 _0694_/X
 _0695_/X
 _0696_/X
 _0697_/X
 _0698_/X
 _0699_/X
 _0700_/Y
 _0701_/Y
 _0702_/X
 _0703_/Y
 _0704_/Y
 _0705_/X
 _0706_/X
 _0707_/X
 _0708_/Y
 _0709_/Y
 _0710_/X
 _0711_/Y
 _0712_/Y
 _0713_/Y
 _0714_/Y
 _0715_/X
 _0716_/Y
 _0717_/Y
 _0718_/X
 _0719_/Y
 _0720_/Y
 _0721_/Y
 _0722_/X
 _0723_/X
 _0724_/Y
 _0725_/X
 _0726_/Y
 _0727_/X
 _0728_/Y
 _0729_/X
 _0730_/Y
 _0731_/Y
 _0732_/X
 _0733_/Y
 _0734_/X
 _0735_/X
 _0736_/Y
 _0737_/X
 _0738_/X
 _0739_/Y
 _0740_/X
 _0741_/Y
 _0742_/X
 _0743_/X
 _0744_/X
 _0745_/X
 _0746_/X
 _0747_/Y
 _0748_/Y
 _0749_/Y
 _0750_/Y
 _0751_/Y
 _0752_/Y
 _0753_/Y
 _0754_/Y
 _0755_/Y
 _0756_/Y
 _0757_/X
 _0758_/Y
 _0759_/Y
 _0760_/Y
 _0761_/Y
 _0762_/Y
 _0763_/Y
 _0764_/Y
 _0765_/Y
 _0766_/Y
 _0767_/Y
 _0768_/X
 _0769_/Y
 _0770_/Y
 _0771_/Y
 _0772_/Y
 _0773_/Y
 _0774_/Y
 _0775_/Y
 _0776_/Y
 _0777_/Y
 _0778_/Y
 _0779_/X
 _0780_/X
 _0781_/X
 _0782_/X
 _0783_/X
 _0784_/X
 _0785_/X
 _0786_/X
 _0787_/X
 _0788_/X
 _0789_/X
 _0790_/X
 _0791_/X
 _0792_/X
 _0793_/X
 _0794_/X
 _0795_/X
 _0796_/X
 _0797_/X
 _0798_/X
 _0799_/X
 _0800_/X
 _0801_/X
 _0802_/X
 _0803_/X
 _0804_/X
 _0805_/X
 _0806_/X
 _0807_/X
 _0808_/X
 _0809_/X
 _0810_/X
 _0811_/X
 _0812_/X
 _0813_/X
 _0814_/X
 _0815_/X
 _0816_/X
 _0817_/X
 _0818_/X
 _0819_/X
 _0820_/X
 _0821_/X
 _0822_/X
 _0823_/X
 _0824_/X
 _0825_/Y
 _0826_/Y
 _0827_/X
 _0828_/X
 _0829_/X
 _0830_/X
 _0831_/Y
 _0832_/X
 _0833_/X
 _0834_/X
 _0835_/X
 _0836_/X
 _0837_/X
 _0838_/X
 _0839_/Y
 _0840_/X
 _0841_/Y
 _0842_/X
 _0843_/X
 _0844_/X
 _0845_/X
 _0846_/X
 _0847_/X
 _0848_/X
 _0849_/X
 _0850_/X
 _0851_/X
 _0852_/X
 _0853_/X
 _0854_/X
 _0855_/Y
 _0856_/X
 _0857_/X
 _0858_/X
 _0859_/X
 _0860_/X
 _0861_/X
 _0862_/X
 _0863_/X
 _0864_/X
 _0865_/X
 _0866_/X
 _0867_/X
 _0868_/X
 _0869_/X
 _0870_/X
 _0871_/X
 _0872_/X
 _0873_/X
 _0874_/X
 _0875_/X
 _0876_/X
 _0877_/X
 _0878_/X
 _0879_/X
 _0880_/X
 _0881_/X
 _0882_/X
 _0883_/X
 _0884_/X
 _0885_/X
 _0886_/Y
 _0887_/Y
 _0888_/Y
 _0889_/X
 _0890_/X
 _0891_/X
 _0892_/X
 _0893_/X
 _0894_/X
 _0895_/X
 _0896_/X
 _0897_/X
 _0898_/X
 _0899_/X
 _0900_/X
 _0901_/X
 _0902_/X
 _0903_/X
 _0904_/X
 _0905_/X
 _0906_/X
 _0907_/X
 _0908_/X
 _0909_/X
 _0910_/X
 _0911_/Y
 _0912_/Y
 _0913_/X
 _0914_/Y
 _0915_/Y
 _0916_/Y
 _0917_/Y
 _0918_/X
 _0919_/Y
 _0920_/Y
 _0921_/Y
 _0922_/Y
 _0923_/X
 _0924_/Y
 _0925_/Y
 _0926_/Y
 _0927_/Y
 _0928_/X
 _0929_/Y
 _0930_/Y
 _0931_/Y
 _0932_/Y
 _0933_/X
 _0934_/Y
 _0935_/Y
 _0936_/Y
 _0937_/Y
 _0938_/X
 _0939_/Y
 _0940_/Y
 _0941_/Y
 _0942_/Y
 _0943_/X
 _0944_/Y
 _0945_/Y
 _0946_/Y
 _0947_/Y
 _0948_/X
 _0949_/Y
 _0950_/Y
 _0951_/Y
 _0952_/Y
 _0953_/X
 _0954_/Y
 _0955_/Y
 _0956_/X
 _0957_/Y
 _0958_/Y
 _0959_/X
 _0960_/Y
 _0961_/Y
 _0962_/Y
 _0963_/Y
 _0964_/X
 _0965_/X
 _0966_/X
 _0967_/X
 _0968_/X
 _0969_/X
 _0970_/X
 _0971_/X
 _0972_/X
 _0973_/X
 _0974_/Y
 _0975_/Y
 _0976_/X
 _0977_/X
 _0978_/Y
 _0979_/Y
 _0980_/Y
 _0981_/X
 _0982_/X
 _0983_/Y
 _0984_/X
 _0985_/Y
 _0986_/X
 _0987_/X
 _0988_/X
 _0989_/X
 _0990_/X
 _0991_/X
 _0992_/Y
 _0993_/Y
 _0994_/X
 _0995_/X
 _0996_/X
 _0997_/X
 _0998_/X
 _0999_/X
 _1000_/X
 _1001_/X
 _1002_/Y
 _1003_/Y
 _1004_/Y
 _1005_/X
 _1006_/X
 _1007_/X
 _1008_/X
 _1009_/X
 _1010_/Y
 _1011_/X
 _1012_/X
 _1013_/X
 _1014_/X
 _1015_/Y
 _1016_/Y
 _1017_/X
 _1018_/X
 _1019_/X
 _1020_/X
 _1021_/X
 _1022_/X
 _1023_/Y
 _1024_/X
 _1025_/X
 _1026_/Y
 _1027_/X
 _1028_/Y
 _1029_/Y
 _1030_/X
 _1031_/X
 _1032_/X
 _1033_/Y
 _1034_/X
 _1035_/X
 _1036_/Y
 _1037_/X
 _1038_/X
 _1039_/Y
 _1040_/X
 _1041_/X
 _1042_/X
 _1043_/X
 _1044_/X
 _1045_/X
 _1046_/X
 _1047_/Y
 _1048_/Y
 _1049_/Y
 _1050_/X
 _1051_/Y
 _1052_/Y
 _1053_/X
 _1054_/X
 _1055_/X
 _1056_/Y
 _1057_/Y
 _1058_/Y
 _1059_/Y
 _1060_/Y
 _1061_/Y
 _1062_/X
 _1063_/Y
 _1064_/Y
 _1065_/X
 _1066_/Y
 _1067_/X
 _1068_/X
 _1069_/Y
 _1070_/X
 _1071_/X
 _1072_/X
 _1073_/Y
 _1074_/X
 _1075_/X
 _1076_/X
 _1077_/Y
 _1078_/X
 _1079_/Y
 _1080_/Y
 _1081_/X
 _1082_/Y
 _1083_/Y
 _1084_/Y
 _1085_/Y
 _1086_/X
 _1087_/X
 _1088_/Y
 _1089_/Y
 _1090_/X
 _1091_/X
 _1092_/X
 _1093_/Y
 _1094_/X
 _1095_/X
 _1096_/X
 _1097_/X
 _1098_/X
 _1099_/Y
 _1100_/Y
 _1101_/Y
 _1102_/X
 _1103_/Y
 _1104_/X
 _1105_/X
 _1106_/Y
 _1107_/X
 _1108_/X
 _1109_/X
 _1110_/X
 _1111_/X
 _1112_/Y
 _1113_/X
 _1114_/X
 _1115_/Y
 _1116_/Y
 _1117_/X
 _1118_/Y
 _1119_/X
 _1120_/Y
 _1121_/Y
 _1122_/Y
 _1123_/X
 _1124_/Y
 _1125_/X
 _1126_/Y
 _1127_/X
 _1128_/X
 _1129_/X
 _1130_/X
 _1131_/X
 _1132_/X
 _1133_/X
 _1134_/Y
 _1135_/Y
 _1136_/Y
 _1137_/X
 _1138_/Y
 _1139_/Y
 _1140_/Y
 _1141_/X
 _1142_/Y
 _1143_/X
 _1144_/Y
 _1145_/X
 _1146_/X
 _1147_/Y
 _1148_/Y
 _1149_/Y
 _1150_/Y
 _1151_/X
 _1152_/X
 _1153_/Y
 _1154_/Y
 _1155_/Y
 _1156_/X
 _1157_/Y
 _1158_/X
 _1159_/Y
 _1160_/Y
 _1161_/X
 _1162_/Y
 _1163_/X
 _1164_/X
 _1165_/Y
 _1166_/X
 _1167_/X
 _1168_/X
 _1169_/X
 _1170_/X
 _1171_/Y
 _1172_/X
 _1173_/X
 _1174_/X
 _1175_/X
 _1176_/Y
 _1177_/X
 _1178_/X
 _1179_/X
 _1180_/Y
 _1181_/Y
 _1182_/Y
 _1183_/X
 _1184_/X
 _1185_/Y
 _1186_/X
 _1187_/Y
 _1188_/Y
 _1189_/X
 _1190_/Y
 _1191_/X
 _1192_/Y
 _1193_/X
 _1194_/Y
 _1195_/X
 _1196_/X
 _1197_/X
 _1198_/Y
 _1199_/Y
 _1200_/Y
 _1201_/Y
 _1202_/X
 _1203_/X
 _1204_/Y
 _1205_/X
 _1206_/Y
 _1207_/X
 _1208_/Y
 _1209_/Y
 _1210_/Y
 _1211_/X
 _1212_/Y
 _1213_/Y
 _1214_/X
 _1215_/X
 _1216_/X
 _1217_/Y
 _1218_/Y
 _1219_/X
 _1220_/Y
 _1221_/Y
 _1222_/Y
 _1223_/Y
 _1224_/X
 _1225_/X
 _1226_/X
 _1227_/Y
 _1228_/X
 _1229_/X
 _1230_/Y
 _1231_/X
 _1232_/X
 _1233_/X
 _1234_/Y
 _1235_/X
 _1236_/Y
 _1237_/Y
 _1238_/Y
 _1239_/Y
 _1240_/X
 _1241_/Y
 _1242_/X
 _1243_/Y
 _1244_/X
 _1245_/X
 _1246_/Y
 _1247_/X
 _1248_/X
 _1249_/Y
 _1250_/Y
 _1251_/X
 _1252_/Y
 _1253_/Y
 _1254_/X
 _1255_/Y
 _1256_/Y
 _1257_/X
 _1258_/Y
 _1259_/X
 _1260_/X
 _1261_/Y
 _1262_/X
 _1263_/X
 _1264_/X
 _1265_/Y
 _1266_/Y
 _1267_/X
 _1268_/X
 _1269_/Y
 _1270_/X
 _1271_/Y
 _1272_/X
 _1273_/X
 _1274_/X
 _1275_/X
 _1276_/X
 _1277_/Y
 _1278_/X
 _1279_/Y
 _1280_/X
 _1281_/Q
 _1282_/Q
 _1283_/Q
 _1284_/Q
 _1285_/Q
 _1286_/Q
 _1287_/Q
 _1288_/Q
 _1289_/Q
 _1290_/Q
 _1291_/Q
 _1292_/Q
 _1293_/Q
 _1294_/Q
 _1295_/Q
 _1296_/Q
 _1297_/Q
 _1298_/Q
 _1299_/Q
 _1300_/Q
 _1301_/Q
 _1302_/Q
 _1303_/Q
 _1304_/Q
 _1305_/Q
 _1306_/Q
 _1307_/Q
 _1308_/Q
 _1309_/Q
 _1310_/Q
 _1311_/Q
 _1312_/Q
 _1313_/Q
 _1314_/Q
 _1315_/Q
 _1316_/Q
 _1317_/Q
 _1318_/Q
 _1319_/Q
 _1320_/Q
 _1321_/Q
 _1322_/Q
 _1323_/Q
 _1324_/Q
 _1325_/Q
 _1326_/Q
 _1327_/Q
 _1328_/Q
 _1329_/Q
 _1330_/Q
 _1331_/Q
 _1332_/Q
 _1333_/Q
 _1334_/Q
 _1335_/Q
 _1336_/Q
 _1337_/Q
 _1338_/Q
 _1339_/Q
 _1340_/Q
 _1341_/Q
 _1342_/Q
 _1343_/Q
 _1344_/Q
 _1345_/Q
 _1346_/Q
 _1347_/Q
 _1348_/Q
 _1349_/Q
 _1350_/Q
 _1351_/Q
 _1352_/Q
 _1353_/Q
 _1354_/Q
 _1355_/Q
 _1356_/Q
 _1357_/Q
 _1358_/Q
 _1359_/Q
 _1360_/Q
 _1361_/Q
 _1362_/Q
 _1363_/Q
 _1364_/Q
 _1365_/Q
 _1366_/Q
 _1367_/Q
 _1368_/Q
 _1369_/Q
 _1370_/Q
 _1371_/Q
 _1372_/Q
 _1373_/Q
 _1374_/Q
 _1375_/Q
 _1376_/Q
 _1377_/Q
 _1378_/Q
 _1379_/Q
 _1380_/Q
 clkbuf_0_clk/X
 clkbuf_3_0__f_clk/X
 clkbuf_3_1__f_clk/X
 clkbuf_3_2__f_clk/X
 clkbuf_3_3__f_clk/X
 clkbuf_3_4__f_clk/X
 clkbuf_3_5__f_clk/X
 clkbuf_3_6__f_clk/X
 clkbuf_3_7__f_clk/X
 clkload0/X
 clkload1/Y
 clkload2/Y
 clkload3/Y
 clkload4/Y
 clkload5/Y
 clkload6/Y
 clone44/X
 input1/X
 load_slew17/X
 load_slew22/X
 max_cap13/X
 max_cap14/X
 max_cap18/X
 max_cap21/X
 output10/X
 output11/X
 output12/X
 output2/X
 output3/X
 output4/X
 output5/X
 output6/X
 output7/X
 output8/X
 output9/X
 rebuffer1/X
 rebuffer10/X
 rebuffer11/X
 rebuffer12/X
 rebuffer13/X
 rebuffer14/X
 rebuffer15/X
 rebuffer16/X
 rebuffer17/X
 rebuffer18/X
 rebuffer19/X
 rebuffer2/X
 rebuffer20/X
 rebuffer21/X
 rebuffer22/X
 rebuffer23/X
 rebuffer24/X
 rebuffer25/X
 rebuffer26/X
 rebuffer27/X
 rebuffer28/X
 rebuffer29/X
 rebuffer3/X
 rebuffer30/X
 rebuffer31/X
 rebuffer32/X
 rebuffer33/X
 rebuffer34/X
 rebuffer35/X
 rebuffer36/X
 rebuffer37/X
 rebuffer38/X
 rebuffer39/X
 rebuffer4/X
 rebuffer40/X
 rebuffer41/X
 rebuffer42/X
 rebuffer43/X
 rebuffer44/X
 rebuffer45/X
 rebuffer46/X
 rebuffer47/X
 rebuffer48/X
 rebuffer49/X
 rebuffer5/X
 rebuffer50/X
 rebuffer51/X
 rebuffer52/X
 rebuffer53/X
 rebuffer54/X
 rebuffer55/X
 rebuffer56/X
 rebuffer57/X
 rebuffer58/X
 rebuffer59/X
 rebuffer6/X
 rebuffer60/X
 rebuffer61/X
 rebuffer62/X
 rebuffer63/X
 rebuffer64/X
 rebuffer65/X
 rebuffer66/X
 rebuffer67/X
 rebuffer68/X
 rebuffer69/X
 rebuffer7/X
 rebuffer8/X
 rebuffer9/X
 wire15/X
 wire16/X
 wire19/X
 wire20/X
Found 0 partially unannotated drivers.

===========================================================================
max slew violation count 0
max fanout violation count 0
max cap violation count 0
============================================================================

===========================================================================
check_setup -verbose -unconstrained_endpoints -multiple_clock -no_clock -no_input_delay -loops -generated_clocks
===========================================================================
Warning: There are 2 input ports missing set_input_delay.
  control
  reset
Warning: There are 11 unconstrained endpoints.
  an[0]
  an[1]
  an[2]
  an[3]
  seg[0]
  seg[1]
  seg[2]
  seg[3]
  seg[4]
  seg[5]
  seg[6]
