
===========================================================================
report_checks -unconstrained
===========================================================================
======================= Fastest Corner ===================================

Startpoint: _290_ (rising edge-triggered flip-flop clocked by core_clock)
Endpoint: _291_ (rising edge-triggered flip-flop clocked by core_clock)
Path Group: core_clock
Path Type: max
Corner: Fastest

Fanout     Cap    Slew   Delay    Time   Description
-----------------------------------------------------------------------------
                          0.00    0.00   clock core_clock (rise edge)
                          0.00    0.00   clock source latency
     1    0.02    0.00    0.00    0.00 ^ clk (in)
                                         clk (net)
                  0.00    0.00    0.00 ^ clkbuf_0_clk/A (sky130_fd_sc_hd__clkbuf_16)
     8    0.08    0.08    0.11    0.11 ^ clkbuf_0_clk/X (sky130_fd_sc_hd__clkbuf_16)
                                         clknet_0_clk (net)
                  0.08    0.00    0.12 ^ clkbuf_3_6__f_clk/A (sky130_fd_sc_hd__clkbuf_16)
     7    0.03    0.04    0.10    0.22 ^ clkbuf_3_6__f_clk/X (sky130_fd_sc_hd__clkbuf_16)
                                         clknet_3_6__leaf_clk (net)
                  0.04    0.00    0.22 ^ _290_/CLK (sky130_fd_sc_hd__dfrtp_1)
     2    0.01    0.04    0.24    0.46 v _290_/Q (sky130_fd_sc_hd__dfrtp_1)
                                         dsa[11].last_carry (net)
                  0.04    0.00    0.46 v _167_/C (sky130_fd_sc_hd__nand3_1)
     2    0.01    0.07    0.08    0.53 ^ _167_/Y (sky130_fd_sc_hd__nand3_1)
                                         _080_ (net)
                  0.07    0.00    0.53 ^ _168_/B (sky130_fd_sc_hd__nand2_1)
     1    0.01    0.03    0.04    0.58 v _168_/Y (sky130_fd_sc_hd__nand2_1)
                                         _081_ (net)
                  0.03    0.00    0.58 v _169_/B (sky130_fd_sc_hd__xnor2_1)
     1    0.01    0.14    0.13    0.71 ^ _169_/Y (sky130_fd_sc_hd__xnor2_1)
                                         dsa[11].y_out_next (net)
                  0.14    0.00    0.71 ^ _291_/D (sky130_fd_sc_hd__dfrtp_1)
                                  0.71   data arrival time

                         10.00   10.00   clock core_clock (rise edge)
                          0.00   10.00   clock source latency
     1    0.02    0.00    0.00   10.00 ^ clk (in)
                                         clk (net)
                  0.00    0.00   10.00 ^ clkbuf_0_clk/A (sky130_fd_sc_hd__clkbuf_16)
     8    0.08    0.08    0.11   10.11 ^ clkbuf_0_clk/X (sky130_fd_sc_hd__clkbuf_16)
                                         clknet_0_clk (net)
                  0.08    0.00   10.12 ^ clkbuf_3_3__f_clk/A (sky130_fd_sc_hd__clkbuf_16)
    10    0.03    0.04    0.11   10.22 ^ clkbuf_3_3__f_clk/X (sky130_fd_sc_hd__clkbuf_16)
                                         clknet_3_3__leaf_clk (net)
                  0.04    0.00   10.22 ^ _291_/CLK (sky130_fd_sc_hd__dfrtp_1)
                          0.00   10.22   clock reconvergence pessimism
                         -0.04   10.18   library setup time
                                 10.18   data required time
-----------------------------------------------------------------------------
                                 10.18   data required time
                                 -0.71   data arrival time
-----------------------------------------------------------------------------
                                  9.47   slack (MET)



======================= Slowest Corner ===================================

Startpoint: _326_ (rising edge-triggered flip-flop clocked by core_clock)
Endpoint: _326_ (rising edge-triggered flip-flop clocked by core_clock)
Path Group: core_clock
Path Type: max
Corner: Slowest

Fanout     Cap    Slew   Delay    Time   Description
-----------------------------------------------------------------------------
                          0.00    0.00   clock core_clock (rise edge)
                          0.00    0.00   clock source latency
     1    0.02    0.00    0.00    0.00 ^ clk (in)
                                         clk (net)
                  0.00    0.00    0.00 ^ clkbuf_0_clk/A (sky130_fd_sc_hd__clkbuf_16)
     8    0.08    0.15    0.27    0.27 ^ clkbuf_0_clk/X (sky130_fd_sc_hd__clkbuf_16)
                                         clknet_0_clk (net)
                  0.15    0.00    0.27 ^ clkbuf_3_0__f_clk/A (sky130_fd_sc_hd__clkbuf_16)
     9    0.03    0.08    0.28    0.55 ^ clkbuf_3_0__f_clk/X (sky130_fd_sc_hd__clkbuf_16)
                                         clknet_3_0__leaf_clk (net)
                  0.08    0.00    0.55 ^ _326_/CLK (sky130_fd_sc_hd__dfrtp_1)
     2    0.01    0.11    0.78    1.32 v _326_/Q (sky130_fd_sc_hd__dfrtp_1)
                                         dsa[29].last_carry (net)
                  0.11    0.00    1.32 v _162_/B1 (sky130_fd_sc_hd__a21o_1)
     2    0.01    0.10    0.33    1.66 v _162_/X (sky130_fd_sc_hd__a21o_1)
                                         _076_ (net)
                  0.10    0.00    1.66 v _221_/A2 (sky130_fd_sc_hd__a21bo_1)
     1    0.00    0.06    0.34    2.00 v _221_/X (sky130_fd_sc_hd__a21bo_1)
                                         dsa[29].last_carry_next (net)
                  0.06    0.00    2.00 v _326_/D (sky130_fd_sc_hd__dfrtp_1)
                                  2.00   data arrival time

                         10.00   10.00   clock core_clock (rise edge)
                          0.00   10.00   clock source latency
     1    0.02    0.00    0.00   10.00 ^ clk (in)
                                         clk (net)
                  0.00    0.00   10.00 ^ clkbuf_0_clk/A (sky130_fd_sc_hd__clkbuf_16)
     8    0.08    0.15    0.27   10.27 ^ clkbuf_0_clk/X (sky130_fd_sc_hd__clkbuf_16)
                                         clknet_0_clk (net)
                  0.15    0.00   10.27 ^ clkbuf_3_0__f_clk/A (sky130_fd_sc_hd__clkbuf_16)
     9    0.03    0.08    0.28   10.55 ^ clkbuf_3_0__f_clk/X (sky130_fd_sc_hd__clkbuf_16)
                                         clknet_3_0__leaf_clk (net)
                  0.08    0.00   10.55 ^ _326_/CLK (sky130_fd_sc_hd__dfrtp_1)
                          0.00   10.55   clock reconvergence pessimism
                         -0.27   10.28   library setup time
                                 10.28   data required time
-----------------------------------------------------------------------------
                                 10.28   data required time
                                 -2.00   data arrival time
-----------------------------------------------------------------------------
                                  8.28   slack (MET)



======================= Typical Corner ===================================

Startpoint: _290_ (rising edge-triggered flip-flop clocked by core_clock)
Endpoint: _291_ (rising edge-triggered flip-flop clocked by core_clock)
Path Group: core_clock
Path Type: max
Corner: Typical

Fanout     Cap    Slew   Delay    Time   Description
-----------------------------------------------------------------------------
                          0.00    0.00   clock core_clock (rise edge)
                          0.00    0.00   clock source latency
     1    0.02    0.00    0.00    0.00 ^ clk (in)
                                         clk (net)
                  0.00    0.00    0.00 ^ clkbuf_0_clk/A (sky130_fd_sc_hd__clkbuf_16)
     8    0.08    0.10    0.16    0.16 ^ clkbuf_0_clk/X (sky130_fd_sc_hd__clkbuf_16)
                                         clknet_0_clk (net)
                  0.10    0.00    0.16 ^ clkbuf_3_6__f_clk/A (sky130_fd_sc_hd__clkbuf_16)
     7    0.03    0.05    0.15    0.31 ^ clkbuf_3_6__f_clk/X (sky130_fd_sc_hd__clkbuf_16)
                                         clknet_3_6__leaf_clk (net)
                  0.05    0.00    0.31 ^ _290_/CLK (sky130_fd_sc_hd__dfrtp_1)
     2    0.01    0.06    0.38    0.69 v _290_/Q (sky130_fd_sc_hd__dfrtp_1)
                                         dsa[11].last_carry (net)
                  0.06    0.00    0.69 v _166_/B1 (sky130_fd_sc_hd__a21o_1)
     2    0.01    0.04    0.16    0.85 v _166_/X (sky130_fd_sc_hd__a21o_1)
                                         _079_ (net)
                  0.04    0.00    0.85 v _168_/A (sky130_fd_sc_hd__nand2_1)
     1    0.01    0.07    0.07    0.93 ^ _168_/Y (sky130_fd_sc_hd__nand2_1)
                                         _081_ (net)
                  0.07    0.00    0.93 ^ _169_/B (sky130_fd_sc_hd__xnor2_1)
     1    0.01    0.20    0.14    1.07 ^ _169_/Y (sky130_fd_sc_hd__xnor2_1)
                                         dsa[11].y_out_next (net)
                  0.20    0.00    1.07 ^ _291_/D (sky130_fd_sc_hd__dfrtp_1)
                                  1.07   data arrival time

                         10.00   10.00   clock core_clock (rise edge)
                          0.00   10.00   clock source latency
     1    0.02    0.00    0.00   10.00 ^ clk (in)
                                         clk (net)
                  0.00    0.00   10.00 ^ clkbuf_0_clk/A (sky130_fd_sc_hd__clkbuf_16)
     8    0.08    0.10    0.16   10.16 ^ clkbuf_0_clk/X (sky130_fd_sc_hd__clkbuf_16)
                                         clknet_0_clk (net)
                  0.10    0.00   10.16 ^ clkbuf_3_3__f_clk/A (sky130_fd_sc_hd__clkbuf_16)
    10    0.03    0.05    0.16   10.32 ^ clkbuf_3_3__f_clk/X (sky130_fd_sc_hd__clkbuf_16)
                                         clknet_3_3__leaf_clk (net)
                  0.05    0.00   10.32 ^ _291_/CLK (sky130_fd_sc_hd__dfrtp_1)
                          0.00   10.32   clock reconvergence pessimism
                         -0.09   10.23   library setup time
                                 10.23   data required time
-----------------------------------------------------------------------------
                                 10.23   data required time
                                 -1.07   data arrival time
-----------------------------------------------------------------------------
                                  9.15   slack (MET)




===========================================================================
report_checks --slack_max -0.01
============================================================================
======================= Fastest Corner ===================================

No paths found.

======================= Slowest Corner ===================================

No paths found.

======================= Typical Corner ===================================

No paths found.


===========================================================================
 report_check_types -max_slew -max_cap -max_fanout -violators
============================================================================
======================= Fastest Corner ===================================


max slew violations count Fastest: 0
max fanout violations count Fastest: 0
max cap violations count Fastest: 0
======================= Slowest Corner ===================================


max slew violations count Slowest: 0
max fanout violations count Slowest: 0
max cap violations count Slowest: 0
======================= Typical Corner ===================================


max slew violations count Typical: 0
max fanout violations count Typical: 0
max cap violations count Typical: 0

===========================================================================
report_parasitic_annotation -report_unannotated
============================================================================
Found 6 unannotated drivers.
 clkload0/Y
 clkload1/Y
 clkload2/Y
 clkload3/Y
 clkload4/Y
 clkload5/X
Found 0 partially unannotated drivers.

===========================================================================
max slew violation count 0
max fanout violation count 0
max cap violation count 0
============================================================================

===========================================================================
check_setup -verbose -unconstrained_endpoints -multiple_clock -no_clock -no_input_delay -loops -generated_clocks
===========================================================================
Warning: There are 34 input ports missing set_input_delay.
  a[0]
  a[10]
  a[11]
  a[12]
  a[13]
  a[14]
  a[15]
  a[16]
  a[17]
  a[18]
  a[19]
  a[1]
  a[20]
  a[21]
  a[22]
  a[23]
  a[24]
  a[25]
  a[26]
  a[27]
  a[28]
  a[29]
  a[2]
  a[30]
  a[31]
  a[3]
  a[4]
  a[5]
  a[6]
  a[7]
  a[8]
  a[9]
  rst
  x
Warning: There is 1 unconstrained endpoint.
  y
