
===========================================================================
report_checks -unconstrained
===========================================================================
======================= Typical Corner ===================================

Startpoint: _5425_ (rising edge-triggered flip-flop clocked by core_clock)
Endpoint: _5405_ (rising edge-triggered flip-flop clocked by core_clock)
Path Group: core_clock
Path Type: max

Fanout     Cap    Slew   Delay    Time   Description
-----------------------------------------------------------------------------
                          0.00    0.00   clock core_clock (rise edge)
                          0.00    0.00   clock source latency
     1    0.03    0.00    0.00    0.00 ^ clk (in)
                                         clk (net)
                  0.00    0.00    0.00 ^ clkbuf_0_clk/A (sky130_fd_sc_hd__clkbuf_16)
     4    0.03    0.05    0.12    0.12 ^ clkbuf_0_clk/X (sky130_fd_sc_hd__clkbuf_16)
                                         clknet_0_clk (net)
                  0.05    0.00    0.12 ^ clkbuf_2_0__f_clk/A (sky130_fd_sc_hd__clkbuf_16)
     9    0.05    0.08    0.16    0.28 ^ clkbuf_2_0__f_clk/X (sky130_fd_sc_hd__clkbuf_16)
                                         clknet_2_0__leaf_clk (net)
                  0.08    0.00    0.28 ^ clkbuf_leaf_42_clk/A (sky130_fd_sc_hd__clkbuf_8)
    11    0.04    0.07    0.16    0.44 ^ clkbuf_leaf_42_clk/X (sky130_fd_sc_hd__clkbuf_8)
                                         clknet_leaf_42_clk (net)
                  0.07    0.00    0.44 ^ _5425_/CLK (sky130_fd_sc_hd__dfrtp_1)
     4    0.01    0.08    0.41    0.85 v _5425_/Q (sky130_fd_sc_hd__dfrtp_1)
                                         cpu_inst.decoder_inst.current_pc[25] (net)
                  0.08    0.00    0.85 v _2539_/A (sky130_fd_sc_hd__or4_4)
     2    0.01    0.09    0.54    1.39 v _2539_/X (sky130_fd_sc_hd__or4_4)
                                         _0504_ (net)
                  0.09    0.00    1.39 v _2550_/A (sky130_fd_sc_hd__or4_4)
     4    0.01    0.10    0.57    1.96 v _2550_/X (sky130_fd_sc_hd__or4_4)
                                         _0515_ (net)
                  0.10    0.00    1.96 v _2551_/A (sky130_fd_sc_hd__buf_6)
     5    0.01    0.03    0.14    2.10 v _2551_/X (sky130_fd_sc_hd__buf_6)
                                         _0516_ (net)
                  0.03    0.00    2.10 v _2572_/A (sky130_fd_sc_hd__buf_6)
    10    0.02    0.04    0.12    2.23 v _2572_/X (sky130_fd_sc_hd__buf_6)
                                         _0537_ (net)
                  0.04    0.00    2.23 v _2585_/A (sky130_fd_sc_hd__or4_4)
     4    0.01    0.10    0.55    2.77 v _2585_/X (sky130_fd_sc_hd__or4_4)
                                         _0550_ (net)
                  0.10    0.00    2.77 v _2588_/A (sky130_fd_sc_hd__and3_4)
     3    0.01    0.04    0.18    2.96 v _2588_/X (sky130_fd_sc_hd__and3_4)
                                         _0553_ (net)
                  0.04    0.00    2.96 v _2595_/B (sky130_fd_sc_hd__nand2_4)
     6    0.03    0.09    0.10    3.05 ^ _2595_/Y (sky130_fd_sc_hd__nand2_4)
                                         _0560_ (net)
                  0.09    0.00    3.05 ^ _2620_/S (sky130_fd_sc_hd__mux2_2)
     1    0.00    0.05    0.34    3.40 v _2620_/X (sky130_fd_sc_hd__mux2_2)
                                         _0585_ (net)
                  0.05    0.00    3.40 v _2624_/A2 (sky130_fd_sc_hd__o211a_1)
     1    0.00    0.04    0.21    3.61 v _2624_/X (sky130_fd_sc_hd__o211a_1)
                                         _0589_ (net)
                  0.04    0.00    3.61 v _2625_/C1 (sky130_fd_sc_hd__a211o_1)
     1    0.00    0.05    0.23    3.83 v _2625_/X (sky130_fd_sc_hd__a211o_1)
                                         _0590_ (net)
                  0.05    0.00    3.83 v _2642_/A2 (sky130_fd_sc_hd__a21o_1)
     2    0.01    0.05    0.19    4.03 v _2642_/X (sky130_fd_sc_hd__a21o_1)
                                         _0607_ (net)
                  0.05    0.00    4.03 v _2777_/A1 (sky130_fd_sc_hd__a32o_2)
     2    0.01    0.05    0.25    4.27 v _2777_/X (sky130_fd_sc_hd__a32o_2)
                                         _0742_ (net)
                  0.05    0.00    4.27 v _2806_/B (sky130_fd_sc_hd__or4_4)
     3    0.02    0.12    0.56    4.84 v _2806_/X (sky130_fd_sc_hd__or4_4)
                                         _0771_ (net)
                  0.12    0.00    4.84 v _2967_/A2 (sky130_fd_sc_hd__o21a_1)
     2    0.01    0.05    0.21    5.05 v _2967_/X (sky130_fd_sc_hd__o21a_1)
                                         _0932_ (net)
                  0.05    0.00    5.05 v _2968_/S (sky130_fd_sc_hd__mux2_1)
     2    0.01    0.07    0.22    5.27 ^ _2968_/X (sky130_fd_sc_hd__mux2_1)
                                         _0933_ (net)
                  0.07    0.00    5.27 ^ _2969_/B_N (sky130_fd_sc_hd__or2b_4)
     3    0.01    0.05    0.28    5.54 v _2969_/X (sky130_fd_sc_hd__or2b_4)
                                         _0934_ (net)
                  0.05    0.00    5.54 v _2985_/A2 (sky130_fd_sc_hd__a211o_4)
     5    0.02    0.07    0.36    5.91 v _2985_/X (sky130_fd_sc_hd__a211o_4)
                                         _0950_ (net)
                  0.07    0.00    5.91 v _3054_/A1 (sky130_fd_sc_hd__a2111o_1)
     3    0.01    0.09    0.41    6.32 v _3054_/X (sky130_fd_sc_hd__a2111o_1)
                                         _1019_ (net)
                  0.09    0.00    6.32 v _3061_/A2 (sky130_fd_sc_hd__a21o_1)
     3    0.01    0.06    0.22    6.54 v _3061_/X (sky130_fd_sc_hd__a21o_1)
                                         _1026_ (net)
                  0.06    0.00    6.54 v _3084_/A (sky130_fd_sc_hd__or2_4)
     3    0.01    0.05    0.26    6.80 v _3084_/X (sky130_fd_sc_hd__or2_4)
                                         _1049_ (net)
                  0.05    0.00    6.80 v _3110_/A1 (sky130_fd_sc_hd__a32o_2)
     2    0.01    0.05    0.25    7.05 v _3110_/X (sky130_fd_sc_hd__a32o_2)
                                         _1075_ (net)
                  0.05    0.00    7.05 v _4644_/A (sky130_fd_sc_hd__or3_4)
     1    0.00    0.07    0.38    7.43 v _4644_/X (sky130_fd_sc_hd__or3_4)
                                         _2277_ (net)
                  0.07    0.00    7.43 v _4645_/D (sky130_fd_sc_hd__or4_4)
     1    0.00    0.08    0.41    7.84 v _4645_/X (sky130_fd_sc_hd__or4_4)
                                         _2278_ (net)
                  0.08    0.00    7.84 v _4646_/C (sky130_fd_sc_hd__or3_4)
     1    0.00    0.07    0.33    8.17 v _4646_/X (sky130_fd_sc_hd__or3_4)
                                         _2279_ (net)
                  0.07    0.00    8.17 v _4647_/D (sky130_fd_sc_hd__or4_4)
     1    0.00    0.08    0.41    8.58 v _4647_/X (sky130_fd_sc_hd__or4_4)
                                         _2280_ (net)
                  0.08    0.00    8.58 v _4648_/D (sky130_fd_sc_hd__or4_4)
     1    0.01    0.09    0.43    9.01 v _4648_/X (sky130_fd_sc_hd__or4_4)
                                         _2281_ (net)
                  0.09    0.00    9.01 v _4651_/C (sky130_fd_sc_hd__or4_4)
     8    0.01    0.10    0.52    9.53 v _4651_/X (sky130_fd_sc_hd__or4_4)
                                         _2284_ (net)
                  0.10    0.00    9.53 v _4661_/A (sky130_fd_sc_hd__and3_1)
     3    0.01    0.06    0.19    9.72 v _4661_/X (sky130_fd_sc_hd__and3_1)
                                         _2292_ (net)
                  0.06    0.00    9.72 v _4662_/A (sky130_fd_sc_hd__buf_6)
    10    0.03    0.04    0.14    9.86 v _4662_/X (sky130_fd_sc_hd__buf_6)
                                         _2293_ (net)
                  0.04    0.00    9.86 v _4672_/B2 (sky130_fd_sc_hd__a2bb2o_1)
     1    0.00    0.05    0.23   10.09 v _4672_/X (sky130_fd_sc_hd__a2bb2o_1)
                                         _0325_ (net)
                  0.05    0.00   10.09 v _5405_/D (sky130_fd_sc_hd__dfrtp_2)
                                 10.09   data arrival time

                         15.00   15.00   clock core_clock (rise edge)
                          0.00   15.00   clock source latency
     1    0.03    0.00    0.00   15.00 ^ clk (in)
                                         clk (net)
                  0.00    0.00   15.00 ^ clkbuf_0_clk/A (sky130_fd_sc_hd__clkbuf_16)
     4    0.03    0.05    0.12   15.12 ^ clkbuf_0_clk/X (sky130_fd_sc_hd__clkbuf_16)
                                         clknet_0_clk (net)
                  0.05    0.00   15.12 ^ clkbuf_2_0__f_clk/A (sky130_fd_sc_hd__clkbuf_16)
     9    0.05    0.08    0.16   15.28 ^ clkbuf_2_0__f_clk/X (sky130_fd_sc_hd__clkbuf_16)
                                         clknet_2_0__leaf_clk (net)
                  0.08    0.00   15.28 ^ clkbuf_leaf_0_clk/A (sky130_fd_sc_hd__clkbuf_8)
    12    0.03    0.07    0.16   15.44 ^ clkbuf_leaf_0_clk/X (sky130_fd_sc_hd__clkbuf_8)
                                         clknet_leaf_0_clk (net)
                  0.07    0.00   15.44 ^ _5405_/CLK (sky130_fd_sc_hd__dfrtp_2)
                          0.00   15.44   clock reconvergence pessimism
                         -0.11   15.33   library setup time
                                 15.33   data required time
-----------------------------------------------------------------------------
                                 15.33   data required time
                                -10.09   data arrival time
-----------------------------------------------------------------------------
                                  5.23   slack (MET)




===========================================================================
report_checks --slack_max -0.01
============================================================================
======================= Typical Corner ===================================

No paths found.


===========================================================================
 report_check_types -max_slew -max_cap -max_fanout -violators
============================================================================
======================= Typical Corner ===================================


max slew violations count Typical: 0
max fanout violations count Typical: 0
max cap violations count Typical: 0

===========================================================================
report_parasitic_annotation -report_unannotated
============================================================================
Found 42 unannotated drivers.
 clkload0/Y
 clkload1/Y
 clkload10/Y
 clkload11/Y
 clkload12/X
 clkload13/Y
 clkload14/Y
 clkload15/X
 clkload16/Y
 clkload17/Y
 clkload18/Y
 clkload19/Y
 clkload2/X
 clkload20/Y
 clkload21/Y
 clkload22/Y
 clkload23/Y
 clkload24/Y
 clkload25/Y
 clkload26/Y
 clkload27/Y
 clkload28/Y
 clkload29/Y
 clkload3/Y
 clkload30/Y
 clkload31/Y
 clkload32/Y
 clkload33/Y
 clkload34/Y
 clkload35/Y
 clkload36/Y
 clkload37/Y
 clkload38/Y
 clkload39/Y
 clkload4/Y
 clkload40/X
 clkload41/Y
 clkload5/Y
 clkload6/Y
 clkload7/Y
 clkload8/Y
 clkload9/Y
Found 329 partially unannotated drivers.
 clk
 res
 _2535_/Y
 _2536_/X
 _2540_/Y
 _2541_/X
 _2546_/X
 _2549_/X
 _2550_/X
 _2551_/X
 _2552_/X
 _2555_/X
 _2562_/X
 _2563_/Y
 _2564_/Y
 _2566_/X
 _2571_/X
 _2572_/X
 _2574_/Y
 _2575_/Y
 _2577_/X
 _2580_/X
 _2583_/X
 _2584_/X
 _2586_/Y
 _2588_/X
 _2589_/X
 _2591_/X
 _2592_/X
 _2593_/X
 _2594_/X
 _2596_/X
 _2597_/X
 _2598_/X
 _2602_/X
 _2604_/X
 _2609_/Y
 _2612_/X
 _2614_/X
 _2615_/X
 _2617_/Y
 _2619_/X
 _2628_/X
 _2630_/X
 _2633_/X
 _2634_/X
 _2635_/X
 _2637_/X
 _2640_/X
 _2641_/Y
 _2645_/X
 _2646_/Y
 _2647_/Y
 _2648_/X
 _2649_/X
 _2650_/X
 _2652_/Y
 _2657_/X
 _2668_/X
 _2669_/Y
 _2672_/X
 _2674_/X
 _2675_/Y
 _2677_/X
 _2679_/Y
 _2682_/X
 _2683_/X
 _2687_/X
 _2689_/X
 _2690_/X
 _2692_/X
 _2693_/Y
 _2701_/X
 _2702_/X
 _2710_/X
 _2715_/Y
 _2716_/Y
 _2717_/Y
 _2718_/X
 _2719_/X
 _2722_/X
 _2723_/Y
 _2731_/X
 _2733_/X
 _2734_/X
 _2736_/X
 _2745_/Y
 _2749_/X
 _2756_/X
 _2760_/X
 _2764_/X
 _2766_/X
 _2767_/Y
 _2768_/X
 _2770_/X
 _2781_/X
 _2815_/X
 _2859_/X
 _2878_/X
 _2879_/X
 _2883_/X
 _2884_/X
 _2885_/X
 _2889_/X
 _2894_/X
 _2895_/X
 _2898_/X
 _2899_/X
 _2911_/X
 _2913_/Y
 _2918_/X
 _2922_/X
 _2945_/Y
 _2951_/X
 _2953_/X
 _2956_/X
 _2963_/X
 _2982_/X
 _2996_/X
 _3006_/X
 _3007_/X
 _3016_/X
 _3020_/X
 _3030_/X
 _3035_/X
 _3057_/X
 _3058_/X
 _3067_/X
 _3094_/X
 _3099_/X
 _3104_/X
 _3105_/Y
 _3112_/X
 _3123_/X
 _3127_/X
 _3135_/X
 _3144_/X
 _3145_/X
 _3163_/X
 _3166_/X
 _3178_/Y
 _3191_/X
 _3199_/X
 _3202_/Y
 _3203_/Y
 _3209_/Y
 _3218_/X
 _3227_/X
 _3231_/Y
 _3239_/Y
 _3240_/X
 _3249_/Y
 _3250_/Y
 _3257_/X
 _3258_/X
 _3279_/X
 _3295_/X
 _3323_/X
 _3324_/Y
 _3325_/Y
 _3326_/Y
 _3330_/X
 _3333_/X
 _3336_/X
 _3337_/X
 _3340_/X
 _3344_/X
 _3345_/X
 _3356_/X
 _3360_/X
 _3361_/X
 _3362_/X
 _3363_/X
 _3364_/X
 _3367_/X
 _3375_/X
 _3378_/X
 _3395_/X
 _3409_/X
 _3412_/X
 _3413_/X
 _3416_/X
 _3420_/X
 _3435_/Y
 _3447_/X
 _3448_/X
 _3454_/X
 _3457_/X
 _3473_/Y
 _3480_/X
 _3483_/Y
 _3494_/X
 _3500_/X
 _3512_/X
 _3514_/X
 _3519_/X
 _3524_/X
 _3528_/X
 _3568_/X
 _3571_/X
 _3578_/X
 _3593_/X
 _3596_/X
 _3602_/X
 _3603_/X
 _3618_/X
 _3621_/X
 _3626_/X
 _3629_/X
 _3631_/X
 _3640_/X
 _3647_/X
 _3650_/X
 _3659_/X
 _3664_/X
 _3676_/X
 _3685_/X
 _3696_/X
 _3725_/X
 _3726_/X
 _3729_/X
 _3736_/X
 _3737_/X
 _3755_/X
 _3769_/X
 _3774_/Y
 _3779_/X
 _3788_/X
 _3802_/X
 _3805_/X
 _3810_/X
 _3818_/X
 _3825_/X
 _3831_/Y
 _3839_/X
 _3840_/X
 _3844_/X
 _3849_/X
 _3858_/X
 _3864_/Y
 _3870_/X
 _3873_/X
 _3874_/X
 _3877_/X
 _3878_/X
 _3888_/X
 _3889_/Y
 _3905_/Y
 _3906_/Y
 _3911_/X
 _3916_/X
 _3923_/X
 _3944_/X
 _3962_/X
 _3974_/X
 _3978_/X
 _4011_/X
 _4017_/X
 _4018_/X
 _4020_/X
 _4022_/Y
 _4023_/Y
 _4060_/X
 _4088_/X
 _4091_/X
 _4102_/Y
 _4118_/X
 _4162_/Y
 _4164_/X
 _4165_/X
 _4187_/X
 _4208_/X
 _4296_/X
 _4297_/X
 _4321_/X
 _4430_/X
 _4454_/X
 _4477_/X
 _4562_/X
 _4563_/X
 _4569_/X
 _4586_/X
 _4607_/X
 _4631_/X
 _4651_/X
 _4664_/X
 _4691_/X
 _4698_/X
 _4718_/Y
 _4752_/X
 _4758_/X
 _4759_/X
 _4892_/X
 _4893_/X
 _4899_/X
 _4924_/X
 _4961_/X
 _4983_/X
 _5004_/X
 _5138_/Q
 _5139_/Q
 _5178_/Q
 _5197_/Q
 _5298_/Q
 _5360_/Q
 _5371_/Q
 _5382_/Q
 _5385_/Q
 _5402_/Q
 _5412_/Q
 _5413_/Q
 _5450_/Q
 _5483_/Q
 _5488_/Q
 _5510_/Q
 clkbuf_0_clk/X
 clkbuf_2_0__f_clk/X
 clkbuf_2_1__f_clk/X
 clkbuf_2_2__f_clk/X
 clkbuf_2_3__f_clk/X
 clkbuf_leaf_13_clk/X
 clkbuf_leaf_24_clk/X
 clkbuf_leaf_25_clk/X
 clkbuf_leaf_37_clk/X
 clkbuf_leaf_38_clk/X
 clone29/X
 input1/X
 rebuffer3/X
 rebuffer5/X

===========================================================================
max slew violation count 0
max fanout violation count 0
max cap violation count 0
============================================================================

===========================================================================
check_setup -verbose -unconstrained_endpoints -multiple_clock -no_clock -no_input_delay -loops -generated_clocks
===========================================================================
Warning: There are 2 input ports missing set_input_delay.
  control
  res
Warning: There are 12 unconstrained endpoints.
  an[0]
  an[1]
  an[2]
  an[3]
  seg[0]
  seg[1]
  seg[2]
  seg[3]
  seg[4]
  seg[5]
  seg[6]
  _5079_/D
