
===========================================================================
report_checks -unconstrained
===========================================================================
======================= Typical Corner ===================================

Startpoint: _5425_ (rising edge-triggered flip-flop clocked by core_clock)
Endpoint: _5405_ (rising edge-triggered flip-flop clocked by core_clock)
Path Group: core_clock
Path Type: max

Fanout     Cap    Slew   Delay    Time   Description
-----------------------------------------------------------------------------
                          0.00    0.00   clock core_clock (rise edge)
                          0.00    0.00   clock source latency
     1    0.01    0.00    0.00    0.00 ^ clk (in)
                                         clk (net)
                  0.00    0.00    0.00 ^ clkbuf_0_clk/A (sky130_fd_sc_hd__clkbuf_16)
     4    0.03    0.05    0.12    0.12 ^ clkbuf_0_clk/X (sky130_fd_sc_hd__clkbuf_16)
                                         clknet_0_clk (net)
                  0.05    0.00    0.12 ^ clkbuf_2_0__f_clk/A (sky130_fd_sc_hd__clkbuf_16)
     9    0.05    0.08    0.16    0.28 ^ clkbuf_2_0__f_clk/X (sky130_fd_sc_hd__clkbuf_16)
                                         clknet_2_0__leaf_clk (net)
                  0.08    0.00    0.28 ^ clkbuf_leaf_42_clk/A (sky130_fd_sc_hd__clkbuf_8)
    11    0.03    0.06    0.15    0.43 ^ clkbuf_leaf_42_clk/X (sky130_fd_sc_hd__clkbuf_8)
                                         clknet_leaf_42_clk (net)
                  0.06    0.00    0.43 ^ _5425_/CLK (sky130_fd_sc_hd__dfrtp_1)
     4    0.01    0.06    0.39    0.82 v _5425_/Q (sky130_fd_sc_hd__dfrtp_1)
                                         cpu_inst.decoder_inst.current_pc[25] (net)
                  0.06    0.00    0.82 v _2539_/A (sky130_fd_sc_hd__or4_4)
     2    0.00    0.08    0.53    1.34 v _2539_/X (sky130_fd_sc_hd__or4_4)
                                         _0504_ (net)
                  0.08    0.00    1.34 v _2550_/A (sky130_fd_sc_hd__or4_4)
     4    0.01    0.10    0.56    1.91 v _2550_/X (sky130_fd_sc_hd__or4_4)
                                         _0515_ (net)
                  0.10    0.00    1.91 v _2551_/A (sky130_fd_sc_hd__buf_6)
     5    0.01    0.03    0.14    2.05 v _2551_/X (sky130_fd_sc_hd__buf_6)
                                         _0516_ (net)
                  0.03    0.00    2.05 v _2572_/A (sky130_fd_sc_hd__buf_6)
    10    0.02    0.04    0.12    2.17 v _2572_/X (sky130_fd_sc_hd__buf_6)
                                         _0537_ (net)
                  0.04    0.00    2.17 v _2585_/A (sky130_fd_sc_hd__or4_4)
     4    0.01    0.09    0.54    2.71 v _2585_/X (sky130_fd_sc_hd__or4_4)
                                         _0550_ (net)
                  0.09    0.00    2.71 v _2588_/A (sky130_fd_sc_hd__and3_4)
     3    0.01    0.04    0.18    2.89 v _2588_/X (sky130_fd_sc_hd__and3_4)
                                         _0553_ (net)
                  0.04    0.00    2.89 v _2595_/B (sky130_fd_sc_hd__nand2_4)
     6    0.02    0.07    0.08    2.97 ^ _2595_/Y (sky130_fd_sc_hd__nand2_4)
                                         _0560_ (net)
                  0.07    0.00    2.97 ^ _2620_/S (sky130_fd_sc_hd__mux2_2)
     1    0.00    0.05    0.32    3.29 v _2620_/X (sky130_fd_sc_hd__mux2_2)
                                         _0585_ (net)
                  0.05    0.00    3.29 v _2624_/A2 (sky130_fd_sc_hd__o211a_1)
     1    0.00    0.04    0.19    3.49 v _2624_/X (sky130_fd_sc_hd__o211a_1)
                                         _0589_ (net)
                  0.04    0.00    3.49 v _2625_/C1 (sky130_fd_sc_hd__a211o_1)
     1    0.00    0.05    0.21    3.70 v _2625_/X (sky130_fd_sc_hd__a211o_1)
                                         _0590_ (net)
                  0.05    0.00    3.70 v _2642_/A2 (sky130_fd_sc_hd__a21o_1)
     2    0.00    0.04    0.18    3.88 v _2642_/X (sky130_fd_sc_hd__a21o_1)
                                         _0607_ (net)
                  0.04    0.00    3.88 v _2777_/A1 (sky130_fd_sc_hd__a32o_2)
     2    0.00    0.04    0.23    4.11 v _2777_/X (sky130_fd_sc_hd__a32o_2)
                                         _0742_ (net)
                  0.04    0.00    4.11 v _2806_/B (sky130_fd_sc_hd__or4_4)
     3    0.02    0.12    0.56    4.67 v _2806_/X (sky130_fd_sc_hd__or4_4)
                                         _0771_ (net)
                  0.12    0.00    4.67 v _2967_/A2 (sky130_fd_sc_hd__o21a_1)
     2    0.01    0.05    0.20    4.87 v _2967_/X (sky130_fd_sc_hd__o21a_1)
                                         _0932_ (net)
                  0.05    0.00    4.87 v _2968_/S (sky130_fd_sc_hd__mux2_1)
     2    0.00    0.06    0.20    5.07 ^ _2968_/X (sky130_fd_sc_hd__mux2_1)
                                         _0933_ (net)
                  0.06    0.00    5.07 ^ _2969_/B_N (sky130_fd_sc_hd__or2b_4)
     3    0.01    0.05    0.27    5.34 v _2969_/X (sky130_fd_sc_hd__or2b_4)
                                         _0934_ (net)
                  0.05    0.00    5.34 v _2985_/A2 (sky130_fd_sc_hd__a211o_4)
     5    0.01    0.07    0.35    5.69 v _2985_/X (sky130_fd_sc_hd__a211o_4)
                                         _0950_ (net)
                  0.07    0.00    5.69 v _3054_/A1 (sky130_fd_sc_hd__a2111o_1)
     3    0.01    0.08    0.39    6.08 v _3054_/X (sky130_fd_sc_hd__a2111o_1)
                                         _1019_ (net)
                  0.08    0.00    6.08 v _3061_/A2 (sky130_fd_sc_hd__a21o_1)
     3    0.01    0.05    0.21    6.28 v _3061_/X (sky130_fd_sc_hd__a21o_1)
                                         _1026_ (net)
                  0.05    0.00    6.28 v _3084_/A (sky130_fd_sc_hd__or2_4)
     3    0.01    0.05    0.25    6.54 v _3084_/X (sky130_fd_sc_hd__or2_4)
                                         _1049_ (net)
                  0.05    0.00    6.54 v _3110_/A1 (sky130_fd_sc_hd__a32o_2)
     2    0.00    0.04    0.24    6.77 v _3110_/X (sky130_fd_sc_hd__a32o_2)
                                         _1075_ (net)
                  0.04    0.00    6.77 v _4644_/A (sky130_fd_sc_hd__or3_4)
     1    0.00    0.06    0.37    7.14 v _4644_/X (sky130_fd_sc_hd__or3_4)
                                         _2277_ (net)
                  0.06    0.00    7.14 v _4645_/D (sky130_fd_sc_hd__or4_4)
     1    0.00    0.08    0.40    7.54 v _4645_/X (sky130_fd_sc_hd__or4_4)
                                         _2278_ (net)
                  0.08    0.00    7.54 v _4646_/C (sky130_fd_sc_hd__or3_4)
     1    0.00    0.06    0.32    7.86 v _4646_/X (sky130_fd_sc_hd__or3_4)
                                         _2279_ (net)
                  0.06    0.00    7.86 v _4647_/D (sky130_fd_sc_hd__or4_4)
     1    0.00    0.08    0.40    8.27 v _4647_/X (sky130_fd_sc_hd__or4_4)
                                         _2280_ (net)
                  0.08    0.00    8.27 v _4648_/D (sky130_fd_sc_hd__or4_4)
     1    0.00    0.08    0.41    8.67 v _4648_/X (sky130_fd_sc_hd__or4_4)
                                         _2281_ (net)
                  0.08    0.00    8.67 v _4651_/C (sky130_fd_sc_hd__or4_4)
     8    0.01    0.10    0.52    9.19 v _4651_/X (sky130_fd_sc_hd__or4_4)
                                         _2284_ (net)
                  0.10    0.00    9.19 v _4661_/A (sky130_fd_sc_hd__and3_1)
     3    0.01    0.06    0.19    9.37 v _4661_/X (sky130_fd_sc_hd__and3_1)
                                         _2292_ (net)
                  0.06    0.00    9.37 v _4662_/A (sky130_fd_sc_hd__buf_6)
    10    0.01    0.03    0.12    9.50 v _4662_/X (sky130_fd_sc_hd__buf_6)
                                         _2293_ (net)
                  0.03    0.00    9.50 v _4672_/B2 (sky130_fd_sc_hd__a2bb2o_1)
     1    0.00    0.05    0.23    9.72 v _4672_/X (sky130_fd_sc_hd__a2bb2o_1)
                                         _0325_ (net)
                  0.05    0.00    9.72 v _5405_/D (sky130_fd_sc_hd__dfrtp_2)
                                  9.72   data arrival time

                         15.00   15.00   clock core_clock (rise edge)
                          0.00   15.00   clock source latency
     1    0.01    0.00    0.00   15.00 ^ clk (in)
                                         clk (net)
                  0.00    0.00   15.00 ^ clkbuf_0_clk/A (sky130_fd_sc_hd__clkbuf_16)
     4    0.03    0.05    0.12   15.12 ^ clkbuf_0_clk/X (sky130_fd_sc_hd__clkbuf_16)
                                         clknet_0_clk (net)
                  0.05    0.00   15.12 ^ clkbuf_2_0__f_clk/A (sky130_fd_sc_hd__clkbuf_16)
     9    0.05    0.08    0.16   15.28 ^ clkbuf_2_0__f_clk/X (sky130_fd_sc_hd__clkbuf_16)
                                         clknet_2_0__leaf_clk (net)
                  0.08    0.00   15.28 ^ clkbuf_leaf_0_clk/A (sky130_fd_sc_hd__clkbuf_8)
    12    0.03    0.06    0.15   15.43 ^ clkbuf_leaf_0_clk/X (sky130_fd_sc_hd__clkbuf_8)
                                         clknet_leaf_0_clk (net)
                  0.06    0.00   15.43 ^ _5405_/CLK (sky130_fd_sc_hd__dfrtp_2)
                          0.00   15.43   clock reconvergence pessimism
                         -0.11   15.31   library setup time
                                 15.31   data required time
-----------------------------------------------------------------------------
                                 15.31   data required time
                                 -9.72   data arrival time
-----------------------------------------------------------------------------
                                  5.59   slack (MET)




===========================================================================
report_checks --slack_max -0.01
============================================================================
======================= Typical Corner ===================================

No paths found.


===========================================================================
 report_check_types -max_slew -max_cap -max_fanout -violators
============================================================================
======================= Typical Corner ===================================


max slew violations count Typical: 0
max fanout violations count Typical: 0
max cap violations count Typical: 0

===========================================================================
report_parasitic_annotation -report_unannotated
============================================================================
Found 3181 unannotated drivers.
 clk
 control
 res
 _2534_/Y
 _2535_/Y
 _2536_/X
 _2537_/X
 _2538_/X
 _2539_/X
 _2540_/Y
 _2541_/X
 _2542_/X
 _2543_/Y
 _2544_/X
 _2545_/X
 _2546_/X
 _2547_/Y
 _2548_/X
 _2549_/X
 _2550_/X
 _2551_/X
 _2552_/X
 _2553_/X
 _2554_/X
 _2555_/X
 _2556_/X
 _2557_/X
 _2558_/X
 _2559_/X
 _2560_/Y
 _2561_/Y
 _2562_/X
 _2563_/Y
 _2564_/Y
 _2565_/X
 _2566_/X
 _2567_/X
 _2568_/X
 _2569_/X
 _2570_/X
 _2571_/X
 _2572_/X
 _2573_/X
 _2574_/Y
 _2575_/Y
 _2576_/Y
 _2577_/X
 _2578_/X
 _2579_/X
 _2580_/X
 _2581_/X
 _2582_/X
 _2583_/X
 _2584_/X
 _2585_/X
 _2586_/Y
 _2587_/X
 _2588_/X
 _2589_/X
 _2590_/X
 _2591_/X
 _2592_/X
 _2593_/X
 _2594_/X
 _2595_/Y
 _2596_/X
 _2597_/X
 _2598_/X
 _2599_/X
 _2600_/X
 _2601_/Y
 _2602_/X
 _2603_/X
 _2604_/X
 _2605_/Y
 _2606_/Y
 _2607_/X
 _2608_/X
 _2609_/Y
 _2610_/Y
 _2611_/Y
 _2612_/X
 _2613_/Y
 _2614_/X
 _2615_/X
 _2616_/X
 _2617_/Y
 _2618_/Y
 _2619_/X
 _2620_/X
 _2621_/X
 _2622_/X
 _2623_/X
 _2624_/X
 _2625_/X
 _2626_/X
 _2627_/X
 _2628_/X
 _2629_/X
 _2630_/X
 _2631_/X
 _2632_/X
 _2633_/X
 _2634_/X
 _2635_/X
 _2636_/X
 _2637_/X
 _2638_/X
 _2639_/X
 _2640_/X
 _2641_/Y
 _2642_/X
 _2643_/Y
 _2644_/X
 _2645_/X
 _2646_/Y
 _2647_/Y
 _2648_/X
 _2649_/X
 _2650_/X
 _2651_/Y
 _2652_/Y
 _2653_/X
 _2654_/Y
 _2655_/X
 _2656_/X
 _2657_/X
 _2658_/X
 _2659_/X
 _2660_/X
 _2661_/X
 _2662_/X
 _2663_/X
 _2664_/X
 _2665_/X
 _2666_/X
 _2667_/X
 _2668_/X
 _2669_/Y
 _2670_/X
 _2671_/Y
 _2672_/X
 _2673_/X
 _2674_/X
 _2675_/Y
 _2676_/X
 _2677_/X
 _2678_/X
 _2679_/Y
 _2680_/Y
 _2681_/X
 _2682_/X
 _2683_/X
 _2684_/X
 _2685_/X
 _2686_/Y
 _2687_/X
 _2688_/X
 _2689_/X
 _2690_/X
 _2691_/X
 _2692_/X
 _2693_/Y
 _2694_/X
 _2695_/X
 _2696_/X
 _2697_/X
 _2698_/X
 _2699_/Y
 _2700_/X
 _2701_/X
 _2702_/X
 _2703_/X
 _2704_/Y
 _2705_/X
 _2706_/X
 _2707_/X
 _2708_/X
 _2709_/Y
 _2710_/X
 _2711_/X
 _2712_/X
 _2713_/X
 _2714_/X
 _2715_/Y
 _2716_/Y
 _2717_/Y
 _2718_/X
 _2719_/X
 _2720_/X
 _2721_/X
 _2722_/X
 _2723_/Y
 _2724_/Y
 _2725_/Y
 _2726_/Y
 _2727_/X
 _2728_/X
 _2729_/X
 _2730_/X
 _2731_/X
 _2732_/X
 _2733_/X
 _2734_/X
 _2735_/X
 _2736_/X
 _2737_/X
 _2738_/X
 _2739_/X
 _2740_/X
 _2741_/X
 _2742_/X
 _2743_/X
 _2744_/X
 _2745_/Y
 _2746_/X
 _2747_/X
 _2748_/X
 _2749_/X
 _2750_/X
 _2751_/X
 _2752_/X
 _2753_/X
 _2754_/X
 _2755_/X
 _2756_/X
 _2757_/X
 _2758_/X
 _2759_/X
 _2760_/X
 _2761_/X
 _2762_/X
 _2763_/Y
 _2764_/X
 _2765_/Y
 _2766_/X
 _2767_/Y
 _2768_/X
 _2769_/X
 _2770_/X
 _2771_/X
 _2772_/X
 _2773_/X
 _2774_/X
 _2775_/X
 _2776_/X
 _2777_/X
 _2778_/X
 _2779_/X
 _2780_/X
 _2781_/X
 _2782_/X
 _2783_/X
 _2784_/X
 _2785_/X
 _2786_/X
 _2787_/X
 _2788_/Y
 _2789_/Y
 _2790_/X
 _2791_/Y
 _2792_/X
 _2793_/X
 _2794_/Y
 _2795_/X
 _2796_/X
 _2797_/X
 _2798_/Y
 _2799_/Y
 _2800_/Y
 _2801_/X
 _2802_/Y
 _2803_/Y
 _2804_/Y
 _2805_/X
 _2806_/X
 _2807_/X
 _2808_/X
 _2809_/X
 _2810_/X
 _2811_/X
 _2812_/X
 _2813_/X
 _2814_/X
 _2815_/X
 _2816_/X
 _2817_/X
 _2818_/X
 _2819_/X
 _2820_/X
 _2821_/X
 _2822_/X
 _2823_/X
 _2824_/X
 _2825_/X
 _2826_/X
 _2827_/X
 _2828_/X
 _2829_/X
 _2830_/X
 _2831_/X
 _2832_/X
 _2833_/X
 _2834_/X
 _2835_/X
 _2836_/X
 _2837_/X
 _2838_/Y
 _2839_/Y
 _2840_/X
 _2841_/X
 _2842_/X
 _2843_/X
 _2844_/X
 _2845_/X
 _2846_/X
 _2847_/X
 _2848_/X
 _2849_/Y
 _2850_/X
 _2851_/Y
 _2852_/X
 _2853_/X
 _2854_/X
 _2855_/X
 _2856_/X
 _2857_/X
 _2858_/X
 _2859_/X
 _2860_/X
 _2861_/X
 _2862_/X
 _2863_/X
 _2864_/X
 _2865_/X
 _2866_/X
 _2867_/X
 _2868_/X
 _2869_/X
 _2870_/X
 _2871_/X
 _2872_/X
 _2873_/X
 _2874_/X
 _2875_/Y
 _2876_/X
 _2877_/Y
 _2878_/X
 _2879_/X
 _2880_/X
 _2881_/X
 _2882_/X
 _2883_/X
 _2884_/X
 _2885_/X
 _2886_/X
 _2887_/X
 _2888_/X
 _2889_/X
 _2890_/X
 _2891_/X
 _2892_/X
 _2893_/X
 _2894_/X
 _2895_/X
 _2896_/X
 _2897_/Y
 _2898_/X
 _2899_/X
 _2900_/X
 _2901_/X
 _2902_/X
 _2903_/X
 _2904_/X
 _2905_/X
 _2906_/X
 _2907_/X
 _2908_/X
 _2909_/X
 _2910_/X
 _2911_/X
 _2912_/X
 _2913_/Y
 _2914_/Y
 _2915_/X
 _2916_/X
 _2917_/X
 _2918_/X
 _2919_/X
 _2920_/X
 _2921_/X
 _2922_/X
 _2923_/X
 _2924_/X
 _2925_/Y
 _2926_/Y
 _2927_/Y
 _2928_/X
 _2929_/X
 _2930_/X
 _2931_/X
 _2932_/X
 _2933_/X
 _2934_/X
 _2935_/X
 _2936_/Y
 _2937_/X
 _2938_/X
 _2939_/X
 _2940_/X
 _2941_/X
 _2942_/X
 _2943_/X
 _2944_/X
 _2945_/Y
 _2946_/X
 _2947_/Y
 _2948_/X
 _2949_/Y
 _2950_/X
 _2951_/X
 _2952_/Y
 _2953_/X
 _2954_/Y
 _2955_/Y
 _2956_/X
 _2957_/X
 _2958_/X
 _2959_/X
 _2960_/X
 _2961_/X
 _2962_/X
 _2963_/X
 _2964_/Y
 _2965_/Y
 _2966_/X
 _2967_/X
 _2968_/X
 _2969_/X
 _2970_/X
 _2971_/Y
 _2972_/Y
 _2973_/Y
 _2974_/X
 _2975_/X
 _2976_/X
 _2977_/X
 _2978_/X
 _2979_/X
 _2980_/X
 _2981_/X
 _2982_/X
 _2983_/Y
 _2984_/Y
 _2985_/X
 _2986_/X
 _2987_/Y
 _2988_/X
 _2989_/X
 _2990_/X
 _2991_/X
 _2992_/X
 _2993_/X
 _2994_/Y
 _2995_/X
 _2996_/X
 _2997_/X
 _2998_/Y
 _2999_/Y
 _3000_/X
 _3001_/Y
 _3002_/X
 _3003_/X
 _3004_/X
 _3005_/X
 _3006_/X
 _3007_/X
 _3008_/X
 _3009_/Y
 _3010_/Y
 _3011_/X
 _3012_/Y
 _3013_/Y
 _3014_/X
 _3015_/X
 _3016_/X
 _3017_/X
 _3018_/X
 _3019_/X
 _3020_/X
 _3021_/X
 _3022_/Y
 _3023_/Y
 _3024_/X
 _3025_/X
 _3026_/Y
 _3027_/X
 _3028_/Y
 _3029_/Y
 _3030_/X
 _3031_/X
 _3032_/X
 _3033_/X
 _3034_/X
 _3035_/X
 _3036_/X
 _3037_/Y
 _3038_/Y
 _3039_/X
 _3040_/Y
 _3041_/Y
 _3042_/X
 _3043_/X
 _3044_/X
 _3045_/X
 _3046_/X
 _3047_/X
 _3048_/X
 _3049_/X
 _3050_/Y
 _3051_/Y
 _3052_/X
 _3053_/X
 _3054_/X
 _3055_/X
 _3056_/X
 _3057_/X
 _3058_/X
 _3059_/X
 _3060_/Y
 _3061_/X
 _3062_/X
 _3063_/X
 _3064_/X
 _3065_/X
 _3066_/X
 _3067_/X
 _3068_/X
 _3069_/X
 _3070_/X
 _3071_/X
 _3072_/X
 _3073_/X
 _3074_/Y
 _3075_/X
 _3076_/X
 _3077_/X
 _3078_/X
 _3079_/X
 _3080_/X
 _3081_/X
 _3082_/Y
 _3083_/Y
 _3084_/X
 _3085_/X
 _3086_/Y
 _3087_/Y
 _3088_/X
 _3089_/X
 _3090_/X
 _3091_/Y
 _3092_/X
 _3093_/X
 _3094_/X
 _3095_/X
 _3096_/X
 _3097_/X
 _3098_/X
 _3099_/X
 _3100_/X
 _3101_/X
 _3102_/Y
 _3103_/Y
 _3104_/X
 _3105_/Y
 _3106_/X
 _3107_/X
 _3108_/Y
 _3109_/X
 _3110_/X
 _3111_/Y
 _3112_/X
 _3113_/X
 _3114_/Y
 _3115_/X
 _3116_/Y
 _3117_/X
 _3118_/X
 _3119_/X
 _3120_/X
 _3121_/Y
 _3122_/X
 _3123_/X
 _3124_/X
 _3125_/Y
 _3126_/Y
 _3127_/X
 _3128_/Y
 _3129_/X
 _3130_/X
 _3131_/Y
 _3132_/Y
 _3133_/X
 _3134_/Y
 _3135_/X
 _3136_/Y
 _3137_/X
 _3138_/X
 _3139_/Y
 _3140_/X
 _3141_/X
 _3142_/Y
 _3143_/X
 _3144_/X
 _3145_/X
 _3146_/X
 _3147_/Y
 _3148_/Y
 _3149_/X
 _3150_/X
 _3151_/X
 _3152_/X
 _3153_/X
 _3154_/X
 _3155_/X
 _3156_/X
 _3157_/X
 _3158_/X
 _3159_/X
 _3160_/Y
 _3161_/X
 _3162_/X
 _3163_/X
 _3164_/X
 _3165_/X
 _3166_/X
 _3167_/Y
 _3168_/X
 _3169_/Y
 _3170_/Y
 _3171_/X
 _3172_/Y
 _3173_/X
 _3174_/Y
 _3175_/X
 _3176_/X
 _3177_/X
 _3178_/Y
 _3179_/X
 _3180_/X
 _3181_/X
 _3182_/Y
 _3183_/X
 _3184_/X
 _3185_/X
 _3186_/X
 _3187_/X
 _3188_/X
 _3189_/X
 _3190_/X
 _3191_/X
 _3192_/Y
 _3193_/X
 _3194_/X
 _3195_/Y
 _3196_/Y
 _3197_/X
 _3198_/X
 _3199_/X
 _3200_/X
 _3201_/X
 _3202_/Y
 _3203_/Y
 _3204_/X
 _3205_/X
 _3206_/X
 _3207_/Y
 _3208_/Y
 _3209_/Y
 _3210_/Y
 _3211_/X
 _3212_/Y
 _3213_/Y
 _3214_/X
 _3215_/X
 _3216_/X
 _3217_/Y
 _3218_/X
 _3219_/Y
 _3220_/Y
 _3221_/X
 _3222_/X
 _3223_/X
 _3224_/Y
 _3225_/X
 _3226_/Y
 _3227_/X
 _3228_/Y
 _3229_/X
 _3230_/X
 _3231_/Y
 _3232_/X
 _3233_/Y
 _3234_/X
 _3235_/X
 _3236_/Y
 _3237_/X
 _3238_/X
 _3239_/Y
 _3240_/X
 _3241_/X
 _3242_/Y
 _3243_/X
 _3244_/Y
 _3245_/Y
 _3246_/Y
 _3247_/X
 _3248_/X
 _3249_/Y
 _3250_/Y
 _3251_/X
 _3252_/Y
 _3253_/X
 _3254_/Y
 _3255_/X
 _3256_/Y
 _3257_/X
 _3258_/X
 _3259_/X
 _3260_/Y
 _3261_/X
 _3262_/X
 _3263_/X
 _3264_/X
 _3265_/X
 _3266_/X
 _3267_/X
 _3268_/X
 _3269_/X
 _3270_/X
 _3271_/X
 _3272_/Y
 _3273_/Y
 _3274_/X
 _3275_/X
 _3276_/X
 _3277_/X
 _3278_/X
 _3279_/X
 _3280_/X
 _3281_/Y
 _3282_/Y
 _3283_/X
 _3284_/Y
 _3285_/X
 _3286_/X
 _3287_/X
 _3288_/Y
 _3289_/X
 _3290_/X
 _3291_/X
 _3292_/Y
 _3293_/X
 _3294_/X
 _3295_/X
 _3296_/X
 _3297_/X
 _3298_/Y
 _3299_/Y
 _3300_/Y
 _3301_/Y
 _3302_/X
 _3303_/X
 _3304_/X
 _3305_/X
 _3306_/Y
 _3307_/Y
 _3308_/X
 _3309_/Y
 _3310_/Y
 _3311_/X
 _3312_/X
 _3313_/X
 _3314_/Y
 _3315_/Y
 _3316_/Y
 _3317_/Y
 _3318_/Y
 _3319_/Y
 _3320_/Y
 _3321_/X
 _3322_/Y
 _3323_/X
 _3324_/Y
 _3325_/Y
 _3326_/Y
 _3327_/X
 _3328_/X
 _3329_/Y
 _3330_/X
 _3331_/Y
 _3332_/X
 _3333_/X
 _3334_/Y
 _3335_/X
 _3336_/X
 _3337_/X
 _3338_/X
 _3339_/X
 _3340_/X
 _3341_/X
 _3342_/X
 _3343_/X
 _3344_/X
 _3345_/X
 _3346_/X
 _3347_/X
 _3348_/X
 _3349_/X
 _3350_/X
 _3351_/X
 _3352_/X
 _3353_/X
 _3354_/X
 _3355_/X
 _3356_/X
 _3357_/X
 _3358_/X
 _3359_/Y
 _3360_/X
 _3361_/X
 _3362_/X
 _3363_/X
 _3364_/X
 _3365_/X
 _3366_/X
 _3367_/X
 _3368_/X
 _3369_/X
 _3370_/X
 _3371_/X
 _3372_/X
 _3373_/X
 _3374_/X
 _3375_/X
 _3376_/X
 _3377_/X
 _3378_/X
 _3379_/X
 _3380_/X
 _3381_/X
 _3382_/X
 _3383_/X
 _3384_/X
 _3385_/X
 _3386_/X
 _3387_/X
 _3388_/X
 _3389_/X
 _3390_/X
 _3391_/X
 _3392_/X
 _3393_/X
 _3394_/X
 _3395_/X
 _3396_/X
 _3397_/X
 _3398_/X
 _3399_/X
 _3400_/X
 _3401_/X
 _3402_/X
 _3403_/X
 _3404_/X
 _3405_/X
 _3406_/X
 _3407_/X
 _3408_/X
 _3409_/X
 _3410_/X
 _3411_/X
 _3412_/X
 _3413_/X
 _3414_/X
 _3415_/X
 _3416_/X
 _3417_/Y
 _3418_/X
 _3419_/Y
 _3420_/X
 _3421_/X
 _3422_/X
 _3423_/X
 _3424_/X
 _3425_/X
 _3426_/X
 _3427_/X
 _3428_/Y
 _3429_/Y
 _3430_/X
 _3431_/X
 _3432_/Y
 _3433_/Y
 _3434_/X
 _3435_/Y
 _3436_/X
 _3437_/Y
 _3438_/X
 _3439_/X
 _3440_/X
 _3441_/Y
 _3442_/X
 _3443_/Y
 _3444_/X
 _3445_/X
 _3446_/X
 _3447_/X
 _3448_/X
 _3449_/X
 _3450_/X
 _3451_/X
 _3452_/X
 _3453_/X
 _3454_/X
 _3455_/Y
 _3456_/X
 _3457_/X
 _3458_/X
 _3459_/X
 _3460_/X
 _3461_/X
 _3462_/X
 _3463_/X
 _3464_/X
 _3465_/X
 _3466_/X
 _3467_/X
 _3468_/Y
 _3469_/X
 _3470_/Y
 _3471_/X
 _3472_/X
 _3473_/Y
 _3474_/Y
 _3475_/X
 _3476_/X
 _3477_/Y
 _3478_/Y
 _3479_/X
 _3480_/X
 _3481_/X
 _3482_/X
 _3483_/Y
 _3484_/X
 _3485_/X
 _3486_/X
 _3487_/X
 _3488_/X
 _3489_/X
 _3490_/X
 _3491_/Y
 _3492_/Y
 _3493_/X
 _3494_/X
 _3495_/X
 _3496_/X
 _3497_/X
 _3498_/X
 _3499_/X
 _3500_/X
 _3501_/X
 _3502_/X
 _3503_/X
 _3504_/X
 _3505_/Y
 _3506_/Y
 _3507_/X
 _3508_/Y
 _3509_/X
 _3510_/Y
 _3511_/X
 _3512_/X
 _3513_/Y
 _3514_/X
 _3515_/X
 _3516_/X
 _3517_/Y
 _3518_/X
 _3519_/X
 _3520_/X
 _3521_/X
 _3522_/X
 _3523_/X
 _3524_/X
 _3525_/X
 _3526_/X
 _3527_/X
 _3528_/X
 _3529_/X
 _3530_/X
 _3531_/Y
 _3532_/Y
 _3533_/X
 _3534_/X
 _3535_/X
 _3536_/X
 _3537_/X
 _3538_/X
 _3539_/X
 _3540_/X
 _3541_/X
 _3542_/X
 _3543_/X
 _3544_/X
 _3545_/Y
 _3546_/Y
 _3547_/Y
 _3548_/X
 _3549_/X
 _3550_/Y
 _3551_/X
 _3552_/Y
 _3553_/X
 _3554_/X
 _3555_/X
 _3556_/Y
 _3557_/X
 _3558_/X
 _3559_/X
 _3560_/X
 _3561_/X
 _3562_/X
 _3563_/X
 _3564_/X
 _3565_/X
 _3566_/X
 _3567_/Y
 _3568_/X
 _3569_/X
 _3570_/X
 _3571_/X
 _3572_/X
 _3573_/Y
 _3574_/Y
 _3575_/X
 _3576_/X
 _3577_/X
 _3578_/X
 _3579_/X
 _3580_/X
 _3581_/X
 _3582_/X
 _3583_/X
 _3584_/X
 _3585_/X
 _3586_/Y
 _3587_/X
 _3588_/X
 _3589_/Y
 _3590_/X
 _3591_/X
 _3592_/Y
 _3593_/X
 _3594_/X
 _3595_/X
 _3596_/X
 _3597_/X
 _3598_/X
 _3599_/X
 _3600_/X
 _3601_/X
 _3602_/X
 _3603_/X
 _3604_/X
 _3605_/X
 _3606_/X
 _3607_/X
 _3608_/X
 _3609_/X
 _3610_/Y
 _3611_/X
 _3612_/X
 _3613_/X
 _3614_/X
 _3615_/Y
 _3616_/X
 _3617_/X
 _3618_/X
 _3619_/X
 _3620_/X
 _3621_/X
 _3622_/X
 _3623_/X
 _3624_/X
 _3625_/X
 _3626_/X
 _3627_/X
 _3628_/X
 _3629_/X
 _3630_/X
 _3631_/X
 _3632_/Y
 _3633_/Y
 _3634_/X
 _3635_/Y
 _3636_/X
 _3637_/Y
 _3638_/Y
 _3639_/Y
 _3640_/X
 _3641_/X
 _3642_/X
 _3643_/X
 _3644_/Y
 _3645_/X
 _3646_/X
 _3647_/X
 _3648_/X
 _3649_/X
 _3650_/X
 _3651_/X
 _3652_/Y
 _3653_/X
 _3654_/X
 _3655_/X
 _3656_/X
 _3657_/X
 _3658_/X
 _3659_/X
 _3660_/X
 _3661_/X
 _3662_/X
 _3663_/X
 _3664_/X
 _3665_/X
 _3666_/Y
 _3667_/X
 _3668_/X
 _3669_/Y
 _3670_/Y
 _3671_/X
 _3672_/X
 _3673_/X
 _3674_/Y
 _3675_/X
 _3676_/X
 _3677_/X
 _3678_/X
 _3679_/X
 _3680_/X
 _3681_/X
 _3682_/X
 _3683_/X
 _3684_/X
 _3685_/X
 _3686_/X
 _3687_/Y
 _3688_/X
 _3689_/X
 _3690_/X
 _3691_/X
 _3692_/X
 _3693_/X
 _3694_/X
 _3695_/X
 _3696_/X
 _3697_/X
 _3698_/X
 _3699_/Y
 _3700_/Y
 _3701_/Y
 _3702_/X
 _3703_/Y
 _3704_/Y
 _3705_/Y
 _3706_/X
 _3707_/Y
 _3708_/X
 _3709_/X
 _3710_/Y
 _3711_/X
 _3712_/X
 _3713_/X
 _3714_/X
 _3715_/Y
 _3716_/X
 _3717_/X
 _3718_/X
 _3719_/Y
 _3720_/X
 _3721_/X
 _3722_/Y
 _3723_/X
 _3724_/X
 _3725_/X
 _3726_/X
 _3727_/X
 _3728_/X
 _3729_/X
 _3730_/Y
 _3731_/Y
 _3732_/X
 _3733_/X
 _3734_/X
 _3735_/X
 _3736_/X
 _3737_/X
 _3738_/X
 _3739_/X
 _3740_/X
 _3741_/X
 _3742_/X
 _3743_/X
 _3744_/X
 _3745_/X
 _3746_/Y
 _3747_/Y
 _3748_/Y
 _3749_/X
 _3750_/Y
 _3751_/Y
 _3752_/X
 _3753_/Y
 _3754_/Y
 _3755_/X
 _3756_/X
 _3757_/X
 _3758_/Y
 _3759_/X
 _3760_/X
 _3761_/X
 _3762_/X
 _3763_/X
 _3764_/X
 _3765_/X
 _3766_/X
 _3767_/X
 _3768_/X
 _3769_/X
 _3770_/X
 _3771_/X
 _3772_/Y
 _3773_/X
 _3774_/Y
 _3775_/X
 _3776_/X
 _3777_/Y
 _3778_/X
 _3779_/X
 _3780_/X
 _3781_/X
 _3782_/X
 _3783_/X
 _3784_/X
 _3785_/X
 _3786_/X
 _3787_/X
 _3788_/X
 _3789_/X
 _3790_/X
 _3791_/Y
 _3792_/X
 _3793_/Y
 _3794_/X
 _3795_/X
 _3796_/X
 _3797_/X
 _3798_/X
 _3799_/X
 _3800_/X
 _3801_/X
 _3802_/X
 _3803_/X
 _3804_/X
 _3805_/X
 _3806_/Y
 _3807_/Y
 _3808_/X
 _3809_/X
 _3810_/X
 _3811_/X
 _3812_/X
 _3813_/X
 _3814_/X
 _3815_/X
 _3816_/X
 _3817_/X
 _3818_/X
 _3819_/Y
 _3820_/X
 _3821_/Y
 _3822_/Y
 _3823_/X
 _3824_/X
 _3825_/X
 _3826_/X
 _3827_/X
 _3828_/Y
 _3829_/X
 _3830_/X
 _3831_/Y
 _3832_/X
 _3833_/X
 _3834_/X
 _3835_/X
 _3836_/X
 _3837_/X
 _3838_/X
 _3839_/X
 _3840_/X
 _3841_/X
 _3842_/X
 _3843_/X
 _3844_/X
 _3845_/X
 _3846_/X
 _3847_/X
 _3848_/X
 _3849_/X
 _3850_/X
 _3851_/X
 _3852_/X
 _3853_/X
 _3854_/X
 _3855_/Y
 _3856_/X
 _3857_/Y
 _3858_/X
 _3859_/X
 _3860_/X
 _3861_/Y
 _3862_/X
 _3863_/X
 _3864_/Y
 _3865_/X
 _3866_/X
 _3867_/X
 _3868_/X
 _3869_/X
 _3870_/X
 _3871_/X
 _3872_/X
 _3873_/X
 _3874_/X
 _3875_/X
 _3876_/X
 _3877_/X
 _3878_/X
 _3879_/X
 _3880_/X
 _3881_/X
 _3882_/X
 _3883_/X
 _3884_/X
 _3885_/X
 _3886_/X
 _3887_/X
 _3888_/X
 _3889_/Y
 _3890_/Y
 _3891_/X
 _3892_/Y
 _3893_/X
 _3894_/Y
 _3895_/Y
 _3896_/X
 _3897_/X
 _3898_/X
 _3899_/Y
 _3900_/Y
 _3901_/X
 _3902_/X
 _3903_/X
 _3904_/X
 _3905_/Y
 _3906_/Y
 _3907_/X
 _3908_/X
 _3909_/X
 _3910_/X
 _3911_/X
 _3912_/X
 _3913_/X
 _3914_/X
 _3915_/X
 _3916_/X
 _3917_/X
 _3918_/X
 _3919_/X
 _3920_/X
 _3921_/X
 _3922_/X
 _3923_/X
 _3924_/X
 _3925_/X
 _3926_/X
 _3927_/X
 _3928_/Y
 _3929_/Y
 _3930_/X
 _3931_/Y
 _3932_/Y
 _3933_/X
 _3934_/X
 _3935_/X
 _3936_/X
 _3937_/X
 _3938_/X
 _3939_/X
 _3940_/X
 _3941_/X
 _3942_/X
 _3943_/X
 _3944_/X
 _3945_/X
 _3946_/X
 _3947_/X
 _3948_/X
 _3949_/X
 _3950_/X
 _3951_/X
 _3952_/X
 _3953_/X
 _3954_/X
 _3955_/X
 _3956_/X
 _3957_/X
 _3958_/X
 _3959_/X
 _3960_/X
 _3961_/X
 _3962_/X
 _3963_/X
 _3964_/X
 _3965_/X
 _3966_/X
 _3967_/Y
 _3968_/Y
 _3969_/X
 _3970_/Y
 _3971_/X
 _3972_/X
 _3973_/X
 _3974_/X
 _3975_/X
 _3976_/X
 _3977_/Y
 _3978_/X
 _3979_/X
 _3980_/X
 _3981_/X
 _3982_/X
 _3983_/X
 _3984_/X
 _3985_/X
 _3986_/X
 _3987_/X
 _3988_/X
 _3989_/X
 _3990_/X
 _3991_/X
 _3992_/X
 _3993_/X
 _3994_/X
 _3995_/Y
 _3996_/Y
 _3997_/X
 _3998_/Y
 _3999_/X
 _4000_/X
 _4001_/X
 _4002_/X
 _4003_/X
 _4004_/X
 _4005_/X
 _4006_/X
 _4007_/X
 _4008_/X
 _4009_/Y
 _4010_/Y
 _4011_/X
 _4012_/X
 _4013_/X
 _4014_/X
 _4015_/Y
 _4016_/X
 _4017_/X
 _4018_/X
 _4019_/X
 _4020_/X
 _4021_/X
 _4022_/Y
 _4023_/Y
 _4024_/Y
 _4025_/X
 _4026_/X
 _4027_/X
 _4028_/X
 _4029_/X
 _4030_/X
 _4031_/X
 _4032_/X
 _4033_/X
 _4034_/X
 _4035_/X
 _4036_/X
 _4037_/X
 _4038_/X
 _4039_/X
 _4040_/X
 _4041_/X
 _4042_/X
 _4043_/X
 _4044_/X
 _4045_/X
 _4046_/X
 _4047_/X
 _4048_/X
 _4049_/X
 _4050_/X
 _4051_/X
 _4052_/X
 _4053_/X
 _4054_/X
 _4055_/X
 _4056_/X
 _4057_/X
 _4058_/X
 _4059_/X
 _4060_/X
 _4061_/X
 _4062_/X
 _4063_/X
 _4064_/X
 _4065_/X
 _4066_/X
 _4067_/X
 _4068_/X
 _4069_/X
 _4070_/X
 _4071_/X
 _4072_/X
 _4073_/X
 _4074_/X
 _4075_/X
 _4076_/X
 _4077_/X
 _4078_/X
 _4079_/X
 _4080_/X
 _4081_/X
 _4082_/X
 _4083_/X
 _4084_/X
 _4085_/X
 _4086_/X
 _4087_/X
 _4088_/X
 _4089_/X
 _4090_/X
 _4091_/X
 _4092_/X
 _4093_/X
 _4094_/X
 _4095_/X
 _4096_/X
 _4097_/X
 _4098_/X
 _4099_/X
 _4100_/X
 _4101_/X
 _4102_/Y
 _4103_/X
 _4104_/X
 _4105_/Y
 _4106_/X
 _4107_/X
 _4108_/X
 _4109_/X
 _4110_/X
 _4111_/X
 _4112_/X
 _4113_/X
 _4114_/X
 _4115_/X
 _4116_/X
 _4117_/X
 _4118_/X
 _4119_/X
 _4120_/X
 _4121_/X
 _4122_/X
 _4123_/X
 _4124_/X
 _4125_/X
 _4126_/X
 _4127_/X
 _4128_/X
 _4129_/X
 _4130_/X
 _4131_/X
 _4132_/X
 _4133_/X
 _4134_/X
 _4135_/X
 _4136_/X
 _4137_/X
 _4138_/X
 _4139_/X
 _4140_/X
 _4141_/X
 _4142_/X
 _4143_/X
 _4144_/X
 _4145_/X
 _4146_/X
 _4147_/X
 _4148_/X
 _4149_/X
 _4150_/X
 _4151_/X
 _4152_/X
 _4153_/X
 _4154_/X
 _4155_/X
 _4156_/X
 _4157_/X
 _4158_/X
 _4159_/X
 _4160_/X
 _4161_/X
 _4162_/Y
 _4163_/Y
 _4164_/X
 _4165_/X
 _4166_/X
 _4167_/X
 _4168_/X
 _4169_/X
 _4170_/X
 _4171_/X
 _4172_/X
 _4173_/X
 _4174_/X
 _4175_/X
 _4176_/X
 _4177_/X
 _4178_/X
 _4179_/X
 _4180_/X
 _4181_/X
 _4182_/X
 _4183_/X
 _4184_/X
 _4185_/X
 _4186_/X
 _4187_/X
 _4188_/X
 _4189_/X
 _4190_/X
 _4191_/X
 _4192_/X
 _4193_/X
 _4194_/X
 _4195_/X
 _4196_/X
 _4197_/X
 _4198_/X
 _4199_/X
 _4200_/X
 _4201_/X
 _4202_/X
 _4203_/X
 _4204_/X
 _4205_/X
 _4206_/X
 _4207_/X
 _4208_/X
 _4209_/X
 _4210_/X
 _4211_/X
 _4212_/X
 _4213_/X
 _4214_/X
 _4215_/X
 _4216_/X
 _4217_/X
 _4218_/X
 _4219_/X
 _4220_/X
 _4221_/X
 _4222_/X
 _4223_/X
 _4224_/X
 _4225_/X
 _4226_/X
 _4227_/X
 _4228_/X
 _4229_/X
 _4230_/X
 _4231_/X
 _4232_/X
 _4233_/X
 _4234_/X
 _4235_/X
 _4236_/X
 _4237_/X
 _4238_/X
 _4239_/X
 _4240_/X
 _4241_/X
 _4242_/X
 _4243_/X
 _4244_/X
 _4245_/X
 _4246_/X
 _4247_/X
 _4248_/X
 _4249_/X
 _4250_/X
 _4251_/X
 _4252_/X
 _4253_/X
 _4254_/X
 _4255_/X
 _4256_/X
 _4257_/X
 _4258_/X
 _4259_/X
 _4260_/X
 _4261_/X
 _4262_/X
 _4263_/X
 _4264_/X
 _4265_/X
 _4266_/X
 _4267_/X
 _4268_/X
 _4269_/X
 _4270_/X
 _4271_/X
 _4272_/X
 _4273_/X
 _4274_/X
 _4275_/X
 _4276_/X
 _4277_/X
 _4278_/X
 _4279_/X
 _4280_/X
 _4281_/X
 _4282_/X
 _4283_/X
 _4284_/X
 _4285_/X
 _4286_/X
 _4287_/X
 _4288_/X
 _4289_/X
 _4290_/X
 _4291_/X
 _4292_/X
 _4293_/X
 _4294_/X
 _4295_/X
 _4296_/X
 _4297_/X
 _4298_/X
 _4299_/X
 _4300_/X
 _4301_/X
 _4302_/X
 _4303_/X
 _4304_/X
 _4305_/X
 _4306_/X
 _4307_/X
 _4308_/X
 _4309_/X
 _4310_/X
 _4311_/X
 _4312_/X
 _4313_/X
 _4314_/X
 _4315_/X
 _4316_/X
 _4317_/X
 _4318_/X
 _4319_/X
 _4320_/X
 _4321_/X
 _4322_/X
 _4323_/X
 _4324_/X
 _4325_/X
 _4326_/X
 _4327_/X
 _4328_/X
 _4329_/X
 _4330_/X
 _4331_/X
 _4332_/X
 _4333_/X
 _4334_/X
 _4335_/X
 _4336_/X
 _4337_/X
 _4338_/X
 _4339_/X
 _4340_/X
 _4341_/X
 _4342_/X
 _4343_/X
 _4344_/X
 _4345_/X
 _4346_/X
 _4347_/X
 _4348_/X
 _4349_/X
 _4350_/X
 _4351_/X
 _4352_/X
 _4353_/X
 _4354_/X
 _4355_/X
 _4356_/X
 _4357_/X
 _4358_/X
 _4359_/X
 _4360_/X
 _4361_/X
 _4362_/X
 _4363_/X
 _4364_/X
 _4365_/X
 _4366_/X
 _4367_/X
 _4368_/X
 _4369_/X
 _4370_/X
 _4371_/X
 _4372_/X
 _4373_/X
 _4374_/X
 _4375_/X
 _4376_/X
 _4377_/X
 _4378_/X
 _4379_/X
 _4380_/X
 _4381_/X
 _4382_/X
 _4383_/X
 _4384_/X
 _4385_/X
 _4386_/X
 _4387_/X
 _4388_/X
 _4389_/X
 _4390_/X
 _4391_/X
 _4392_/X
 _4393_/X
 _4394_/X
 _4395_/X
 _4396_/X
 _4397_/X
 _4398_/X
 _4399_/X
 _4400_/X
 _4401_/X
 _4402_/X
 _4403_/X
 _4404_/X
 _4405_/X
 _4406_/X
 _4407_/X
 _4408_/X
 _4409_/X
 _4410_/X
 _4411_/X
 _4412_/X
 _4413_/X
 _4414_/X
 _4415_/X
 _4416_/X
 _4417_/X
 _4418_/X
 _4419_/X
 _4420_/X
 _4421_/X
 _4422_/X
 _4423_/X
 _4424_/X
 _4425_/X
 _4426_/X
 _4427_/X
 _4428_/X
 _4429_/X
 _4430_/X
 _4431_/X
 _4432_/X
 _4433_/X
 _4434_/X
 _4435_/X
 _4436_/X
 _4437_/X
 _4438_/X
 _4439_/X
 _4440_/X
 _4441_/X
 _4442_/X
 _4443_/X
 _4444_/X
 _4445_/X
 _4446_/X
 _4447_/X
 _4448_/X
 _4449_/X
 _4450_/X
 _4451_/X
 _4452_/X
 _4453_/X
 _4454_/X
 _4455_/X
 _4456_/X
 _4457_/X
 _4458_/X
 _4459_/X
 _4460_/X
 _4461_/X
 _4462_/X
 _4463_/X
 _4464_/X
 _4465_/X
 _4466_/X
 _4467_/X
 _4468_/X
 _4469_/X
 _4470_/X
 _4471_/X
 _4472_/X
 _4473_/X
 _4474_/X
 _4475_/X
 _4476_/X
 _4477_/X
 _4478_/X
 _4479_/X
 _4480_/X
 _4481_/X
 _4482_/X
 _4483_/X
 _4484_/X
 _4485_/X
 _4486_/X
 _4487_/X
 _4488_/X
 _4489_/X
 _4490_/X
 _4491_/X
 _4492_/X
 _4493_/X
 _4494_/X
 _4495_/X
 _4496_/X
 _4497_/X
 _4498_/X
 _4499_/X
 _4500_/X
 _4501_/X
 _4502_/X
 _4503_/X
 _4504_/X
 _4505_/X
 _4506_/X
 _4507_/X
 _4508_/X
 _4509_/X
 _4510_/X
 _4511_/X
 _4512_/X
 _4513_/X
 _4514_/X
 _4515_/X
 _4516_/X
 _4517_/X
 _4518_/X
 _4519_/X
 _4520_/X
 _4521_/X
 _4522_/X
 _4523_/X
 _4524_/X
 _4525_/X
 _4526_/X
 _4527_/X
 _4528_/X
 _4529_/X
 _4530_/X
 _4531_/X
 _4532_/X
 _4533_/X
 _4534_/X
 _4535_/X
 _4536_/X
 _4537_/X
 _4538_/X
 _4539_/X
 _4540_/X
 _4541_/X
 _4542_/X
 _4543_/X
 _4544_/X
 _4545_/X
 _4546_/X
 _4547_/X
 _4548_/X
 _4549_/X
 _4550_/X
 _4551_/X
 _4552_/X
 _4553_/X
 _4554_/X
 _4555_/X
 _4556_/X
 _4557_/X
 _4558_/X
 _4559_/X
 _4560_/X
 _4561_/X
 _4562_/X
 _4563_/X
 _4564_/X
 _4565_/X
 _4566_/X
 _4567_/X
 _4568_/X
 _4569_/X
 _4570_/X
 _4571_/X
 _4572_/X
 _4573_/X
 _4574_/X
 _4575_/X
 _4576_/X
 _4577_/X
 _4578_/X
 _4579_/X
 _4580_/X
 _4581_/X
 _4582_/X
 _4583_/X
 _4584_/X
 _4585_/X
 _4586_/X
 _4587_/X
 _4588_/X
 _4589_/X
 _4590_/X
 _4591_/X
 _4592_/X
 _4593_/X
 _4594_/X
 _4595_/X
 _4596_/X
 _4597_/X
 _4598_/X
 _4599_/X
 _4600_/X
 _4601_/X
 _4602_/X
 _4603_/X
 _4604_/X
 _4605_/X
 _4606_/X
 _4607_/X
 _4608_/X
 _4609_/X
 _4610_/X
 _4611_/X
 _4612_/X
 _4613_/X
 _4614_/X
 _4615_/X
 _4616_/X
 _4617_/X
 _4618_/X
 _4619_/X
 _4620_/X
 _4621_/X
 _4622_/X
 _4623_/X
 _4624_/X
 _4625_/X
 _4626_/X
 _4627_/X
 _4628_/Y
 _4629_/X
 _4630_/X
 _4631_/X
 _4632_/X
 _4633_/X
 _4634_/X
 _4635_/X
 _4636_/Y
 _4637_/Y
 _4638_/Y
 _4639_/X
 _4640_/X
 _4641_/X
 _4642_/X
 _4643_/X
 _4644_/X
 _4645_/X
 _4646_/X
 _4647_/X
 _4648_/X
 _4649_/X
 _4650_/X
 _4651_/X
 _4652_/Y
 _4653_/Y
 _4654_/X
 _4655_/X
 _4656_/X
 _4657_/X
 _4658_/X
 _4659_/X
 _4660_/X
 _4661_/X
 _4662_/X
 _4663_/Y
 _4664_/X
 _4665_/X
 _4666_/X
 _4667_/Y
 _4668_/Y
 _4669_/X
 _4670_/Y
 _4671_/Y
 _4672_/X
 _4673_/X
 _4674_/X
 _4675_/X
 _4676_/Y
 _4677_/Y
 _4678_/X
 _4679_/X
 _4680_/Y
 _4681_/Y
 _4682_/X
 _4683_/X
 _4684_/X
 _4685_/X
 _4686_/Y
 _4687_/Y
 _4688_/X
 _4689_/X
 _4690_/Y
 _4691_/X
 _4692_/Y
 _4693_/X
 _4694_/X
 _4695_/Y
 _4696_/X
 _4697_/X
 _4698_/X
 _4699_/Y
 _4700_/Y
 _4701_/X
 _4702_/X
 _4703_/Y
 _4704_/Y
 _4705_/X
 _4706_/X
 _4707_/X
 _4708_/X
 _4709_/X
 _4710_/Y
 _4711_/Y
 _4712_/X
 _4713_/X
 _4714_/Y
 _4715_/Y
 _4716_/X
 _4717_/X
 _4718_/Y
 _4719_/Y
 _4720_/X
 _4721_/X
 _4722_/X
 _4723_/X
 _4724_/X
 _4725_/X
 _4726_/X
 _4727_/Y
 _4728_/X
 _4729_/X
 _4730_/Y
 _4731_/X
 _4732_/X
 _4733_/X
 _4734_/Y
 _4735_/Y
 _4736_/X
 _4737_/X
 _4738_/X
 _4739_/X
 _4740_/X
 _4741_/X
 _4742_/Y
 _4743_/Y
 _4744_/X
 _4745_/X
 _4746_/X
 _4747_/Y
 _4748_/X
 _4749_/X
 _4750_/Y
 _4751_/X
 _4752_/X
 _4753_/Y
 _4754_/X
 _4755_/X
 _4756_/Y
 _4757_/X
 _4758_/X
 _4759_/X
 _4760_/X
 _4761_/X
 _4762_/Y
 _4763_/X
 _4764_/X
 _4765_/X
 _4766_/X
 _4767_/X
 _4768_/X
 _4769_/X
 _4770_/X
 _4771_/X
 _4772_/X
 _4773_/X
 _4774_/X
 _4775_/X
 _4776_/X
 _4777_/X
 _4778_/X
 _4779_/X
 _4780_/X
 _4781_/X
 _4782_/X
 _4783_/X
 _4784_/X
 _4785_/X
 _4786_/X
 _4787_/X
 _4788_/X
 _4789_/X
 _4790_/X
 _4791_/X
 _4792_/X
 _4793_/X
 _4794_/X
 _4795_/X
 _4796_/X
 _4797_/X
 _4798_/X
 _4799_/X
 _4800_/X
 _4801_/X
 _4802_/X
 _4803_/X
 _4804_/X
 _4805_/X
 _4806_/X
 _4807_/X
 _4808_/X
 _4809_/X
 _4810_/X
 _4811_/X
 _4812_/X
 _4813_/X
 _4814_/X
 _4815_/X
 _4816_/X
 _4817_/X
 _4818_/X
 _4819_/X
 _4820_/X
 _4821_/X
 _4822_/X
 _4823_/X
 _4824_/X
 _4825_/X
 _4826_/X
 _4827_/X
 _4828_/X
 _4829_/X
 _4830_/X
 _4831_/X
 _4832_/X
 _4833_/X
 _4834_/X
 _4835_/X
 _4836_/X
 _4837_/X
 _4838_/X
 _4839_/X
 _4840_/X
 _4841_/X
 _4842_/X
 _4843_/X
 _4844_/X
 _4845_/X
 _4846_/X
 _4847_/X
 _4848_/X
 _4849_/X
 _4850_/X
 _4851_/X
 _4852_/X
 _4853_/X
 _4854_/X
 _4855_/X
 _4856_/X
 _4857_/X
 _4858_/X
 _4859_/X
 _4860_/X
 _4861_/X
 _4862_/X
 _4863_/X
 _4864_/X
 _4865_/X
 _4866_/X
 _4867_/X
 _4868_/X
 _4869_/X
 _4870_/X
 _4871_/X
 _4872_/X
 _4873_/X
 _4874_/X
 _4875_/X
 _4876_/X
 _4877_/X
 _4878_/X
 _4879_/X
 _4880_/X
 _4881_/X
 _4882_/X
 _4883_/X
 _4884_/X
 _4885_/X
 _4886_/X
 _4887_/X
 _4888_/X
 _4889_/X
 _4890_/X
 _4891_/X
 _4892_/X
 _4893_/X
 _4894_/X
 _4895_/X
 _4896_/X
 _4897_/X
 _4898_/X
 _4899_/X
 _4900_/X
 _4901_/X
 _4902_/X
 _4903_/X
 _4904_/X
 _4905_/X
 _4906_/X
 _4907_/X
 _4908_/X
 _4909_/X
 _4910_/X
 _4911_/X
 _4912_/X
 _4913_/X
 _4914_/X
 _4915_/X
 _4916_/X
 _4917_/X
 _4918_/X
 _4919_/X
 _4920_/X
 _4921_/X
 _4922_/X
 _4923_/X
 _4924_/X
 _4925_/X
 _4926_/X
 _4927_/X
 _4928_/X
 _4929_/X
 _4930_/X
 _4931_/X
 _4932_/X
 _4933_/X
 _4934_/X
 _4935_/X
 _4936_/X
 _4937_/X
 _4938_/X
 _4939_/X
 _4940_/X
 _4941_/X
 _4942_/X
 _4943_/X
 _4944_/X
 _4945_/X
 _4946_/X
 _4947_/X
 _4948_/X
 _4949_/X
 _4950_/X
 _4951_/X
 _4952_/X
 _4953_/X
 _4954_/X
 _4955_/X
 _4956_/X
 _4957_/X
 _4958_/X
 _4959_/X
 _4960_/X
 _4961_/X
 _4962_/X
 _4963_/X
 _4964_/X
 _4965_/X
 _4966_/X
 _4967_/X
 _4968_/X
 _4969_/X
 _4970_/X
 _4971_/X
 _4972_/X
 _4973_/X
 _4974_/X
 _4975_/X
 _4976_/X
 _4977_/X
 _4978_/X
 _4979_/X
 _4980_/X
 _4981_/X
 _4982_/X
 _4983_/X
 _4984_/X
 _4985_/X
 _4986_/X
 _4987_/X
 _4988_/X
 _4989_/X
 _4990_/X
 _4991_/X
 _4992_/X
 _4993_/X
 _4994_/X
 _4995_/X
 _4996_/X
 _4997_/X
 _4998_/X
 _4999_/X
 _5000_/X
 _5001_/X
 _5002_/X
 _5003_/X
 _5004_/X
 _5005_/X
 _5006_/X
 _5007_/X
 _5008_/X
 _5009_/X
 _5010_/X
 _5011_/X
 _5012_/X
 _5013_/X
 _5014_/X
 _5015_/X
 _5016_/X
 _5017_/X
 _5018_/X
 _5019_/X
 _5020_/X
 _5021_/X
 _5022_/X
 _5023_/X
 _5024_/X
 _5025_/X
 _5026_/X
 _5027_/X
 _5028_/X
 _5029_/X
 _5030_/X
 _5031_/X
 _5032_/X
 _5033_/Y
 _5034_/Y
 _5035_/X
 _5036_/Y
 _5037_/Y
 _5038_/X
 _5039_/X
 _5040_/X
 _5041_/Y
 _5042_/Y
 _5043_/X
 _5044_/Y
 _5045_/Y
 _5046_/Y
 _5047_/Y
 _5048_/X
 _5049_/Y
 _5050_/Y
 _5051_/X
 _5052_/Y
 _5053_/Y
 _5054_/Y
 _5055_/X
 _5056_/X
 _5057_/Y
 _5058_/X
 _5059_/Y
 _5060_/X
 _5061_/Y
 _5062_/X
 _5063_/Y
 _5064_/Y
 _5065_/X
 _5066_/Y
 _5067_/X
 _5068_/X
 _5069_/Y
 _5070_/X
 _5071_/X
 _5072_/Y
 _5073_/X
 _5074_/Y
 _5075_/X
 _5076_/X
 _5077_/X
 _5078_/X
 _5079_/Q
 _5080_/Q
 _5081_/Q
 _5082_/Q
 _5083_/Q
 _5084_/Q
 _5085_/Q
 _5086_/Q
 _5087_/Q
 _5088_/Q
 _5089_/Q
 _5090_/Q
 _5091_/Q
 _5092_/Q
 _5093_/Q
 _5094_/Q
 _5095_/Q
 _5096_/Q
 _5097_/Q
 _5098_/Q
 _5099_/Q
 _5100_/Q
 _5101_/Q
 _5102_/Q
 _5103_/Q
 _5104_/Q
 _5105_/Q
 _5106_/Q
 _5107_/Q
 _5108_/Q
 _5109_/Q
 _5110_/Q
 _5111_/Q
 _5112_/Q
 _5113_/Q
 _5114_/Q
 _5115_/Q
 _5116_/Q
 _5117_/Q
 _5118_/Q
 _5119_/Q
 _5120_/Q
 _5121_/Q
 _5122_/Q
 _5123_/Q
 _5124_/Q
 _5125_/Q
 _5126_/Q
 _5127_/Q
 _5128_/Q
 _5129_/Q
 _5130_/Q
 _5131_/Q
 _5132_/Q
 _5133_/Q
 _5134_/Q
 _5135_/Q
 _5136_/Q
 _5137_/Q
 _5138_/Q
 _5139_/Q
 _5140_/Q
 _5141_/Q
 _5142_/Q
 _5143_/Q
 _5144_/Q
 _5145_/Q
 _5146_/Q
 _5147_/Q
 _5148_/Q
 _5149_/Q
 _5150_/Q
 _5151_/Q
 _5152_/Q
 _5153_/Q
 _5154_/Q
 _5155_/Q
 _5156_/Q
 _5157_/Q
 _5158_/Q
 _5159_/Q
 _5160_/Q
 _5161_/Q
 _5162_/Q
 _5163_/Q
 _5164_/Q
 _5165_/Q
 _5166_/Q
 _5167_/Q
 _5168_/Q
 _5169_/Q
 _5170_/Q
 _5171_/Q
 _5172_/Q
 _5173_/Q
 _5174_/Q
 _5175_/Q
 _5176_/Q
 _5177_/Q
 _5178_/Q
 _5179_/Q
 _5180_/Q
 _5181_/Q
 _5182_/Q
 _5183_/Q
 _5184_/Q
 _5185_/Q
 _5186_/Q
 _5187_/Q
 _5188_/Q
 _5189_/Q
 _5190_/Q
 _5191_/Q
 _5192_/Q
 _5193_/Q
 _5194_/Q
 _5195_/Q
 _5196_/Q
 _5197_/Q
 _5198_/Q
 _5199_/Q
 _5200_/Q
 _5201_/Q
 _5202_/Q
 _5203_/Q
 _5204_/Q
 _5205_/Q
 _5206_/Q
 _5207_/Q
 _5208_/Q
 _5209_/Q
 _5210_/Q
 _5211_/Q
 _5212_/Q
 _5213_/Q
 _5214_/Q
 _5215_/Q
 _5216_/Q
 _5217_/Q
 _5218_/Q
 _5219_/Q
 _5220_/Q
 _5221_/Q
 _5222_/Q
 _5223_/Q
 _5224_/Q
 _5225_/Q
 _5226_/Q
 _5227_/Q
 _5228_/Q
 _5229_/Q
 _5230_/Q
 _5231_/Q
 _5232_/Q
 _5233_/Q
 _5234_/Q
 _5235_/Q
 _5236_/Q
 _5237_/Q
 _5238_/Q
 _5239_/Q
 _5240_/Q
 _5241_/Q
 _5242_/Q
 _5243_/Q
 _5244_/Q
 _5245_/Q
 _5246_/Q
 _5247_/Q
 _5248_/Q
 _5249_/Q
 _5250_/Q
 _5251_/Q
 _5252_/Q
 _5253_/Q
 _5254_/Q
 _5255_/Q
 _5256_/Q
 _5257_/Q
 _5258_/Q
 _5259_/Q
 _5260_/Q
 _5261_/Q
 _5262_/Q
 _5263_/Q
 _5264_/Q
 _5265_/Q
 _5266_/Q
 _5267_/Q
 _5268_/Q
 _5269_/Q
 _5270_/Q
 _5271_/Q
 _5272_/Q
 _5273_/Q
 _5274_/Q
 _5275_/Q
 _5276_/Q
 _5277_/Q
 _5278_/Q
 _5279_/Q
 _5280_/Q
 _5281_/Q
 _5282_/Q
 _5283_/Q
 _5284_/Q
 _5285_/Q
 _5286_/Q
 _5287_/Q
 _5288_/Q
 _5289_/Q
 _5290_/Q
 _5291_/Q
 _5292_/Q
 _5293_/Q
 _5294_/Q
 _5295_/Q
 _5296_/Q
 _5297_/Q
 _5298_/Q
 _5299_/Q
 _5300_/Q
 _5301_/Q
 _5302_/Q
 _5303_/Q
 _5304_/Q
 _5305_/Q
 _5306_/Q
 _5307_/Q
 _5308_/Q
 _5309_/Q
 _5310_/Q
 _5311_/Q
 _5312_/Q
 _5313_/Q
 _5314_/Q
 _5315_/Q
 _5316_/Q
 _5317_/Q
 _5318_/Q
 _5319_/Q
 _5320_/Q
 _5321_/Q
 _5322_/Q
 _5323_/Q
 _5324_/Q
 _5325_/Q
 _5326_/Q
 _5327_/Q
 _5328_/Q
 _5329_/Q
 _5330_/Q
 _5331_/Q
 _5332_/Q
 _5333_/Q
 _5334_/Q
 _5335_/Q
 _5336_/Q
 _5337_/Q
 _5338_/Q
 _5339_/Q
 _5340_/Q
 _5341_/Q
 _5342_/Q
 _5343_/Q
 _5344_/Q
 _5345_/Q
 _5346_/Q
 _5347_/Q
 _5348_/Q
 _5349_/Q
 _5350_/Q
 _5351_/Q
 _5352_/Q
 _5353_/Q
 _5354_/Q
 _5355_/Q
 _5356_/Q
 _5357_/Q
 _5358_/Q
 _5359_/Q
 _5360_/Q
 _5361_/Q
 _5362_/Q
 _5363_/Q
 _5364_/Q
 _5365_/Q
 _5366_/Q
 _5367_/Q
 _5368_/Q
 _5369_/Q
 _5370_/Q
 _5371_/Q
 _5372_/Q
 _5373_/Q
 _5374_/Q
 _5375_/Q
 _5376_/Q
 _5377_/Q
 _5378_/Q
 _5379_/Q
 _5380_/Q
 _5381_/Q
 _5382_/Q
 _5383_/Q
 _5384_/Q
 _5385_/Q
 _5386_/Q
 _5387_/Q
 _5388_/Q
 _5389_/Q
 _5390_/Q
 _5391_/Q
 _5392_/Q
 _5393_/Q
 _5394_/Q
 _5395_/Q
 _5396_/Q
 _5397_/Q
 _5398_/Q
 _5399_/Q
 _5400_/Q
 _5401_/Q
 _5402_/Q
 _5403_/Q
 _5404_/Q
 _5405_/Q
 _5406_/Q
 _5407_/Q
 _5408_/Q
 _5409_/Q
 _5410_/Q
 _5411_/Q
 _5412_/Q
 _5413_/Q
 _5414_/Q
 _5415_/Q
 _5416_/Q
 _5417_/Q
 _5418_/Q
 _5419_/Q
 _5420_/Q
 _5421_/Q
 _5422_/Q
 _5423_/Q
 _5424_/Q
 _5425_/Q
 _5426_/Q
 _5427_/Q
 _5428_/Q
 _5429_/Q
 _5430_/Q
 _5431_/Q
 _5432_/Q
 _5433_/Q
 _5434_/Q
 _5435_/Q
 _5436_/Q
 _5437_/Q
 _5438_/Q
 _5439_/Q
 _5440_/Q
 _5441_/Q
 _5442_/Q
 _5443_/Q
 _5444_/Q
 _5445_/Q
 _5446_/Q
 _5447_/Q
 _5448_/Q
 _5449_/Q
 _5450_/Q
 _5451_/Q
 _5452_/Q
 _5453_/Q
 _5454_/Q
 _5455_/Q
 _5456_/Q
 _5457_/Q
 _5458_/Q
 _5459_/Q
 _5460_/Q
 _5461_/Q
 _5462_/Q
 _5463_/Q
 _5464_/Q
 _5465_/Q
 _5466_/Q
 _5467_/Q
 _5468_/Q
 _5469_/Q
 _5470_/Q
 _5471_/Q
 _5472_/Q
 _5473_/Q
 _5474_/Q
 _5475_/Q
 _5476_/Q
 _5477_/Q
 _5478_/Q
 _5479_/Q
 _5480_/Q
 _5481_/Q
 _5482_/Q
 _5483_/Q
 _5484_/Q
 _5485_/Q
 _5486_/Q
 _5487_/Q
 _5488_/Q
 _5489_/Q
 _5490_/Q
 _5491_/Q
 _5492_/Q
 _5493_/Q
 _5494_/Q
 _5495_/Q
 _5496_/Q
 _5497_/Q
 _5498_/Q
 _5499_/Q
 _5500_/Q
 _5501_/Q
 _5502_/Q
 _5503_/Q
 _5504_/Q
 _5505_/Q
 _5506_/Q
 _5507_/Q
 _5508_/Q
 _5509_/Q
 _5510_/Q
 _5511_/Q
 _5512_/Q
 _5513_/Q
 _5514_/Q
 _5515_/Q
 _5516_/Q
 _5517_/Q
 _5518_/Q
 _5519_/Q
 _5520_/Q
 _5521_/Q
 _5522_/Q
 _5523_/Q
 _5524_/Q
 _5525_/Q
 _5526_/Q
 _5527_/Q
 _5528_/Q
 _5529_/Q
 _5530_/Q
 _5531_/Q
 _5532_/Q
 _5533_/Q
 _5534_/Q
 _5535_/Q
 _5536_/Q
 _5537_/Q
 _5538_/Q
 _5539_/Q
 _5540_/Q
 _5541_/Q
 _5542_/Q
 _5543_/Q
 _5544_/Q
 _5545_/Q
 _5546_/Q
 _5547_/Q
 _5548_/Q
 _5549_/Q
 _5550_/Q
 _5551_/Q
 _5552_/Q
 _5553_/Q
 _5554_/Q
 _5555_/Q
 _5556_/Q
 _5557_/Q
 _5558_/Q
 _5559_/Q
 _5560_/Q
 _5561_/Q
 _5562_/Q
 _5563_/Q
 _5564_/Q
 _5565_/Q
 _5566_/Q
 _5567_/Q
 _5568_/Q
 _5569_/Q
 _5570_/Q
 _5571_/Q
 _5572_/Q
 _5573_/Q
 _5574_/Q
 _5575_/Q
 _5576_/Q
 _5577_/Q
 _5578_/Q
 _5579_/Q
 clkbuf_0_clk/X
 clkbuf_2_0__f_clk/X
 clkbuf_2_1__f_clk/X
 clkbuf_2_2__f_clk/X
 clkbuf_2_3__f_clk/X
 clkbuf_leaf_0_clk/X
 clkbuf_leaf_10_clk/X
 clkbuf_leaf_11_clk/X
 clkbuf_leaf_12_clk/X
 clkbuf_leaf_13_clk/X
 clkbuf_leaf_14_clk/X
 clkbuf_leaf_15_clk/X
 clkbuf_leaf_16_clk/X
 clkbuf_leaf_17_clk/X
 clkbuf_leaf_18_clk/X
 clkbuf_leaf_19_clk/X
 clkbuf_leaf_1_clk/X
 clkbuf_leaf_20_clk/X
 clkbuf_leaf_21_clk/X
 clkbuf_leaf_22_clk/X
 clkbuf_leaf_23_clk/X
 clkbuf_leaf_24_clk/X
 clkbuf_leaf_25_clk/X
 clkbuf_leaf_26_clk/X
 clkbuf_leaf_27_clk/X
 clkbuf_leaf_28_clk/X
 clkbuf_leaf_29_clk/X
 clkbuf_leaf_2_clk/X
 clkbuf_leaf_30_clk/X
 clkbuf_leaf_31_clk/X
 clkbuf_leaf_32_clk/X
 clkbuf_leaf_33_clk/X
 clkbuf_leaf_34_clk/X
 clkbuf_leaf_35_clk/X
 clkbuf_leaf_36_clk/X
 clkbuf_leaf_37_clk/X
 clkbuf_leaf_38_clk/X
 clkbuf_leaf_39_clk/X
 clkbuf_leaf_3_clk/X
 clkbuf_leaf_40_clk/X
 clkbuf_leaf_41_clk/X
 clkbuf_leaf_42_clk/X
 clkbuf_leaf_4_clk/X
 clkbuf_leaf_5_clk/X
 clkbuf_leaf_6_clk/X
 clkbuf_leaf_7_clk/X
 clkbuf_leaf_8_clk/X
 clkbuf_leaf_9_clk/X
 clkload0/Y
 clkload1/Y
 clkload10/Y
 clkload11/Y
 clkload12/X
 clkload13/Y
 clkload14/Y
 clkload15/X
 clkload16/Y
 clkload17/Y
 clkload18/Y
 clkload19/Y
 clkload2/X
 clkload20/Y
 clkload21/Y
 clkload22/Y
 clkload23/Y
 clkload24/Y
 clkload25/Y
 clkload26/Y
 clkload27/Y
 clkload28/Y
 clkload29/Y
 clkload3/Y
 clkload30/Y
 clkload31/Y
 clkload32/Y
 clkload33/Y
 clkload34/Y
 clkload35/Y
 clkload36/Y
 clkload37/Y
 clkload38/Y
 clkload39/Y
 clkload4/Y
 clkload40/X
 clkload41/Y
 clkload5/Y
 clkload6/Y
 clkload7/Y
 clkload8/Y
 clkload9/Y
 clone29/X
 clone4/X
 input1/X
 input2/X
 output10/X
 output11/X
 output12/X
 output13/X
 output3/X
 output4/X
 output5/X
 output6/X
 output7/X
 output8/X
 output9/X
 rebuffer1/X
 rebuffer10/X
 rebuffer11/X
 rebuffer12/X
 rebuffer13/X
 rebuffer14/X
 rebuffer15/X
 rebuffer16/X
 rebuffer17/X
 rebuffer18/X
 rebuffer19/X
 rebuffer2/X
 rebuffer20/X
 rebuffer21/X
 rebuffer22/X
 rebuffer23/X
 rebuffer24/X
 rebuffer25/X
 rebuffer26/X
 rebuffer27/X
 rebuffer28/X
 rebuffer3/X
 rebuffer5/X
 rebuffer6/X
 rebuffer7/X
 rebuffer8/X
 rebuffer9/X
Found 0 partially unannotated drivers.

===========================================================================
max slew violation count 0
max fanout violation count 0
max cap violation count 0
============================================================================

===========================================================================
check_setup -verbose -unconstrained_endpoints -multiple_clock -no_clock -no_input_delay -loops -generated_clocks
===========================================================================
Warning: There are 2 input ports missing set_input_delay.
  control
  res
Warning: There are 12 unconstrained endpoints.
  an[0]
  an[1]
  an[2]
  an[3]
  seg[0]
  seg[1]
  seg[2]
  seg[3]
  seg[4]
  seg[5]
  seg[6]
  _5079_/D
