OpenROAD b16bda7e82721d10566ff7e2b68f1ff0be9f9e38 
Features included (+) or not (-): +Charts +GPU +GUI +Python
This program is licensed under the BSD-3 license. See the LICENSE file for details.
Components of this program may be licensed under more restrictive licenses which must be honored.
define_corners Typical
read_liberty -corner Typical /home/kagan/.volare/sky130A/libs.ref/sky130_fd_sc_hd/lib/sky130_fd_sc_hd__tt_025C_1v80.lib
Using 1e-12 for capacitance...
Using 1e+03 for resistance...
Using 1e-09 for time...
Using 1e+00 for voltage...
Using 1e-03 for current...
Using 1e-09 for power...
Using 1e-06 for distance...
[INFO]: Reading ODB at '/openlane/designs/alu_and_register/runs/RUN_2025.06.14_21.48.27/results/routing/TopModule.odb'…
Reading design constraints file at '/openlane/designs/alu_and_register/src/TopModule.sdc'…
Net: _1135_
  Pin: _4541_/B1 (sky130_fd_sc_hd__o21a_1)
    Layer: met3
      Partial area ratio:   14.25
      Required ratio:    0.00 (Gate area) 
      Partial area ratio:   77.42
      Required ratio: 2956.40 (Side area) 
      Cumulative area ratio:   33.37
      Required ratio:    0.00 (Cumulative area) 
      Cumulative area ratio:  177.01
      Required ratio:    0.00 (Cumulative side area) 

    Layer: met2
      Partial area ratio:    6.52
      Required ratio:    0.00 (Gate area) 
      Partial area ratio:   33.01
      Required ratio:  400.00 (Side area) 
      Cumulative area ratio:   19.12
      Required ratio:    0.00 (Cumulative area) 
      Cumulative area ratio:   99.58
      Required ratio:    0.00 (Cumulative side area) 

    Layer: met1
      Partial area ratio:    3.57
      Required ratio:    0.00 (Gate area) 
      Partial area ratio:   19.85
      Required ratio:  400.00 (Side area) 
      Cumulative area ratio:    3.57
      Required ratio:    0.00 (Cumulative area) 
      Cumulative area ratio:   19.85
      Required ratio:    0.00 (Cumulative side area) 

    Layer: li1
      Partial area ratio:    0.00
      Required ratio:    0.00 (Gate area) 
      Partial area ratio:    0.00
      Required ratio:   75.00 (Side area) 
      Cumulative area ratio:    0.00
      Required ratio:    0.00 (Cumulative area) 
      Cumulative area ratio:    0.00
      Required ratio:    0.00 (Cumulative side area) 

    Via: M2M3_PR
      Partial area ratio:    0.05
      Required ratio:    6.00 (Gate area) 
      Cumulative area ratio:    0.53
      Required ratio:    0.00 (Cumulative area) 

    Via: M1M2_PR
      Partial area ratio:    0.18
      Required ratio:    6.00 (Gate area) 
      Cumulative area ratio:    0.30
      Required ratio:    0.00 (Cumulative area) 

    Via: L1M1_PR_MR
      Partial area ratio:    0.12
      Required ratio:    3.00 (Gate area) 
      Cumulative area ratio:    0.12
      Required ratio:    0.00 (Cumulative area) 

  Pin: _4408_/A (sky130_fd_sc_hd__buf_4)
    Layer: met3
      Partial area ratio:   14.25
      Required ratio:    0.00 (Gate area) 
      Partial area ratio:   77.42
      Required ratio: 2956.40 (Side area) 
      Cumulative area ratio:   33.37
      Required ratio:    0.00 (Cumulative area) 
      Cumulative area ratio:  177.01
      Required ratio:    0.00 (Cumulative side area) 

    Layer: met2
      Partial area ratio:    6.52
      Required ratio:    0.00 (Gate area) 
      Partial area ratio:   33.01
      Required ratio:  400.00 (Side area) 
      Cumulative area ratio:   19.12
      Required ratio:    0.00 (Cumulative area) 
      Cumulative area ratio:   99.58
      Required ratio:    0.00 (Cumulative side area) 

    Layer: met1
      Partial area ratio:    0.00
      Required ratio:    0.00 (Gate area) 
      Partial area ratio:    0.00
      Required ratio:  400.00 (Side area) 
      Cumulative area ratio:    0.00
      Required ratio:    0.00 (Cumulative area) 
      Cumulative area ratio:    0.00
      Required ratio:    0.00 (Cumulative side area) 

    Layer: li1
      Partial area ratio:    0.00
      Required ratio:    0.00 (Gate area) 
      Partial area ratio:    0.00
      Required ratio:   75.00 (Side area) 
      Cumulative area ratio:    0.00
      Required ratio:    0.00 (Cumulative area) 
      Cumulative area ratio:    0.00
      Required ratio:    0.00 (Cumulative side area) 

    Via: M2M3_PR
      Partial area ratio:    0.05
      Required ratio:    6.00 (Gate area) 
      Cumulative area ratio:    0.63
      Required ratio:    0.00 (Cumulative area) 

    Via: M1M2_PR
      Partial area ratio:    0.09
      Required ratio:    6.00 (Gate area) 
      Cumulative area ratio:    0.21
      Required ratio:    0.00 (Cumulative area) 

    Via: L1M1_PR_MR
      Partial area ratio:    0.12
      Required ratio:    3.00 (Gate area) 
      Cumulative area ratio:    0.12
      Required ratio:    0.00 (Cumulative area) 

  Pin: _4496_/A1 (sky130_fd_sc_hd__a21o_1)
    Layer: met3
      Partial area ratio:   14.25
      Required ratio:    0.00 (Gate area) 
      Partial area ratio:   77.42
      Required ratio: 2956.40 (Side area) 
      Cumulative area ratio:   29.80
      Required ratio:    0.00 (Cumulative area) 
      Cumulative area ratio:  157.15
      Required ratio:    0.00 (Cumulative side area) 

    Layer: met2
      Partial area ratio:    6.52
      Required ratio:    0.00 (Gate area) 
      Partial area ratio:   33.01
      Required ratio:  400.00 (Side area) 
      Cumulative area ratio:   15.55
      Required ratio:    0.00 (Cumulative area) 
      Cumulative area ratio:   79.73
      Required ratio:    0.00 (Cumulative side area) 

    Layer: met1
      Partial area ratio:    9.03
      Required ratio:    0.00 (Gate area) 
      Partial area ratio:   46.72
      Required ratio:  400.00 (Side area) 
      Cumulative area ratio:    9.03
      Required ratio:    0.00 (Cumulative area) 
      Cumulative area ratio:   46.72
      Required ratio:    0.00 (Cumulative side area) 

    Layer: li1
      Partial area ratio:    0.00
      Required ratio:    0.00 (Gate area) 
      Partial area ratio:    0.00
      Required ratio:   75.00 (Side area) 
      Cumulative area ratio:    0.00
      Required ratio:    0.00 (Cumulative area) 
      Cumulative area ratio:    0.00
      Required ratio:    0.00 (Cumulative side area) 

    Via: M2M3_PR
      Partial area ratio:    0.05
      Required ratio:    6.00 (Gate area) 
      Cumulative area ratio:    0.35
      Required ratio:    0.00 (Cumulative area) 

    Via: M1M2_PR
      Partial area ratio:    0.18
      Required ratio:    6.00 (Gate area) 
      Cumulative area ratio:    0.30
      Required ratio:    0.00 (Cumulative area) 

    Via: L1M1_PR_MR
      Partial area ratio:    0.12
      Required ratio:    3.00 (Gate area) 
      Cumulative area ratio:    0.12
      Required ratio:    0.00 (Cumulative area) 

  Pin: _4481_/A1 (sky130_fd_sc_hd__a21o_1)
    Layer: met2
      Partial area ratio:    4.00
      Required ratio:    0.00 (Gate area) 
      Partial area ratio:   20.82
      Required ratio:  400.00 (Side area) 
      Cumulative area ratio:    6.95
      Required ratio:    0.00 (Cumulative area) 
      Cumulative area ratio:   35.92
      Required ratio:    0.00 (Cumulative side area) 

    Layer: met1
      Partial area ratio:    2.94
      Required ratio:    0.00 (Gate area) 
      Partial area ratio:   15.10
      Required ratio:  400.00 (Side area) 
      Cumulative area ratio:    2.94
      Required ratio:    0.00 (Cumulative area) 
      Cumulative area ratio:   15.10
      Required ratio:    0.00 (Cumulative side area) 

    Layer: li1
      Partial area ratio:    0.00
      Required ratio:    0.00 (Gate area) 
      Partial area ratio:    0.00
      Required ratio:   75.00 (Side area) 
      Cumulative area ratio:    0.00
      Required ratio:    0.00 (Cumulative area) 
      Cumulative area ratio:    0.00
      Required ratio:    0.00 (Cumulative side area) 

    Via: M2M3_PR
      Partial area ratio:    0.32
      Required ratio:    6.00 (Gate area) 
      Cumulative area ratio:    0.62
      Required ratio:    0.00 (Cumulative area) 

    Via: M1M2_PR
      Partial area ratio:    0.18
      Required ratio:    6.00 (Gate area) 
      Cumulative area ratio:    0.30
      Required ratio:    0.00 (Cumulative area) 

    Via: L1M1_PR_MR
      Partial area ratio:    0.12
      Required ratio:    3.00 (Gate area) 
      Cumulative area ratio:    0.12
      Required ratio:    0.00 (Cumulative area) 

  Pin: _4743_/S1 (sky130_fd_sc_hd__mux4_1)
    Layer: met2
      Partial area ratio:    3.85
      Required ratio:    0.00 (Gate area) 
      Partial area ratio:   19.82
      Required ratio:  400.00 (Side area) 
      Cumulative area ratio:    9.06
      Required ratio:    0.00 (Cumulative area) 
      Cumulative area ratio:   47.04
      Required ratio:    0.00 (Cumulative side area) 

    Layer: met1
      Partial area ratio:    5.21
      Required ratio:    0.00 (Gate area) 
      Partial area ratio:   27.22
      Required ratio:  400.00 (Side area) 
      Cumulative area ratio:    5.21
      Required ratio:    0.00 (Cumulative area) 
      Cumulative area ratio:   27.22
      Required ratio:    0.00 (Cumulative side area) 

    Layer: li1
      Partial area ratio:    0.00
      Required ratio:    0.00 (Gate area) 
      Partial area ratio:    0.00
      Required ratio:   75.00 (Side area) 
      Cumulative area ratio:    0.00
      Required ratio:    0.00 (Cumulative area) 
      Cumulative area ratio:    0.00
      Required ratio:    0.00 (Cumulative side area) 

    Via: M2M3_PR
      Partial area ratio:    0.08
      Required ratio:    6.00 (Gate area) 
      Cumulative area ratio:    0.28
      Required ratio:    0.00 (Cumulative area) 

    Via: M1M2_PR
      Partial area ratio:    0.09
      Required ratio:    6.00 (Gate area) 
      Cumulative area ratio:    0.20
      Required ratio:    0.00 (Cumulative area) 

    Via: L1M1_PR_MR
      Partial area ratio:    0.11
      Required ratio:    3.00 (Gate area) 
      Cumulative area ratio:    0.11
      Required ratio:    0.00 (Cumulative area) 

  Pin: _4728_/S (sky130_fd_sc_hd__mux2_1)
    Layer: met2
      Partial area ratio:    3.85
      Required ratio:    0.00 (Gate area) 
      Partial area ratio:   19.82
      Required ratio:  400.00 (Side area) 
      Cumulative area ratio:    4.44
      Required ratio:    0.00 (Cumulative area) 
      Cumulative area ratio:   23.15
      Required ratio:    0.00 (Cumulative side area) 

    Layer: met1
      Partial area ratio:    0.59
      Required ratio:    0.00 (Gate area) 
      Partial area ratio:    3.33
      Required ratio:  400.00 (Side area) 
      Cumulative area ratio:    0.59
      Required ratio:    0.00 (Cumulative area) 
      Cumulative area ratio:    3.33
      Required ratio:    0.00 (Cumulative side area) 

    Layer: li1
      Partial area ratio:    0.00
      Required ratio:    0.00 (Gate area) 
      Partial area ratio:    0.00
      Required ratio:   75.00 (Side area) 
      Cumulative area ratio:    0.00
      Required ratio:    0.00 (Cumulative area) 
      Cumulative area ratio:    0.00
      Required ratio:    0.00 (Cumulative side area) 

    Via: M2M3_PR
      Partial area ratio:    0.08
      Required ratio:    6.00 (Gate area) 
      Cumulative area ratio:    0.28
      Required ratio:    0.00 (Cumulative area) 

    Via: M1M2_PR
      Partial area ratio:    0.09
      Required ratio:    6.00 (Gate area) 
      Cumulative area ratio:    0.20
      Required ratio:    0.00 (Cumulative area) 

    Via: L1M1_PR_MR
      Partial area ratio:    0.11
      Required ratio:    3.00 (Gate area) 
      Cumulative area ratio:    0.11
      Required ratio:    0.00 (Cumulative area) 

  Pin: _4747_/A (sky130_fd_sc_hd__or2_1)
    Layer: met2
      Partial area ratio:  192.16
      Required ratio:    0.00 (Gate area) 
      Partial area ratio:  966.22
      Required ratio:  400.00 (Side area) (VIOLATED)
      Cumulative area ratio:  209.93
      Required ratio:    0.00 (Cumulative area) 
      Cumulative area ratio: 1059.78
      Required ratio:    0.00 (Cumulative side area) 

    Layer: met1
      Partial area ratio:   17.78
      Required ratio:    0.00 (Gate area) 
      Partial area ratio:   93.56
      Required ratio:  400.00 (Side area) 
      Cumulative area ratio:   17.78
      Required ratio:    0.00 (Cumulative area) 
      Cumulative area ratio:   93.56
      Required ratio:    0.00 (Cumulative side area) 

    Layer: li1
      Partial area ratio:    0.00
      Required ratio:    0.00 (Gate area) 
      Partial area ratio:    0.00
      Required ratio:   75.00 (Side area) 
      Cumulative area ratio:    0.00
      Required ratio:    0.00 (Cumulative area) 
      Cumulative area ratio:    0.00
      Required ratio:    0.00 (Cumulative side area) 

    Via: M2M3_PR
      Partial area ratio:    0.95
      Required ratio:    6.00 (Gate area) 
      Cumulative area ratio:    1.54
      Required ratio:    0.00 (Cumulative area) 

    Via: M1M2_PR
      Partial area ratio:    0.36
      Required ratio:    6.00 (Gate area) 
      Cumulative area ratio:    0.59
      Required ratio:    0.00 (Cumulative area) 

    Via: L1M1_PR_MR
      Partial area ratio:    0.23
      Required ratio:    3.00 (Gate area) 
      Cumulative area ratio:    0.23
      Required ratio:    0.00 (Cumulative area) 

  Pin: _4365_/A (sky130_fd_sc_hd__buf_6)
    Layer: met2
      Partial area ratio:    0.47
      Required ratio:    0.00 (Gate area) 
      Partial area ratio:    2.56
      Required ratio:  400.00 (Side area) 
      Cumulative area ratio:    1.16
      Required ratio:    0.00 (Cumulative area) 
      Cumulative area ratio:    6.21
      Required ratio:    0.00 (Cumulative side area) 

    Layer: met1
      Partial area ratio:    0.69
      Required ratio:    0.00 (Gate area) 
      Partial area ratio:    3.65
      Required ratio:  400.00 (Side area) 
      Cumulative area ratio:    0.69
      Required ratio:    0.00 (Cumulative area) 
      Cumulative area ratio:    3.65
      Required ratio:    0.00 (Cumulative side area) 

    Layer: li1
      Partial area ratio:    0.00
      Required ratio:    0.00 (Gate area) 
      Partial area ratio:    0.00
      Required ratio:   75.00 (Side area) 
      Cumulative area ratio:    0.00
      Required ratio:    0.00 (Cumulative area) 
      Cumulative area ratio:    0.00
      Required ratio:    0.00 (Cumulative side area) 

    Via: M2M3_PR
      Partial area ratio:    0.08
      Required ratio:    6.00 (Gate area) 
      Cumulative area ratio:    0.18
      Required ratio:    0.00 (Cumulative area) 

    Via: M1M2_PR
      Partial area ratio:    0.05
      Required ratio:    6.00 (Gate area) 
      Cumulative area ratio:    0.10
      Required ratio:    0.00 (Cumulative area) 

    Via: L1M1_PR_MR
      Partial area ratio:    0.06
      Required ratio:    3.00 (Gate area) 
      Cumulative area ratio:    0.06
      Required ratio:    0.00 (Cumulative area) 

  Pin: _4464_/A1 (sky130_fd_sc_hd__a21o_1)
    Layer: met2
      Partial area ratio:    4.34
      Required ratio:    0.00 (Gate area) 
      Partial area ratio:   22.25
      Required ratio:  400.00 (Side area) 
      Cumulative area ratio:    4.34
      Required ratio:    0.00 (Cumulative area) 
      Cumulative area ratio:   22.25
      Required ratio:    0.00 (Cumulative side area) 

    Layer: met1
      Partial area ratio:    0.00
      Required ratio:    0.00 (Gate area) 
      Partial area ratio:    0.00
      Required ratio:  400.00 (Side area) 
      Cumulative area ratio:    0.00
      Required ratio:    0.00 (Cumulative area) 
      Cumulative area ratio:    0.00
      Required ratio:    0.00 (Cumulative side area) 

    Layer: li1
      Partial area ratio:    0.00
      Required ratio:    0.00 (Gate area) 
      Partial area ratio:    0.00
      Required ratio:   75.00 (Side area) 
      Cumulative area ratio:    0.00
      Required ratio:    0.00 (Cumulative area) 
      Cumulative area ratio:    0.00
      Required ratio:    0.00 (Cumulative side area) 

    Via: M2M3_PR
      Partial area ratio:    0.07
      Required ratio:    6.00 (Gate area) 
      Cumulative area ratio:    0.28
      Required ratio:    0.00 (Cumulative area) 

    Via: M1M2_PR
      Partial area ratio:    0.09
      Required ratio:    6.00 (Gate area) 
      Cumulative area ratio:    0.21
      Required ratio:    0.00 (Cumulative area) 

    Via: L1M1_PR_MR
      Partial area ratio:    0.12
      Required ratio:    3.00 (Gate area) 
      Cumulative area ratio:    0.12
      Required ratio:    0.00 (Cumulative area) 

  Pin: _4345_/S1 (sky130_fd_sc_hd__mux4_2)
    Layer: met2
      Partial area ratio:    4.34
      Required ratio:    0.00 (Gate area) 
      Partial area ratio:   22.25
      Required ratio:  400.00 (Side area) 
      Cumulative area ratio:    8.29
      Required ratio:    0.00 (Cumulative area) 
      Cumulative area ratio:   43.60
      Required ratio:    0.00 (Cumulative side area) 

    Layer: met1
      Partial area ratio:    3.95
      Required ratio:    0.00 (Gate area) 
      Partial area ratio:   21.35
      Required ratio:  400.00 (Side area) 
      Cumulative area ratio:    3.95
      Required ratio:    0.00 (Cumulative area) 
      Cumulative area ratio:   21.35
      Required ratio:    0.00 (Cumulative side area) 

    Layer: li1
      Partial area ratio:    0.00
      Required ratio:    0.00 (Gate area) 
      Partial area ratio:    0.00
      Required ratio:   75.00 (Side area) 
      Cumulative area ratio:    0.00
      Required ratio:    0.00 (Cumulative area) 
      Cumulative area ratio:    0.00
      Required ratio:    0.00 (Cumulative side area) 

    Via: M2M3_PR
      Partial area ratio:    0.07
      Required ratio:    6.00 (Gate area) 
      Cumulative area ratio:    0.24
      Required ratio:    0.00 (Cumulative area) 

    Via: M1M2_PR
      Partial area ratio:    0.07
      Required ratio:    6.00 (Gate area) 
      Cumulative area ratio:    0.17
      Required ratio:    0.00 (Cumulative area) 

    Via: L1M1_PR_MR
      Partial area ratio:    0.10
      Required ratio:    3.00 (Gate area) 
      Cumulative area ratio:    0.10
      Required ratio:    0.00 (Cumulative area) 


Net: _1940_
  Pin: _5381_/C1 (sky130_fd_sc_hd__o221a_1)
    Layer: met4
      Partial area ratio:    6.21
      Required ratio:    0.00 (Gate area) 
      Partial area ratio:   34.00
      Required ratio: 3236.16 (Side area) 
      Cumulative area ratio:   94.63
      Required ratio:    0.00 (Cumulative area) 
      Cumulative area ratio:  509.65
      Required ratio:    0.00 (Cumulative side area) 

    Layer: met3
      Partial area ratio:   81.02
      Required ratio:    0.00 (Gate area) 
      Partial area ratio:  437.44
      Required ratio:  400.00 (Side area) (VIOLATED)
      Cumulative area ratio:   88.42
      Required ratio:    0.00 (Cumulative area) 
      Cumulative area ratio:  475.65
      Required ratio:    0.00 (Cumulative side area) 

    Layer: met2
      Partial area ratio:    6.02
      Required ratio:    0.00 (Gate area) 
      Partial area ratio:   30.91
      Required ratio:  400.00 (Side area) 
      Cumulative area ratio:    7.40
      Required ratio:    0.00 (Cumulative area) 
      Cumulative area ratio:   38.21
      Required ratio:    0.00 (Cumulative side area) 

    Layer: met1
      Partial area ratio:    1.38
      Required ratio:    0.00 (Gate area) 
      Partial area ratio:    7.30
      Required ratio:  400.00 (Side area) 
      Cumulative area ratio:    1.38
      Required ratio:    0.00 (Cumulative area) 
      Cumulative area ratio:    7.30
      Required ratio:    0.00 (Cumulative side area) 

    Layer: li1
      Partial area ratio:    0.00
      Required ratio:    0.00 (Gate area) 
      Partial area ratio:    0.00
      Required ratio:   75.00 (Side area) 
      Cumulative area ratio:    0.00
      Required ratio:    0.00 (Cumulative area) 
      Cumulative area ratio:    0.00
      Required ratio:    0.00 (Cumulative side area) 

    Via: M3M4_PR
      Partial area ratio:    0.18
      Required ratio:    6.00 (Gate area) 
      Cumulative area ratio:    0.71
      Required ratio:    0.00 (Cumulative area) 

    Via: M2M3_PR
      Partial area ratio:    0.32
      Required ratio:    6.00 (Gate area) 
      Cumulative area ratio:    0.53
      Required ratio:    0.00 (Cumulative area) 

    Via: M1M2_PR
      Partial area ratio:    0.09
      Required ratio:    6.00 (Gate area) 
      Cumulative area ratio:    0.21
      Required ratio:    0.00 (Cumulative area) 

    Via: L1M1_PR_MR
      Partial area ratio:    0.12
      Required ratio:    3.00 (Gate area) 
      Cumulative area ratio:    0.12
      Required ratio:    0.00 (Cumulative area) 

  Pin: _5430_/B1 (sky130_fd_sc_hd__o21ai_1)
    Layer: met4
      Partial area ratio:    6.21
      Required ratio:    0.00 (Gate area) 
      Partial area ratio:   34.00
      Required ratio: 3236.16 (Side area) 
      Cumulative area ratio:   93.70
      Required ratio:    0.00 (Cumulative area) 
      Cumulative area ratio:  505.08
      Required ratio:    0.00 (Cumulative side area) 

    Layer: met3
      Partial area ratio:   81.02
      Required ratio:    0.00 (Gate area) 
      Partial area ratio:  437.44
      Required ratio:  400.00 (Side area) (VIOLATED)
      Cumulative area ratio:   87.49
      Required ratio:    0.00 (Cumulative area) 
      Cumulative area ratio:  471.08
      Required ratio:    0.00 (Cumulative side area) 

    Layer: met2
      Partial area ratio:    0.45
      Required ratio:    0.00 (Gate area) 
      Partial area ratio:    2.73
      Required ratio:  400.00 (Side area) 
      Cumulative area ratio:    0.45
      Required ratio:    0.00 (Cumulative area) 
      Cumulative area ratio:    2.73
      Required ratio:    0.00 (Cumulative side area) 

    Layer: met1
      Partial area ratio:    0.00
      Required ratio:    0.00 (Gate area) 
      Partial area ratio:    0.00
      Required ratio:  400.00 (Side area) 
      Cumulative area ratio:    0.00
      Required ratio:    0.00 (Cumulative area) 
      Cumulative area ratio:    0.00
      Required ratio:    0.00 (Cumulative side area) 

    Layer: li1
      Partial area ratio:    0.00
      Required ratio:    0.00 (Gate area) 
      Partial area ratio:    0.00
      Required ratio:   75.00 (Side area) 
      Cumulative area ratio:    0.00
      Required ratio:    0.00 (Cumulative area) 
      Cumulative area ratio:    0.00
      Required ratio:    0.00 (Cumulative side area) 

    Via: M3M4_PR
      Partial area ratio:    0.18
      Required ratio:    6.00 (Gate area) 
      Cumulative area ratio:    0.95
      Required ratio:    0.00 (Cumulative area) 

    Via: M2M3_PR
      Partial area ratio:    0.20
      Required ratio:    6.00 (Gate area) 
      Cumulative area ratio:    0.45
      Required ratio:    0.00 (Cumulative area) 

    Via: M1M2_PR
      Partial area ratio:    0.11
      Required ratio:    6.00 (Gate area) 
      Cumulative area ratio:    0.25
      Required ratio:    0.00 (Cumulative area) 

    Via: L1M1_PR_MR
      Partial area ratio:    0.14
      Required ratio:    3.00 (Gate area) 
      Cumulative area ratio:    0.14
      Required ratio:    0.00 (Cumulative area) 

  Pin: _5413_/B1 (sky130_fd_sc_hd__o21ai_1)
    Layer: met4
      Partial area ratio:    6.21
      Required ratio:    0.00 (Gate area) 
      Partial area ratio:   34.00
      Required ratio: 3236.16 (Side area) 
      Cumulative area ratio:   95.17
      Required ratio:    0.00 (Cumulative area) 
      Cumulative area ratio:  515.28
      Required ratio:    0.00 (Cumulative side area) 

    Layer: met3
      Partial area ratio:    1.47
      Required ratio:    0.00 (Gate area) 
      Partial area ratio:   10.19
      Required ratio:  400.00 (Side area) 
      Cumulative area ratio:    1.92
      Required ratio:    0.00 (Cumulative area) 
      Cumulative area ratio:   12.92
      Required ratio:    0.00 (Cumulative side area) 

    Layer: met2
      Partial area ratio:    0.45
      Required ratio:    0.00 (Gate area) 
      Partial area ratio:    2.73
      Required ratio:  400.00 (Side area) 
      Cumulative area ratio:    0.45
      Required ratio:    0.00 (Cumulative area) 
      Cumulative area ratio:    2.73
      Required ratio:    0.00 (Cumulative side area) 

    Layer: met1
      Partial area ratio:    0.00
      Required ratio:    0.00 (Gate area) 
      Partial area ratio:    0.00
      Required ratio:  400.00 (Side area) 
      Cumulative area ratio:    0.00
      Required ratio:    0.00 (Cumulative area) 
      Cumulative area ratio:    0.00
      Required ratio:    0.00 (Cumulative side area) 

    Layer: li1
      Partial area ratio:    0.00
      Required ratio:    0.00 (Gate area) 
      Partial area ratio:    0.00
      Required ratio:   75.00 (Side area) 
      Cumulative area ratio:    0.00
      Required ratio:    0.00 (Cumulative area) 
      Cumulative area ratio:    0.00
      Required ratio:    0.00 (Cumulative side area) 

    Via: M3M4_PR
      Partial area ratio:    0.20
      Required ratio:    6.00 (Gate area) 
      Cumulative area ratio:    0.65
      Required ratio:    0.00 (Cumulative area) 

    Via: M2M3_PR
      Partial area ratio:    0.20
      Required ratio:    6.00 (Gate area) 
      Cumulative area ratio:    0.45
      Required ratio:    0.00 (Cumulative area) 

    Via: M1M2_PR
      Partial area ratio:    0.11
      Required ratio:    6.00 (Gate area) 
      Cumulative area ratio:    0.25
      Required ratio:    0.00 (Cumulative area) 

    Via: L1M1_PR_MR
      Partial area ratio:    0.14
      Required ratio:    3.00 (Gate area) 
      Cumulative area ratio:    0.14
      Required ratio:    0.00 (Cumulative area) 

  Pin: _5344_/B1 (sky130_fd_sc_hd__o21ai_1)
    Layer: met4
      Partial area ratio:    6.21
      Required ratio:    0.00 (Gate area) 
      Partial area ratio:   34.00
      Required ratio: 3236.16 (Side area) 
      Cumulative area ratio:    8.81
      Required ratio:    0.00 (Cumulative area) 
      Cumulative area ratio:   50.56
      Required ratio:    0.00 (Cumulative side area) 

    Layer: met3
      Partial area ratio:    2.15
      Required ratio:    0.00 (Gate area) 
      Partial area ratio:   13.83
      Required ratio:  400.00 (Side area) 
      Cumulative area ratio:    2.60
      Required ratio:    0.00 (Cumulative area) 
      Cumulative area ratio:   16.56
      Required ratio:    0.00 (Cumulative side area) 

    Layer: met2
      Partial area ratio:    0.45
      Required ratio:    0.00 (Gate area) 
      Partial area ratio:    2.73
      Required ratio:  400.00 (Side area) 
      Cumulative area ratio:    0.45
      Required ratio:    0.00 (Cumulative area) 
      Cumulative area ratio:    2.73
      Required ratio:    0.00 (Cumulative side area) 

    Layer: met1
      Partial area ratio:    0.00
      Required ratio:    0.00 (Gate area) 
      Partial area ratio:    0.00
      Required ratio:  400.00 (Side area) 
      Cumulative area ratio:    0.00
      Required ratio:    0.00 (Cumulative area) 
      Cumulative area ratio:    0.00
      Required ratio:    0.00 (Cumulative side area) 

    Layer: li1
      Partial area ratio:    0.00
      Required ratio:    0.00 (Gate area) 
      Partial area ratio:    0.00
      Required ratio:   75.00 (Side area) 
      Cumulative area ratio:    0.00
      Required ratio:    0.00 (Cumulative area) 
      Cumulative area ratio:    0.00
      Required ratio:    0.00 (Cumulative side area) 

    Via: M3M4_PR
      Partial area ratio:    0.20
      Required ratio:    6.00 (Gate area) 
      Cumulative area ratio:    0.65
      Required ratio:    0.00 (Cumulative area) 

    Via: M2M3_PR
      Partial area ratio:    0.20
      Required ratio:    6.00 (Gate area) 
      Cumulative area ratio:    0.45
      Required ratio:    0.00 (Cumulative area) 

    Via: M1M2_PR
      Partial area ratio:    0.11
      Required ratio:    6.00 (Gate area) 
      Cumulative area ratio:    0.25
      Required ratio:    0.00 (Cumulative area) 

    Via: L1M1_PR_MR
      Partial area ratio:    0.14
      Required ratio:    3.00 (Gate area) 
      Cumulative area ratio:    0.14
      Required ratio:    0.00 (Cumulative area) 

  Pin: _5290_/A1_N (sky130_fd_sc_hd__a2bb2o_4)
    Layer: met4
      Partial area ratio:    6.21
      Required ratio:    0.00 (Gate area) 
      Partial area ratio:   34.00
      Required ratio: 3236.16 (Side area) 
      Cumulative area ratio:   18.46
      Required ratio:    0.00 (Cumulative area) 
      Cumulative area ratio:   99.41
      Required ratio:    0.00 (Cumulative side area) 

    Layer: met3
      Partial area ratio:    5.36
      Required ratio:    0.00 (Gate area) 
      Partial area ratio:   29.34
      Required ratio:  400.00 (Side area) 
      Cumulative area ratio:   12.25
      Required ratio:    0.00 (Cumulative area) 
      Cumulative area ratio:   65.41
      Required ratio:    0.00 (Cumulative side area) 

    Layer: met2
      Partial area ratio:    4.65
      Required ratio:    0.00 (Gate area) 
      Partial area ratio:   24.12
      Required ratio:  400.00 (Side area) 
      Cumulative area ratio:    6.90
      Required ratio:    0.00 (Cumulative area) 
      Cumulative area ratio:   36.07
      Required ratio:    0.00 (Cumulative side area) 

    Layer: met1
      Partial area ratio:    0.30
      Required ratio:    0.00 (Gate area) 
      Partial area ratio:    1.70
      Required ratio:  400.00 (Side area) 
      Cumulative area ratio:    0.30
      Required ratio:    0.00 (Cumulative area) 
      Cumulative area ratio:    1.70
      Required ratio:    0.00 (Cumulative side area) 

    Layer: li1
      Partial area ratio:    0.00
      Required ratio:    0.00 (Gate area) 
      Partial area ratio:    0.00
      Required ratio:   75.00 (Side area) 
      Cumulative area ratio:    0.00
      Required ratio:    0.00 (Cumulative area) 
      Cumulative area ratio:    0.00
      Required ratio:    0.00 (Cumulative side area) 

    Via: M3M4_PR
      Partial area ratio:    0.02
      Required ratio:    6.00 (Gate area) 
      Cumulative area ratio:    0.21
      Required ratio:    0.00 (Cumulative area) 

    Via: M2M3_PR
      Partial area ratio:    0.04
      Required ratio:    6.00 (Gate area) 
      Cumulative area ratio:    0.19
      Required ratio:    0.00 (Cumulative area) 

    Via: M1M2_PR
      Partial area ratio:    0.05
      Required ratio:    6.00 (Gate area) 
      Cumulative area ratio:    0.10
      Required ratio:    0.00 (Cumulative area) 

    Via: L1M1_PR_MR
      Partial area ratio:    0.06
      Required ratio:    3.00 (Gate area) 
      Cumulative area ratio:    0.06
      Required ratio:    0.00 (Cumulative area) 

  Pin: _5220_/A1_N (sky130_fd_sc_hd__a2bb2o_4)
    Layer: met4
      Partial area ratio:    6.21
      Required ratio:    0.00 (Gate area) 
      Partial area ratio:   34.00
      Required ratio: 3236.16 (Side area) 
      Cumulative area ratio:   18.33
      Required ratio:    0.00 (Cumulative area) 
      Cumulative area ratio:   98.76
      Required ratio:    0.00 (Cumulative side area) 

    Layer: met3
      Partial area ratio:    5.36
      Required ratio:    0.00 (Gate area) 
      Partial area ratio:   29.34
      Required ratio:  400.00 (Side area) 
      Cumulative area ratio:   12.12
      Required ratio:    0.00 (Cumulative area) 
      Cumulative area ratio:   64.76
      Required ratio:    0.00 (Cumulative side area) 

    Layer: met2
      Partial area ratio:    4.65
      Required ratio:    0.00 (Gate area) 
      Partial area ratio:   24.12
      Required ratio:  400.00 (Side area) 
      Cumulative area ratio:    6.77
      Required ratio:    0.00 (Cumulative area) 
      Cumulative area ratio:   35.42
      Required ratio:    0.00 (Cumulative side area) 

    Layer: met1
      Partial area ratio:    0.17
      Required ratio:    0.00 (Gate area) 
      Partial area ratio:    1.05
      Required ratio:  400.00 (Side area) 
      Cumulative area ratio:    0.17
      Required ratio:    0.00 (Cumulative area) 
      Cumulative area ratio:    1.05
      Required ratio:    0.00 (Cumulative side area) 

    Layer: li1
      Partial area ratio:    0.00
      Required ratio:    0.00 (Gate area) 
      Partial area ratio:    0.00
      Required ratio:   75.00 (Side area) 
      Cumulative area ratio:    0.00
      Required ratio:    0.00 (Cumulative area) 
      Cumulative area ratio:    0.00
      Required ratio:    0.00 (Cumulative side area) 

    Via: M3M4_PR
      Partial area ratio:    0.02
      Required ratio:    6.00 (Gate area) 
      Cumulative area ratio:    0.21
      Required ratio:    0.00 (Cumulative area) 

    Via: M2M3_PR
      Partial area ratio:    0.04
      Required ratio:    6.00 (Gate area) 
      Cumulative area ratio:    0.19
      Required ratio:    0.00 (Cumulative area) 

    Via: M1M2_PR
      Partial area ratio:    0.05
      Required ratio:    6.00 (Gate area) 
      Cumulative area ratio:    0.10
      Required ratio:    0.00 (Cumulative area) 

    Via: L1M1_PR_MR
      Partial area ratio:    0.06
      Required ratio:    3.00 (Gate area) 
      Cumulative area ratio:    0.06
      Required ratio:    0.00 (Cumulative area) 

  Pin: _5237_/A1_N (sky130_fd_sc_hd__a2bb2o_4)
    Layer: met4
      Partial area ratio:    6.21
      Required ratio:    0.00 (Gate area) 
      Partial area ratio:   34.00
      Required ratio: 3236.16 (Side area) 
      Cumulative area ratio:   23.81
      Required ratio:    0.00 (Cumulative area) 
      Cumulative area ratio:  126.72
      Required ratio:    0.00 (Cumulative side area) 

    Layer: met3
      Partial area ratio:    5.36
      Required ratio:    0.00 (Gate area) 
      Partial area ratio:   29.34
      Required ratio:  400.00 (Side area) 
      Cumulative area ratio:   17.60
      Required ratio:    0.00 (Cumulative area) 
      Cumulative area ratio:   92.72
      Required ratio:    0.00 (Cumulative side area) 

    Layer: met2
      Partial area ratio:    1.82
      Required ratio:    0.00 (Gate area) 
      Partial area ratio:    9.29
      Required ratio:  400.00 (Side area) 
      Cumulative area ratio:    5.64
      Required ratio:    0.00 (Cumulative area) 
      Cumulative area ratio:   29.00
      Required ratio:    0.00 (Cumulative side area) 

    Layer: met1
      Partial area ratio:    3.82
      Required ratio:    0.00 (Gate area) 
      Partial area ratio:   19.71
      Required ratio:  400.00 (Side area) 
      Cumulative area ratio:    3.82
      Required ratio:    0.00 (Cumulative area) 
      Cumulative area ratio:   19.71
      Required ratio:    0.00 (Cumulative side area) 

    Layer: li1
      Partial area ratio:    0.00
      Required ratio:    0.00 (Gate area) 
      Partial area ratio:    0.00
      Required ratio:   75.00 (Side area) 
      Cumulative area ratio:    0.00
      Required ratio:    0.00 (Cumulative area) 
      Cumulative area ratio:    0.00
      Required ratio:    0.00 (Cumulative side area) 

    Via: M3M4_PR
      Partial area ratio:    0.02
      Required ratio:    6.00 (Gate area) 
      Cumulative area ratio:    0.29
      Required ratio:    0.00 (Cumulative area) 

    Via: M2M3_PR
      Partial area ratio:    0.08
      Required ratio:    6.00 (Gate area) 
      Cumulative area ratio:    0.18
      Required ratio:    0.00 (Cumulative area) 

    Via: M1M2_PR
      Partial area ratio:    0.05
      Required ratio:    6.00 (Gate area) 
      Cumulative area ratio:    0.10
      Required ratio:    0.00 (Cumulative area) 

    Via: L1M1_PR_MR
      Partial area ratio:    0.06
      Required ratio:    3.00 (Gate area) 
      Cumulative area ratio:    0.06
      Required ratio:    0.00 (Cumulative area) 

  Pin: _5273_/A1 (sky130_fd_sc_hd__o21ai_4)
    Layer: met4
      Partial area ratio:    6.21
      Required ratio:    0.00 (Gate area) 
      Partial area ratio:   34.00
      Required ratio: 3236.16 (Side area) 
      Cumulative area ratio:   18.16
      Required ratio:    0.00 (Cumulative area) 
      Cumulative area ratio:   97.71
      Required ratio:    0.00 (Cumulative side area) 

    Layer: met3
      Partial area ratio:    5.36
      Required ratio:    0.00 (Gate area) 
      Partial area ratio:   29.34
      Required ratio:  400.00 (Side area) 
      Cumulative area ratio:   11.95
      Required ratio:    0.00 (Cumulative area) 
      Cumulative area ratio:   63.71
      Required ratio:    0.00 (Cumulative side area) 

    Layer: met2
      Partial area ratio:    4.65
      Required ratio:    0.00 (Gate area) 
      Partial area ratio:   24.12
      Required ratio:  400.00 (Side area) 
      Cumulative area ratio:    6.60
      Required ratio:    0.00 (Cumulative area) 
      Cumulative area ratio:   34.37
      Required ratio:    0.00 (Cumulative side area) 

    Layer: met1
      Partial area ratio:    1.95
      Required ratio:    0.00 (Gate area) 
      Partial area ratio:   10.25
      Required ratio:  400.00 (Side area) 
      Cumulative area ratio:    1.95
      Required ratio:    0.00 (Cumulative area) 
      Cumulative area ratio:   10.25
      Required ratio:    0.00 (Cumulative side area) 

    Layer: li1
      Partial area ratio:    0.00
      Required ratio:    0.00 (Gate area) 
      Partial area ratio:    0.00
      Required ratio:   75.00 (Side area) 
      Cumulative area ratio:    0.00
      Required ratio:    0.00 (Cumulative area) 
      Cumulative area ratio:    0.00
      Required ratio:    0.00 (Cumulative side area) 

    Via: M3M4_PR
      Partial area ratio:    0.02
      Required ratio:    6.00 (Gate area) 
      Cumulative area ratio:    0.13
      Required ratio:    0.00 (Cumulative area) 

    Via: M2M3_PR
      Partial area ratio:    0.04
      Required ratio:    6.00 (Gate area) 
      Cumulative area ratio:    0.12
      Required ratio:    0.00 (Cumulative area) 

    Via: M1M2_PR
      Partial area ratio:    0.05
      Required ratio:    6.00 (Gate area) 
      Cumulative area ratio:    0.07
      Required ratio:    0.00 (Cumulative area) 

    Via: L1M1_PR_MR
      Partial area ratio:    0.03
      Required ratio:    3.00 (Gate area) 
      Cumulative area ratio:    0.03
      Required ratio:    0.00 (Cumulative area) 

  Pin: _5460_/C1 (sky130_fd_sc_hd__o221a_1)
    Layer: met4
      Partial area ratio:    6.21
      Required ratio:    0.00 (Gate area) 
      Partial area ratio:   34.00
      Required ratio: 3236.16 (Side area) 
      Cumulative area ratio:   18.93
      Required ratio:    0.00 (Cumulative area) 
      Cumulative area ratio:  104.93
      Required ratio:    0.00 (Cumulative side area) 

    Layer: met3
      Partial area ratio:   10.86
      Required ratio:    0.00 (Gate area) 
      Partial area ratio:   60.83
      Required ratio:  400.00 (Side area) 
      Cumulative area ratio:   12.72
      Required ratio:    0.00 (Cumulative area) 
      Cumulative area ratio:   70.93
      Required ratio:    0.00 (Cumulative side area) 

    Layer: met2
      Partial area ratio:    1.52
      Required ratio:    0.00 (Gate area) 
      Partial area ratio:    8.00
      Required ratio:  400.00 (Side area) 
      Cumulative area ratio:    1.86
      Required ratio:    0.00 (Cumulative area) 
      Cumulative area ratio:   10.10
      Required ratio:    0.00 (Cumulative side area) 

    Layer: met1
      Partial area ratio:    0.34
      Required ratio:    0.00 (Gate area) 
      Partial area ratio:    2.09
      Required ratio:  400.00 (Side area) 
      Cumulative area ratio:    0.34
      Required ratio:    0.00 (Cumulative area) 
      Cumulative area ratio:    2.09
      Required ratio:    0.00 (Cumulative side area) 

    Layer: li1
      Partial area ratio:    0.00
      Required ratio:    0.00 (Gate area) 
      Partial area ratio:    0.00
      Required ratio:   75.00 (Side area) 
      Cumulative area ratio:    0.00
      Required ratio:    0.00 (Cumulative area) 
      Cumulative area ratio:    0.00
      Required ratio:    0.00 (Cumulative side area) 

    Via: M3M4_PR
      Partial area ratio:    0.08
      Required ratio:    6.00 (Gate area) 
      Cumulative area ratio:    0.45
      Required ratio:    0.00 (Cumulative area) 

    Via: M2M3_PR
      Partial area ratio:    0.16
      Required ratio:    6.00 (Gate area) 
      Cumulative area ratio:    0.37
      Required ratio:    0.00 (Cumulative area) 

    Via: M1M2_PR
      Partial area ratio:    0.09
      Required ratio:    6.00 (Gate area) 
      Cumulative area ratio:    0.21
      Required ratio:    0.00 (Cumulative area) 

    Via: L1M1_PR_MR
      Partial area ratio:    0.12
      Required ratio:    3.00 (Gate area) 
      Cumulative area ratio:    0.12
      Required ratio:    0.00 (Cumulative area) 

  Pin: _5445_/C1 (sky130_fd_sc_hd__o221a_1)
    Layer: met4
      Partial area ratio:    6.21
      Required ratio:    0.00 (Gate area) 
      Partial area ratio:   34.00
      Required ratio: 3236.16 (Side area) 
      Cumulative area ratio:   17.78
      Required ratio:    0.00 (Cumulative area) 
      Cumulative area ratio:   99.16
      Required ratio:    0.00 (Cumulative side area) 

    Layer: met3
      Partial area ratio:   10.86
      Required ratio:    0.00 (Gate area) 
      Partial area ratio:   60.83
      Required ratio:  400.00 (Side area) 
      Cumulative area ratio:   11.57
      Required ratio:    0.00 (Cumulative area) 
      Cumulative area ratio:   65.16
      Required ratio:    0.00 (Cumulative side area) 

    Layer: met2
      Partial area ratio:    0.37
      Required ratio:    0.00 (Gate area) 
      Partial area ratio:    2.23
      Required ratio:  400.00 (Side area) 
      Cumulative area ratio:    0.71
      Required ratio:    0.00 (Cumulative area) 
      Cumulative area ratio:    4.33
      Required ratio:    0.00 (Cumulative side area) 

    Layer: met1
      Partial area ratio:    0.34
      Required ratio:    0.00 (Gate area) 
      Partial area ratio:    2.09
      Required ratio:  400.00 (Side area) 
      Cumulative area ratio:    0.34
      Required ratio:    0.00 (Cumulative area) 
      Cumulative area ratio:    2.09
      Required ratio:    0.00 (Cumulative side area) 

    Layer: li1
      Partial area ratio:    0.00
      Required ratio:    0.00 (Gate area) 
      Partial area ratio:    0.00
      Required ratio:   75.00 (Side area) 
      Cumulative area ratio:    0.00
      Required ratio:    0.00 (Cumulative area) 
      Cumulative area ratio:    0.00
      Required ratio:    0.00 (Cumulative side area) 

    Via: M3M4_PR
      Partial area ratio:    0.08
      Required ratio:    6.00 (Gate area) 
      Cumulative area ratio:    0.45
      Required ratio:    0.00 (Cumulative area) 

    Via: M2M3_PR
      Partial area ratio:    0.16
      Required ratio:    6.00 (Gate area) 
      Cumulative area ratio:    0.37
      Required ratio:    0.00 (Cumulative area) 

    Via: M1M2_PR
      Partial area ratio:    0.09
      Required ratio:    6.00 (Gate area) 
      Cumulative area ratio:    0.21
      Required ratio:    0.00 (Cumulative area) 

    Via: L1M1_PR_MR
      Partial area ratio:    0.12
      Required ratio:    3.00 (Gate area) 
      Cumulative area ratio:    0.12
      Required ratio:    0.00 (Cumulative area) 


Net: _1966_
  Pin: _5632_/A1 (sky130_fd_sc_hd__o21ai_1)
    Layer: met4
      Partial area ratio:    9.46
      Required ratio:    0.00 (Gate area) 
      Partial area ratio:   51.11
      Required ratio: 2956.40 (Side area) 
      Cumulative area ratio:  131.90
      Required ratio:    0.00 (Cumulative area) 
      Cumulative area ratio:  704.78
      Required ratio:    0.00 (Cumulative side area) 

    Layer: met3
      Partial area ratio:    0.30
      Required ratio:    0.00 (Gate area) 
      Partial area ratio:    2.08
      Required ratio:  400.00 (Side area) 
      Cumulative area ratio:   21.95
      Required ratio:    0.00 (Cumulative area) 
      Cumulative area ratio:  114.28
      Required ratio:    0.00 (Cumulative side area) 

    Layer: met2
      Partial area ratio:    1.50
      Required ratio:    0.00 (Gate area) 
      Partial area ratio:    7.88
      Required ratio:  400.00 (Side area) 
      Cumulative area ratio:   21.65
      Required ratio:    0.00 (Cumulative area) 
      Cumulative area ratio:  112.19
      Required ratio:    0.00 (Cumulative side area) 

    Layer: met1
      Partial area ratio:   20.15
      Required ratio:    0.00 (Gate area) 
      Partial area ratio:  104.31
      Required ratio:  400.00 (Side area) 
      Cumulative area ratio:   20.15
      Required ratio:    0.00 (Cumulative area) 
      Cumulative area ratio:  104.31
      Required ratio:    0.00 (Cumulative side area) 

    Layer: li1
      Partial area ratio:    0.00
      Required ratio:    0.00 (Gate area) 
      Partial area ratio:    0.00
      Required ratio:   75.00 (Side area) 
      Cumulative area ratio:    0.00
      Required ratio:    0.00 (Cumulative area) 
      Cumulative area ratio:    0.00
      Required ratio:    0.00 (Cumulative side area) 

    Via: M3M4_PR
      Partial area ratio:    0.04
      Required ratio:    6.00 (Gate area) 
      Cumulative area ratio:    0.38
      Required ratio:    0.00 (Cumulative area) 

    Via: M2M3_PR
      Partial area ratio:    0.04
      Required ratio:    6.00 (Gate area) 
      Cumulative area ratio:    0.34
      Required ratio:    0.00 (Cumulative area) 

    Via: M1M2_PR
      Partial area ratio:    0.18
      Required ratio:    6.00 (Gate area) 
      Cumulative area ratio:    0.30
      Required ratio:    0.00 (Cumulative area) 

    Via: L1M1_PR_MR
      Partial area ratio:    0.12
      Required ratio:    3.00 (Gate area) 
      Cumulative area ratio:    0.12
      Required ratio:    0.00 (Cumulative area) 

  Pin: _5221_/A (sky130_fd_sc_hd__inv_2)
    Layer: met4
      Partial area ratio:    9.46
      Required ratio:    0.00 (Gate area) 
      Partial area ratio:   51.11
      Required ratio: 2956.40 (Side area) 
      Cumulative area ratio:  132.72
      Required ratio:    0.00 (Cumulative area) 
      Cumulative area ratio:  709.07
      Required ratio:    0.00 (Cumulative side area) 

    Layer: met3
      Partial area ratio:    0.30
      Required ratio:    0.00 (Gate area) 
      Partial area ratio:    2.08
      Required ratio:  400.00 (Side area) 
      Cumulative area ratio:   22.77
      Required ratio:    0.00 (Cumulative area) 
      Cumulative area ratio:  118.57
      Required ratio:    0.00 (Cumulative side area) 

    Layer: met2
      Partial area ratio:    1.50
      Required ratio:    0.00 (Gate area) 
      Partial area ratio:    7.88
      Required ratio:  400.00 (Side area) 
      Cumulative area ratio:   22.47
      Required ratio:    0.00 (Cumulative area) 
      Cumulative area ratio:  116.49
      Required ratio:    0.00 (Cumulative side area) 

    Layer: met1
      Partial area ratio:    0.82
      Required ratio:    0.00 (Gate area) 
      Partial area ratio:    4.30
      Required ratio:  400.00 (Side area) 
      Cumulative area ratio:    0.82
      Required ratio:    0.00 (Cumulative area) 
      Cumulative area ratio:    4.30
      Required ratio:    0.00 (Cumulative side area) 

    Layer: li1
      Partial area ratio:    0.00
      Required ratio:    0.00 (Gate area) 
      Partial area ratio:    0.00
      Required ratio:   75.00 (Side area) 
      Cumulative area ratio:    0.00
      Required ratio:    0.00 (Cumulative area) 
      Cumulative area ratio:    0.00
      Required ratio:    0.00 (Cumulative side area) 

    Via: M3M4_PR
      Partial area ratio:    0.04
      Required ratio:    6.00 (Gate area) 
      Cumulative area ratio:    0.37
      Required ratio:    0.00 (Cumulative area) 

    Via: M2M3_PR
      Partial area ratio:    0.04
      Required ratio:    6.00 (Gate area) 
      Cumulative area ratio:    0.33
      Required ratio:    0.00 (Cumulative area) 

    Via: M1M2_PR
      Partial area ratio:    0.05
      Required ratio:    6.00 (Gate area) 
      Cumulative area ratio:    0.10
      Required ratio:    0.00 (Cumulative area) 

    Via: L1M1_PR_MR
      Partial area ratio:    0.06
      Required ratio:    3.00 (Gate area) 
      Cumulative area ratio:    0.06
      Required ratio:    0.00 (Cumulative area) 

  Pin: _5566_/A1 (sky130_fd_sc_hd__o21ai_1)
    Layer: met4
      Partial area ratio:    9.46
      Required ratio:    0.00 (Gate area) 
      Partial area ratio:   51.11
      Required ratio: 2956.40 (Side area) 
      Cumulative area ratio:  131.90
      Required ratio:    0.00 (Cumulative area) 
      Cumulative area ratio:  704.78
      Required ratio:    0.00 (Cumulative side area) 

    Layer: met3
      Partial area ratio:    0.30
      Required ratio:    0.00 (Gate area) 
      Partial area ratio:    2.08
      Required ratio:  400.00 (Side area) 
      Cumulative area ratio:   21.95
      Required ratio:    0.00 (Cumulative area) 
      Cumulative area ratio:  114.28
      Required ratio:    0.00 (Cumulative side area) 

    Layer: met2
      Partial area ratio:    1.50
      Required ratio:    0.00 (Gate area) 
      Partial area ratio:    7.88
      Required ratio:  400.00 (Side area) 
      Cumulative area ratio:   21.65
      Required ratio:    0.00 (Cumulative area) 
      Cumulative area ratio:  112.19
      Required ratio:    0.00 (Cumulative side area) 

    Layer: met1
      Partial area ratio:    0.00
      Required ratio:    0.00 (Gate area) 
      Partial area ratio:    0.00
      Required ratio:  400.00 (Side area) 
      Cumulative area ratio:    0.00
      Required ratio:    0.00 (Cumulative area) 
      Cumulative area ratio:    0.00
      Required ratio:    0.00 (Cumulative side area) 

    Layer: li1
      Partial area ratio:    0.00
      Required ratio:    0.00 (Gate area) 
      Partial area ratio:    0.00
      Required ratio:   75.00 (Side area) 
      Cumulative area ratio:    0.00
      Required ratio:    0.00 (Cumulative area) 
      Cumulative area ratio:    0.00
      Required ratio:    0.00 (Cumulative side area) 

    Via: M3M4_PR
      Partial area ratio:    0.04
      Required ratio:    6.00 (Gate area) 
      Cumulative area ratio:    0.47
      Required ratio:    0.00 (Cumulative area) 

    Via: M2M3_PR
      Partial area ratio:    0.04
      Required ratio:    6.00 (Gate area) 
      Cumulative area ratio:    0.43
      Required ratio:    0.00 (Cumulative area) 

    Via: M1M2_PR
      Partial area ratio:    0.09
      Required ratio:    6.00 (Gate area) 
      Cumulative area ratio:    0.21
      Required ratio:    0.00 (Cumulative area) 

    Via: L1M1_PR_MR
      Partial area ratio:    0.12
      Required ratio:    3.00 (Gate area) 
      Cumulative area ratio:    0.12
      Required ratio:    0.00 (Cumulative area) 

  Pin: _6021_/A (sky130_fd_sc_hd__nor2_1)
    Layer: met4
      Partial area ratio:    9.46
      Required ratio:    0.00 (Gate area) 
      Partial area ratio:   51.11
      Required ratio: 2956.40 (Side area) 
      Cumulative area ratio:  110.70
      Required ratio:    0.00 (Cumulative area) 
      Cumulative area ratio:  595.00
      Required ratio:    0.00 (Cumulative side area) 

    Layer: met3
      Partial area ratio:   97.84
      Required ratio:    0.00 (Gate area) 
      Partial area ratio:  524.74
      Required ratio:  400.00 (Side area) (VIOLATED)
      Cumulative area ratio:  101.24
      Required ratio:    0.00 (Cumulative area) 
      Cumulative area ratio:  543.88
      Required ratio:    0.00 (Cumulative side area) 

    Layer: met2
      Partial area ratio:    2.65
      Required ratio:    0.00 (Gate area) 
      Partial area ratio:   14.65
      Required ratio:  400.00 (Side area) 
      Cumulative area ratio:    3.39
      Required ratio:    0.00 (Cumulative area) 
      Cumulative area ratio:   19.15
      Required ratio:    0.00 (Cumulative side area) 

    Layer: met1
      Partial area ratio:    0.74
      Required ratio:    0.00 (Gate area) 
      Partial area ratio:    4.50
      Required ratio:  400.00 (Side area) 
      Cumulative area ratio:    0.74
      Required ratio:    0.00 (Cumulative area) 
      Cumulative area ratio:    4.50
      Required ratio:    0.00 (Cumulative side area) 

    Layer: li1
      Partial area ratio:    0.00
      Required ratio:    0.00 (Gate area) 
      Partial area ratio:    0.00
      Required ratio:   75.00 (Side area) 
      Cumulative area ratio:    0.00
      Required ratio:    0.00 (Cumulative area) 
      Cumulative area ratio:    0.00
      Required ratio:    0.00 (Cumulative side area) 

    Via: M3M4_PR
      Partial area ratio:    0.16
      Required ratio:    6.00 (Gate area) 
      Cumulative area ratio:    0.49
      Required ratio:    0.00 (Cumulative area) 

    Via: M2M3_PR
      Partial area ratio:    0.16
      Required ratio:    6.00 (Gate area) 
      Cumulative area ratio:    0.32
      Required ratio:    0.00 (Cumulative area) 

    Via: M1M2_PR
      Partial area ratio:    0.05
      Required ratio:    6.00 (Gate area) 
      Cumulative area ratio:    0.16
      Required ratio:    0.00 (Cumulative area) 

    Via: L1M1_PR_MR
      Partial area ratio:    0.12
      Required ratio:    3.00 (Gate area) 
      Cumulative area ratio:    0.12
      Required ratio:    0.00 (Cumulative area) 

  Pin: _6019_/A (sky130_fd_sc_hd__nand2_1)
    Layer: met4
      Partial area ratio:    9.46
      Required ratio:    0.00 (Gate area) 
      Partial area ratio:   51.11
      Required ratio: 2956.40 (Side area) 
      Cumulative area ratio:  110.70
      Required ratio:    0.00 (Cumulative area) 
      Cumulative area ratio:  595.00
      Required ratio:    0.00 (Cumulative side area) 

    Layer: met3
      Partial area ratio:   97.84
      Required ratio:    0.00 (Gate area) 
      Partial area ratio:  524.74
      Required ratio:  400.00 (Side area) (VIOLATED)
      Cumulative area ratio:  101.24
      Required ratio:    0.00 (Cumulative area) 
      Cumulative area ratio:  543.88
      Required ratio:    0.00 (Cumulative side area) 

    Layer: met2
      Partial area ratio:    2.65
      Required ratio:    0.00 (Gate area) 
      Partial area ratio:   14.65
      Required ratio:  400.00 (Side area) 
      Cumulative area ratio:    3.39
      Required ratio:    0.00 (Cumulative area) 
      Cumulative area ratio:   19.15
      Required ratio:    0.00 (Cumulative side area) 

    Layer: met1
      Partial area ratio:    0.74
      Required ratio:    0.00 (Gate area) 
      Partial area ratio:    4.50
      Required ratio:  400.00 (Side area) 
      Cumulative area ratio:    0.74
      Required ratio:    0.00 (Cumulative area) 
      Cumulative area ratio:    4.50
      Required ratio:    0.00 (Cumulative side area) 

    Layer: li1
      Partial area ratio:    0.00
      Required ratio:    0.00 (Gate area) 
      Partial area ratio:    0.00
      Required ratio:   75.00 (Side area) 
      Cumulative area ratio:    0.00
      Required ratio:    0.00 (Cumulative area) 
      Cumulative area ratio:    0.00
      Required ratio:    0.00 (Cumulative side area) 

    Via: M3M4_PR
      Partial area ratio:    0.16
      Required ratio:    6.00 (Gate area) 
      Cumulative area ratio:    0.49
      Required ratio:    0.00 (Cumulative area) 

    Via: M2M3_PR
      Partial area ratio:    0.16
      Required ratio:    6.00 (Gate area) 
      Cumulative area ratio:    0.32
      Required ratio:    0.00 (Cumulative area) 

    Via: M1M2_PR
      Partial area ratio:    0.05
      Required ratio:    6.00 (Gate area) 
      Cumulative area ratio:    0.16
      Required ratio:    0.00 (Cumulative area) 

    Via: L1M1_PR_MR
      Partial area ratio:    0.12
      Required ratio:    3.00 (Gate area) 
      Cumulative area ratio:    0.12
      Required ratio:    0.00 (Cumulative area) 


Net: net85
  Pin: _5956_/B (sky130_fd_sc_hd__nor2_1)
    Layer: met4
      Partial area ratio:   16.49
      Required ratio:    0.00 (Gate area) 
      Partial area ratio:   90.09
      Required ratio: 2778.20 (Side area) 
      Cumulative area ratio:   17.30
      Required ratio:    0.00 (Cumulative area) 
      Cumulative area ratio:   96.73
      Required ratio:    0.00 (Cumulative side area) 

    Layer: met3
      Partial area ratio:    0.64
      Required ratio:    0.00 (Gate area) 
      Partial area ratio:    5.37
      Required ratio:  400.00 (Side area) 
      Cumulative area ratio:    0.82
      Required ratio:    0.00 (Cumulative area) 
      Cumulative area ratio:    6.64
      Required ratio:    0.00 (Cumulative side area) 

    Layer: met2
      Partial area ratio:    0.18
      Required ratio:    0.00 (Gate area) 
      Partial area ratio:    1.27
      Required ratio:  400.00 (Side area) 
      Cumulative area ratio:    0.18
      Required ratio:    0.00 (Cumulative area) 
      Cumulative area ratio:    1.27
      Required ratio:    0.00 (Cumulative side area) 

    Layer: met1
      Partial area ratio:    0.00
      Required ratio:    0.00 (Gate area) 
      Partial area ratio:    0.00
      Required ratio:  400.00 (Side area) 
      Cumulative area ratio:    0.00
      Required ratio:    0.00 (Cumulative area) 
      Cumulative area ratio:    0.00
      Required ratio:    0.00 (Cumulative side area) 

    Layer: li1
      Partial area ratio:    0.00
      Required ratio:    0.00 (Gate area) 
      Partial area ratio:    0.00
      Required ratio:   75.00 (Side area) 
      Cumulative area ratio:    0.00
      Required ratio:    0.00 (Cumulative area) 
      Cumulative area ratio:    0.00
      Required ratio:    0.00 (Cumulative side area) 

    Via: M3M4_PR
      Partial area ratio:    0.16
      Required ratio:    6.00 (Gate area) 
      Cumulative area ratio:    0.53
      Required ratio:    0.00 (Cumulative area) 

    Via: M2M3_PR
      Partial area ratio:    0.16
      Required ratio:    6.00 (Gate area) 
      Cumulative area ratio:    0.37
      Required ratio:    0.00 (Cumulative area) 

    Via: M1M2_PR
      Partial area ratio:    0.09
      Required ratio:    6.00 (Gate area) 
      Cumulative area ratio:    0.21
      Required ratio:    0.00 (Cumulative area) 

    Via: L1M1_PR_MR
      Partial area ratio:    0.12
      Required ratio:    3.00 (Gate area) 
      Cumulative area ratio:    0.12
      Required ratio:    0.00 (Cumulative area) 

  Pin: output85/A (sky130_fd_sc_hd__buf_1)
    Layer: met4
      Partial area ratio:   16.49
      Required ratio:    0.00 (Gate area) 
      Partial area ratio:   90.09
      Required ratio: 2778.20 (Side area) 
      Cumulative area ratio:  168.78
      Required ratio:    0.00 (Cumulative area) 
      Cumulative area ratio:  900.18
      Required ratio:    0.00 (Cumulative side area) 

    Layer: met3
      Partial area ratio:  137.05
      Required ratio:    0.00 (Gate area) 
      Partial area ratio:  733.39
      Required ratio:  400.00 (Side area) (VIOLATED)
      Cumulative area ratio:  152.29
      Required ratio:    0.00 (Cumulative area) 
      Cumulative area ratio:  810.09
      Required ratio:    0.00 (Cumulative side area) 

    Layer: met2
      Partial area ratio:   15.24
      Required ratio:    0.00 (Gate area) 
      Partial area ratio:   76.70
      Required ratio:  400.00 (Side area) 
      Cumulative area ratio:   15.24
      Required ratio:    0.00 (Cumulative area) 
      Cumulative area ratio:   76.70
      Required ratio:    0.00 (Cumulative side area) 

    Layer: met1
      Partial area ratio:    0.00
      Required ratio:    0.00 (Gate area) 
      Partial area ratio:    0.00
      Required ratio:  400.00 (Side area) 
      Cumulative area ratio:    0.00
      Required ratio:    0.00 (Cumulative area) 
      Cumulative area ratio:    0.00
      Required ratio:    0.00 (Cumulative side area) 

    Layer: li1
      Partial area ratio:    0.00
      Required ratio:    0.00 (Gate area) 
      Partial area ratio:    0.00
      Required ratio:   75.00 (Side area) 
      Cumulative area ratio:    0.00
      Required ratio:    0.00 (Cumulative area) 
      Cumulative area ratio:    0.00
      Required ratio:    0.00 (Cumulative side area) 

    Via: M3M4_PR
      Partial area ratio:    0.20
      Required ratio:    6.00 (Gate area) 
      Cumulative area ratio:    0.67
      Required ratio:    0.00 (Cumulative area) 

    Via: M2M3_PR
      Partial area ratio:    0.20
      Required ratio:    6.00 (Gate area) 
      Cumulative area ratio:    0.47
      Required ratio:    0.00 (Cumulative area) 

    Via: M1M2_PR
      Partial area ratio:    0.11
      Required ratio:    6.00 (Gate area) 
      Cumulative area ratio:    0.26
      Required ratio:    0.00 (Cumulative area) 

    Via: L1M1_PR_MR
      Partial area ratio:    0.15
      Required ratio:    3.00 (Gate area) 
      Cumulative area ratio:    0.15
      Required ratio:    0.00 (Cumulative area) 


Net: net109
  Pin: _5818_/A1 (sky130_fd_sc_hd__o31a_1)
    Layer: met2
      Partial area ratio:    2.56
      Required ratio:    0.00 (Gate area) 
      Partial area ratio:   13.60
      Required ratio: 2778.20 (Side area) 
      Cumulative area ratio:    3.68
      Required ratio:    0.00 (Cumulative area) 
      Cumulative area ratio:   19.60
      Required ratio:    0.00 (Cumulative side area) 

    Layer: met1
      Partial area ratio:    1.12
      Required ratio:    0.00 (Gate area) 
      Partial area ratio:    6.00
      Required ratio:  400.00 (Side area) 
      Cumulative area ratio:    1.12
      Required ratio:    0.00 (Cumulative area) 
      Cumulative area ratio:    6.00
      Required ratio:    0.00 (Cumulative side area) 

    Layer: li1
      Partial area ratio:    0.00
      Required ratio:    0.00 (Gate area) 
      Partial area ratio:    0.00
      Required ratio:   75.00 (Side area) 
      Cumulative area ratio:    0.00
      Required ratio:    0.00 (Cumulative area) 
      Cumulative area ratio:    0.00
      Required ratio:    0.00 (Cumulative side area) 

    Layer: met3
      Partial area ratio:   19.04
      Required ratio:    0.00 (Gate area) 
      Partial area ratio:  103.50
      Required ratio: 2778.20 (Side area) 
      Cumulative area ratio:   22.72
      Required ratio:    0.00 (Cumulative area) 
      Cumulative area ratio:  123.10
      Required ratio:    0.00 (Cumulative side area) 

    Layer: met4
      Partial area ratio:  116.91
      Required ratio:    0.00 (Gate area) 
      Partial area ratio:  624.58
      Required ratio: 2778.20 (Side area) 
      Cumulative area ratio:  139.63
      Required ratio:    0.00 (Cumulative area) 
      Cumulative area ratio:  747.68
      Required ratio:    0.00 (Cumulative side area) 

    Via: M2M3_PR
      Partial area ratio:    0.16
      Required ratio:    6.00 (Gate area) 
      Cumulative area ratio:    0.37
      Required ratio:    0.00 (Cumulative area) 

    Via: M1M2_PR
      Partial area ratio:    0.09
      Required ratio:    6.00 (Gate area) 
      Cumulative area ratio:    0.21
      Required ratio:    0.00 (Cumulative area) 

    Via: L1M1_PR_MR
      Partial area ratio:    0.12
      Required ratio:    3.00 (Gate area) 
      Cumulative area ratio:    0.12
      Required ratio:    0.00 (Cumulative area) 

    Via: M3M4_PR
      Partial area ratio:    0.16
      Required ratio:    6.00 (Gate area) 
      Cumulative area ratio:    0.53
      Required ratio:    0.00 (Cumulative area) 

  Pin: output109/A (sky130_fd_sc_hd__buf_1)
    Layer: met4
      Partial area ratio:  116.91
      Required ratio:    0.00 (Gate area) 
      Partial area ratio:  624.58
      Required ratio: 2778.20 (Side area) 
      Cumulative area ratio:  226.33
      Required ratio:    0.00 (Cumulative area) 
      Cumulative area ratio: 1210.96
      Required ratio:    0.00 (Cumulative side area) 

    Layer: met3
      Partial area ratio:  108.96
      Required ratio:    0.00 (Gate area) 
      Partial area ratio:  583.57
      Required ratio:  400.00 (Side area) (VIOLATED)
      Cumulative area ratio:  109.42
      Required ratio:    0.00 (Cumulative area) 
      Cumulative area ratio:  586.39
      Required ratio:    0.00 (Cumulative side area) 

    Layer: met2
      Partial area ratio:    0.46
      Required ratio:    0.00 (Gate area) 
      Partial area ratio:    2.81
      Required ratio:  400.00 (Side area) 
      Cumulative area ratio:    0.46
      Required ratio:    0.00 (Cumulative area) 
      Cumulative area ratio:    2.81
      Required ratio:    0.00 (Cumulative side area) 

    Layer: met1
      Partial area ratio:    0.00
      Required ratio:    0.00 (Gate area) 
      Partial area ratio:    0.00
      Required ratio:  400.00 (Side area) 
      Cumulative area ratio:    0.00
      Required ratio:    0.00 (Cumulative area) 
      Cumulative area ratio:    0.00
      Required ratio:    0.00 (Cumulative side area) 

    Layer: li1
      Partial area ratio:    0.00
      Required ratio:    0.00 (Gate area) 
      Partial area ratio:    0.00
      Required ratio:   75.00 (Side area) 
      Cumulative area ratio:    0.00
      Required ratio:    0.00 (Cumulative area) 
      Cumulative area ratio:    0.00
      Required ratio:    0.00 (Cumulative side area) 

    Via: M3M4_PR
      Partial area ratio:    0.20
      Required ratio:    6.00 (Gate area) 
      Cumulative area ratio:    0.67
      Required ratio:    0.00 (Cumulative area) 

    Via: M2M3_PR
      Partial area ratio:    0.20
      Required ratio:    6.00 (Gate area) 
      Cumulative area ratio:    0.47
      Required ratio:    0.00 (Cumulative area) 

    Via: M1M2_PR
      Partial area ratio:    0.11
      Required ratio:    6.00 (Gate area) 
      Cumulative area ratio:    0.26
      Required ratio:    0.00 (Cumulative area) 

    Via: L1M1_PR_MR
      Partial area ratio:    0.15
      Required ratio:    3.00 (Gate area) 
      Cumulative area ratio:    0.15
      Required ratio:    0.00 (Cumulative area) 


[INFO ANT-0002] Found 5 net violations.
[INFO ANT-0001] Found 7 pin violations.
